#
# There is insufficient memory for the Java Runtime Environment to continue.
# Native memory allocation (malloc) failed to allocate 1819696 bytes. Error detail: Chunk::new
# Possible reasons:
#   The system is out of physical RAM or swap space
#   This process is running with CompressedOops enabled, and the Java Heap may be blocking the growth of the native heap
# Possible solutions:
#   Reduce memory load on the system
#   Increase physical memory or swap space
#   Check if swap backing store is full
#   Decrease Java heap size (-Xmx/-Xms)
#   Decrease number of Java threads
#   Decrease Java thread stack sizes (-Xss)
#   Set larger code cache with -XX:ReservedCodeCacheSize=
#   JVM is running with Zero Based Compressed Oops mode in which the Java heap is
#     placed in the first 32GB address space. The Java Heap base address is the
#     maximum limit for the native heap growth. Please use -XX:HeapBaseMinAddress
#     to set the Java Heap base and to place the Java Heap above 32GB virtual address.
# This output file may be truncated or incomplete.
#
#  Out of Memory Error (arena.cpp:168), pid=52624, tid=16840
#
# JRE version: OpenJDK Runtime Environment Temurin-21.0.12.1+1 (21.0.12.1+1) (build 21.0.12.1+1-LTS)
# Java VM: OpenJDK 64-Bit Server VM Temurin-21.0.12.1+1 (21.0.12.1+1-LTS, mixed mode, sharing, tiered, compressed oops, compressed class ptrs, parallel gc, windows-amd64)
# No core dump will be written. Minidumps are not enabled by default on client versions of Windows
#

---------------  S U M M A R Y ------------

Command Line: --add-modules=ALL-SYSTEM --add-opens=java.base/java.util=ALL-UNNAMED --add-opens=java.base/java.lang=ALL-UNNAMED --add-opens=java.base/sun.nio.fs=ALL-UNNAMED -Declipse.application=org.eclipse.jdt.ls.core.id1 -Dosgi.bundles.defaultStartLevel=4 -Declipse.product=org.eclipse.jdt.ls.core.product -Djava.import.generatesMetadataFilesAtProjectRoot=false -Dm2e.project.cache.size=50 -DDetectVMInstallationsJob.disabled=true -Dfile.encoding=utf8 -XX:+UseParallelGC -XX:GCTimeRatio=4 -XX:AdaptiveSizePolicyWeight=90 -Dsun.zip.disableMemoryMapping=true -Xmx4G -Xms100m -Xlog:disable -javaagent:c:\Users\isabo\.vscode\extensions\redhat.java-1.56.0-win32-x64\lombok\lombok-1.18.39-4050.jar -XX:+HeapDumpOnOutOfMemoryError -XX:HeapDumpPath=c:\Users\isabo\AppData\Roaming\Code\User\workspaceStorage\549d4dd31bf3dbb746db498f2292a5f9\redhat.java -Daether.dependencyCollector.impl=bf c:\Users\isabo\.vscode\extensions\redhat.java-1.56.0-win32-x64\server\plugins\org.eclipse.equinox.launcher_1.8.0.v20260804-1928.jar -configuration c:\Users\isabo\AppData\Roaming\Code\User\globalStorage\redhat.java\1.56.0\config_win -data c:\Users\isabo\AppData\Roaming\Code\User\workspaceStorage\549d4dd31bf3dbb746db498f2292a5f9\redhat.java\jdt_ws --stdio

Host: Intel(R) Core(TM) i5-1035G1 CPU @ 1.00GHz, 8 cores, 7G,  Windows 11 , 64 bit Build 26100 (10.0.26100.9444)
Time: Tue Sep 15 13:21:20 2026 Hora de verano romance elapsed time: 27.514806 seconds (0d 0h 0m 27s)

---------------  T H R E A D  ---------------

Current thread (0x00000171e0b11030):  JavaThread "C2 CompilerThread0" daemon [_thread_in_native, id=16840, stack(0x000000261ab00000,0x000000261ac00000) (1024K)]


Current CompileTask:
C2:27514 6461   !   4       org.eclipse.osgi.internal.loader.classpath.ClasspathManager::defineClass (636 bytes)

Stack: [0x000000261ab00000,0x000000261ac00000]
Native frames: (J=compiled Java code, j=interpreted, Vv=VM code, C=native code)
V  [jvm.dll+0x6d83e9]
V  [jvm.dll+0x8b5736]
V  [jvm.dll+0x8b7cee]
V  [jvm.dll+0x8b83d3]
V  [jvm.dll+0x284596]
V  [jvm.dll+0xc685d]
V  [jvm.dll+0xc6da1]
V  [jvm.dll+0x3bf151]
V  [jvm.dll+0x38b6d2]
V  [jvm.dll+0x38ab1a]
V  [jvm.dll+0x24c700]
V  [jvm.dll+0x24bce0]
V  [jvm.dll+0x1cb4ae]
V  [jvm.dll+0x25baad]
V  [jvm.dll+0x25a03a]
V  [jvm.dll+0x3f8aae]
V  [jvm.dll+0x8600cd]
V  [jvm.dll+0x6d6c1d]
C  [ucrtbase.dll+0x2cd30]
C  [KERNEL32.DLL+0x2cd87]
C  [ntdll.dll+0xacaec]


---------------  P R O C E S S  ---------------

Threads class SMR info:
_java_thread_list=0x00000171e88f5260, length=29, elements={
0x00000171c572f780, 0x00000171c57ed300, 0x00000171e0b06b50, 0x00000171e0b08950,
0x00000171e0b0b5c0, 0x00000171e0b0c220, 0x00000171e0b0ec90, 0x00000171e0b11030,
0x00000171e0b1b840, 0x00000171e26c3b80, 0x00000171e27d0f80, 0x00000171e73a0890,
0x00000171e7a00850, 0x00000171e79fec20, 0x00000171e79ff290, 0x00000171e7896fa0,
0x00000171e785afe0, 0x00000171e8006270, 0x00000171e8006900, 0x00000171e8004830,
0x00000171e8003b10, 0x00000171e8004ec0, 0x00000171e80041a0, 0x00000171e8005be0,
0x00000171e9cd2aa0, 0x00000171e9cd1d80, 0x00000171e9cd3130, 0x00000171e9cd2410,
0x00000171e9cd37c0
}

Java Threads: ( => current thread )
  0x00000171c572f780 JavaThread "main"                              [_thread_blocked, id=23684, stack(0x000000261a100000,0x000000261a200000) (1024K)]
  0x00000171c57ed300 JavaThread "Reference Handler"          daemon [_thread_blocked, id=21268, stack(0x000000261a500000,0x000000261a600000) (1024K)]
  0x00000171e0b06b50 JavaThread "Finalizer"                  daemon [_thread_blocked, id=24284, stack(0x000000261a600000,0x000000261a700000) (1024K)]
  0x00000171e0b08950 JavaThread "Signal Dispatcher"          daemon [_thread_blocked, id=30896, stack(0x000000261a700000,0x000000261a800000) (1024K)]
  0x00000171e0b0b5c0 JavaThread "Attach Listener"            daemon [_thread_blocked, id=27004, stack(0x000000261a800000,0x000000261a900000) (1024K)]
  0x00000171e0b0c220 JavaThread "Service Thread"             daemon [_thread_blocked, id=11484, stack(0x000000261a900000,0x000000261aa00000) (1024K)]
  0x00000171e0b0ec90 JavaThread "Monitor Deflation Thread"   daemon [_thread_blocked, id=39244, stack(0x000000261aa00000,0x000000261ab00000) (1024K)]
=>0x00000171e0b11030 JavaThread "C2 CompilerThread0"         daemon [_thread_in_native, id=16840, stack(0x000000261ab00000,0x000000261ac00000) (1024K)]
  0x00000171e0b1b840 JavaThread "C1 CompilerThread0"         daemon [_thread_blocked, id=24564, stack(0x000000261ac00000,0x000000261ad00000) (1024K)]
  0x00000171e26c3b80 JavaThread "Common-Cleaner"             daemon [_thread_blocked, id=66232, stack(0x000000261ad00000,0x000000261ae00000) (1024K)]
  0x00000171e27d0f80 JavaThread "Notification Thread"        daemon [_thread_blocked, id=59072, stack(0x000000261af00000,0x000000261b000000) (1024K)]
  0x00000171e73a0890 JavaThread "Active Thread: Equinox Container: 7cd0723f-602d-486b-b7ec-8cce763d4209"        [_thread_blocked, id=25372, stack(0x000000261b000000,0x000000261b100000) (1024K)]
  0x00000171e7a00850 JavaThread "Refresh Thread: Equinox Container: 7cd0723f-602d-486b-b7ec-8cce763d4209" daemon [_thread_blocked, id=63132, stack(0x000000261b800000,0x000000261b900000) (1024K)]
  0x00000171e79fec20 JavaThread "Framework Event Dispatcher: Equinox Container: 7cd0723f-602d-486b-b7ec-8cce763d4209" daemon [_thread_blocked, id=13836, stack(0x000000261b900000,0x000000261ba00000) (1024K)]
  0x00000171e79ff290 JavaThread "Start Level: Equinox Container: 7cd0723f-602d-486b-b7ec-8cce763d4209" daemon [_thread_blocked, id=65528, stack(0x000000261ba00000,0x000000261bb00000) (1024K)]
  0x00000171e7896fa0 JavaThread "Bundle File Closer"         daemon [_thread_blocked, id=45396, stack(0x000000261bb00000,0x000000261bc00000) (1024K)]
  0x00000171e785afe0 JavaThread "SCR Component Actor"        daemon [_thread_blocked, id=82676, stack(0x000000261ae00000,0x000000261af00000) (1024K)]
  0x00000171e8006270 JavaThread "Worker-JM"                         [_thread_blocked, id=44244, stack(0x000000261bc00000,0x000000261bd00000) (1024K)]
  0x00000171e8006900 JavaThread "JNA Cleaner"                daemon [_thread_blocked, id=66480, stack(0x000000261bd00000,0x000000261be00000) (1024K)]
  0x00000171e8004830 JavaThread "Worker-0"                          [_thread_blocked, id=6508, stack(0x000000261be00000,0x000000261bf00000) (1024K)]
  0x00000171e8003b10 JavaThread "Worker-1"                          [_thread_blocked, id=48680, stack(0x000000261bf00000,0x000000261c000000) (1024K)]
  0x00000171e8004ec0 JavaThread "Worker-2"                          [_thread_blocked, id=17952, stack(0x000000261c000000,0x000000261c100000) (1024K)]
  0x00000171e80041a0 JavaThread "Worker-3: Initialize After Load"        [_thread_in_native, id=24108, stack(0x000000261c100000,0x000000261c200000) (1024K)]
  0x00000171e8005be0 JavaThread "Java indexing"              daemon [_thread_blocked, id=38776, stack(0x000000261c300000,0x000000261c400000) (1024K)]
  0x00000171e9cd2aa0 JavaThread "Worker-4"                          [_thread_blocked, id=54932, stack(0x000000261c500000,0x000000261c600000) (1024K)]
  0x00000171e9cd1d80 JavaThread "Worker-5"                          [_thread_blocked, id=73444, stack(0x000000261c700000,0x000000261c800000) (1024K)]
  0x00000171e9cd3130 JavaThread "pool-2-thread-1"                   [_thread_blocked, id=17996, stack(0x000000261c800000,0x000000261c900000) (1024K)]
  0x00000171e9cd2410 JavaThread "WorkspaceEventsHandler"            [_thread_blocked, id=53352, stack(0x000000261c900000,0x000000261ca00000) (1024K)]
  0x00000171e9cd37c0 JavaThread "pool-1-thread-1"                   [_thread_blocked, id=6264, stack(0x000000261ca00000,0x000000261cb00000) (1024K)]
Total: 29

Other Threads:
  0x00000171e0b03600 VMThread "VM Thread"                           [id=28040, stack(0x000000261a400000,0x000000261a500000) (1024K)]
  0x00000171c579bcf0 WatcherThread "VM Periodic Task Thread"        [id=40872, stack(0x000000261a300000,0x000000261a400000) (1024K)]
  0x00000171c574e900 WorkerThread "GC Thread#0"                     [id=39460, stack(0x000000261a200000,0x000000261a300000) (1024K)]
  0x00000171e77b0a70 WorkerThread "GC Thread#1"                     [id=21596, stack(0x000000261b100000,0x000000261b200000) (1024K)]
  0x00000171e77b0e20 WorkerThread "GC Thread#2"                     [id=53992, stack(0x000000261b200000,0x000000261b300000) (1024K)]
  0x00000171e28594a0 WorkerThread "GC Thread#3"                     [id=22080, stack(0x000000261b300000,0x000000261b400000) (1024K)]
  0x00000171e2859850 WorkerThread "GC Thread#4"                     [id=45428, stack(0x000000261b400000,0x000000261b500000) (1024K)]
  0x00000171e2859c00 WorkerThread "GC Thread#5"                     [id=7340, stack(0x000000261b500000,0x000000261b600000) (1024K)]
  0x00000171e2859fb0 WorkerThread "GC Thread#6"                     [id=46012, stack(0x000000261b600000,0x000000261b700000) (1024K)]
  0x00000171e79fff50 WorkerThread "GC Thread#7"                     [id=64668, stack(0x000000261b700000,0x000000261b800000) (1024K)]
Total: 10

Threads with active compile tasks:
C2 CompilerThread0  27580 6461   !   4       org.eclipse.osgi.internal.loader.classpath.ClasspathManager::defineClass (636 bytes)
Total: 1

VM state: not at safepoint (normal execution)

VM Mutex/Monitor currently owned by a thread: None

Heap address: 0x0000000700000000, size: 4096 MB, Compressed Oops mode: Zero based, Oop shift amount: 3

CDS archive(s) mapped at: [0x0000017180000000-0x0000017180ba0000-0x0000017180ba0000), size 12189696, SharedBaseAddress: 0x0000017180000000, ArchiveRelocationMode: 1.
Compressed class space mapped at: 0x0000017181000000-0x00000171c1000000, reserved size: 1073741824
Narrow klass base: 0x0000017180000000, Narrow klass shift: 0, Narrow klass range: 0x100000000

GC Precious Log:
 CardTable entry size: 512
 CPUs: 8 total, 8 available
 Memory: 7948M
 Large Page Support: Disabled
 NUMA Support: Disabled
 Compressed Oops: Enabled (Zero based)
 Alignments: Space 512K, Generation 512K, Heap 2M
 Heap Min Capacity: 100M
 Heap Initial Capacity: 100M
 Heap Max Capacity: 4G
 Pre-touch: Disabled
 Parallel Workers: 8

Heap:
 PSYoungGen      total 23552K, used 22889K [0x00000007aab00000, 0x00000007ac500000, 0x0000000800000000)
  eden space 22016K, 99% used [0x00000007aab00000,0x00000007ac04a4a0,0x00000007ac080000)
  from space 1536K, 70% used [0x00000007ac380000,0x00000007ac490000,0x00000007ac500000)
  to   space 2048K, 0% used [0x00000007ac100000,0x00000007ac100000,0x00000007ac300000)
 ParOldGen       total 68608K, used 22942K [0x0000000700000000, 0x0000000704300000, 0x00000007aab00000)
  object space 68608K, 33% used [0x0000000700000000,0x00000007016678d0,0x0000000704300000)
 Metaspace       used 45540K, committed 46656K, reserved 1114112K
  class space    used 4949K, committed 5440K, reserved 1048576K

Card table byte_map: [0x00000171d7930000,0x00000171d8140000] _byte_map_base: 0x00000171d4130000

Marking Bits: (ParMarkBitMap*) 0x00007ffda5fd44a0
 Begin Bits: [0x00000171d8140000, 0x00000171dc140000)
 End Bits:   [0x00000171dc140000, 0x00000171e0140000)

Polling page: 0x00000171c3390000

Metaspace:

Usage:
  Non-class:     39.64 MB used.
      Class:      4.83 MB used.
       Both:     44.47 MB used.

Virtual space:
  Non-class space:       64.00 MB reserved,      40.25 MB ( 63%) committed,  1 nodes.
      Class space:        1.00 GB reserved,       5.31 MB ( <1%) committed,  1 nodes.
             Both:        1.06 GB reserved,      45.56 MB (  4%) committed. 

Chunk freelists:
   Non-Class:  7.31 MB
       Class:  10.72 MB
        Both:  18.03 MB

MaxMetaspaceSize: unlimited
CompressedClassSpaceSize: 1.00 GB
Initial GC threshold: 21.00 MB
Current GC threshold: 58.38 MB
CDS: on
 - commit_granule_bytes: 65536.
 - commit_granule_words: 8192.
 - virtual_space_node_default_size: 8388608.
 - enlarge_chunks_in_place: 1.
 - use_allocation_guard: 0.


Internal statistics:

num_allocs_failed_limit: 6.
num_arena_births: 806.
num_arena_deaths: 14.
num_vsnodes_births: 2.
num_vsnodes_deaths: 0.
num_space_committed: 729.
num_space_uncommitted: 0.
num_chunks_returned_to_freelist: 20.
num_chunks_taken_from_freelist: 2838.
num_chunk_merges: 4.
num_chunk_splits: 1749.
num_chunks_enlarged: 986.
num_inconsistent_stats: 0.

CodeHeap 'non-profiled nmethods': size=120000Kb used=3034Kb max_used=3034Kb free=116965Kb
 bounds [0x00000171d0400000, 0x00000171d0700000, 0x00000171d7930000]
CodeHeap 'profiled nmethods': size=120000Kb used=12815Kb max_used=12815Kb free=107184Kb
 bounds [0x00000171c8930000, 0x00000171c95c0000, 0x00000171cfe60000]
CodeHeap 'non-nmethods': size=5760Kb used=1374Kb max_used=1418Kb free=4386Kb
 bounds [0x00000171cfe60000, 0x00000171d00d0000, 0x00000171d0400000]
CodeCache: size=245760Kb, used=17223Kb, max_used=17267Kb, free=228535Kb
 total_blobs=6618, nmethods=5958, adapters=566, full_count=0
Compilation: enabled, stopped_count=0, restarted_count=0

Compilation events (20 events):
Event: 27.371 Thread 0x00000171e0b1b840 6542       1       org.eclipse.core.internal.resources.Workspace::getFileSystemManager (5 bytes)
Event: 27.371 Thread 0x00000171e0b1b840 nmethod 6542 0x00000171d06f5710 code [0x00000171d06f58a0, 0x00000171d06f5970]
Event: 27.371 Thread 0x00000171e0b1b840 6543       1       org.eclipse.core.internal.localstore.FileStoreRoot::isValid (5 bytes)
Event: 27.371 Thread 0x00000171e0b1b840 nmethod 6543 0x00000171d06f5a10 code [0x00000171d06f5ba0, 0x00000171d06f5c70]
Event: 27.371 Thread 0x00000171e0b1b840 6549       3       org.eclipse.core.runtime.Path::isAbsolute (13 bytes)
Event: 27.371 Thread 0x00000171e0b1b840 nmethod 6549 0x00000171c95adb90 code [0x00000171c95add40, 0x00000171c95adeb8]
Event: 27.371 Thread 0x00000171e0b1b840 6544   !   3       org.eclipse.core.internal.watson.ElementTree::includes (48 bytes)
Event: 27.371 Thread 0x00000171e0b1b840 nmethod 6544 0x00000171c95adf90 code [0x00000171c95ae140, 0x00000171c95ae440]
Event: 27.371 Thread 0x00000171e0b1b840 6546   !   3       org.eclipse.core.internal.watson.ElementTree::getElementData (74 bytes)
Event: 27.373 Thread 0x00000171e0b1b840 nmethod 6546 0x00000171c95ae610 code [0x00000171c95ae860, 0x00000171c95af180]
Event: 27.373 Thread 0x00000171e0b1b840 6545       1       org.eclipse.core.internal.resources.WorkspaceRoot::getLocation (5 bytes)
Event: 27.373 Thread 0x00000171e0b1b840 nmethod 6545 0x00000171d06f5d10 code [0x00000171d06f5ea0, 0x00000171d06f5f70]
Event: 27.373 Thread 0x00000171e0b1b840 6547       1       org.eclipse.jdt.internal.core.ClasspathEntry::isExported (5 bytes)
Event: 27.373 Thread 0x00000171e0b1b840 nmethod 6547 0x00000171d06f6010 code [0x00000171d06f61a0, 0x00000171d06f6270]
Event: 27.373 Thread 0x00000171e0b1b840 6548       1       org.eclipse.jdt.internal.core.ClasspathEntry::getAccessRuleSet (5 bytes)
Event: 27.373 Thread 0x00000171e0b1b840 nmethod 6548 0x00000171d06f6310 code [0x00000171d06f64a0, 0x00000171d06f6570]
Event: 27.460 Thread 0x00000171e0b1b840 6551       3       java.io.DataOutputStream::writeUTF (389 bytes)
Event: 27.465 Thread 0x00000171e0b1b840 nmethod 6551 0x00000171c95af510 code [0x00000171c95af920, 0x00000171c95b1bc0]
Event: 27.470 Thread 0x00000171e0b1b840 6552       3       java.lang.invoke.VarHandleReferences$FieldInstanceReadWrite::set (35 bytes)
Event: 27.471 Thread 0x00000171e0b1b840 nmethod 6552 0x00000171c95b2910 code [0x00000171c95b2b40, 0x00000171c95b32d0]

GC Heap History (20 events):
Event: 13.982 GC heap before
{Heap before GC invocations=11 (full 1):
 PSYoungGen      total 24576K, used 24393K [0x00000007aab00000, 0x00000007ac880000, 0x0000000800000000)
  eden space 23552K, 99% used [0x00000007aab00000,0x00000007ac1e4038,0x00000007ac200000)
  from space 1024K, 93% used [0x00000007ac380000,0x00000007ac46e5b0,0x00000007ac480000)
  to   space 2560K, 0% used [0x00000007ac600000,0x00000007ac600000,0x00000007ac880000)
 ParOldGen       total 68608K, used 13184K [0x0000000700000000, 0x0000000704300000, 0x00000007aab00000)
  object space 68608K, 19% used [0x0000000700000000,0x0000000700ce00e8,0x0000000704300000)
 Metaspace       used 26550K, committed 27456K, reserved 1114112K
  class space    used 2671K, committed 3072K, reserved 1048576K
}
Event: 13.985 GC heap after
{Heap after GC invocations=11 (full 1):
 PSYoungGen      total 25088K, used 1977K [0x00000007aab00000, 0x00000007ac800000, 0x0000000800000000)
  eden space 23040K, 0% used [0x00000007aab00000,0x00000007aab00000,0x00000007ac180000)
  from space 2048K, 96% used [0x00000007ac600000,0x00000007ac7ee6d8,0x00000007ac800000)
  to   space 2560K, 0% used [0x00000007ac300000,0x00000007ac300000,0x00000007ac580000)
 ParOldGen       total 68608K, used 13192K [0x0000000700000000, 0x0000000704300000, 0x00000007aab00000)
  object space 68608K, 19% used [0x0000000700000000,0x0000000700ce20e8,0x0000000704300000)
 Metaspace       used 26550K, committed 27456K, reserved 1114112K
  class space    used 2671K, committed 3072K, reserved 1048576K
}
Event: 14.403 GC heap before
{Heap before GC invocations=12 (full 1):
 PSYoungGen      total 25088K, used 25017K [0x00000007aab00000, 0x00000007ac800000, 0x0000000800000000)
  eden space 23040K, 100% used [0x00000007aab00000,0x00000007ac180000,0x00000007ac180000)
  from space 2048K, 96% used [0x00000007ac600000,0x00000007ac7ee6d8,0x00000007ac800000)
  to   space 2560K, 0% used [0x00000007ac300000,0x00000007ac300000,0x00000007ac580000)
 ParOldGen       total 68608K, used 13192K [0x0000000700000000, 0x0000000704300000, 0x00000007aab00000)
  object space 68608K, 19% used [0x0000000700000000,0x0000000700ce20e8,0x0000000704300000)
 Metaspace       used 28529K, committed 29440K, reserved 1114112K
  class space    used 2855K, committed 3264K, reserved 1048576K
}
Event: 14.407 GC heap after
{Heap after GC invocations=12 (full 1):
 PSYoungGen      total 25088K, used 2088K [0x00000007aab00000, 0x00000007ac680000, 0x0000000800000000)
  eden space 22528K, 0% used [0x00000007aab00000,0x00000007aab00000,0x00000007ac100000)
  from space 2560K, 81% used [0x00000007ac300000,0x00000007ac50a2b0,0x00000007ac580000)
  to   space 1024K, 0% used [0x00000007ac580000,0x00000007ac580000,0x00000007ac680000)
 ParOldGen       total 68608K, used 14395K [0x0000000700000000, 0x0000000704300000, 0x00000007aab00000)
  object space 68608K, 20% used [0x0000000700000000,0x0000000700e0eee0,0x0000000704300000)
 Metaspace       used 28529K, committed 29440K, reserved 1114112K
  class space    used 2855K, committed 3264K, reserved 1048576K
}
Event: 16.402 GC heap before
{Heap before GC invocations=13 (full 1):
 PSYoungGen      total 25088K, used 24598K [0x00000007aab00000, 0x00000007ac680000, 0x0000000800000000)
  eden space 22528K, 99% used [0x00000007aab00000,0x00000007ac0fb5c0,0x00000007ac100000)
  from space 2560K, 81% used [0x00000007ac300000,0x00000007ac50a2b0,0x00000007ac580000)
  to   space 1024K, 0% used [0x00000007ac580000,0x00000007ac580000,0x00000007ac680000)
 ParOldGen       total 68608K, used 14395K [0x0000000700000000, 0x0000000704300000, 0x00000007aab00000)
  object space 68608K, 20% used [0x0000000700000000,0x0000000700e0eee0,0x0000000704300000)
 Metaspace       used 30768K, committed 31744K, reserved 1114112K
  class space    used 3133K, committed 3584K, reserved 1048576K
}
Event: 16.407 GC heap after
{Heap after GC invocations=13 (full 1):
 PSYoungGen      total 23040K, used 1015K [0x00000007aab00000, 0x00000007ac680000, 0x0000000800000000)
  eden space 22016K, 0% used [0x00000007aab00000,0x00000007aab00000,0x00000007ac080000)
  from space 1024K, 99% used [0x00000007ac580000,0x00000007ac67dc38,0x00000007ac680000)
  to   space 3072K, 0% used [0x00000007ac080000,0x00000007ac080000,0x00000007ac380000)
 ParOldGen       total 68608K, used 16248K [0x0000000700000000, 0x0000000704300000, 0x00000007aab00000)
  object space 68608K, 23% used [0x0000000700000000,0x0000000700fde0f0,0x0000000704300000)
 Metaspace       used 30768K, committed 31744K, reserved 1114112K
  class space    used 3133K, committed 3584K, reserved 1048576K
}
Event: 18.117 GC heap before
{Heap before GC invocations=14 (full 1):
 PSYoungGen      total 23040K, used 23031K [0x00000007aab00000, 0x00000007ac680000, 0x0000000800000000)
  eden space 22016K, 100% used [0x00000007aab00000,0x00000007ac080000,0x00000007ac080000)
  from space 1024K, 99% used [0x00000007ac580000,0x00000007ac67dc38,0x00000007ac680000)
  to   space 3072K, 0% used [0x00000007ac080000,0x00000007ac080000,0x00000007ac380000)
 ParOldGen       total 68608K, used 16248K [0x0000000700000000, 0x0000000704300000, 0x00000007aab00000)
  object space 68608K, 23% used [0x0000000700000000,0x0000000700fde0f0,0x0000000704300000)
 Metaspace       used 32919K, committed 33984K, reserved 1114112K
  class space    used 3357K, committed 3840K, reserved 1048576K
}
Event: 18.121 GC heap after
{Heap after GC invocations=14 (full 1):
 PSYoungGen      total 25088K, used 1436K [0x00000007aab00000, 0x00000007ac600000, 0x0000000800000000)
  eden space 22016K, 0% used [0x00000007aab00000,0x00000007aab00000,0x00000007ac080000)
  from space 3072K, 46% used [0x00000007ac080000,0x00000007ac1e73e8,0x00000007ac380000)
  to   space 2048K, 0% used [0x00000007ac400000,0x00000007ac400000,0x00000007ac600000)
 ParOldGen       total 68608K, used 17040K [0x0000000700000000, 0x0000000704300000, 0x00000007aab00000)
  object space 68608K, 24% used [0x0000000700000000,0x00000007010a4130,0x0000000704300000)
 Metaspace       used 32919K, committed 33984K, reserved 1114112K
  class space    used 3357K, committed 3840K, reserved 1048576K
}
Event: 20.448 GC heap before
{Heap before GC invocations=15 (full 1):
 PSYoungGen      total 25088K, used 22478K [0x00000007aab00000, 0x00000007ac600000, 0x0000000800000000)
  eden space 22016K, 95% used [0x00000007aab00000,0x00000007abf8c540,0x00000007ac080000)
  from space 3072K, 46% used [0x00000007ac080000,0x00000007ac1e73e8,0x00000007ac380000)
  to   space 2048K, 0% used [0x00000007ac400000,0x00000007ac400000,0x00000007ac600000)
 ParOldGen       total 68608K, used 17040K [0x0000000700000000, 0x0000000704300000, 0x00000007aab00000)
  object space 68608K, 24% used [0x0000000700000000,0x00000007010a4130,0x0000000704300000)
 Metaspace       used 34881K, committed 35840K, reserved 1114112K
  class space    used 3598K, committed 4032K, reserved 1048576K
}
Event: 20.452 GC heap after
{Heap after GC invocations=15 (full 1):
 PSYoungGen      total 23552K, used 1481K [0x00000007aab00000, 0x00000007ac580000, 0x0000000800000000)
  eden space 22016K, 0% used [0x00000007aab00000,0x00000007aab00000,0x00000007ac080000)
  from space 1536K, 96% used [0x00000007ac400000,0x00000007ac5726c8,0x00000007ac580000)
  to   space 2048K, 0% used [0x00000007ac180000,0x00000007ac180000,0x00000007ac380000)
 ParOldGen       total 68608K, used 18268K [0x0000000700000000, 0x0000000704300000, 0x00000007aab00000)
  object space 68608K, 26% used [0x0000000700000000,0x00000007011d7080,0x0000000704300000)
 Metaspace       used 34881K, committed 35840K, reserved 1114112K
  class space    used 3598K, committed 4032K, reserved 1048576K
}
Event: 20.453 GC heap before
{Heap before GC invocations=16 (full 2):
 PSYoungGen      total 23552K, used 1481K [0x00000007aab00000, 0x00000007ac580000, 0x0000000800000000)
  eden space 22016K, 0% used [0x00000007aab00000,0x00000007aab00000,0x00000007ac080000)
  from space 1536K, 96% used [0x00000007ac400000,0x00000007ac5726c8,0x00000007ac580000)
  to   space 2048K, 0% used [0x00000007ac180000,0x00000007ac180000,0x00000007ac380000)
 ParOldGen       total 68608K, used 18268K [0x0000000700000000, 0x0000000704300000, 0x00000007aab00000)
  object space 68608K, 26% used [0x0000000700000000,0x00000007011d7080,0x0000000704300000)
 Metaspace       used 34881K, committed 35840K, reserved 1114112K
  class space    used 3598K, committed 4032K, reserved 1048576K
}
Event: 20.514 GC heap after
{Heap after GC invocations=16 (full 2):
 PSYoungGen      total 23552K, used 0K [0x00000007aab00000, 0x00000007ac580000, 0x0000000800000000)
  eden space 22016K, 0% used [0x00000007aab00000,0x00000007aab00000,0x00000007ac080000)
  from space 1536K, 0% used [0x00000007ac400000,0x00000007ac400000,0x00000007ac580000)
  to   space 2048K, 0% used [0x00000007ac180000,0x00000007ac180000,0x00000007ac380000)
 ParOldGen       total 68608K, used 19026K [0x0000000700000000, 0x0000000704300000, 0x00000007aab00000)
  object space 68608K, 27% used [0x0000000700000000,0x0000000701294a60,0x0000000704300000)
 Metaspace       used 34881K, committed 35840K, reserved 1114112K
  class space    used 3598K, committed 4032K, reserved 1048576K
}
Event: 21.220 GC heap before
{Heap before GC invocations=17 (full 2):
 PSYoungGen      total 23552K, used 22011K [0x00000007aab00000, 0x00000007ac580000, 0x0000000800000000)
  eden space 22016K, 99% used [0x00000007aab00000,0x00000007ac07ed20,0x00000007ac080000)
  from space 1536K, 0% used [0x00000007ac400000,0x00000007ac400000,0x00000007ac580000)
  to   space 2048K, 0% used [0x00000007ac180000,0x00000007ac180000,0x00000007ac380000)
 ParOldGen       total 68608K, used 19026K [0x0000000700000000, 0x0000000704300000, 0x00000007aab00000)
  object space 68608K, 27% used [0x0000000700000000,0x0000000701294a60,0x0000000704300000)
 Metaspace       used 37134K, committed 38144K, reserved 1114112K
  class space    used 3886K, committed 4288K, reserved 1048576K
}
Event: 21.223 GC heap after
{Heap after GC invocations=17 (full 2):
 PSYoungGen      total 24064K, used 2040K [0x00000007aab00000, 0x00000007ac580000, 0x0000000800000000)
  eden space 22016K, 0% used [0x00000007aab00000,0x00000007aab00000,0x00000007ac080000)
  from space 2048K, 99% used [0x00000007ac180000,0x00000007ac37e018,0x00000007ac380000)
  to   space 2048K, 0% used [0x00000007ac380000,0x00000007ac380000,0x00000007ac580000)
 ParOldGen       total 68608K, used 19282K [0x0000000700000000, 0x0000000704300000, 0x00000007aab00000)
  object space 68608K, 28% used [0x0000000700000000,0x00000007012d4a60,0x0000000704300000)
 Metaspace       used 37134K, committed 38144K, reserved 1114112K
  class space    used 3886K, committed 4288K, reserved 1048576K
}
Event: 21.990 GC heap before
{Heap before GC invocations=18 (full 2):
 PSYoungGen      total 24064K, used 24056K [0x00000007aab00000, 0x00000007ac580000, 0x0000000800000000)
  eden space 22016K, 100% used [0x00000007aab00000,0x00000007ac080000,0x00000007ac080000)
  from space 2048K, 99% used [0x00000007ac180000,0x00000007ac37e018,0x00000007ac380000)
  to   space 2048K, 0% used [0x00000007ac380000,0x00000007ac380000,0x00000007ac580000)
 ParOldGen       total 68608K, used 19282K [0x0000000700000000, 0x0000000704300000, 0x00000007aab00000)
  object space 68608K, 28% used [0x0000000700000000,0x00000007012d4a60,0x0000000704300000)
 Metaspace       used 39233K, committed 40320K, reserved 1114112K
  class space    used 4177K, committed 4672K, reserved 1048576K
}
Event: 21.993 GC heap after
{Heap after GC invocations=18 (full 2):
 PSYoungGen      total 23040K, used 896K [0x00000007aab00000, 0x00000007ac480000, 0x0000000800000000)
  eden space 22016K, 0% used [0x00000007aab00000,0x00000007aab00000,0x00000007ac080000)
  from space 1024K, 87% used [0x00000007ac380000,0x00000007ac460000,0x00000007ac480000)
  to   space 1536K, 0% used [0x00000007ac180000,0x00000007ac180000,0x00000007ac300000)
 ParOldGen       total 68608K, used 21014K [0x0000000700000000, 0x0000000704300000, 0x00000007aab00000)
  object space 68608K, 30% used [0x0000000700000000,0x0000000701485bb0,0x0000000704300000)
 Metaspace       used 39233K, committed 40320K, reserved 1114112K
  class space    used 4177K, committed 4672K, reserved 1048576K
}
Event: 22.837 GC heap before
{Heap before GC invocations=19 (full 2):
 PSYoungGen      total 23040K, used 22912K [0x00000007aab00000, 0x00000007ac480000, 0x0000000800000000)
  eden space 22016K, 100% used [0x00000007aab00000,0x00000007ac080000,0x00000007ac080000)
  from space 1024K, 87% used [0x00000007ac380000,0x00000007ac460000,0x00000007ac480000)
  to   space 1536K, 0% used [0x00000007ac180000,0x00000007ac180000,0x00000007ac300000)
 ParOldGen       total 68608K, used 21014K [0x0000000700000000, 0x0000000704300000, 0x00000007aab00000)
  object space 68608K, 30% used [0x0000000700000000,0x0000000701485bb0,0x0000000704300000)
 Metaspace       used 41482K, committed 42560K, reserved 1114112K
  class space    used 4420K, committed 4864K, reserved 1048576K
}
Event: 22.841 GC heap after
{Heap after GC invocations=19 (full 2):
 PSYoungGen      total 23552K, used 1536K [0x00000007aab00000, 0x00000007ac680000, 0x0000000800000000)
  eden space 22016K, 0% used [0x00000007aab00000,0x00000007aab00000,0x00000007ac080000)
  from space 1536K, 100% used [0x00000007ac180000,0x00000007ac300000,0x00000007ac300000)
  to   space 3072K, 0% used [0x00000007ac380000,0x00000007ac380000,0x00000007ac680000)
 ParOldGen       total 68608K, used 21910K [0x0000000700000000, 0x0000000704300000, 0x00000007aab00000)
  object space 68608K, 31% used [0x0000000700000000,0x00000007015658c0,0x0000000704300000)
 Metaspace       used 41482K, committed 42560K, reserved 1114112K
  class space    used 4420K, committed 4864K, reserved 1048576K
}
Event: 24.327 GC heap before
{Heap before GC invocations=20 (full 2):
 PSYoungGen      total 23552K, used 23552K [0x00000007aab00000, 0x00000007ac680000, 0x0000000800000000)
  eden space 22016K, 100% used [0x00000007aab00000,0x00000007ac080000,0x00000007ac080000)
  from space 1536K, 100% used [0x00000007ac180000,0x00000007ac300000,0x00000007ac300000)
  to   space 3072K, 0% used [0x00000007ac380000,0x00000007ac380000,0x00000007ac680000)
 ParOldGen       total 68608K, used 21910K [0x0000000700000000, 0x0000000704300000, 0x00000007aab00000)
  object space 68608K, 31% used [0x0000000700000000,0x00000007015658c0,0x0000000704300000)
 Metaspace       used 43180K, committed 44288K, reserved 1114112K
  class space    used 4646K, committed 5120K, reserved 1048576K
}
Event: 24.330 GC heap after
{Heap after GC invocations=20 (full 2):
 PSYoungGen      total 23552K, used 1088K [0x00000007aab00000, 0x00000007ac500000, 0x0000000800000000)
  eden space 22016K, 0% used [0x00000007aab00000,0x00000007aab00000,0x00000007ac080000)
  from space 1536K, 70% used [0x00000007ac380000,0x00000007ac490000,0x00000007ac500000)
  to   space 2048K, 0% used [0x00000007ac100000,0x00000007ac100000,0x00000007ac300000)
 ParOldGen       total 68608K, used 22942K [0x0000000700000000, 0x0000000704300000, 0x00000007aab00000)
  object space 68608K, 33% used [0x0000000700000000,0x00000007016678d0,0x0000000704300000)
 Metaspace       used 43180K, committed 44288K, reserved 1114112K
  class space    used 4646K, committed 5120K, reserved 1048576K
}

Dll operation events (20 events):
Event: 0.024 Attempting to load shared library c:\Users\isabo\.vscode\extensions\redhat.java-1.56.0-win32-x64\jre\21.0.12.1-win32-x86_64\bin\java.dll
Event: 0.024 Loaded shared library c:\Users\isabo\.vscode\extensions\redhat.java-1.56.0-win32-x64\jre\21.0.12.1-win32-x86_64\bin\java.dll
Event: 0.150 Attempting to load shared library c:\Users\isabo\.vscode\extensions\redhat.java-1.56.0-win32-x64\jre\21.0.12.1-win32-x86_64\bin\zip.dll
Event: 0.151 Loaded shared library c:\Users\isabo\.vscode\extensions\redhat.java-1.56.0-win32-x64\jre\21.0.12.1-win32-x86_64\bin\zip.dll
Event: 0.196 Attempting to load shared library C:\Users\isabo\.vscode\extensions\redhat.java-1.56.0-win32-x64\jre\21.0.12.1-win32-x86_64\bin\instrument.dll
Event: 0.196 Loaded shared library C:\Users\isabo\.vscode\extensions\redhat.java-1.56.0-win32-x64\jre\21.0.12.1-win32-x86_64\bin\instrument.dll
Event: 0.203 Attempting to load shared library C:\Users\isabo\.vscode\extensions\redhat.java-1.56.0-win32-x64\jre\21.0.12.1-win32-x86_64\bin\net.dll
Event: 0.205 Loaded shared library C:\Users\isabo\.vscode\extensions\redhat.java-1.56.0-win32-x64\jre\21.0.12.1-win32-x86_64\bin\net.dll
Event: 0.208 Attempting to load shared library C:\Users\isabo\.vscode\extensions\redhat.java-1.56.0-win32-x64\jre\21.0.12.1-win32-x86_64\bin\nio.dll
Event: 0.208 Loaded shared library C:\Users\isabo\.vscode\extensions\redhat.java-1.56.0-win32-x64\jre\21.0.12.1-win32-x86_64\bin\nio.dll
Event: 0.212 Attempting to load shared library C:\Users\isabo\.vscode\extensions\redhat.java-1.56.0-win32-x64\jre\21.0.12.1-win32-x86_64\bin\zip.dll
Event: 0.212 Loaded shared library C:\Users\isabo\.vscode\extensions\redhat.java-1.56.0-win32-x64\jre\21.0.12.1-win32-x86_64\bin\zip.dll
Event: 0.242 Attempting to load shared library C:\Users\isabo\.vscode\extensions\redhat.java-1.56.0-win32-x64\jre\21.0.12.1-win32-x86_64\bin\jimage.dll
Event: 0.242 Loaded shared library C:\Users\isabo\.vscode\extensions\redhat.java-1.56.0-win32-x64\jre\21.0.12.1-win32-x86_64\bin\jimage.dll
Event: 0.396 Attempting to load shared library c:\Users\isabo\.vscode\extensions\redhat.java-1.56.0-win32-x64\jre\21.0.12.1-win32-x86_64\bin\verify.dll
Event: 0.398 Loaded shared library c:\Users\isabo\.vscode\extensions\redhat.java-1.56.0-win32-x64\jre\21.0.12.1-win32-x86_64\bin\verify.dll
Event: 2.835 Attempting to load shared library C:\Users\isabo\AppData\Roaming\Code\User\globalStorage\redhat.java\1.56.0\config_win\org.eclipse.equinox.launcher\org.eclipse.equinox.launcher.win32.win32.x86_64_1.3.100.v20260804-1928\eclipse_11924.dll
Event: 2.839 Loaded shared library C:\Users\isabo\AppData\Roaming\Code\User\globalStorage\redhat.java\1.56.0\config_win\org.eclipse.equinox.launcher\org.eclipse.equinox.launcher.win32.win32.x86_64_1.3.100.v20260804-1928\eclipse_11924.dll
Event: 9.263 Attempting to load shared library C:\Users\isabo\AppData\Local\Temp\jna-100492036\jna14198351706581355170.dll
Event: 9.443 Loaded shared library C:\Users\isabo\AppData\Local\Temp\jna-100492036\jna14198351706581355170.dll

Deoptimization events (20 events):
Event: 27.350 Thread 0x00000171e80041a0 Uncommon trap: trap_request=0xffffff45 fr.pc=0x00000171d06eac38 relative=0x0000000000000098
Event: 27.350 Thread 0x00000171e80041a0 Uncommon trap: reason=unstable_if action=reinterpret pc=0x00000171d06eac38 method=org.eclipse.core.internal.jobs.InternalJob.getState()I @ 10 c2
Event: 27.350 Thread 0x00000171e80041a0 DEOPT PACKING pc=0x00000171d06eac38 sp=0x000000261c1fe760
Event: 27.350 Thread 0x00000171e80041a0 DEOPT UNPACKING pc=0x00000171cfeb6da2 sp=0x000000261c1fe6f0 mode 2
Event: 27.372 Thread 0x00000171e80041a0 Uncommon trap: trap_request=0xffffffde fr.pc=0x00000171d063c9b0 relative=0x0000000000000790
Event: 27.372 Thread 0x00000171e80041a0 Uncommon trap: reason=class_check action=maybe_recompile pc=0x00000171d063c9b0 method=java.util.Hashtable.put(Ljava/lang/Object;Ljava/lang/Object;)Ljava/lang/Object; @ 60 c2
Event: 27.372 Thread 0x00000171e80041a0 DEOPT PACKING pc=0x00000171d063c9b0 sp=0x000000261c1fef60
Event: 27.372 Thread 0x00000171e80041a0 DEOPT UNPACKING pc=0x00000171cfeb6da2 sp=0x000000261c1fef20 mode 2
Event: 27.380 Thread 0x00000171e80041a0 Uncommon trap: trap_request=0xffffffde fr.pc=0x00000171d063c9b0 relative=0x0000000000000790
Event: 27.380 Thread 0x00000171e80041a0 Uncommon trap: reason=class_check action=maybe_recompile pc=0x00000171d063c9b0 method=java.util.Hashtable.put(Ljava/lang/Object;Ljava/lang/Object;)Ljava/lang/Object; @ 60 c2
Event: 27.380 Thread 0x00000171e80041a0 DEOPT PACKING pc=0x00000171d063c9b0 sp=0x000000261c1fef60
Event: 27.380 Thread 0x00000171e80041a0 DEOPT UNPACKING pc=0x00000171cfeb6da2 sp=0x000000261c1fef20 mode 2
Event: 27.385 Thread 0x00000171e80041a0 Uncommon trap: trap_request=0xffffffde fr.pc=0x00000171d063c9b0 relative=0x0000000000000790
Event: 27.385 Thread 0x00000171e80041a0 Uncommon trap: reason=class_check action=maybe_recompile pc=0x00000171d063c9b0 method=java.util.Hashtable.put(Ljava/lang/Object;Ljava/lang/Object;)Ljava/lang/Object; @ 60 c2
Event: 27.386 Thread 0x00000171e80041a0 DEOPT PACKING pc=0x00000171d063c9b0 sp=0x000000261c1fef60
Event: 27.386 Thread 0x00000171e80041a0 DEOPT UNPACKING pc=0x00000171cfeb6da2 sp=0x000000261c1fef20 mode 2
Event: 27.391 Thread 0x00000171e80041a0 Uncommon trap: trap_request=0xffffffde fr.pc=0x00000171d063c9b0 relative=0x0000000000000790
Event: 27.391 Thread 0x00000171e80041a0 Uncommon trap: reason=class_check action=maybe_recompile pc=0x00000171d063c9b0 method=java.util.Hashtable.put(Ljava/lang/Object;Ljava/lang/Object;)Ljava/lang/Object; @ 60 c2
Event: 27.391 Thread 0x00000171e80041a0 DEOPT PACKING pc=0x00000171d063c9b0 sp=0x000000261c1fef60
Event: 27.391 Thread 0x00000171e80041a0 DEOPT UNPACKING pc=0x00000171cfeb6da2 sp=0x000000261c1fef20 mode 2

Classes loaded (20 events):
Event: 23.303 Loading class sun/misc/Unsafe
Event: 23.304 Loading class sun/misc/Unsafe done
Event: 23.348 Loading class jdk/internal/org/objectweb/asm/ClassReader
Event: 23.349 Loading class jdk/internal/org/objectweb/asm/ClassReader done
Event: 25.452 Loading class java/lang/ProcessEnvironment$CheckedKeySet
Event: 25.452 Loading class java/lang/ProcessEnvironment$CheckedKeySet done
Event: 26.177 Loading class java/util/regex/Pattern$Pos
Event: 26.178 Loading class java/util/regex/Pattern$Pos done
Event: 26.239 Loading class sun/security/provider/MD5
Event: 26.240 Loading class sun/security/provider/MD5 done
Event: 26.240 Loading class sun/security/provider/ByteArrayAccess$LE
Event: 26.241 Loading class sun/security/provider/ByteArrayAccess$LE done
Event: 26.834 Loading class sun/nio/fs/WindowsException
Event: 26.835 Loading class sun/nio/fs/WindowsException done
Event: 26.878 Loading class sun/net/www/protocol/https/Handler
Event: 26.879 Loading class sun/net/www/protocol/http/Handler
Event: 26.879 Loading class sun/net/www/protocol/http/Handler done
Event: 26.879 Loading class sun/net/www/protocol/https/Handler done
Event: 27.373 Loading class java/io/DataOutputStream
Event: 27.374 Loading class java/io/DataOutputStream done

Classes unloaded (7 events):
Event: 12.284 Thread 0x00000171e0b03600 Unloading class 0x00000171811bc000 'java/lang/invoke/LambdaForm$MH+0x00000171811bc000'
Event: 12.284 Thread 0x00000171e0b03600 Unloading class 0x00000171811bbc00 'java/lang/invoke/LambdaForm$MH+0x00000171811bbc00'
Event: 12.284 Thread 0x00000171e0b03600 Unloading class 0x00000171811bb800 'java/lang/invoke/LambdaForm$MH+0x00000171811bb800'
Event: 12.284 Thread 0x00000171e0b03600 Unloading class 0x00000171811bb400 'java/lang/invoke/LambdaForm$MH+0x00000171811bb400'
Event: 12.284 Thread 0x00000171e0b03600 Unloading class 0x00000171811bb000 'java/lang/invoke/LambdaForm$BMH+0x00000171811bb000'
Event: 12.284 Thread 0x00000171e0b03600 Unloading class 0x00000171811bac00 'java/lang/invoke/LambdaForm$DMH+0x00000171811bac00'
Event: 12.284 Thread 0x00000171e0b03600 Unloading class 0x00000171811b9800 'java/lang/invoke/LambdaForm$DMH+0x00000171811b9800'

Classes redefined (0 events):
No events

Internal exceptions (20 events):
Event: 27.288 Thread 0x00000171e80041a0 Exception <a 'sun/nio/fs/WindowsException'{0x00000007abf35430}> (0x00000007abf35430) 
thrown [s\src\hotspot\share\prims\jni.cpp, line 520]
Event: 27.289 Thread 0x00000171e80041a0 Exception <a 'sun/nio/fs/WindowsException'{0x00000007abf35d10}> (0x00000007abf35d10) 
thrown [s\src\hotspot\share\prims\jni.cpp, line 520]
Event: 27.290 Thread 0x00000171e80041a0 Exception <a 'sun/nio/fs/WindowsException'{0x00000007abf37cf8}> (0x00000007abf37cf8) 
thrown [s\src\hotspot\share\prims\jni.cpp, line 520]
Event: 27.291 Thread 0x00000171e80041a0 Exception <a 'sun/nio/fs/WindowsException'{0x00000007abf38618}> (0x00000007abf38618) 
thrown [s\src\hotspot\share\prims\jni.cpp, line 520]
Event: 27.294 Thread 0x00000171e80041a0 Exception <a 'sun/nio/fs/WindowsException'{0x00000007abf3ba68}> (0x00000007abf3ba68) 
thrown [s\src\hotspot\share\prims\jni.cpp, line 520]
Event: 27.295 Thread 0x00000171e80041a0 Exception <a 'sun/nio/fs/WindowsException'{0x00000007abf3c368}> (0x00000007abf3c368) 
thrown [s\src\hotspot\share\prims\jni.cpp, line 520]
Event: 27.297 Thread 0x00000171e80041a0 Exception <a 'sun/nio/fs/WindowsException'{0x00000007abf3e658}> (0x00000007abf3e658) 
thrown [s\src\hotspot\share\prims\jni.cpp, line 520]
Event: 27.297 Thread 0x00000171e80041a0 Exception <a 'sun/nio/fs/WindowsException'{0x00000007abf3ef48}> (0x00000007abf3ef48) 
thrown [s\src\hotspot\share\prims\jni.cpp, line 520]
Event: 27.301 Thread 0x00000171e80041a0 Exception <a 'sun/nio/fs/WindowsException'{0x00000007abf442d0}> (0x00000007abf442d0) 
thrown [s\src\hotspot\share\prims\jni.cpp, line 520]
Event: 27.301 Thread 0x00000171e80041a0 Exception <a 'sun/nio/fs/WindowsException'{0x00000007abf44b50}> (0x00000007abf44b50) 
thrown [s\src\hotspot\share\prims\jni.cpp, line 520]
Event: 27.303 Thread 0x00000171e80041a0 Exception <a 'sun/nio/fs/WindowsException'{0x00000007abf47ba0}> (0x00000007abf47ba0) 
thrown [s\src\hotspot\share\prims\jni.cpp, line 520]
Event: 27.304 Thread 0x00000171e80041a0 Exception <a 'sun/nio/fs/WindowsException'{0x00000007abf481d0}> (0x00000007abf481d0) 
thrown [s\src\hotspot\share\prims\jni.cpp, line 520]
Event: 27.305 Thread 0x00000171e80041a0 Exception <a 'sun/nio/fs/WindowsException'{0x00000007abf49b00}> (0x00000007abf49b00) 
thrown [s\src\hotspot\share\prims\jni.cpp, line 520]
Event: 27.305 Thread 0x00000171e80041a0 Exception <a 'sun/nio/fs/WindowsException'{0x00000007abf4a170}> (0x00000007abf4a170) 
thrown [s\src\hotspot\share\prims\jni.cpp, line 520]
Event: 27.306 Thread 0x00000171e80041a0 Exception <a 'sun/nio/fs/WindowsException'{0x00000007abf4d008}> (0x00000007abf4d008) 
thrown [s\src\hotspot\share\prims\jni.cpp, line 520]
Event: 27.307 Thread 0x00000171e80041a0 Exception <a 'sun/nio/fs/WindowsException'{0x00000007abf4d658}> (0x00000007abf4d658) 
thrown [s\src\hotspot\share\prims\jni.cpp, line 520]
Event: 27.308 Thread 0x00000171e80041a0 Exception <a 'sun/nio/fs/WindowsException'{0x00000007abf4f6a0}> (0x00000007abf4f6a0) 
thrown [s\src\hotspot\share\prims\jni.cpp, line 520]
Event: 27.308 Thread 0x00000171e80041a0 Exception <a 'sun/nio/fs/WindowsException'{0x00000007abf4fce0}> (0x00000007abf4fce0) 
thrown [s\src\hotspot\share\prims\jni.cpp, line 520]
Event: 27.358 Thread 0x00000171e80041a0 Exception <a 'sun/nio/fs/WindowsException'{0x00000007abfe5790}> (0x00000007abfe5790) 
thrown [s\src\hotspot\share\prims\jni.cpp, line 520]
Event: 27.358 Thread 0x00000171e80041a0 Exception <a 'sun/nio/fs/WindowsException'{0x00000007abfe5e00}> (0x00000007abfe5e00) 
thrown [s\src\hotspot\share\prims\jni.cpp, line 520]

ZGC Phase Switch (0 events):
No events

VM Operations (20 events):
Event: 21.220 Executing safepoint VM operation: ParallelGCFailedAllocation (Allocation Failure)
Event: 21.223 Executing safepoint VM operation: ParallelGCFailedAllocation (Allocation Failure) done
Event: 21.342 Executing non-safepoint VM operation: HandshakeAllThreads (Deoptimize)
Event: 21.343 Executing non-safepoint VM operation: HandshakeAllThreads (Deoptimize) done
Event: 21.957 Executing non-safepoint VM operation: HandshakeAllThreads (Deoptimize)
Event: 21.957 Executing non-safepoint VM operation: HandshakeAllThreads (Deoptimize) done
Event: 21.977 Executing safepoint VM operation: ParallelGCFailedAllocation (Allocation Failure)
Event: 21.993 Executing safepoint VM operation: ParallelGCFailedAllocation (Allocation Failure) done
Event: 22.837 Executing safepoint VM operation: ParallelGCFailedAllocation (Allocation Failure)
Event: 22.841 Executing safepoint VM operation: ParallelGCFailedAllocation (Allocation Failure) done
Event: 23.564 Executing non-safepoint VM operation: HandshakeAllThreads (Deoptimize)
Event: 23.565 Executing non-safepoint VM operation: HandshakeAllThreads (Deoptimize) done
Event: 24.327 Executing safepoint VM operation: ParallelGCFailedAllocation (Allocation Failure)
Event: 24.330 Executing safepoint VM operation: ParallelGCFailedAllocation (Allocation Failure) done
Event: 25.340 Executing safepoint VM operation: Cleanup
Event: 25.340 Executing safepoint VM operation: Cleanup done
Event: 26.349 Executing safepoint VM operation: Cleanup
Event: 26.350 Executing safepoint VM operation: Cleanup done
Event: 27.360 Executing safepoint VM operation: Cleanup
Event: 27.361 Executing safepoint VM operation: Cleanup done

Memory protections (0 events):
No events

Nmethod flushes (20 events):
Event: 20.486 Thread 0x00000171e0b03600 flushing  nmethod 0x00000171c8ff3690
Event: 20.486 Thread 0x00000171e0b03600 flushing  nmethod 0x00000171c8ff9810
Event: 20.486 Thread 0x00000171e0b03600 flushing  nmethod 0x00000171c9029790
Event: 20.486 Thread 0x00000171e0b03600 flushing  nmethod 0x00000171c902b590
Event: 20.486 Thread 0x00000171e0b03600 flushing  nmethod 0x00000171c902be90
Event: 20.486 Thread 0x00000171e0b03600 flushing  nmethod 0x00000171c902d090
Event: 20.486 Thread 0x00000171e0b03600 flushing  nmethod 0x00000171c902d890
Event: 20.486 Thread 0x00000171e0b03600 flushing  nmethod 0x00000171c902f590
Event: 20.486 Thread 0x00000171e0b03600 flushing  nmethod 0x00000171c902fa90
Event: 20.486 Thread 0x00000171e0b03600 flushing  nmethod 0x00000171c9030390
Event: 20.486 Thread 0x00000171e0b03600 flushing  nmethod 0x00000171c9030f10
Event: 20.486 Thread 0x00000171e0b03600 flushing  nmethod 0x00000171c9031390
Event: 20.486 Thread 0x00000171e0b03600 flushing  nmethod 0x00000171c9032e90
Event: 20.486 Thread 0x00000171e0b03600 flushing  nmethod 0x00000171c903e110
Event: 20.486 Thread 0x00000171e0b03600 flushing  nmethod 0x00000171c9084810
Event: 20.486 Thread 0x00000171e0b03600 flushing  nmethod 0x00000171c9087910
Event: 20.486 Thread 0x00000171e0b03600 flushing  nmethod 0x00000171c908e890
Event: 20.486 Thread 0x00000171e0b03600 flushing  nmethod 0x00000171c90d8090
Event: 20.486 Thread 0x00000171e0b03600 flushing  nmethod 0x00000171c90fa990
Event: 20.486 Thread 0x00000171e0b03600 flushing  nmethod 0x00000171c9113590

Events (20 events):
Event: 8.319 Thread 0x00000171e79ff290 Thread added: 0x00000171e8006270
Event: 9.511 Thread 0x00000171e79ff290 Thread added: 0x00000171e8006900
Event: 9.795 Thread 0x00000171e79ff290 Thread added: 0x00000171e8004830
Event: 9.940 Thread 0x00000171e79ff290 Thread added: 0x00000171e8003b10
Event: 12.964 Thread 0x00000171e0b1b840 Thread added: 0x00000171e76b8030
Event: 13.279 Thread 0x00000171e76b8030 Thread exited: 0x00000171e76b8030
Event: 13.643 Thread 0x00000171e8003b10 Thread added: 0x00000171e8004ec0
Event: 13.869 Thread 0x00000171e8004ec0 Thread added: 0x00000171e80041a0
Event: 16.026 Thread 0x00000171e0b1b840 Thread added: 0x00000171e8c17010
Event: 16.185 Thread 0x00000171e8c17010 Thread exited: 0x00000171e8c17010
Event: 16.221 Thread 0x00000171e0b1b840 Thread added: 0x00000171e8c17010
Event: 16.497 Thread 0x00000171e79ff290 Thread added: 0x00000171e8005be0
Event: 17.215 Thread 0x00000171e8c17010 Thread exited: 0x00000171e8c17010
Event: 20.325 Thread 0x00000171e8004ec0 Thread added: 0x00000171e9cd2aa0
Event: 20.523 Thread 0x00000171e0b1b840 Thread added: 0x00000171e7b16e90
Event: 20.734 Thread 0x00000171e9cd2aa0 Thread added: 0x00000171e9cd1d80
Event: 21.436 Thread 0x00000171c572f780 Thread added: 0x00000171e9cd3130
Event: 22.228 Thread 0x00000171c572f780 Thread added: 0x00000171e9cd2410
Event: 22.229 Thread 0x00000171c572f780 Thread added: 0x00000171e9cd37c0
Event: 23.314 Thread 0x00000171e7b16e90 Thread exited: 0x00000171e7b16e90


Dynamic libraries:
0x00007ff64bfa0000 - 0x00007ff64bfae000 	c:\Users\isabo\.vscode\extensions\redhat.java-1.56.0-win32-x64\jre\21.0.12.1-win32-x86_64\bin\java.exe
0x00007ffe80b40000 - 0x00007ffe80da7000 	C:\WINDOWS\SYSTEM32\ntdll.dll
0x00007ffe7eb40000 - 0x00007ffe7ec0b000 	C:\WINDOWS\System32\KERNEL32.DLL
0x00007ffe7deb0000 - 0x00007ffe7e2b2000 	C:\WINDOWS\System32\KERNELBASE.dll
0x00007ffe7e2c0000 - 0x00007ffe7e40c000 	C:\WINDOWS\System32\ucrtbase.dll
0x00007ffe41a30000 - 0x00007ffe41a4e000 	c:\Users\isabo\.vscode\extensions\redhat.java-1.56.0-win32-x64\jre\21.0.12.1-win32-x86_64\bin\VCRUNTIME140.dll
0x00007ffe41ea0000 - 0x00007ffe41eb8000 	c:\Users\isabo\.vscode\extensions\redhat.java-1.56.0-win32-x64\jre\21.0.12.1-win32-x86_64\bin\jli.dll
0x00007ffe80380000 - 0x00007ffe8054f000 	C:\WINDOWS\System32\USER32.dll
0x00007ffe7dd40000 - 0x00007ffe7dd67000 	C:\WINDOWS\System32\win32u.dll
0x00007ffe808a0000 - 0x00007ffe808cb000 	C:\WINDOWS\System32\GDI32.dll
0x00007ffe69240000 - 0x00007ffe694d0000 	C:\WINDOWS\WinSxS\amd64_microsoft.windows.common-controls_6595b64144ccf1df_6.0.26100.9278_none_3e0d1ba8e3303201\COMCTL32.dll
0x00007ffe806e0000 - 0x00007ffe80789000 	C:\WINDOWS\System32\msvcrt.dll
0x00007ffe7e4e0000 - 0x00007ffe7e609000 	C:\WINDOWS\System32\gdi32full.dll
0x00007ffe7dd70000 - 0x00007ffe7de13000 	C:\WINDOWS\System32\msvcp_win.dll
0x00007ffe808d0000 - 0x00007ffe80901000 	C:\WINDOWS\System32\IMM32.DLL
0x00007ffe6a2f0000 - 0x00007ffe6a2fc000 	c:\Users\isabo\.vscode\extensions\redhat.java-1.56.0-win32-x64\jre\21.0.12.1-win32-x86_64\bin\vcruntime140_1.dll
0x00007ffe19de0000 - 0x00007ffe19e6d000 	c:\Users\isabo\.vscode\extensions\redhat.java-1.56.0-win32-x64\jre\21.0.12.1-win32-x86_64\bin\msvcp140.dll
0x00007ffda5310000 - 0x00007ffda60b2000 	c:\Users\isabo\.vscode\extensions\redhat.java-1.56.0-win32-x64\jre\21.0.12.1-win32-x86_64\bin\server\jvm.dll
0x00007ffe80160000 - 0x00007ffe8021c000 	C:\WINDOWS\System32\ADVAPI32.dll
0x00007ffe7ec10000 - 0x00007ffe7ecb9000 	C:\WINDOWS\System32\sechost.dll
0x00007ffe7ecc0000 - 0x00007ffe7edd8000 	C:\WINDOWS\System32\RPCRT4.dll
0x00007ffe80a70000 - 0x00007ffe80af0000 	C:\WINDOWS\System32\WS2_32.dll
0x00007ffe7dbc0000 - 0x00007ffe7dc1e000 	C:\WINDOWS\SYSTEM32\POWRPROF.dll
0x00007ffe6b6a0000 - 0x00007ffe6b6d6000 	C:\WINDOWS\SYSTEM32\WINMM.dll
0x00007ffe74070000 - 0x00007ffe7407b000 	C:\WINDOWS\SYSTEM32\VERSION.dll
0x00007ffe7dba0000 - 0x00007ffe7dbb5000 	C:\WINDOWS\SYSTEM32\UMPDC.dll
0x00007ffe7c9d0000 - 0x00007ffe7c9eb000 	C:\WINDOWS\SYSTEM32\kernel.appcore.dll
0x00007ffe583c0000 - 0x00007ffe583ca000 	c:\Users\isabo\.vscode\extensions\redhat.java-1.56.0-win32-x64\jre\21.0.12.1-win32-x86_64\bin\jimage.dll
0x00007ffe7b430000 - 0x00007ffe7b67c000 	C:\WINDOWS\SYSTEM32\DBGHELP.DLL
0x00007ffe7fd40000 - 0x00007ffe800c5000 	C:\WINDOWS\System32\combase.dll
0x00007ffe7f2c0000 - 0x00007ffe7f399000 	C:\WINDOWS\System32\OLEAUT32.dll
0x00007ffe695c0000 - 0x00007ffe695fb000 	C:\WINDOWS\SYSTEM32\dbgcore.DLL
0x00007ffe7e420000 - 0x00007ffe7e4cc000 	C:\WINDOWS\System32\bcryptPrimitives.dll
0x00007ffe57bb0000 - 0x00007ffe57bbf000 	c:\Users\isabo\.vscode\extensions\redhat.java-1.56.0-win32-x64\jre\21.0.12.1-win32-x86_64\bin\instrument.dll
0x00007ffe41a10000 - 0x00007ffe41a30000 	c:\Users\isabo\.vscode\extensions\redhat.java-1.56.0-win32-x64\jre\21.0.12.1-win32-x86_64\bin\java.dll
0x00007ffe7f580000 - 0x00007ffe7fd18000 	C:\WINDOWS\System32\SHELL32.dll
0x00007ffe7b780000 - 0x00007ffe7c02e000 	C:\WINDOWS\SYSTEM32\windows.storage.dll
0x00007ffe80910000 - 0x00007ffe80a0b000 	C:\WINDOWS\System32\SHCORE.dll
0x00007ffe80790000 - 0x00007ffe807f6000 	C:\WINDOWS\System32\shlwapi.dll
0x00007ffe7dc60000 - 0x00007ffe7dc89000 	C:\WINDOWS\SYSTEM32\profapi.dll
0x00007ffe41950000 - 0x00007ffe41968000 	c:\Users\isabo\.vscode\extensions\redhat.java-1.56.0-win32-x64\jre\21.0.12.1-win32-x86_64\bin\zip.dll
0x00007ffe57ba0000 - 0x00007ffe57bb0000 	C:\Users\isabo\.vscode\extensions\redhat.java-1.56.0-win32-x64\jre\21.0.12.1-win32-x86_64\bin\net.dll
0x00007ffe703d0000 - 0x00007ffe704fa000 	C:\WINDOWS\SYSTEM32\WINHTTP.dll
0x00007ffe7cf70000 - 0x00007ffe7cfdc000 	C:\WINDOWS\system32\mswsock.dll
0x00007ffe41930000 - 0x00007ffe41946000 	C:\Users\isabo\.vscode\extensions\redhat.java-1.56.0-win32-x64\jre\21.0.12.1-win32-x86_64\bin\nio.dll
0x00007ffe56bc0000 - 0x00007ffe56bd0000 	c:\Users\isabo\.vscode\extensions\redhat.java-1.56.0-win32-x64\jre\21.0.12.1-win32-x86_64\bin\verify.dll
0x00007ffe54870000 - 0x00007ffe548b5000 	C:\Users\isabo\AppData\Roaming\Code\User\globalStorage\redhat.java\1.56.0\config_win\org.eclipse.equinox.launcher\org.eclipse.equinox.launcher.win32.win32.x86_64_1.3.100.v20260804-1928\eclipse_11924.dll
0x00007ffe7e9a0000 - 0x00007ffe7eb3a000 	C:\WINDOWS\System32\ole32.dll
0x00007ffe7d390000 - 0x00007ffe7d3ab000 	C:\WINDOWS\SYSTEM32\CRYPTSP.dll
0x00007ffe7c930000 - 0x00007ffe7c969000 	C:\WINDOWS\system32\rsaenh.dll
0x00007ffe7d020000 - 0x00007ffe7d054000 	C:\WINDOWS\SYSTEM32\USERENV.dll
0x00007ffe7dc30000 - 0x00007ffe7dc5a000 	C:\WINDOWS\SYSTEM32\bcrypt.dll
0x00007ffe7d360000 - 0x00007ffe7d36c000 	C:\WINDOWS\SYSTEM32\CRYPTBASE.dll
0x00007ffe7c380000 - 0x00007ffe7c3b3000 	C:\WINDOWS\SYSTEM32\IPHLPAPI.DLL
0x00007ffe80890000 - 0x00007ffe8089a000 	C:\WINDOWS\System32\NSI.dll
0x00007ffe3f640000 - 0x00007ffe3f689000 	C:\Users\isabo\AppData\Local\Temp\jna-100492036\jna14198351706581355170.dll
0x00007ffe800d0000 - 0x00007ffe800d8000 	C:\WINDOWS\System32\PSAPI.DLL
0x00007ffe73c00000 - 0x00007ffe73c1d000 	C:\WINDOWS\SYSTEM32\dhcpcsvc6.DLL
0x00007ffe703a0000 - 0x00007ffe703c5000 	C:\WINDOWS\SYSTEM32\dhcpcsvc.DLL

JVMTI agents:
c:\Users\isabo\.vscode\extensions\redhat.java-1.56.0-win32-x64\lombok\lombok-1.18.39-4050.jar path:c:\Users\isabo\.vscode\extensions\redhat.java-1.56.0-win32-x64\jre\21.0.12.1-win32-x86_64\bin\instrument.dll, loaded, initialized, instrumentlib options:none

dbghelp: loaded successfully - version: 4.0.5 - missing functions: none
symbol engine: initialized successfully - sym options: 0x614 - pdb path: .;c:\Users\isabo\.vscode\extensions\redhat.java-1.56.0-win32-x64\jre\21.0.12.1-win32-x86_64\bin;C:\WINDOWS\SYSTEM32;C:\WINDOWS\WinSxS\amd64_microsoft.windows.common-controls_6595b64144ccf1df_6.0.26100.9278_none_3e0d1ba8e3303201;c:\Users\isabo\.vscode\extensions\redhat.java-1.56.0-win32-x64\jre\21.0.12.1-win32-x86_64\bin\server;C:\Users\isabo\AppData\Roaming\Code\User\globalStorage\redhat.java\1.56.0\config_win\org.eclipse.equinox.launcher\org.eclipse.equinox.launcher.win32.win32.x86_64_1.3.100.v20260804-1928;C:\Users\isabo\AppData\Local\Temp\jna-100492036

VM Arguments:
jvm_args: --add-modules=ALL-SYSTEM --add-opens=java.base/java.util=ALL-UNNAMED --add-opens=java.base/java.lang=ALL-UNNAMED --add-opens=java.base/sun.nio.fs=ALL-UNNAMED -Declipse.application=org.eclipse.jdt.ls.core.id1 -Dosgi.bundles.defaultStartLevel=4 -Declipse.product=org.eclipse.jdt.ls.core.product -Djava.import.generatesMetadataFilesAtProjectRoot=false -Dm2e.project.cache.size=50 -DDetectVMInstallationsJob.disabled=true -Dfile.encoding=utf8 -XX:+UseParallelGC -XX:GCTimeRatio=4 -XX:AdaptiveSizePolicyWeight=90 -Dsun.zip.disableMemoryMapping=true -Xmx4G -Xms100m -Xlog:disable -javaagent:c:\Users\isabo\.vscode\extensions\redhat.java-1.56.0-win32-x64\lombok\lombok-1.18.39-4050.jar -XX:+HeapDumpOnOutOfMemoryError -XX:HeapDumpPath=c:\Users\isabo\AppData\Roaming\Code\User\workspaceStorage\549d4dd31bf3dbb746db498f2292a5f9\redhat.java -Daether.dependencyCollector.impl=bf 
java_command: c:\Users\isabo\.vscode\extensions\redhat.java-1.56.0-win32-x64\server\plugins\org.eclipse.equinox.launcher_1.8.0.v20260804-1928.jar -configuration c:\Users\isabo\AppData\Roaming\Code\User\globalStorage\redhat.java\1.56.0\config_win -data c:\Users\isabo\AppData\Roaming\Code\User\workspaceStorage\549d4dd31bf3dbb746db498f2292a5f9\redhat.java\jdt_ws --stdio
java_class_path (initial): c:\Users\isabo\.vscode\extensions\redhat.java-1.56.0-win32-x64\server\plugins\org.eclipse.equinox.launcher_1.8.0.v20260804-1928.jar
Launcher Type: SUN_STANDARD

[Global flags]
    uintx AdaptiveSizePolicyWeight                 = 90                                        {product} {command line}
     intx CICompilerCount                          = 4                                         {product} {ergonomic}
    uintx GCTimeRatio                              = 4                                         {product} {command line}
     bool HeapDumpOnOutOfMemoryError               = true                                   {manageable} {command line}
    ccstr HeapDumpPath                             = c:\Users\isabo\AppData\Roaming\Code\User\workspaceStorage\549d4dd31bf3dbb746db498f2292a5f9\redhat.java         {manageable} {command line}
   size_t InitialHeapSize                          = 104857600                                 {product} {command line}
   size_t MaxHeapSize                              = 4294967296                                {product} {command line}
   size_t MaxNewSize                               = 1431306240                                {product} {ergonomic}
   size_t MinHeapDeltaBytes                        = 524288                                    {product} {ergonomic}
   size_t MinHeapSize                              = 104857600                                 {product} {command line}
   size_t NewSize                                  = 34603008                                  {product} {ergonomic}
    uintx NonNMethodCodeHeapSize                   = 5839372                                {pd product} {ergonomic}
    uintx NonProfiledCodeHeapSize                  = 122909434                              {pd product} {ergonomic}
   size_t OldSize                                  = 70254592                                  {product} {ergonomic}
    uintx ProfiledCodeHeapSize                     = 122909434                              {pd product} {ergonomic}
    uintx ReservedCodeCacheSize                    = 251658240                              {pd product} {ergonomic}
     bool SegmentedCodeCache                       = true                                      {product} {ergonomic}
   size_t SoftMaxHeapSize                          = 4294967296                             {manageable} {ergonomic}
     bool UseCompressedOops                        = true                           {product lp64_product} {ergonomic}
     bool UseLargePagesIndividualAllocation        = false                                  {pd product} {ergonomic}
     bool UseParallelGC                            = true                                      {product} {command line}

Logging:
Log output configuration:
 #0: stdout all=off uptime,level,tags foldmultilines=false
 #1: stderr all=off uptime,level,tags foldmultilines=false

Release file:
JAVA_VERSION="21.0.12.1" 
MODULES="java.base java.compiler java.datatransfer java.xml java.prefs java.desktop java.instrument java.logging java.management java.security.sasl java.naming java.rmi java.management.rmi java.net.http java.scripting java.security.jgss java.transaction.xa java.sql java.sql.rowset java.xml.crypto java.se java.smartcardio jdk.accessibility jdk.internal.jvmstat jdk.attach jdk.charsets jdk.internal.opt jdk.zipfs jdk.compiler jdk.crypto.ec jdk.crypto.cryptoki jdk.crypto.mscapi jdk.dynalink jdk.internal.ed jdk.editpad jdk.hotspot.agent jdk.httpserver jdk.internal.le jdk.internal.vm.ci jdk.internal.vm.compiler jdk.internal.vm.compiler.management jdk.jartool jdk.javadoc jdk.jcmd jdk.management jdk.management.agent jdk.jconsole jdk.jdeps jdk.jdwp.agent jdk.jdi jdk.jfr jdk.jshell jdk.jsobject jdk.jstatd jdk.localedata jdk.management.jfr jdk.naming.dns jdk.naming.rmi jdk.net jdk.nio.mapmode jdk.random jdk.sctp jdk.security.auth jdk.security.jgss jdk.unsupported jdk.unsupported.desktop jdk.xml.dom" 

Environment Variables:
JAVA_HOME=C:\Program Files (x86)\Java\jdk-21.0.2
PATH=C:\Python312\Scripts\;C:\Python312\;C:\Program Files\Common Files\Oracle\Java\javapath;C:\Program Files (x86)\Common Files\Oracle\Java\java8path;C:\Program Files (x86)\VMware\VMware Player\bin\;C:\WINDOWS\system32;C:\WINDOWS;C:\WINDOWS\System32\Wbem;C:\WINDOWS\System32\WindowsPowerShell\v1.0\;C:\WINDOWS\System32\OpenSSH\;C:\Program Files (x86)\Bitvise SSH Client;C:\Program Files\PuTTY\;C:\Kubernetes;C:\programacion\apache-maven-3.8.3\bin;C:\programacion\apache-ant-1.10.11-bin\apache-ant-1.10.11\bin;C:\Program Files (x86)\dotnet\;C:\Program Files\dotnet\;C:\Program Files\OpenVPN\bin;C:\programacion\gradle\bin;C:\programacion\kubectl;C:\Program Files\MySQL\MySQL Server 8.0\bin;C:\programacion\helm\windows-amd64;C:\Program Files\Java\jdk-17.0.2\bin;C:\Program Files\nodejs\;C:\ProgramData\chocolatey\bin;C:\Program Files\AutoFirma\AutoFirma;C:\programacion\Artemis\apache-artemis-2.32.0\bin;C:\Program Files\PostgreSQL\16\bin;C:\tools\gsudo\Current;C:\Program Files\Docker\Docker\resources\bin;C:\texlive\2026\bin\windows;C:\programacion\node\node_modules\npm\bin;C:\Users\isabo\.jbang\bin;C:\Program Files\Ruby31-x64\bin;C:\Users\isabo\AppData\Local\Microsoft\WindowsApps;C:\Users\isabo\AppData\Local\Programs\Git\cmd;C:\Users\isabo\AppData\Local\Programs\Microsoft VS Code\bin;C:\Users\isabo\AppData\Local\Microsoft\WinGet\Packages\cURL.cURL_Microsoft.Winget.Source_8wekyb3d8bbwe\curl-8.4.0_3-win64-mingw\bin;C:\Users\isabo\AppData\Roaming\npm;C:\texlive\2026\bin\windows
USERNAME=isabo
OS=Windows_NT
PROCESSOR_IDENTIFIER=Intel64 Family 6 Model 126 Stepping 5, GenuineIntel
TMP=C:\Users\isabo\AppData\Local\Temp
TEMP=C:\Users\isabo\AppData\Local\Temp




Periodic native trim disabled

---------------  S Y S T E M  ---------------

OS:
 Windows 11 , 64 bit Build 26100 (10.0.26100.9444)
OS uptime: 5 days 5:13 hours
Hyper-V role detected

CPU: total 8 (initial active 8) (4 cores per cpu, 2 threads per core) family 6 model 126 stepping 5 microcode 0x86, cx8, cmov, fxsr, ht, mmx, 3dnowpref, sse, sse2, sse3, ssse3, sse4.1, sse4.2, popcnt, lzcnt, tsc, tscinvbit, avx, avx2, aes, erms, clmul, bmi1, bmi2, adx, avx512f, avx512dq, avx512cd, avx512bw, avx512vl, sha, fma, vzeroupper, avx512_vpopcntdq, avx512_vpclmulqdq, avx512_vaes, avx512_vnni, clflush, clflushopt, avx512_vbmi2, avx512_vbmi, hv, rdtscp, rdpid, fsrm, gfni, avx512_bitalg, f16c, avx512_ifma
Processor Information for the first 8 processors :
  Max Mhz: 1190, Current Mhz: 991, Mhz Limit: 987

Memory: 4k page, system-wide physical 7948M (184M free)
TotalPageFile size 32524M (AvailPageFile size 89M)
current process WorkingSet (physical memory assigned to process): 205M, peak: 207M
current process commit charge ("private bytes"): 391M, peak: 393M

vm_info: OpenJDK 64-Bit Server VM (21.0.12.1+1-LTS) for windows-amd64 JRE (21.0.12.1+1-LTS), built on 2026-08-18T00:00:00Z by "admin" with MS VC++ 17.12 (VS2022)

END.
