#
# There is insufficient memory for the Java Runtime Environment to continue.
# Native memory allocation (malloc) failed to allocate 1433136 bytes. Error detail: Chunk::new
# Possible reasons:
#   The system is out of physical RAM or swap space
#   This process is running with CompressedOops enabled, and the Java Heap may be blocking the growth of the native heap
# Possible solutions:
#   Reduce memory load on the system
#   Increase physical memory or swap space
#   Check if swap backing store is full
#   Decrease Java heap size (-Xmx/-Xms)
#   Decrease number of Java threads
#   Decrease Java thread stack sizes (-Xss)
#   Set larger code cache with -XX:ReservedCodeCacheSize=
#   JVM is running with Unscaled Compressed Oops mode in which the Java heap is
#     placed in the first 4GB address space. The Java Heap base address is the
#     maximum limit for the native heap growth. Please use -XX:HeapBaseMinAddress
#     to set the Java Heap base and to place the Java Heap above 4GB virtual address.
# This output file may be truncated or incomplete.
#
#  Out of Memory Error (arena.cpp:168), pid=74724, tid=74180
#
# JRE version: OpenJDK Runtime Environment Temurin-21.0.12.1+1 (21.0.12.1+1) (build 21.0.12.1+1-LTS)
# Java VM: OpenJDK 64-Bit Server VM Temurin-21.0.12.1+1 (21.0.12.1+1-LTS, mixed mode, sharing, tiered, compressed oops, compressed class ptrs, g1 gc, windows-amd64)
# No core dump will be written. Minidumps are not enabled by default on client versions of Windows
#

---------------  S U M M A R Y ------------

Command Line: --add-opens=java.base/java.lang=ALL-UNNAMED --add-opens=java.base/java.lang.invoke=ALL-UNNAMED --add-opens=java.base/java.util=ALL-UNNAMED --add-opens=java.prefs/java.util.prefs=ALL-UNNAMED --add-exports=jdk.compiler/com.sun.tools.javac.api=ALL-UNNAMED --add-exports=jdk.compiler/com.sun.tools.javac.util=ALL-UNNAMED --add-opens=java.base/java.nio.charset=ALL-UNNAMED --add-opens=java.base/java.net=ALL-UNNAMED --add-opens=java.base/java.util.concurrent=ALL-UNNAMED --add-opens=java.base/java.util.concurrent.atomic=ALL-UNNAMED --add-opens=java.xml/javax.xml.namespace=ALL-UNNAMED --add-opens=java.base/java.time=ALL-UNNAMED -XX:MaxMetaspaceSize=384m -XX:+HeapDumpOnOutOfMemoryError -Xms256m -Xmx512m -Dfile.encoding=UTF-8 -Duser.country=ES -Duser.language=es -Duser.variant -javaagent:C:\Users\isabo\.gradle\wrapper\dists\gradle-9.5.1-bin\iq79hdu3mqx29lgffhp8bfmx\gradle-9.5.1\lib\agents\gradle-instrumentation-agent-9.5.1.jar org.gradle.launcher.daemon.bootstrap.GradleDaemon 9.5.1

Host: Intel(R) Core(TM) i5-1035G1 CPU @ 1.00GHz, 8 cores, 7G,  Windows 11 , 64 bit Build 26100 (10.0.26100.9444)
Time: Tue Sep 15 12:19:04 2026 Hora de verano romance elapsed time: 217.077156 seconds (0d 0h 3m 37s)

---------------  T H R E A D  ---------------

Current thread (0x00000146b60077d0):  JavaThread "C2 CompilerThread0" daemon [_thread_in_native, id=74180, stack(0x0000001827300000,0x0000001827400000) (1024K)]


Current CompileTask:
C2:217077 8505       4       org.gradle.internal.instantiation.generator.AbstractClassGenerator::inspectType (602 bytes)

Stack: [0x0000001827300000,0x0000001827400000]
Native frames: (J=compiled Java code, j=interpreted, Vv=VM code, C=native code)
V  [jvm.dll+0x6d83e9]
V  [jvm.dll+0x8b5736]
V  [jvm.dll+0x8b7cee]
V  [jvm.dll+0x8b83d3]
V  [jvm.dll+0x284596]
V  [jvm.dll+0xc685d]
V  [jvm.dll+0xc6da1]
V  [jvm.dll+0x3bf151]
V  [jvm.dll+0x1e3f42]
V  [jvm.dll+0x24c853]
V  [jvm.dll+0x24bce0]
V  [jvm.dll+0x1cb4ae]
V  [jvm.dll+0x25baad]
V  [jvm.dll+0x25a03a]
V  [jvm.dll+0x3f8aae]
V  [jvm.dll+0x8600cd]
V  [jvm.dll+0x6d6c1d]
C  [ucrtbase.dll+0x2cd30]
C  [KERNEL32.DLL+0x2cd87]
C  [ntdll.dll+0xacaec]


---------------  P R O C E S S  ---------------

Threads class SMR info:
_java_thread_list=0x00000146b8f56ab0, length=50, elements={
0x00000146872741a0, 0x000001469cc2afa0, 0x000001469cc2c720, 0x000001469cc2e5b0,
0x00000146b6004490, 0x00000146b6005300, 0x00000146b6006d70, 0x00000146b60077d0,
0x00000146b600cf40, 0x00000146b61e9fe0, 0x00000146b62d38b0, 0x00000146b7e030c0,
0x00000146b7f9c840, 0x00000146b66512c0, 0x00000146b664f6b0, 0x00000146b6f0ce40,
0x00000146b6f0c7b0, 0x00000146b6f0ad70, 0x00000146b6f0a6e0, 0x00000146b6f0b400,
0x00000146b9a7bdd0, 0x00000146b9a7a390, 0x00000146b9a7c460, 0x00000146b96f91c0,
0x00000146b96f6a60, 0x00000146b96f9850, 0x00000146b96f8b30, 0x00000146b96f84a0,
0x00000146b96fbfb0, 0x00000146b96fd9f0, 0x00000146b96f9ee0, 0x00000146b96f70f0,
0x00000146b96fac00, 0x00000146b96f7780, 0x00000146b96fb290, 0x00000146b96fccd0,
0x00000146b96fc640, 0x00000146b96fb920, 0x00000146b9a7aa20, 0x00000146b9a7b740,
0x00000146b9a7b0b0, 0x00000146b9a7caf0, 0x00000146b9a7d180, 0x00000146b6f0db60,
0x00000146b6f0ba90, 0x00000146b6f0d4d0, 0x00000146bb61d610, 0x00000146bb61f050,
0x00000146bb61cf80, 0x00000146bb61e9c0
}

Java Threads: ( => current thread )
  0x00000146872741a0 JavaThread "main"                              [_thread_blocked, id=77612, stack(0x0000001826500000,0x0000001826600000) (1024K)]
  0x000001469cc2afa0 JavaThread "Reference Handler"          daemon [_thread_blocked, id=80800, stack(0x0000001826d00000,0x0000001826e00000) (1024K)]
  0x000001469cc2c720 JavaThread "Finalizer"                  daemon [_thread_blocked, id=80608, stack(0x0000001826e00000,0x0000001826f00000) (1024K)]
  0x000001469cc2e5b0 JavaThread "Signal Dispatcher"          daemon [_thread_blocked, id=72168, stack(0x0000001826f00000,0x0000001827000000) (1024K)]
  0x00000146b6004490 JavaThread "Attach Listener"            daemon [_thread_blocked, id=72720, stack(0x0000001827000000,0x0000001827100000) (1024K)]
  0x00000146b6005300 JavaThread "Service Thread"             daemon [_thread_blocked, id=77928, stack(0x0000001827100000,0x0000001827200000) (1024K)]
  0x00000146b6006d70 JavaThread "Monitor Deflation Thread"   daemon [_thread_blocked, id=80460, stack(0x0000001827200000,0x0000001827300000) (1024K)]
=>0x00000146b60077d0 JavaThread "C2 CompilerThread0"         daemon [_thread_in_native, id=74180, stack(0x0000001827300000,0x0000001827400000) (1024K)]
  0x00000146b600cf40 JavaThread "C1 CompilerThread0"         daemon [_thread_blocked, id=72032, stack(0x0000001827400000,0x0000001827500000) (1024K)]
  0x00000146b61e9fe0 JavaThread "Common-Cleaner"             daemon [_thread_blocked, id=71552, stack(0x0000001827500000,0x0000001827600000) (1024K)]
  0x00000146b62d38b0 JavaThread "Notification Thread"        daemon [_thread_blocked, id=71172, stack(0x0000001827600000,0x0000001827700000) (1024K)]
  0x00000146b7e030c0 JavaThread "Daemon health stats"               [_thread_blocked, id=74252, stack(0x0000001827c00000,0x0000001827d00000) (1024K)]
  0x00000146b7f9c840 JavaThread "Incoming local TCP Connector on port 36336"        [_thread_in_native, id=70580, stack(0x0000001827d00000,0x0000001827e00000) (1024K)]
  0x00000146b66512c0 JavaThread "Daemon periodic checks"            [_thread_blocked, id=78648, stack(0x0000001827e00000,0x0000001827f00000) (1024K)]
  0x00000146b664f6b0 JavaThread "Daemon"                            [_thread_blocked, id=64892, stack(0x0000001827f00000,0x0000001828000000) (1024K)]
  0x00000146b6f0ce40 JavaThread "Daemon worker"                     [_thread_in_vm, id=75348, stack(0x0000001828200000,0x0000001828300000) (1024K)]
  0x00000146b6f0c7b0 JavaThread "Cache worker for journal cache (C:\Users\isabo\.gradle\caches\journal-1)"        [_thread_blocked, id=79580, stack(0x0000001828600000,0x0000001828700000) (1024K)]
  0x00000146b6f0ad70 JavaThread "File lock request listener"        [_thread_in_native, id=80384, stack(0x0000001828700000,0x0000001828800000) (1024K)]
  0x00000146b6f0a6e0 JavaThread "File lock release action executor"        [_thread_blocked, id=29848, stack(0x0000001828800000,0x0000001828900000) (1024K)]
  0x00000146b6f0b400 JavaThread "Cache worker for file hash cache (C:\Users\isabo\.gradle\caches\9.5.1\fileHashes)"        [_thread_blocked, id=76804, stack(0x0000001828900000,0x0000001828a00000) (1024K)]
  0x00000146b9a7bdd0 JavaThread "File watcher server"        daemon [_thread_in_native, id=71500, stack(0x0000001828f00000,0x0000001829000000) (1024K)]
  0x00000146b9a7a390 JavaThread "File watcher consumer"      daemon [_thread_blocked, id=79964, stack(0x0000001829000000,0x0000001829100000) (1024K)]
  0x00000146b9a7c460 JavaThread "Cache worker for file content cache (C:\Users\isabo\.gradle\caches\9.5.1\fileContent)"        [_thread_blocked, id=79880, stack(0x0000001829100000,0x0000001829200000) (1024K)]
  0x00000146b96f91c0 JavaThread "jar transforms"                    [_thread_blocked, id=80120, stack(0x0000001826400000,0x0000001826500000) (1024K)]
  0x00000146b96f6a60 JavaThread "jar transforms Thread 2"           [_thread_blocked, id=80480, stack(0x0000001829300000,0x0000001829400000) (1024K)]
  0x00000146b96f9850 JavaThread "jar transforms Thread 3"           [_thread_blocked, id=81580, stack(0x0000001829400000,0x0000001829500000) (1024K)]
  0x00000146b96f8b30 JavaThread "jar transforms Thread 4"           [_thread_blocked, id=81748, stack(0x0000001829500000,0x0000001829600000) (1024K)]
  0x00000146b96f84a0 JavaThread "jar transforms Thread 5"           [_thread_blocked, id=81480, stack(0x0000001829600000,0x0000001829700000) (1024K)]
  0x00000146b96fbfb0 JavaThread "Memory manager"                    [_thread_blocked, id=81304, stack(0x0000001829f00000,0x000000182a000000) (1024K)]
  0x00000146b96fd9f0 JavaThread "jar transforms Thread 6"           [_thread_blocked, id=80884, stack(0x000000182a000000,0x000000182a100000) (1024K)]
  0x00000146b96f9ee0 JavaThread "VFS cleanup"                       [_thread_blocked, id=79644, stack(0x0000001826200000,0x0000001826300000) (1024K)]
  0x00000146b96f70f0 JavaThread "Handler for socket connection from /127.0.0.1:36336 to /127.0.0.1:6132"        [_thread_in_native, id=80068, stack(0x0000001826300000,0x0000001826400000) (1024K)]
  0x00000146b96fac00 JavaThread "Cancel handler"                    [_thread_blocked, id=66880, stack(0x0000001828000000,0x0000001828100000) (1024K)]
  0x00000146b96f7780 JavaThread "Asynchronous log dispatcher for DefaultDaemonConnection: socket connection from /127.0.0.1:36336 to /127.0.0.1:6132"        [_thread_blocked, id=81672, stack(0x0000001828100000,0x0000001828200000) (1024K)]
  0x00000146b96fb290 JavaThread "Stdin handler"                     [_thread_blocked, id=78856, stack(0x0000001828300000,0x0000001828400000) (1024K)]
  0x00000146b96fccd0 JavaThread "Daemon client event forwarder"        [_thread_blocked, id=79812, stack(0x0000001828400000,0x0000001828500000) (1024K)]
  0x00000146b96fc640 JavaThread "Cache worker for file hash cache (C:\Users\isabo\git\IntegralSkin\TaskPerformer\task-performer\.gradle\9.5.1\fileHashes)"        [_thread_blocked, id=76888, stack(0x0000001828500000,0x0000001828600000) (1024K)]
  0x00000146b96fb920 JavaThread "Cache worker for Build Output Cleanup Cache (C:\Users\isabo\git\IntegralSkin\TaskPerformer\task-performer\.gradle\buildOutputCleanup)"        [_thread_blocked, id=81448, stack(0x0000001828d00000,0x0000001828e00000) (1024K)]
  0x00000146b9a7aa20 JavaThread "Cache worker for checksums cache (C:\Users\isabo\git\IntegralSkin\TaskPerformer\task-performer\.gradle\9.5.1\checksums)"        [_thread_blocked, id=79944, stack(0x0000001828e00000,0x0000001828f00000) (1024K)]
  0x00000146b9a7b740 JavaThread "Cache worker for cache directory md-supplier (C:\Users\isabo\.gradle\caches\9.5.1\md-supplier)"        [_thread_blocked, id=81196, stack(0x0000001829200000,0x0000001829300000) (1024K)]
  0x00000146b9a7b0b0 JavaThread "Cache worker for cache directory md-rule (C:\Users\isabo\.gradle\caches\9.5.1\md-rule)"        [_thread_blocked, id=23976, stack(0x0000001829700000,0x0000001829800000) (1024K)]
  0x00000146b9a7caf0 JavaThread "Build operations"                  [_thread_blocked, id=60184, stack(0x0000001829800000,0x0000001829900000) (1024K)]
  0x00000146b9a7d180 JavaThread "Build operations Thread 2"         [_thread_blocked, id=80112, stack(0x0000001829900000,0x0000001829a00000) (1024K)]
  0x00000146b6f0db60 JavaThread "Build operations Thread 3"         [_thread_blocked, id=79348, stack(0x0000001829a00000,0x0000001829b00000) (1024K)]
  0x00000146b6f0ba90 JavaThread "Build operations Thread 4"         [_thread_blocked, id=81680, stack(0x0000001829b00000,0x0000001829c00000) (1024K)]
  0x00000146b6f0d4d0 JavaThread "Build operations Thread 5"         [_thread_blocked, id=80180, stack(0x0000001829c00000,0x0000001829d00000) (1024K)]
  0x00000146bb61d610 JavaThread "Build operations Thread 6"         [_thread_blocked, id=73212, stack(0x0000001829d00000,0x0000001829e00000) (1024K)]
  0x00000146bb61f050 JavaThread "Build operations Thread 7"         [_thread_blocked, id=81804, stack(0x0000001829e00000,0x0000001829f00000) (1024K)]
  0x00000146bb61cf80 JavaThread "Build operations Thread 8"         [_thread_blocked, id=80028, stack(0x000000182a100000,0x000000182a200000) (1024K)]
  0x00000146bb61e9c0 JavaThread "Problems report writer"            [_thread_blocked, id=77540, stack(0x000000182a200000,0x000000182a300000) (1024K)]
Total: 50

Other Threads:
  0x000001469cc07520 VMThread "VM Thread"                           [id=76792, stack(0x0000001826c00000,0x0000001826d00000) (1024K)]
  0x000001469cbf95f0 WatcherThread "VM Periodic Task Thread"        [id=79712, stack(0x0000001826b00000,0x0000001826c00000) (1024K)]
  0x000001468729daa0 WorkerThread "GC Thread#0"                     [id=70956, stack(0x0000001826600000,0x0000001826700000) (1024K)]
  0x00000146b6bfe000 WorkerThread "GC Thread#1"                     [id=75384, stack(0x0000001827700000,0x0000001827800000) (1024K)]
  0x00000146b6bfe3b0 WorkerThread "GC Thread#2"                     [id=75576, stack(0x0000001827800000,0x0000001827900000) (1024K)]
  0x00000146b6bfe760 WorkerThread "GC Thread#3"                     [id=79164, stack(0x0000001827900000,0x0000001827a00000) (1024K)]
  0x00000146b6bfeb10 WorkerThread "GC Thread#4"                     [id=75120, stack(0x0000001827a00000,0x0000001827b00000) (1024K)]
  0x00000146b6ec0510 WorkerThread "GC Thread#5"                     [id=80588, stack(0x0000001827b00000,0x0000001827c00000) (1024K)]
  0x00000146b6f156b0 WorkerThread "GC Thread#6"                     [id=80548, stack(0x0000001828a00000,0x0000001828b00000) (1024K)]
  0x00000146b6f15a60 WorkerThread "GC Thread#7"                     [id=77236, stack(0x0000001828b00000,0x0000001828c00000) (1024K)]
  0x00000146872a39b0 ConcurrentGCThread "G1 Main Marker"            [id=67412, stack(0x0000001826700000,0x0000001826800000) (1024K)]
  0x00000146872a5250 WorkerThread "G1 Conc#0"                       [id=80212, stack(0x0000001826800000,0x0000001826900000) (1024K)]
  0x00000146b973f5c0 WorkerThread "G1 Conc#1"                       [id=79596, stack(0x0000001828c00000,0x0000001828d00000) (1024K)]
  0x000001469cac7200 ConcurrentGCThread "G1 Refine#0"               [id=75296, stack(0x0000001826900000,0x0000001826a00000) (1024K)]
  0x000001469cac7b90 ConcurrentGCThread "G1 Service"                [id=76904, stack(0x0000001826a00000,0x0000001826b00000) (1024K)]
Total: 15

Threads with active compile tasks:
C2 CompilerThread0  217209 8505       4       org.gradle.internal.instantiation.generator.AbstractClassGenerator::inspectType (602 bytes)
Total: 1

VM state: not at safepoint (normal execution)

VM Mutex/Monitor currently owned by a thread: None

Heap address: 0x00000000e0000000, size: 512 MB, Compressed Oops mode: 32-bit

CDS archive(s) mapped at: [0x000001469d000000-0x000001469dba0000-0x000001469dba0000), size 12189696, SharedBaseAddress: 0x000001469d000000, ArchiveRelocationMode: 1.
Compressed class space mapped at: 0x000001469e000000-0x00000146b2000000, reserved size: 335544320
Narrow klass base: 0x000001469d000000, Narrow klass shift: 0, Narrow klass range: 0x100000000

GC Precious Log:
 CardTable entry size: 512
 Card Set container configuration: InlinePtr #cards 5 size 8 Array Of Cards #cards 12 size 40 Howl #buckets 4 coarsen threshold 1843 Howl Bitmap #cards 512 size 80 coarsen threshold 460 Card regions per heap region 1 cards per card region 2048
 CPUs: 8 total, 8 available
 Memory: 7948M
 Large Page Support: Disabled
 NUMA Support: Disabled
 Compressed Oops: Enabled (32-bit)
 Heap Region Size: 1M
 Heap Min Capacity: 256M
 Heap Initial Capacity: 256M
 Heap Max Capacity: 512M
 Pre-touch: Disabled
 Parallel Workers: 8
 Concurrent Workers: 2
 Concurrent Refinement Workers: 8
 Periodic GC: Disabled

Heap:
 garbage-first heap   total 262144K, used 166613K [0x00000000e0000000, 0x0000000100000000)
  region size 1024K, 141 young (144384K), 17 survivors (17408K)
 Metaspace       used 58498K, committed 60736K, reserved 393216K
  class space    used 8655K, committed 9728K, reserved 327680K

Heap Regions: E=young(eden), S=young(survivor), O=old, HS=humongous(starts), HC=humongous(continues), CS=collection set, F=free, TAMS=top-at-mark-start, PB=parsable bottom
|   0|0x00000000e0000000, 0x00000000e0100000, 0x00000000e0100000|100%|HS|  |TAMS 0x00000000e0000000| PB 0x00000000e0000000| Complete 
|   1|0x00000000e0100000, 0x00000000e0200000, 0x00000000e0200000|100%|HC|  |TAMS 0x00000000e0100000| PB 0x00000000e0100000| Complete 
|   2|0x00000000e0200000, 0x00000000e0300000, 0x00000000e0300000|100%|HC|  |TAMS 0x00000000e0200000| PB 0x00000000e0200000| Complete 
|   3|0x00000000e0300000, 0x00000000e0400000, 0x00000000e0400000|100%|HC|  |TAMS 0x00000000e0300000| PB 0x00000000e0300000| Complete 
|   4|0x00000000e0400000, 0x00000000e0500000, 0x00000000e0500000|100%| O|  |TAMS 0x00000000e0400000| PB 0x00000000e0400000| Untracked 
|   5|0x00000000e0500000, 0x00000000e0600000, 0x00000000e0600000|100%| O|  |TAMS 0x00000000e0500000| PB 0x00000000e0500000| Untracked 
|   6|0x00000000e0600000, 0x00000000e0700000, 0x00000000e0700000|100%| O|  |TAMS 0x00000000e0600000| PB 0x00000000e0600000| Untracked 
|   7|0x00000000e0700000, 0x00000000e0800000, 0x00000000e0800000|100%|HS|  |TAMS 0x00000000e0700000| PB 0x00000000e0700000| Complete 
|   8|0x00000000e0800000, 0x00000000e0900000, 0x00000000e0900000|100%|HS|  |TAMS 0x00000000e0800000| PB 0x00000000e0800000| Complete 
|   9|0x00000000e0900000, 0x00000000e0a00000, 0x00000000e0a00000|100%| O|  |TAMS 0x00000000e0900000| PB 0x00000000e0900000| Untracked 
|  10|0x00000000e0a00000, 0x00000000e0b00000, 0x00000000e0b00000|100%| O|  |TAMS 0x00000000e0a00000| PB 0x00000000e0a00000| Untracked 
|  11|0x00000000e0b00000, 0x00000000e0c00000, 0x00000000e0c00000|100%| O|  |TAMS 0x00000000e0b00000| PB 0x00000000e0b00000| Untracked 
|  12|0x00000000e0c00000, 0x00000000e0d00000, 0x00000000e0d00000|100%| O|  |TAMS 0x00000000e0c00000| PB 0x00000000e0c00000| Untracked 
|  13|0x00000000e0d00000, 0x00000000e0e00000, 0x00000000e0e00000|100%| O|  |TAMS 0x00000000e0d00000| PB 0x00000000e0d00000| Untracked 
|  14|0x00000000e0e00000, 0x00000000e0f00000, 0x00000000e0f00000|100%| O|  |TAMS 0x00000000e0e00000| PB 0x00000000e0e00000| Untracked 
|  15|0x00000000e0f00000, 0x00000000e1000000, 0x00000000e1000000|100%| O|  |TAMS 0x00000000e0f00000| PB 0x00000000e0f00000| Untracked 
|  16|0x00000000e1000000, 0x00000000e1100000, 0x00000000e1100000|100%| O|  |TAMS 0x00000000e1000000| PB 0x00000000e1000000| Untracked 
|  17|0x00000000e1100000, 0x00000000e1200000, 0x00000000e1200000|100%| O|  |TAMS 0x00000000e1100000| PB 0x00000000e1100000| Untracked 
|  18|0x00000000e1200000, 0x00000000e1300000, 0x00000000e1300000|100%| O|  |TAMS 0x00000000e1200000| PB 0x00000000e1200000| Untracked 
|  19|0x00000000e1300000, 0x00000000e1400000, 0x00000000e1400000|100%| O|  |TAMS 0x00000000e1300000| PB 0x00000000e1300000| Untracked 
|  20|0x00000000e1400000, 0x00000000e1500000, 0x00000000e1500000|100%| O|  |TAMS 0x00000000e1400000| PB 0x00000000e1400000| Untracked 
|  21|0x00000000e1500000, 0x00000000e1600000, 0x00000000e1600000|100%| O|Cm|TAMS 0x00000000e1500000| PB 0x00000000e1500000| Complete 
|  22|0x00000000e1600000, 0x00000000e16f8fa8, 0x00000000e1700000| 97%| O|  |TAMS 0x00000000e1600000| PB 0x00000000e1600000| Untracked 
|  23|0x00000000e1700000, 0x00000000e1800000, 0x00000000e1800000|100%|HS|  |TAMS 0x00000000e1700000| PB 0x00000000e1700000| Complete 
|  24|0x00000000e1800000, 0x00000000e1800000, 0x00000000e1900000|  0%| F|  |TAMS 0x00000000e1800000| PB 0x00000000e1800000| Untracked 
|  25|0x00000000e1900000, 0x00000000e1900000, 0x00000000e1a00000|  0%| F|  |TAMS 0x00000000e1900000| PB 0x00000000e1900000| Untracked 
|  26|0x00000000e1a00000, 0x00000000e1a00000, 0x00000000e1b00000|  0%| F|  |TAMS 0x00000000e1a00000| PB 0x00000000e1a00000| Untracked 
|  27|0x00000000e1b00000, 0x00000000e1b00000, 0x00000000e1c00000|  0%| F|  |TAMS 0x00000000e1b00000| PB 0x00000000e1b00000| Untracked 
|  28|0x00000000e1c00000, 0x00000000e1c00000, 0x00000000e1d00000|  0%| F|  |TAMS 0x00000000e1c00000| PB 0x00000000e1c00000| Untracked 
|  29|0x00000000e1d00000, 0x00000000e1d00000, 0x00000000e1e00000|  0%| F|  |TAMS 0x00000000e1d00000| PB 0x00000000e1d00000| Untracked 
|  30|0x00000000e1e00000, 0x00000000e1e00000, 0x00000000e1f00000|  0%| F|  |TAMS 0x00000000e1e00000| PB 0x00000000e1e00000| Untracked 
|  31|0x00000000e1f00000, 0x00000000e1f00000, 0x00000000e2000000|  0%| F|  |TAMS 0x00000000e1f00000| PB 0x00000000e1f00000| Untracked 
|  32|0x00000000e2000000, 0x00000000e2000000, 0x00000000e2100000|  0%| F|  |TAMS 0x00000000e2000000| PB 0x00000000e2000000| Untracked 
|  33|0x00000000e2100000, 0x00000000e2100000, 0x00000000e2200000|  0%| F|  |TAMS 0x00000000e2100000| PB 0x00000000e2100000| Untracked 
|  34|0x00000000e2200000, 0x00000000e2200000, 0x00000000e2300000|  0%| F|  |TAMS 0x00000000e2200000| PB 0x00000000e2200000| Untracked 
|  35|0x00000000e2300000, 0x00000000e2300000, 0x00000000e2400000|  0%| F|  |TAMS 0x00000000e2300000| PB 0x00000000e2300000| Untracked 
|  36|0x00000000e2400000, 0x00000000e2400000, 0x00000000e2500000|  0%| F|  |TAMS 0x00000000e2400000| PB 0x00000000e2400000| Untracked 
|  37|0x00000000e2500000, 0x00000000e2500000, 0x00000000e2600000|  0%| F|  |TAMS 0x00000000e2500000| PB 0x00000000e2500000| Untracked 
|  38|0x00000000e2600000, 0x00000000e2600000, 0x00000000e2700000|  0%| F|  |TAMS 0x00000000e2600000| PB 0x00000000e2600000| Untracked 
|  39|0x00000000e2700000, 0x00000000e2700000, 0x00000000e2800000|  0%| F|  |TAMS 0x00000000e2700000| PB 0x00000000e2700000| Untracked 
|  40|0x00000000e2800000, 0x00000000e2800000, 0x00000000e2900000|  0%| F|  |TAMS 0x00000000e2800000| PB 0x00000000e2800000| Untracked 
|  41|0x00000000e2900000, 0x00000000e2900000, 0x00000000e2a00000|  0%| F|  |TAMS 0x00000000e2900000| PB 0x00000000e2900000| Untracked 
|  42|0x00000000e2a00000, 0x00000000e2a00000, 0x00000000e2b00000|  0%| F|  |TAMS 0x00000000e2a00000| PB 0x00000000e2a00000| Untracked 
|  43|0x00000000e2b00000, 0x00000000e2b00000, 0x00000000e2c00000|  0%| F|  |TAMS 0x00000000e2b00000| PB 0x00000000e2b00000| Untracked 
|  44|0x00000000e2c00000, 0x00000000e2c00000, 0x00000000e2d00000|  0%| F|  |TAMS 0x00000000e2c00000| PB 0x00000000e2c00000| Untracked 
|  45|0x00000000e2d00000, 0x00000000e2d00000, 0x00000000e2e00000|  0%| F|  |TAMS 0x00000000e2d00000| PB 0x00000000e2d00000| Untracked 
|  46|0x00000000e2e00000, 0x00000000e2e00000, 0x00000000e2f00000|  0%| F|  |TAMS 0x00000000e2e00000| PB 0x00000000e2e00000| Untracked 
|  47|0x00000000e2f00000, 0x00000000e2f00000, 0x00000000e3000000|  0%| F|  |TAMS 0x00000000e2f00000| PB 0x00000000e2f00000| Untracked 
|  48|0x00000000e3000000, 0x00000000e3000000, 0x00000000e3100000|  0%| F|  |TAMS 0x00000000e3000000| PB 0x00000000e3000000| Untracked 
|  49|0x00000000e3100000, 0x00000000e3100000, 0x00000000e3200000|  0%| F|  |TAMS 0x00000000e3100000| PB 0x00000000e3100000| Untracked 
|  50|0x00000000e3200000, 0x00000000e3200000, 0x00000000e3300000|  0%| F|  |TAMS 0x00000000e3200000| PB 0x00000000e3200000| Untracked 
|  51|0x00000000e3300000, 0x00000000e3300000, 0x00000000e3400000|  0%| F|  |TAMS 0x00000000e3300000| PB 0x00000000e3300000| Untracked 
|  52|0x00000000e3400000, 0x00000000e3400000, 0x00000000e3500000|  0%| F|  |TAMS 0x00000000e3400000| PB 0x00000000e3400000| Untracked 
|  53|0x00000000e3500000, 0x00000000e3500000, 0x00000000e3600000|  0%| F|  |TAMS 0x00000000e3500000| PB 0x00000000e3500000| Untracked 
|  54|0x00000000e3600000, 0x00000000e3600000, 0x00000000e3700000|  0%| F|  |TAMS 0x00000000e3600000| PB 0x00000000e3600000| Untracked 
|  55|0x00000000e3700000, 0x00000000e3700000, 0x00000000e3800000|  0%| F|  |TAMS 0x00000000e3700000| PB 0x00000000e3700000| Untracked 
|  56|0x00000000e3800000, 0x00000000e3800000, 0x00000000e3900000|  0%| F|  |TAMS 0x00000000e3800000| PB 0x00000000e3800000| Untracked 
|  57|0x00000000e3900000, 0x00000000e3900000, 0x00000000e3a00000|  0%| F|  |TAMS 0x00000000e3900000| PB 0x00000000e3900000| Untracked 
|  58|0x00000000e3a00000, 0x00000000e3a00000, 0x00000000e3b00000|  0%| F|  |TAMS 0x00000000e3a00000| PB 0x00000000e3a00000| Untracked 
|  59|0x00000000e3b00000, 0x00000000e3b00000, 0x00000000e3c00000|  0%| F|  |TAMS 0x00000000e3b00000| PB 0x00000000e3b00000| Untracked 
|  60|0x00000000e3c00000, 0x00000000e3c00000, 0x00000000e3d00000|  0%| F|  |TAMS 0x00000000e3c00000| PB 0x00000000e3c00000| Untracked 
|  61|0x00000000e3d00000, 0x00000000e3d00000, 0x00000000e3e00000|  0%| F|  |TAMS 0x00000000e3d00000| PB 0x00000000e3d00000| Untracked 
|  62|0x00000000e3e00000, 0x00000000e3e00000, 0x00000000e3f00000|  0%| F|  |TAMS 0x00000000e3e00000| PB 0x00000000e3e00000| Untracked 
|  63|0x00000000e3f00000, 0x00000000e3f00000, 0x00000000e4000000|  0%| F|  |TAMS 0x00000000e3f00000| PB 0x00000000e3f00000| Untracked 
|  64|0x00000000e4000000, 0x00000000e4000000, 0x00000000e4100000|  0%| F|  |TAMS 0x00000000e4000000| PB 0x00000000e4000000| Untracked 
|  65|0x00000000e4100000, 0x00000000e4100000, 0x00000000e4200000|  0%| F|  |TAMS 0x00000000e4100000| PB 0x00000000e4100000| Untracked 
|  66|0x00000000e4200000, 0x00000000e4200000, 0x00000000e4300000|  0%| F|  |TAMS 0x00000000e4200000| PB 0x00000000e4200000| Untracked 
|  67|0x00000000e4300000, 0x00000000e4300000, 0x00000000e4400000|  0%| F|  |TAMS 0x00000000e4300000| PB 0x00000000e4300000| Untracked 
|  68|0x00000000e4400000, 0x00000000e4400000, 0x00000000e4500000|  0%| F|  |TAMS 0x00000000e4400000| PB 0x00000000e4400000| Untracked 
|  69|0x00000000e4500000, 0x00000000e4500000, 0x00000000e4600000|  0%| F|  |TAMS 0x00000000e4500000| PB 0x00000000e4500000| Untracked 
|  70|0x00000000e4600000, 0x00000000e4600000, 0x00000000e4700000|  0%| F|  |TAMS 0x00000000e4600000| PB 0x00000000e4600000| Untracked 
|  71|0x00000000e4700000, 0x00000000e4700000, 0x00000000e4800000|  0%| F|  |TAMS 0x00000000e4700000| PB 0x00000000e4700000| Untracked 
|  72|0x00000000e4800000, 0x00000000e4800000, 0x00000000e4900000|  0%| F|  |TAMS 0x00000000e4800000| PB 0x00000000e4800000| Untracked 
|  73|0x00000000e4900000, 0x00000000e4900000, 0x00000000e4a00000|  0%| F|  |TAMS 0x00000000e4900000| PB 0x00000000e4900000| Untracked 
|  74|0x00000000e4a00000, 0x00000000e4a00000, 0x00000000e4b00000|  0%| F|  |TAMS 0x00000000e4a00000| PB 0x00000000e4a00000| Untracked 
|  75|0x00000000e4b00000, 0x00000000e4b00000, 0x00000000e4c00000|  0%| F|  |TAMS 0x00000000e4b00000| PB 0x00000000e4b00000| Untracked 
|  76|0x00000000e4c00000, 0x00000000e4c00000, 0x00000000e4d00000|  0%| F|  |TAMS 0x00000000e4c00000| PB 0x00000000e4c00000| Untracked 
|  77|0x00000000e4d00000, 0x00000000e4d00000, 0x00000000e4e00000|  0%| F|  |TAMS 0x00000000e4d00000| PB 0x00000000e4d00000| Untracked 
|  78|0x00000000e4e00000, 0x00000000e4e00000, 0x00000000e4f00000|  0%| F|  |TAMS 0x00000000e4e00000| PB 0x00000000e4e00000| Untracked 
|  79|0x00000000e4f00000, 0x00000000e4f00000, 0x00000000e5000000|  0%| F|  |TAMS 0x00000000e4f00000| PB 0x00000000e4f00000| Untracked 
|  80|0x00000000e5000000, 0x00000000e5000000, 0x00000000e5100000|  0%| F|  |TAMS 0x00000000e5000000| PB 0x00000000e5000000| Untracked 
|  81|0x00000000e5100000, 0x00000000e5100000, 0x00000000e5200000|  0%| F|  |TAMS 0x00000000e5100000| PB 0x00000000e5100000| Untracked 
|  82|0x00000000e5200000, 0x00000000e5200000, 0x00000000e5300000|  0%| F|  |TAMS 0x00000000e5200000| PB 0x00000000e5200000| Untracked 
|  83|0x00000000e5300000, 0x00000000e5300000, 0x00000000e5400000|  0%| F|  |TAMS 0x00000000e5300000| PB 0x00000000e5300000| Untracked 
|  84|0x00000000e5400000, 0x00000000e5400000, 0x00000000e5500000|  0%| F|  |TAMS 0x00000000e5400000| PB 0x00000000e5400000| Untracked 
|  85|0x00000000e5500000, 0x00000000e5500000, 0x00000000e5600000|  0%| F|  |TAMS 0x00000000e5500000| PB 0x00000000e5500000| Untracked 
|  86|0x00000000e5600000, 0x00000000e56bc820, 0x00000000e5700000| 73%| S|CS|TAMS 0x00000000e5600000| PB 0x00000000e5600000| Complete 
|  87|0x00000000e5700000, 0x00000000e5800000, 0x00000000e5800000|100%| S|CS|TAMS 0x00000000e5700000| PB 0x00000000e5700000| Complete 
|  88|0x00000000e5800000, 0x00000000e5900000, 0x00000000e5900000|100%| S|CS|TAMS 0x00000000e5800000| PB 0x00000000e5800000| Complete 
|  89|0x00000000e5900000, 0x00000000e5a00000, 0x00000000e5a00000|100%| S|CS|TAMS 0x00000000e5900000| PB 0x00000000e5900000| Complete 
|  90|0x00000000e5a00000, 0x00000000e5b00000, 0x00000000e5b00000|100%| S|CS|TAMS 0x00000000e5a00000| PB 0x00000000e5a00000| Complete 
|  91|0x00000000e5b00000, 0x00000000e5c00000, 0x00000000e5c00000|100%| S|CS|TAMS 0x00000000e5b00000| PB 0x00000000e5b00000| Complete 
|  92|0x00000000e5c00000, 0x00000000e5d00000, 0x00000000e5d00000|100%| S|CS|TAMS 0x00000000e5c00000| PB 0x00000000e5c00000| Complete 
|  93|0x00000000e5d00000, 0x00000000e5e00000, 0x00000000e5e00000|100%| S|CS|TAMS 0x00000000e5d00000| PB 0x00000000e5d00000| Complete 
|  94|0x00000000e5e00000, 0x00000000e5f00000, 0x00000000e5f00000|100%| S|CS|TAMS 0x00000000e5e00000| PB 0x00000000e5e00000| Complete 
|  95|0x00000000e5f00000, 0x00000000e6000000, 0x00000000e6000000|100%| S|CS|TAMS 0x00000000e5f00000| PB 0x00000000e5f00000| Complete 
|  96|0x00000000e6000000, 0x00000000e6100000, 0x00000000e6100000|100%| S|CS|TAMS 0x00000000e6000000| PB 0x00000000e6000000| Complete 
|  97|0x00000000e6100000, 0x00000000e6200000, 0x00000000e6200000|100%| S|CS|TAMS 0x00000000e6100000| PB 0x00000000e6100000| Complete 
|  98|0x00000000e6200000, 0x00000000e6300000, 0x00000000e6300000|100%| S|CS|TAMS 0x00000000e6200000| PB 0x00000000e6200000| Complete 
|  99|0x00000000e6300000, 0x00000000e6400000, 0x00000000e6400000|100%| S|CS|TAMS 0x00000000e6300000| PB 0x00000000e6300000| Complete 
| 100|0x00000000e6400000, 0x00000000e6500000, 0x00000000e6500000|100%| S|CS|TAMS 0x00000000e6400000| PB 0x00000000e6400000| Complete 
| 101|0x00000000e6500000, 0x00000000e6600000, 0x00000000e6600000|100%| S|CS|TAMS 0x00000000e6500000| PB 0x00000000e6500000| Complete 
| 102|0x00000000e6600000, 0x00000000e6700000, 0x00000000e6700000|100%| S|CS|TAMS 0x00000000e6600000| PB 0x00000000e6600000| Complete 
| 103|0x00000000e6700000, 0x00000000e6700000, 0x00000000e6800000|  0%| F|  |TAMS 0x00000000e6700000| PB 0x00000000e6700000| Untracked 
| 104|0x00000000e6800000, 0x00000000e6800000, 0x00000000e6900000|  0%| F|  |TAMS 0x00000000e6800000| PB 0x00000000e6800000| Untracked 
| 105|0x00000000e6900000, 0x00000000e6900000, 0x00000000e6a00000|  0%| F|  |TAMS 0x00000000e6900000| PB 0x00000000e6900000| Untracked 
| 106|0x00000000e6a00000, 0x00000000e6a00000, 0x00000000e6b00000|  0%| F|  |TAMS 0x00000000e6a00000| PB 0x00000000e6a00000| Untracked 
| 107|0x00000000e6b00000, 0x00000000e6b00000, 0x00000000e6c00000|  0%| F|  |TAMS 0x00000000e6b00000| PB 0x00000000e6b00000| Untracked 
| 108|0x00000000e6c00000, 0x00000000e6c00000, 0x00000000e6d00000|  0%| F|  |TAMS 0x00000000e6c00000| PB 0x00000000e6c00000| Untracked 
| 109|0x00000000e6d00000, 0x00000000e6d00000, 0x00000000e6e00000|  0%| F|  |TAMS 0x00000000e6d00000| PB 0x00000000e6d00000| Untracked 
| 110|0x00000000e6e00000, 0x00000000e6e00000, 0x00000000e6f00000|  0%| F|  |TAMS 0x00000000e6e00000| PB 0x00000000e6e00000| Untracked 
| 111|0x00000000e6f00000, 0x00000000e6f00000, 0x00000000e7000000|  0%| F|  |TAMS 0x00000000e6f00000| PB 0x00000000e6f00000| Untracked 
| 112|0x00000000e7000000, 0x00000000e7000000, 0x00000000e7100000|  0%| F|  |TAMS 0x00000000e7000000| PB 0x00000000e7000000| Untracked 
| 113|0x00000000e7100000, 0x00000000e7100000, 0x00000000e7200000|  0%| F|  |TAMS 0x00000000e7100000| PB 0x00000000e7100000| Untracked 
| 114|0x00000000e7200000, 0x00000000e7200000, 0x00000000e7300000|  0%| F|  |TAMS 0x00000000e7200000| PB 0x00000000e7200000| Untracked 
| 115|0x00000000e7300000, 0x00000000e7300000, 0x00000000e7400000|  0%| F|  |TAMS 0x00000000e7300000| PB 0x00000000e7300000| Untracked 
| 116|0x00000000e7400000, 0x00000000e7400000, 0x00000000e7500000|  0%| F|  |TAMS 0x00000000e7400000| PB 0x00000000e7400000| Untracked 
| 117|0x00000000e7500000, 0x00000000e7500000, 0x00000000e7600000|  0%| F|  |TAMS 0x00000000e7500000| PB 0x00000000e7500000| Untracked 
| 118|0x00000000e7600000, 0x00000000e7600000, 0x00000000e7700000|  0%| F|  |TAMS 0x00000000e7600000| PB 0x00000000e7600000| Untracked 
| 119|0x00000000e7700000, 0x00000000e7700000, 0x00000000e7800000|  0%| F|  |TAMS 0x00000000e7700000| PB 0x00000000e7700000| Untracked 
| 120|0x00000000e7800000, 0x00000000e7800000, 0x00000000e7900000|  0%| F|  |TAMS 0x00000000e7800000| PB 0x00000000e7800000| Untracked 
| 121|0x00000000e7900000, 0x00000000e7900000, 0x00000000e7a00000|  0%| F|  |TAMS 0x00000000e7900000| PB 0x00000000e7900000| Untracked 
| 122|0x00000000e7a00000, 0x00000000e7a00000, 0x00000000e7b00000|  0%| F|  |TAMS 0x00000000e7a00000| PB 0x00000000e7a00000| Untracked 
| 123|0x00000000e7b00000, 0x00000000e7b00000, 0x00000000e7c00000|  0%| F|  |TAMS 0x00000000e7b00000| PB 0x00000000e7b00000| Untracked 
| 124|0x00000000e7c00000, 0x00000000e7c00000, 0x00000000e7d00000|  0%| F|  |TAMS 0x00000000e7c00000| PB 0x00000000e7c00000| Untracked 
| 125|0x00000000e7d00000, 0x00000000e7d00000, 0x00000000e7e00000|  0%| F|  |TAMS 0x00000000e7d00000| PB 0x00000000e7d00000| Untracked 
| 126|0x00000000e7e00000, 0x00000000e7e00000, 0x00000000e7f00000|  0%| F|  |TAMS 0x00000000e7e00000| PB 0x00000000e7e00000| Untracked 
| 127|0x00000000e7f00000, 0x00000000e7f00000, 0x00000000e8000000|  0%| F|  |TAMS 0x00000000e7f00000| PB 0x00000000e7f00000| Untracked 
| 128|0x00000000e8000000, 0x00000000e8000000, 0x00000000e8100000|  0%| F|  |TAMS 0x00000000e8000000| PB 0x00000000e8000000| Untracked 
| 129|0x00000000e8100000, 0x00000000e8100000, 0x00000000e8200000|  0%| F|  |TAMS 0x00000000e8100000| PB 0x00000000e8100000| Untracked 
| 130|0x00000000e8200000, 0x00000000e8200000, 0x00000000e8300000|  0%| F|  |TAMS 0x00000000e8200000| PB 0x00000000e8200000| Untracked 
| 131|0x00000000e8300000, 0x00000000e8300000, 0x00000000e8400000|  0%| F|  |TAMS 0x00000000e8300000| PB 0x00000000e8300000| Untracked 
| 132|0x00000000e8400000, 0x00000000e8480000, 0x00000000e8500000| 50%| E|  |TAMS 0x00000000e8400000| PB 0x00000000e8400000| Complete 
| 133|0x00000000e8500000, 0x00000000e8600000, 0x00000000e8600000|100%| E|CS|TAMS 0x00000000e8500000| PB 0x00000000e8500000| Complete 
| 134|0x00000000e8600000, 0x00000000e8700000, 0x00000000e8700000|100%| E|CS|TAMS 0x00000000e8600000| PB 0x00000000e8600000| Complete 
| 135|0x00000000e8700000, 0x00000000e8800000, 0x00000000e8800000|100%| E|CS|TAMS 0x00000000e8700000| PB 0x00000000e8700000| Complete 
| 136|0x00000000e8800000, 0x00000000e8900000, 0x00000000e8900000|100%| E|CS|TAMS 0x00000000e8800000| PB 0x00000000e8800000| Complete 
| 137|0x00000000e8900000, 0x00000000e8a00000, 0x00000000e8a00000|100%| E|CS|TAMS 0x00000000e8900000| PB 0x00000000e8900000| Complete 
| 138|0x00000000e8a00000, 0x00000000e8b00000, 0x00000000e8b00000|100%| E|CS|TAMS 0x00000000e8a00000| PB 0x00000000e8a00000| Complete 
| 139|0x00000000e8b00000, 0x00000000e8c00000, 0x00000000e8c00000|100%| E|CS|TAMS 0x00000000e8b00000| PB 0x00000000e8b00000| Complete 
| 140|0x00000000e8c00000, 0x00000000e8d00000, 0x00000000e8d00000|100%| E|  |TAMS 0x00000000e8c00000| PB 0x00000000e8c00000| Complete 
| 141|0x00000000e8d00000, 0x00000000e8e00000, 0x00000000e8e00000|100%| E|CS|TAMS 0x00000000e8d00000| PB 0x00000000e8d00000| Complete 
| 142|0x00000000e8e00000, 0x00000000e8f00000, 0x00000000e8f00000|100%| E|CS|TAMS 0x00000000e8e00000| PB 0x00000000e8e00000| Complete 
| 143|0x00000000e8f00000, 0x00000000e9000000, 0x00000000e9000000|100%| E|CS|TAMS 0x00000000e8f00000| PB 0x00000000e8f00000| Complete 
| 144|0x00000000e9000000, 0x00000000e9100000, 0x00000000e9100000|100%| E|CS|TAMS 0x00000000e9000000| PB 0x00000000e9000000| Complete 
| 145|0x00000000e9100000, 0x00000000e9200000, 0x00000000e9200000|100%| E|CS|TAMS 0x00000000e9100000| PB 0x00000000e9100000| Complete 
| 146|0x00000000e9200000, 0x00000000e9300000, 0x00000000e9300000|100%| E|CS|TAMS 0x00000000e9200000| PB 0x00000000e9200000| Complete 
| 147|0x00000000e9300000, 0x00000000e9400000, 0x00000000e9400000|100%| E|CS|TAMS 0x00000000e9300000| PB 0x00000000e9300000| Complete 
| 148|0x00000000e9400000, 0x00000000e9500000, 0x00000000e9500000|100%| E|CS|TAMS 0x00000000e9400000| PB 0x00000000e9400000| Complete 
| 149|0x00000000e9500000, 0x00000000e9600000, 0x00000000e9600000|100%| E|CS|TAMS 0x00000000e9500000| PB 0x00000000e9500000| Complete 
| 150|0x00000000e9600000, 0x00000000e9700000, 0x00000000e9700000|100%| E|CS|TAMS 0x00000000e9600000| PB 0x00000000e9600000| Complete 
| 151|0x00000000e9700000, 0x00000000e9800000, 0x00000000e9800000|100%| E|CS|TAMS 0x00000000e9700000| PB 0x00000000e9700000| Complete 
| 152|0x00000000e9800000, 0x00000000e9900000, 0x00000000e9900000|100%| E|CS|TAMS 0x00000000e9800000| PB 0x00000000e9800000| Complete 
| 153|0x00000000e9900000, 0x00000000e9a00000, 0x00000000e9a00000|100%| E|CS|TAMS 0x00000000e9900000| PB 0x00000000e9900000| Complete 
| 154|0x00000000e9a00000, 0x00000000e9b00000, 0x00000000e9b00000|100%| E|CS|TAMS 0x00000000e9a00000| PB 0x00000000e9a00000| Complete 
| 155|0x00000000e9b00000, 0x00000000e9c00000, 0x00000000e9c00000|100%| E|CS|TAMS 0x00000000e9b00000| PB 0x00000000e9b00000| Complete 
| 156|0x00000000e9c00000, 0x00000000e9d00000, 0x00000000e9d00000|100%| E|CS|TAMS 0x00000000e9c00000| PB 0x00000000e9c00000| Complete 
| 157|0x00000000e9d00000, 0x00000000e9e00000, 0x00000000e9e00000|100%| E|CS|TAMS 0x00000000e9d00000| PB 0x00000000e9d00000| Complete 
| 158|0x00000000e9e00000, 0x00000000e9f00000, 0x00000000e9f00000|100%| E|CS|TAMS 0x00000000e9e00000| PB 0x00000000e9e00000| Complete 
| 159|0x00000000e9f00000, 0x00000000ea000000, 0x00000000ea000000|100%| E|CS|TAMS 0x00000000e9f00000| PB 0x00000000e9f00000| Complete 
| 160|0x00000000ea000000, 0x00000000ea100000, 0x00000000ea100000|100%| E|CS|TAMS 0x00000000ea000000| PB 0x00000000ea000000| Complete 
| 161|0x00000000ea100000, 0x00000000ea200000, 0x00000000ea200000|100%| E|CS|TAMS 0x00000000ea100000| PB 0x00000000ea100000| Complete 
| 162|0x00000000ea200000, 0x00000000ea300000, 0x00000000ea300000|100%| E|CS|TAMS 0x00000000ea200000| PB 0x00000000ea200000| Complete 
| 163|0x00000000ea300000, 0x00000000ea400000, 0x00000000ea400000|100%| E|CS|TAMS 0x00000000ea300000| PB 0x00000000ea300000| Complete 
| 164|0x00000000ea400000, 0x00000000ea500000, 0x00000000ea500000|100%| E|CS|TAMS 0x00000000ea400000| PB 0x00000000ea400000| Complete 
| 165|0x00000000ea500000, 0x00000000ea600000, 0x00000000ea600000|100%| E|CS|TAMS 0x00000000ea500000| PB 0x00000000ea500000| Complete 
| 166|0x00000000ea600000, 0x00000000ea700000, 0x00000000ea700000|100%| E|CS|TAMS 0x00000000ea600000| PB 0x00000000ea600000| Complete 
| 167|0x00000000ea700000, 0x00000000ea800000, 0x00000000ea800000|100%| E|CS|TAMS 0x00000000ea700000| PB 0x00000000ea700000| Complete 
| 168|0x00000000ea800000, 0x00000000ea900000, 0x00000000ea900000|100%| E|CS|TAMS 0x00000000ea800000| PB 0x00000000ea800000| Complete 
| 169|0x00000000ea900000, 0x00000000eaa00000, 0x00000000eaa00000|100%| E|CS|TAMS 0x00000000ea900000| PB 0x00000000ea900000| Complete 
| 170|0x00000000eaa00000, 0x00000000eab00000, 0x00000000eab00000|100%| E|CS|TAMS 0x00000000eaa00000| PB 0x00000000eaa00000| Complete 
| 171|0x00000000eab00000, 0x00000000eac00000, 0x00000000eac00000|100%| E|CS|TAMS 0x00000000eab00000| PB 0x00000000eab00000| Complete 
| 172|0x00000000eac00000, 0x00000000ead00000, 0x00000000ead00000|100%| E|CS|TAMS 0x00000000eac00000| PB 0x00000000eac00000| Complete 
| 173|0x00000000ead00000, 0x00000000eae00000, 0x00000000eae00000|100%| E|CS|TAMS 0x00000000ead00000| PB 0x00000000ead00000| Complete 
| 174|0x00000000eae00000, 0x00000000eaf00000, 0x00000000eaf00000|100%| E|CS|TAMS 0x00000000eae00000| PB 0x00000000eae00000| Complete 
| 175|0x00000000eaf00000, 0x00000000eb000000, 0x00000000eb000000|100%| E|CS|TAMS 0x00000000eaf00000| PB 0x00000000eaf00000| Complete 
| 176|0x00000000eb000000, 0x00000000eb100000, 0x00000000eb100000|100%| E|CS|TAMS 0x00000000eb000000| PB 0x00000000eb000000| Complete 
| 177|0x00000000eb100000, 0x00000000eb200000, 0x00000000eb200000|100%| E|CS|TAMS 0x00000000eb100000| PB 0x00000000eb100000| Complete 
| 178|0x00000000eb200000, 0x00000000eb300000, 0x00000000eb300000|100%| E|CS|TAMS 0x00000000eb200000| PB 0x00000000eb200000| Complete 
| 179|0x00000000eb300000, 0x00000000eb400000, 0x00000000eb400000|100%| E|CS|TAMS 0x00000000eb300000| PB 0x00000000eb300000| Complete 
| 180|0x00000000eb400000, 0x00000000eb500000, 0x00000000eb500000|100%| E|CS|TAMS 0x00000000eb400000| PB 0x00000000eb400000| Complete 
| 181|0x00000000eb500000, 0x00000000eb600000, 0x00000000eb600000|100%| E|CS|TAMS 0x00000000eb500000| PB 0x00000000eb500000| Complete 
| 182|0x00000000eb600000, 0x00000000eb700000, 0x00000000eb700000|100%| E|CS|TAMS 0x00000000eb600000| PB 0x00000000eb600000| Complete 
| 183|0x00000000eb700000, 0x00000000eb800000, 0x00000000eb800000|100%| E|CS|TAMS 0x00000000eb700000| PB 0x00000000eb700000| Complete 
| 184|0x00000000eb800000, 0x00000000eb900000, 0x00000000eb900000|100%| E|CS|TAMS 0x00000000eb800000| PB 0x00000000eb800000| Complete 
| 185|0x00000000eb900000, 0x00000000eba00000, 0x00000000eba00000|100%| E|CS|TAMS 0x00000000eb900000| PB 0x00000000eb900000| Complete 
| 186|0x00000000eba00000, 0x00000000ebb00000, 0x00000000ebb00000|100%| E|CS|TAMS 0x00000000eba00000| PB 0x00000000eba00000| Complete 
| 187|0x00000000ebb00000, 0x00000000ebc00000, 0x00000000ebc00000|100%| E|CS|TAMS 0x00000000ebb00000| PB 0x00000000ebb00000| Complete 
| 188|0x00000000ebc00000, 0x00000000ebd00000, 0x00000000ebd00000|100%| E|CS|TAMS 0x00000000ebc00000| PB 0x00000000ebc00000| Complete 
| 189|0x00000000ebd00000, 0x00000000ebe00000, 0x00000000ebe00000|100%| E|CS|TAMS 0x00000000ebd00000| PB 0x00000000ebd00000| Complete 
| 190|0x00000000ebe00000, 0x00000000ebf00000, 0x00000000ebf00000|100%| E|CS|TAMS 0x00000000ebe00000| PB 0x00000000ebe00000| Complete 
| 191|0x00000000ebf00000, 0x00000000ec000000, 0x00000000ec000000|100%| E|CS|TAMS 0x00000000ebf00000| PB 0x00000000ebf00000| Complete 
| 192|0x00000000ec000000, 0x00000000ec100000, 0x00000000ec100000|100%| E|CS|TAMS 0x00000000ec000000| PB 0x00000000ec000000| Complete 
| 193|0x00000000ec100000, 0x00000000ec200000, 0x00000000ec200000|100%| E|CS|TAMS 0x00000000ec100000| PB 0x00000000ec100000| Complete 
| 194|0x00000000ec200000, 0x00000000ec300000, 0x00000000ec300000|100%| E|CS|TAMS 0x00000000ec200000| PB 0x00000000ec200000| Complete 
| 195|0x00000000ec300000, 0x00000000ec400000, 0x00000000ec400000|100%| E|CS|TAMS 0x00000000ec300000| PB 0x00000000ec300000| Complete 
| 196|0x00000000ec400000, 0x00000000ec500000, 0x00000000ec500000|100%| E|CS|TAMS 0x00000000ec400000| PB 0x00000000ec400000| Complete 
| 197|0x00000000ec500000, 0x00000000ec600000, 0x00000000ec600000|100%| E|CS|TAMS 0x00000000ec500000| PB 0x00000000ec500000| Complete 
| 198|0x00000000ec600000, 0x00000000ec700000, 0x00000000ec700000|100%| E|CS|TAMS 0x00000000ec600000| PB 0x00000000ec600000| Complete 
| 199|0x00000000ec700000, 0x00000000ec800000, 0x00000000ec800000|100%| E|CS|TAMS 0x00000000ec700000| PB 0x00000000ec700000| Complete 
| 200|0x00000000ec800000, 0x00000000ec900000, 0x00000000ec900000|100%| E|CS|TAMS 0x00000000ec800000| PB 0x00000000ec800000| Complete 
| 201|0x00000000ec900000, 0x00000000eca00000, 0x00000000eca00000|100%| E|CS|TAMS 0x00000000ec900000| PB 0x00000000ec900000| Complete 
| 202|0x00000000eca00000, 0x00000000ecb00000, 0x00000000ecb00000|100%| E|CS|TAMS 0x00000000eca00000| PB 0x00000000eca00000| Complete 
| 203|0x00000000ecb00000, 0x00000000ecc00000, 0x00000000ecc00000|100%| E|CS|TAMS 0x00000000ecb00000| PB 0x00000000ecb00000| Complete 
| 204|0x00000000ecc00000, 0x00000000ecd00000, 0x00000000ecd00000|100%| E|CS|TAMS 0x00000000ecc00000| PB 0x00000000ecc00000| Complete 
| 205|0x00000000ecd00000, 0x00000000ece00000, 0x00000000ece00000|100%| E|CS|TAMS 0x00000000ecd00000| PB 0x00000000ecd00000| Complete 
| 206|0x00000000ece00000, 0x00000000ecf00000, 0x00000000ecf00000|100%| E|CS|TAMS 0x00000000ece00000| PB 0x00000000ece00000| Complete 
| 207|0x00000000ecf00000, 0x00000000ed000000, 0x00000000ed000000|100%| E|CS|TAMS 0x00000000ecf00000| PB 0x00000000ecf00000| Complete 
| 208|0x00000000ed000000, 0x00000000ed100000, 0x00000000ed100000|100%| E|CS|TAMS 0x00000000ed000000| PB 0x00000000ed000000| Complete 
| 209|0x00000000ed100000, 0x00000000ed200000, 0x00000000ed200000|100%| E|CS|TAMS 0x00000000ed100000| PB 0x00000000ed100000| Complete 
| 210|0x00000000ed200000, 0x00000000ed300000, 0x00000000ed300000|100%| E|CS|TAMS 0x00000000ed200000| PB 0x00000000ed200000| Complete 
| 211|0x00000000ed300000, 0x00000000ed400000, 0x00000000ed400000|100%| E|CS|TAMS 0x00000000ed300000| PB 0x00000000ed300000| Complete 
| 212|0x00000000ed400000, 0x00000000ed500000, 0x00000000ed500000|100%| E|CS|TAMS 0x00000000ed400000| PB 0x00000000ed400000| Complete 
| 213|0x00000000ed500000, 0x00000000ed600000, 0x00000000ed600000|100%| E|CS|TAMS 0x00000000ed500000| PB 0x00000000ed500000| Complete 
| 214|0x00000000ed600000, 0x00000000ed700000, 0x00000000ed700000|100%| E|CS|TAMS 0x00000000ed600000| PB 0x00000000ed600000| Complete 
| 215|0x00000000ed700000, 0x00000000ed800000, 0x00000000ed800000|100%| E|CS|TAMS 0x00000000ed700000| PB 0x00000000ed700000| Complete 
| 216|0x00000000ed800000, 0x00000000ed900000, 0x00000000ed900000|100%| E|CS|TAMS 0x00000000ed800000| PB 0x00000000ed800000| Complete 
| 217|0x00000000ed900000, 0x00000000eda00000, 0x00000000eda00000|100%| E|CS|TAMS 0x00000000ed900000| PB 0x00000000ed900000| Complete 
| 218|0x00000000eda00000, 0x00000000edb00000, 0x00000000edb00000|100%| E|CS|TAMS 0x00000000eda00000| PB 0x00000000eda00000| Complete 
| 219|0x00000000edb00000, 0x00000000edc00000, 0x00000000edc00000|100%| E|CS|TAMS 0x00000000edb00000| PB 0x00000000edb00000| Complete 
| 220|0x00000000edc00000, 0x00000000edd00000, 0x00000000edd00000|100%| E|CS|TAMS 0x00000000edc00000| PB 0x00000000edc00000| Complete 
| 221|0x00000000edd00000, 0x00000000ede00000, 0x00000000ede00000|100%| E|CS|TAMS 0x00000000edd00000| PB 0x00000000edd00000| Complete 
| 222|0x00000000ede00000, 0x00000000edf00000, 0x00000000edf00000|100%| E|CS|TAMS 0x00000000ede00000| PB 0x00000000ede00000| Complete 
| 223|0x00000000edf00000, 0x00000000ee000000, 0x00000000ee000000|100%| E|CS|TAMS 0x00000000edf00000| PB 0x00000000edf00000| Complete 
| 224|0x00000000ee000000, 0x00000000ee100000, 0x00000000ee100000|100%| E|CS|TAMS 0x00000000ee000000| PB 0x00000000ee000000| Complete 
| 225|0x00000000ee100000, 0x00000000ee200000, 0x00000000ee200000|100%| E|CS|TAMS 0x00000000ee100000| PB 0x00000000ee100000| Complete 
| 226|0x00000000ee200000, 0x00000000ee300000, 0x00000000ee300000|100%| E|CS|TAMS 0x00000000ee200000| PB 0x00000000ee200000| Complete 
| 227|0x00000000ee300000, 0x00000000ee400000, 0x00000000ee400000|100%| E|CS|TAMS 0x00000000ee300000| PB 0x00000000ee300000| Complete 
| 228|0x00000000ee400000, 0x00000000ee500000, 0x00000000ee500000|100%| E|CS|TAMS 0x00000000ee400000| PB 0x00000000ee400000| Complete 
| 229|0x00000000ee500000, 0x00000000ee600000, 0x00000000ee600000|100%| E|CS|TAMS 0x00000000ee500000| PB 0x00000000ee500000| Complete 
| 230|0x00000000ee600000, 0x00000000ee700000, 0x00000000ee700000|100%| E|CS|TAMS 0x00000000ee600000| PB 0x00000000ee600000| Complete 
| 231|0x00000000ee700000, 0x00000000ee800000, 0x00000000ee800000|100%| E|CS|TAMS 0x00000000ee700000| PB 0x00000000ee700000| Complete 
| 232|0x00000000ee800000, 0x00000000ee900000, 0x00000000ee900000|100%| E|CS|TAMS 0x00000000ee800000| PB 0x00000000ee800000| Complete 
| 233|0x00000000ee900000, 0x00000000eea00000, 0x00000000eea00000|100%| E|CS|TAMS 0x00000000ee900000| PB 0x00000000ee900000| Complete 
| 234|0x00000000eea00000, 0x00000000eeb00000, 0x00000000eeb00000|100%| E|CS|TAMS 0x00000000eea00000| PB 0x00000000eea00000| Complete 
| 235|0x00000000eeb00000, 0x00000000eec00000, 0x00000000eec00000|100%| E|CS|TAMS 0x00000000eeb00000| PB 0x00000000eeb00000| Complete 
| 236|0x00000000eec00000, 0x00000000eed00000, 0x00000000eed00000|100%| E|CS|TAMS 0x00000000eec00000| PB 0x00000000eec00000| Complete 
| 237|0x00000000eed00000, 0x00000000eee00000, 0x00000000eee00000|100%| E|CS|TAMS 0x00000000eed00000| PB 0x00000000eed00000| Complete 
| 238|0x00000000eee00000, 0x00000000eef00000, 0x00000000eef00000|100%| E|CS|TAMS 0x00000000eee00000| PB 0x00000000eee00000| Complete 
| 239|0x00000000eef00000, 0x00000000ef000000, 0x00000000ef000000|100%| E|CS|TAMS 0x00000000eef00000| PB 0x00000000eef00000| Complete 
| 240|0x00000000ef000000, 0x00000000ef100000, 0x00000000ef100000|100%| E|CS|TAMS 0x00000000ef000000| PB 0x00000000ef000000| Complete 
| 241|0x00000000ef100000, 0x00000000ef200000, 0x00000000ef200000|100%| E|CS|TAMS 0x00000000ef100000| PB 0x00000000ef100000| Complete 
| 242|0x00000000ef200000, 0x00000000ef300000, 0x00000000ef300000|100%| E|CS|TAMS 0x00000000ef200000| PB 0x00000000ef200000| Complete 
| 243|0x00000000ef300000, 0x00000000ef400000, 0x00000000ef400000|100%| E|CS|TAMS 0x00000000ef300000| PB 0x00000000ef300000| Complete 
| 244|0x00000000ef400000, 0x00000000ef500000, 0x00000000ef500000|100%| E|CS|TAMS 0x00000000ef400000| PB 0x00000000ef400000| Complete 
| 245|0x00000000ef500000, 0x00000000ef600000, 0x00000000ef600000|100%| E|CS|TAMS 0x00000000ef500000| PB 0x00000000ef500000| Complete 
| 246|0x00000000ef600000, 0x00000000ef700000, 0x00000000ef700000|100%| E|CS|TAMS 0x00000000ef600000| PB 0x00000000ef600000| Complete 
| 247|0x00000000ef700000, 0x00000000ef800000, 0x00000000ef800000|100%| E|CS|TAMS 0x00000000ef700000| PB 0x00000000ef700000| Complete 
| 248|0x00000000ef800000, 0x00000000ef900000, 0x00000000ef900000|100%| E|CS|TAMS 0x00000000ef800000| PB 0x00000000ef800000| Complete 
| 249|0x00000000ef900000, 0x00000000efa00000, 0x00000000efa00000|100%| E|CS|TAMS 0x00000000ef900000| PB 0x00000000ef900000| Complete 
| 250|0x00000000efa00000, 0x00000000efb00000, 0x00000000efb00000|100%| E|CS|TAMS 0x00000000efa00000| PB 0x00000000efa00000| Complete 
| 251|0x00000000efb00000, 0x00000000efc00000, 0x00000000efc00000|100%| E|CS|TAMS 0x00000000efb00000| PB 0x00000000efb00000| Complete 
| 252|0x00000000efc00000, 0x00000000efd00000, 0x00000000efd00000|100%| E|CS|TAMS 0x00000000efc00000| PB 0x00000000efc00000| Complete 
| 253|0x00000000efd00000, 0x00000000efe00000, 0x00000000efe00000|100%| E|CS|TAMS 0x00000000efd00000| PB 0x00000000efd00000| Complete 
| 254|0x00000000efe00000, 0x00000000eff00000, 0x00000000eff00000|100%| E|CS|TAMS 0x00000000efe00000| PB 0x00000000efe00000| Complete 
| 255|0x00000000eff00000, 0x00000000f0000000, 0x00000000f0000000|100%| E|CS|TAMS 0x00000000eff00000| PB 0x00000000eff00000| Complete 

Card table byte_map: [0x00000146998a0000,0x00000146999a0000] _byte_map_base: 0x00000146991a0000

Marking Bits: (CMBitMap*) 0x000001468729e0c0
 Bits: [0x00000146999a0000, 0x000001469a1a0000)

Polling page: 0x00000146850d0000

Metaspace:

Usage:
  Non-class:     48.67 MB used.
      Class:      8.45 MB used.
       Both:     57.13 MB used.

Virtual space:
  Non-class space:       64.00 MB reserved,      49.81 MB ( 78%) committed,  1 nodes.
      Class space:      320.00 MB reserved,       9.50 MB (  3%) committed,  1 nodes.
             Both:      384.00 MB reserved,      59.31 MB ( 15%) committed. 

Chunk freelists:
   Non-Class:  13.53 MB
       Class:  6.45 MB
        Both:  19.98 MB

MaxMetaspaceSize: 384.00 MB
CompressedClassSpaceSize: 320.00 MB
Initial GC threshold: 21.00 MB
Current GC threshold: 59.69 MB
CDS: on
 - commit_granule_bytes: 65536.
 - commit_granule_words: 8192.
 - virtual_space_node_default_size: 8388608.
 - enlarge_chunks_in_place: 1.
 - use_allocation_guard: 0.


Internal statistics:

num_allocs_failed_limit: 12.
num_arena_births: 3956.
num_arena_deaths: 0.
num_vsnodes_births: 2.
num_vsnodes_deaths: 0.
num_space_committed: 949.
num_space_uncommitted: 0.
num_chunks_returned_to_freelist: 12.
num_chunks_taken_from_freelist: 6970.
num_chunk_merges: 12.
num_chunk_splits: 4462.
num_chunks_enlarged: 2608.
num_inconsistent_stats: 0.

CodeHeap 'non-profiled nmethods': size=120000Kb used=4808Kb max_used=4808Kb free=115191Kb
 bounds [0x0000014691f40000, 0x0000014692400000, 0x0000014699470000]
CodeHeap 'profiled nmethods': size=120000Kb used=15535Kb max_used=15535Kb free=104464Kb
 bounds [0x000001468a470000, 0x000001468b3a0000, 0x00000146919a0000]
CodeHeap 'non-nmethods': size=5760Kb used=2095Kb max_used=2140Kb free=3664Kb
 bounds [0x00000146919a0000, 0x0000014691c10000, 0x0000014691f40000]
CodeCache: size=245760Kb, used=22438Kb, max_used=22483Kb, free=223319Kb
 total_blobs=8824, nmethods=8046, adapters=682, full_count=0
Compilation: enabled, stopped_count=0, restarted_count=0

Compilation events (20 events):
Event: 216.150 Thread 0x00000146b600cf40 8501       1       org.gradle.internal.instantiation.generator.AbstractClassGenerator$PropertyMetadata::getBackingField (5 bytes)
Event: 216.150 Thread 0x00000146b600cf40 nmethod 8501 0x00000146923e8e10 code [0x00000146923e8fa0, 0x00000146923e9068]
Event: 216.175 Thread 0x00000146b600cf40 8503       3       org.gradle.internal.instantiation.generator.AbstractClassGenerator::isRoleType (49 bytes)
Event: 216.180 Thread 0x00000146b600cf40 nmethod 8503 0x000001468b397f10 code [0x000001468b398280, 0x000001468b399998]
Event: 216.180 Thread 0x00000146b600cf40 8502       3       org.gradle.internal.instantiation.generator.AbstractClassGenerator::access$1800 (6 bytes)
Event: 216.181 Thread 0x00000146b600cf40 nmethod 8502 0x000001468b39a110 code [0x000001468b39a2c0, 0x000001468b39a3e8]
Event: 216.209 Thread 0x00000146b60077d0 nmethod 8478% 0x00000146923e9110 code [0x00000146923e9780, 0x00000146923ee4d8]
Event: 216.210 Thread 0x00000146b60077d0 8500       4       org.gradle.internal.instantiation.generator.AbstractClassGenerator::assertNotAbstract (63 bytes)
Event: 216.213 Thread 0x00000146b60077d0 nmethod 8500 0x00000146923f1b10 code [0x00000146923f1ca0, 0x00000146923f1db0]
Event: 216.213 Thread 0x00000146b60077d0 8489       4       sun.reflect.generics.reflectiveObjects.ParameterizedTypeImpl::getActualTypeArguments (11 bytes)
Event: 216.218 Thread 0x00000146b60077d0 nmethod 8489 0x00000146923f1f10 code [0x00000146923f20a0, 0x00000146923f22b8]
Event: 216.389 Thread 0x00000146b600cf40 8504       3       com.google.common.collect.Hashing::needsResizing (22 bytes)
Event: 216.389 Thread 0x00000146b600cf40 nmethod 8504 0x000001468b39a490 code [0x000001468b39a620, 0x000001468b39a7c0]
Event: 216.405 Thread 0x00000146b60077d0 8505       4       org.gradle.internal.instantiation.generator.AbstractClassGenerator::inspectType (602 bytes)
Event: 216.544 Thread 0x00000146b600cf40 8506       3       org.gradle.internal.instantiation.generator.AsmBackedClassGenerator$ClassBuilderImpl::access$2800 (4 bytes)
Event: 216.544 Thread 0x00000146b600cf40 nmethod 8506 0x000001468b39a890 code [0x000001468b39aa20, 0x000001468b39ab18]
Event: 216.798 Thread 0x00000146b600cf40 8508       3       org.gradle.internal.instantiation.generator.AbstractClassGenerator::isAttachableType (30 bytes)
Event: 216.799 Thread 0x00000146b600cf40 nmethod 8508 0x000001468b39ab90 code [0x000001468b39ade0, 0x000001468b39b718]
Event: 216.836 Thread 0x00000146b600cf40 8509       3       org.gradle.internal.instantiation.generator.AsmBackedClassGenerator$ClassBuilderImpl::access$3700 (4 bytes)
Event: 216.837 Thread 0x00000146b600cf40 nmethod 8509 0x000001468b39ba10 code [0x000001468b39bba0, 0x000001468b39bc98]

GC Heap History (16 events):
Event: 5.350 GC heap before
{Heap before GC invocations=0 (full 0):
 garbage-first heap   total 262144K, used 26624K [0x00000000e0000000, 0x0000000100000000)
  region size 1024K, 23 young (23552K), 0 survivors (0K)
 Metaspace       used 2936K, committed 3136K, reserved 393216K
  class space    used 349K, committed 448K, reserved 327680K
}
Event: 5.572 GC heap after
{Heap after GC invocations=1 (full 0):
 garbage-first heap   total 262144K, used 10879K [0x00000000e0000000, 0x0000000100000000)
  region size 1024K, 3 young (3072K), 3 survivors (3072K)
 Metaspace       used 2936K, committed 3136K, reserved 393216K
  class space    used 349K, committed 448K, reserved 327680K
}
Event: 13.665 GC heap before
{Heap before GC invocations=1 (full 0):
 garbage-first heap   total 262144K, used 40575K [0x00000000e0000000, 0x0000000100000000)
  region size 1024K, 31 young (31744K), 3 survivors (3072K)
 Metaspace       used 4663K, committed 4864K, reserved 393216K
  class space    used 591K, committed 704K, reserved 327680K
}
Event: 13.675 GC heap after
{Heap after GC invocations=2 (full 0):
 garbage-first heap   total 262144K, used 14913K [0x00000000e0000000, 0x0000000100000000)
  region size 1024K, 3 young (3072K), 3 survivors (3072K)
 Metaspace       used 4663K, committed 4864K, reserved 393216K
  class space    used 591K, committed 704K, reserved 327680K
}
Event: 39.533 GC heap before
{Heap before GC invocations=2 (full 0):
 garbage-first heap   total 262144K, used 101953K [0x00000000e0000000, 0x0000000100000000)
  region size 1024K, 88 young (90112K), 3 survivors (3072K)
 Metaspace       used 17869K, committed 18432K, reserved 393216K
  class space    used 2483K, committed 2752K, reserved 327680K
}
Event: 39.566 GC heap after
{Heap after GC invocations=3 (full 0):
 garbage-first heap   total 262144K, used 22726K [0x00000000e0000000, 0x0000000100000000)
  region size 1024K, 11 young (11264K), 11 survivors (11264K)
 Metaspace       used 17869K, committed 18432K, reserved 393216K
  class space    used 2483K, committed 2752K, reserved 327680K
}
Event: 46.782 GC heap before
{Heap before GC invocations=3 (full 0):
 garbage-first heap   total 262144K, used 45254K [0x00000000e0000000, 0x0000000100000000)
  region size 1024K, 34 young (34816K), 11 survivors (11264K)
 Metaspace       used 20849K, committed 21504K, reserved 393216K
  class space    used 2982K, committed 3328K, reserved 327680K
}
Event: 46.803 GC heap after
{Heap after GC invocations=4 (full 0):
 garbage-first heap   total 262144K, used 24698K [0x00000000e0000000, 0x0000000100000000)
  region size 1024K, 3 young (3072K), 3 survivors (3072K)
 Metaspace       used 20849K, committed 21504K, reserved 393216K
  class space    used 2982K, committed 3328K, reserved 327680K
}
Event: 78.189 GC heap before
{Heap before GC invocations=5 (full 0):
 garbage-first heap   total 262144K, used 126074K [0x00000000e0000000, 0x0000000100000000)
  region size 1024K, 104 young (106496K), 3 survivors (3072K)
 Metaspace       used 34563K, committed 35968K, reserved 393216K
  class space    used 5114K, committed 5824K, reserved 327680K
}
Event: 78.219 GC heap after
{Heap after GC invocations=6 (full 0):
 garbage-first heap   total 262144K, used 30294K [0x00000000e0000000, 0x0000000100000000)
  region size 1024K, 8 young (8192K), 8 survivors (8192K)
 Metaspace       used 34563K, committed 35968K, reserved 393216K
  class space    used 5114K, committed 5824K, reserved 327680K
}
Event: 79.040 GC heap before
{Heap before GC invocations=6 (full 0):
 garbage-first heap   total 262144K, used 31318K [0x00000000e0000000, 0x0000000100000000)
  region size 1024K, 10 young (10240K), 8 survivors (8192K)
 Metaspace       used 34933K, committed 36288K, reserved 393216K
  class space    used 5139K, committed 5824K, reserved 327680K
}
Event: 79.060 GC heap after
{Heap after GC invocations=7 (full 0):
 garbage-first heap   total 262144K, used 30842K [0x00000000e0000000, 0x0000000100000000)
  region size 1024K, 9 young (9216K), 9 survivors (9216K)
 Metaspace       used 34933K, committed 36288K, reserved 393216K
  class space    used 5139K, committed 5824K, reserved 327680K
}
Event: 79.838 GC heap before
{Heap before GC invocations=7 (full 0):
 garbage-first heap   total 262144K, used 32890K [0x00000000e0000000, 0x0000000100000000)
  region size 1024K, 12 young (12288K), 9 survivors (9216K)
 Metaspace       used 35251K, committed 36608K, reserved 393216K
  class space    used 5174K, committed 5824K, reserved 327680K
}
Event: 79.853 GC heap after
{Heap after GC invocations=8 (full 0):
 garbage-first heap   total 262144K, used 31049K [0x00000000e0000000, 0x0000000100000000)
  region size 1024K, 9 young (9216K), 9 survivors (9216K)
 Metaspace       used 35251K, committed 36608K, reserved 393216K
  class space    used 5174K, committed 5824K, reserved 327680K
}
Event: 141.467 GC heap before
{Heap before GC invocations=9 (full 0):
 garbage-first heap   total 262144K, used 177481K [0x00000000e0000000, 0x0000000100000000)
  region size 1024K, 153 young (156672K), 9 survivors (9216K)
 Metaspace       used 49482K, committed 51520K, reserved 393216K
  class space    used 7451K, committed 8448K, reserved 327680K
}
Event: 141.551 GC heap after
{Heap after GC invocations=10 (full 0):
 garbage-first heap   total 262144K, used 39637K [0x00000000e0000000, 0x0000000100000000)
  region size 1024K, 17 young (17408K), 17 survivors (17408K)
 Metaspace       used 49482K, committed 51520K, reserved 393216K
  class space    used 7451K, committed 8448K, reserved 327680K
}

Dll operation events (20 events):
Event: 0.629 Attempting to load shared library C:\Users\isabo\.vscode\extensions\redhat.java-1.56.0-win32-x64\jre\21.0.12.1-win32-x86_64\bin\nio.dll
Event: 0.630 Loaded shared library C:\Users\isabo\.vscode\extensions\redhat.java-1.56.0-win32-x64\jre\21.0.12.1-win32-x86_64\bin\nio.dll
Event: 0.636 Attempting to load shared library C:\Users\isabo\.vscode\extensions\redhat.java-1.56.0-win32-x64\jre\21.0.12.1-win32-x86_64\bin\zip.dll
Event: 0.636 Loaded shared library C:\Users\isabo\.vscode\extensions\redhat.java-1.56.0-win32-x64\jre\21.0.12.1-win32-x86_64\bin\zip.dll
Event: 2.033 Attempting to load shared library C:\Users\isabo\.vscode\extensions\redhat.java-1.56.0-win32-x64\jre\21.0.12.1-win32-x86_64\bin\jimage.dll
Event: 2.033 Loaded shared library C:\Users\isabo\.vscode\extensions\redhat.java-1.56.0-win32-x64\jre\21.0.12.1-win32-x86_64\bin\jimage.dll
Event: 4.019 Attempting to load shared library C:\Users\isabo\.vscode\extensions\redhat.java-1.56.0-win32-x64\jre\21.0.12.1-win32-x86_64\bin\verify.dll
Event: 4.020 Loaded shared library C:\Users\isabo\.vscode\extensions\redhat.java-1.56.0-win32-x64\jre\21.0.12.1-win32-x86_64\bin\verify.dll
Event: 4.309 Attempting to load shared library C:\Users\isabo\.gradle\native\660c5614fbf4a5f2a75b1949f50a0caf5cd603558e7d8a26e50b933a0cfb79d1\windows-amd64\native-platform.dll
Event: 4.318 Loaded shared library C:\Users\isabo\.gradle\native\660c5614fbf4a5f2a75b1949f50a0caf5cd603558e7d8a26e50b933a0cfb79d1\windows-amd64\native-platform.dll
Event: 4.430 Attempting to load shared library C:\Users\isabo\.gradle\native\0.2.8\x86_64-windows-gnu\gradle-fileevents.dll
Event: 4.442 Loaded shared library C:\Users\isabo\.gradle\native\0.2.8\x86_64-windows-gnu\gradle-fileevents.dll
Event: 17.990 Attempting to load shared library C:\Users\isabo\.vscode\extensions\redhat.java-1.56.0-win32-x64\jre\21.0.12.1-win32-x86_64\bin\management.dll
Event: 17.999 Loaded shared library C:\Users\isabo\.vscode\extensions\redhat.java-1.56.0-win32-x64\jre\21.0.12.1-win32-x86_64\bin\management.dll
Event: 18.008 Attempting to load shared library C:\Users\isabo\.vscode\extensions\redhat.java-1.56.0-win32-x64\jre\21.0.12.1-win32-x86_64\bin\management_ext.dll
Event: 18.017 Loaded shared library C:\Users\isabo\.vscode\extensions\redhat.java-1.56.0-win32-x64\jre\21.0.12.1-win32-x86_64\bin\management_ext.dll
Event: 21.120 Attempting to load shared library C:\Users\isabo\.vscode\extensions\redhat.java-1.56.0-win32-x64\jre\21.0.12.1-win32-x86_64\bin\extnet.dll
Event: 21.122 Loaded shared library C:\Users\isabo\.vscode\extensions\redhat.java-1.56.0-win32-x64\jre\21.0.12.1-win32-x86_64\bin\extnet.dll
Event: 25.094 Attempting to load shared library C:\Users\isabo\.vscode\extensions\redhat.java-1.56.0-win32-x64\jre\21.0.12.1-win32-x86_64\bin\sunmscapi.dll
Event: 25.117 Loaded shared library C:\Users\isabo\.vscode\extensions\redhat.java-1.56.0-win32-x64\jre\21.0.12.1-win32-x86_64\bin\sunmscapi.dll

Deoptimization events (20 events):
Event: 210.249 Thread 0x00000146b6f0ce40 Uncommon trap: trap_request=0xffffffbe fr.pc=0x00000146923a0058 relative=0x0000000000001398
Event: 210.249 Thread 0x00000146b6f0ce40 Uncommon trap: reason=profile_predicate action=maybe_recompile pc=0x00000146923a0058 method=java.util.TreeMap.put(Ljava/lang/Object;Ljava/lang/Object;Z)Ljava/lang/Object; @ 27 c2
Event: 210.249 Thread 0x00000146b6f0ce40 DEOPT PACKING pc=0x00000146923a0058 sp=0x00000018282f65b0
Event: 210.249 Thread 0x00000146b6f0ce40 DEOPT UNPACKING pc=0x00000146919f7ba2 sp=0x00000018282f6530 mode 2
Event: 210.251 Thread 0x00000146b6f0ce40 Uncommon trap: trap_request=0xffffffbe fr.pc=0x00000146923a0058 relative=0x0000000000001398
Event: 210.251 Thread 0x00000146b6f0ce40 Uncommon trap: reason=profile_predicate action=maybe_recompile pc=0x00000146923a0058 method=java.util.TreeMap.put(Ljava/lang/Object;Ljava/lang/Object;Z)Ljava/lang/Object; @ 27 c2
Event: 210.251 Thread 0x00000146b6f0ce40 DEOPT PACKING pc=0x00000146923a0058 sp=0x00000018282f6620
Event: 210.252 Thread 0x00000146b6f0ce40 DEOPT UNPACKING pc=0x00000146919f7ba2 sp=0x00000018282f65a0 mode 2
Event: 210.254 Thread 0x00000146b6f0ce40 Uncommon trap: trap_request=0xffffffbe fr.pc=0x00000146923a0058 relative=0x0000000000001398
Event: 210.254 Thread 0x00000146b6f0ce40 Uncommon trap: reason=profile_predicate action=maybe_recompile pc=0x00000146923a0058 method=java.util.TreeMap.put(Ljava/lang/Object;Ljava/lang/Object;Z)Ljava/lang/Object; @ 27 c2
Event: 210.254 Thread 0x00000146b6f0ce40 DEOPT PACKING pc=0x00000146923a0058 sp=0x00000018282f65b0
Event: 210.254 Thread 0x00000146b6f0ce40 DEOPT UNPACKING pc=0x00000146919f7ba2 sp=0x00000018282f6530 mode 2
Event: 210.260 Thread 0x00000146b6f0ce40 Uncommon trap: trap_request=0xffffffbe fr.pc=0x00000146923a2494 relative=0x00000000000013d4
Event: 210.260 Thread 0x00000146b6f0ce40 Uncommon trap: reason=profile_predicate action=maybe_recompile pc=0x00000146923a2494 method=java.util.TreeMap.put(Ljava/lang/Object;Ljava/lang/Object;Z)Ljava/lang/Object; @ 27 c2
Event: 210.260 Thread 0x00000146b6f0ce40 DEOPT PACKING pc=0x00000146923a2494 sp=0x00000018282f6510
Event: 210.260 Thread 0x00000146b6f0ce40 DEOPT UNPACKING pc=0x00000146919f7ba2 sp=0x00000018282f6520 mode 2
Event: 210.945 Thread 0x00000146b6f0ce40 DEOPT PACKING pc=0x000001468b2272ce sp=0x00000018282f72d0
Event: 210.945 Thread 0x00000146b6f0ce40 DEOPT UNPACKING pc=0x00000146919f86e2 sp=0x00000018282f6850 mode 0
Event: 216.405 Thread 0x00000146b6f0ce40 DEOPT PACKING pc=0x000001468ad37e77 sp=0x00000018282f76f0
Event: 216.405 Thread 0x00000146b6f0ce40 DEOPT UNPACKING pc=0x00000146919f86e2 sp=0x00000018282f6cd0 mode 0

Classes loaded (20 events):
Event: 188.658 Loading class java/nio/file/StandardCopyOption
Event: 188.658 Loading class java/nio/file/StandardCopyOption done
Event: 188.658 Loading class sun/nio/fs/WindowsFileCopy
Event: 188.660 Loading class sun/nio/fs/WindowsFileCopy done
Event: 188.825 Loading class java/io/ObjectOutputStream$BlockDataOutputStream
Event: 188.832 Loading class java/io/ObjectOutputStream$BlockDataOutputStream done
Event: 188.833 Loading class java/io/ObjectOutputStream$HandleTable
Event: 188.833 Loading class java/io/ObjectOutputStream$HandleTable done
Event: 188.833 Loading class java/io/ObjectOutputStream$ReplaceTable
Event: 188.833 Loading class java/io/ObjectOutputStream$ReplaceTable done
Event: 190.014 Loading class java/time/Instant$1
Event: 190.014 Loading class java/time/Instant$1 done
Event: 190.670 Loading class java/util/concurrent/CompletableFuture$AsyncRun
Event: 190.671 Loading class java/util/concurrent/CompletableFuture$AsyncRun done
Event: 192.336 Loading class jdk/internal/math/FormattedFPDecimal
Event: 192.337 Loading class jdk/internal/math/FormattedFPDecimal done
Event: 192.422 Loading class sun/text/resources/cldr/FormatData_en
Event: 192.489 Loading class sun/text/resources/cldr/FormatData_en done
Event: 215.014 Loading class java/util/LinkedList$LLSpliterator
Event: 215.029 Loading class java/util/LinkedList$LLSpliterator done

Classes unloaded (0 events):
No events

Classes redefined (0 events):
No events

Internal exceptions (20 events):
Event: 187.152 Thread 0x00000146b8692500 Exception <a 'java/lang/ClassNotFoundException'{0x00000000ea55f968}: org/gradle/api/internal/plugins/DefaultPluginCollectionCustomizer> (0x00000000ea55f968) 
thrown [s\src\hotspot\share\classfile\systemDictionary.cpp, line 313]
Event: 187.182 Thread 0x00000146b8692500 Exception <a 'java/lang/ClassNotFoundException'{0x00000000ea5e6310}: org/gradle/api/internal/plugins/DefaultPluginContainerCustomizer> (0x00000000ea5e6310) 
thrown [s\src\hotspot\share\classfile\systemDictionary.cpp, line 313]
Event: 187.271 Thread 0x00000146b8692500 Exception <a 'java/lang/ClassNotFoundException'{0x00000000ea4a54a8}: java/lang/BooleanBeanInfo> (0x00000000ea4a54a8) 
thrown [s\src\hotspot\share\classfile\systemDictionary.cpp, line 313]
Event: 187.274 Thread 0x00000146b8692500 Exception <a 'java/lang/ClassNotFoundException'{0x00000000ea4aba18}: java/lang/BooleanCustomizer> (0x00000000ea4aba18) 
thrown [s\src\hotspot\share\classfile\systemDictionary.cpp, line 313]
Event: 188.092 Thread 0x00000146b6f0ce40 Exception <a 'java/lang/NoSuchMethodError'{0x00000000eac6adf0}: 'void java.lang.invoke.DirectMethodHandle$Holder.invokeInterface(java.lang.Object, java.lang.Object, java.lang.Object, int)'> (0x00000000eac6adf0) 
thrown [s\src\hotspot\share\interpreter\linkResolver.cpp, line 773]
Event: 188.139 Thread 0x00000146b6f0ce40 Exception <a 'java/lang/IncompatibleClassChangeError'{0x00000000eac6e9d8}: Found class java.lang.Object, but interface was expected> (0x00000000eac6e9d8) 
thrown [s\src\hotspot\share\interpreter\linkResolver.cpp, line 840]
Event: 188.141 Thread 0x00000146b6f0ce40 Exception <a 'java/lang/NoSuchMethodError'{0x00000000eac73138}: 'void java.lang.invoke.DelegatingMethodHandle$Holder.reinvoke_L(java.lang.Object, java.lang.Object, java.lang.Object, int)'> (0x00000000eac73138) 
thrown [s\src\hotspot\share\interpreter\linkResolver.cpp, line 773]
Event: 188.234 Thread 0x00000146b6f0ce40 Exception <a 'sun/nio/fs/WindowsException'{0x00000000ea378258}> (0x00000000ea378258) 
thrown [s\src\hotspot\share\prims\jni.cpp, line 520]
Event: 189.349 Thread 0x00000146b6f0ce40 Exception <a 'java/lang/IncompatibleClassChangeError'{0x00000000ea29de10}: Found class java.lang.Object, but interface was expected> (0x00000000ea29de10) 
thrown [s\src\hotspot\share\interpreter\linkResolver.cpp, line 840]
Event: 189.356 Thread 0x00000146b6f0ce40 Exception <a 'java/lang/IncompatibleClassChangeError'{0x00000000ea29f318}: Found class java.lang.Object, but interface was expected> (0x00000000ea29f318) 
thrown [s\src\hotspot\share\interpreter\linkResolver.cpp, line 840]
Event: 189.727 Thread 0x00000146b6f0ce40 Exception <a 'java/lang/IncompatibleClassChangeError'{0x00000000ea1646b0}: Found class java.lang.Object, but interface was expected> (0x00000000ea1646b0) 
thrown [s\src\hotspot\share\interpreter\linkResolver.cpp, line 840]
Event: 200.918 Thread 0x00000146b6f0ce40 Exception <a 'sun/nio/fs/WindowsException'{0x00000000e955abe0}> (0x00000000e955abe0) 
thrown [s\src\hotspot\share\prims\jni.cpp, line 520]
Event: 201.012 Thread 0x00000146b6f0ce40 Exception <a 'sun/nio/fs/WindowsException'{0x00000000e955c370}> (0x00000000e955c370) 
thrown [s\src\hotspot\share\prims\jni.cpp, line 520]
Event: 201.048 Thread 0x00000146b6f0ce40 Exception <a 'sun/nio/fs/WindowsException'{0x00000000e955daf0}> (0x00000000e955daf0) 
thrown [s\src\hotspot\share\prims\jni.cpp, line 520]
Event: 201.114 Thread 0x00000146b6f0ce40 Exception <a 'sun/nio/fs/WindowsException'{0x00000000e955f250}> (0x00000000e955f250) 
thrown [s\src\hotspot\share\prims\jni.cpp, line 520]
Event: 211.160 Thread 0x00000146b6f0ce40 Exception <a 'java/lang/NoClassDefFoundError'{0x00000000e8dd7868}: org/jetbrains/kotlin/gradle/plugin/KotlinPluginWrapper> (0x00000000e8dd7868) 
thrown [s\src\hotspot\share\oops\constantPool.cpp, line 873]
Event: 211.160 Thread 0x00000146b6f0ce40 Exception <a 'java/lang/NoClassDefFoundError'{0x00000000e8dd9f20}: org/graalvm/buildtools/gradle/NativeImagePlugin> (0x00000000e8dd9f20) 
thrown [s\src\hotspot\share\oops\constantPool.cpp, line 873]
Event: 211.161 Thread 0x00000146b6f0ce40 Exception <a 'java/lang/NoClassDefFoundError'{0x00000000e8ddc5c8}: org/cyclonedx/gradle/CyclonedxPlugin> (0x00000000e8ddc5c8) 
thrown [s\src\hotspot\share\oops\constantPool.cpp, line 873]
Event: 211.161 Thread 0x00000146b6f0ce40 Exception <a 'java/lang/NoClassDefFoundError'{0x00000000e8ddec80}: com/google/protobuf/gradle/ProtobufPlugin> (0x00000000e8ddec80) 
thrown [s\src\hotspot\share\oops\constantPool.cpp, line 873]
Event: 213.709 Thread 0x00000146b6f0ce40 Exception <a 'java/lang/NoSuchMethodError'{0x00000000e8ba8e78}: 'java.lang.Object java.lang.invoke.DirectMethodHandle$Holder.invokeStatic(java.lang.Object, int, java.lang.Object)'> (0x00000000e8ba8e78) 
thrown [s\src\hotspot\share\interpreter\linkResolver.cpp, line 773]

ZGC Phase Switch (0 events):
No events

VM Operations (20 events):
Event: 206.499 Executing safepoint VM operation: Cleanup
Event: 206.499 Executing safepoint VM operation: Cleanup done
Event: 207.507 Executing safepoint VM operation: Cleanup
Event: 207.539 Executing safepoint VM operation: Cleanup done
Event: 208.543 Executing safepoint VM operation: Cleanup
Event: 208.544 Executing safepoint VM operation: Cleanup done
Event: 209.550 Executing safepoint VM operation: Cleanup
Event: 209.550 Executing safepoint VM operation: Cleanup done
Event: 210.557 Executing safepoint VM operation: Cleanup
Event: 210.557 Executing safepoint VM operation: Cleanup done
Event: 211.565 Executing safepoint VM operation: Cleanup
Event: 211.595 Executing safepoint VM operation: Cleanup done
Event: 212.604 Executing safepoint VM operation: Cleanup
Event: 212.619 Executing safepoint VM operation: Cleanup done
Event: 214.634 Executing safepoint VM operation: Cleanup
Event: 214.650 Executing safepoint VM operation: Cleanup done
Event: 215.654 Executing safepoint VM operation: Cleanup
Event: 215.655 Executing safepoint VM operation: Cleanup done
Event: 216.669 Executing safepoint VM operation: Cleanup
Event: 216.670 Executing safepoint VM operation: Cleanup done

Memory protections (0 events):
No events

Nmethod flushes (20 events):
Event: 79.918 Thread 0x000001469cc07520 flushing  nmethod 0x000001468a53a210
Event: 79.918 Thread 0x000001469cc07520 flushing  nmethod 0x000001468a53b390
Event: 79.918 Thread 0x000001469cc07520 flushing  nmethod 0x000001468a53b810
Event: 79.918 Thread 0x000001469cc07520 flushing  nmethod 0x000001468a53f410
Event: 79.918 Thread 0x000001469cc07520 flushing  nmethod 0x000001468a541710
Event: 79.918 Thread 0x000001469cc07520 flushing  nmethod 0x000001468a57f010
Event: 79.918 Thread 0x000001469cc07520 flushing  nmethod 0x000001468a58e090
Event: 79.918 Thread 0x000001469cc07520 flushing  nmethod 0x000001468a591510
Event: 79.918 Thread 0x000001469cc07520 flushing  nmethod 0x000001468a63f490
Event: 79.918 Thread 0x000001469cc07520 flushing  nmethod 0x000001468a662b10
Event: 79.918 Thread 0x000001469cc07520 flushing  nmethod 0x000001468a664710
Event: 79.918 Thread 0x000001469cc07520 flushing  nmethod 0x000001468a666790
Event: 79.918 Thread 0x000001469cc07520 flushing  nmethod 0x000001468a669010
Event: 79.918 Thread 0x000001469cc07520 flushing  nmethod 0x000001468a736e10
Event: 79.918 Thread 0x000001469cc07520 flushing  nmethod 0x000001468a7a3f10
Event: 79.918 Thread 0x000001469cc07520 flushing  nmethod 0x000001468a832190
Event: 79.918 Thread 0x000001469cc07520 flushing  nmethod 0x000001468a834890
Event: 79.918 Thread 0x000001469cc07520 flushing  nmethod 0x000001468a835c90
Event: 79.918 Thread 0x000001469cc07520 flushing  nmethod 0x000001468a836510
Event: 79.918 Thread 0x000001469cc07520 flushing  nmethod 0x000001468a8c2d90

Events (20 events):
Event: 190.779 Thread 0x00000146b705be30 Thread exited: 0x00000146b705be30
Event: 191.750 Thread 0x00000146b664f6b0 Thread added: 0x00000146b96f70f0
Event: 192.114 Thread 0x00000146b664f6b0 Thread added: 0x00000146b96fac00
Event: 192.287 Thread 0x00000146b6f0ce40 Thread added: 0x00000146b96f7780
Event: 192.587 Thread 0x00000146b6f0ce40 Thread added: 0x00000146b96fb290
Event: 192.633 Thread 0x00000146b6f0ce40 Thread added: 0x00000146b96fccd0
Event: 193.801 Thread 0x00000146b6f0ce40 Thread added: 0x00000146b96fc640
Event: 193.987 Thread 0x00000146b6f0ce40 Thread added: 0x00000146b96fb920
Event: 199.133 Thread 0x00000146b6f0ce40 Thread added: 0x00000146b9a7aa20
Event: 200.104 Thread 0x00000146b6f0ce40 Thread added: 0x00000146b9a7b740
Event: 200.330 Thread 0x00000146b6f0ce40 Thread added: 0x00000146b9a7b0b0
Event: 208.158 Thread 0x00000146b6f0ce40 Thread added: 0x00000146b9a7caf0
Event: 208.159 Thread 0x00000146b6f0ce40 Thread added: 0x00000146b9a7d180
Event: 208.160 Thread 0x00000146b6f0ce40 Thread added: 0x00000146b6f0db60
Event: 208.160 Thread 0x00000146b6f0ce40 Thread added: 0x00000146b6f0ba90
Event: 208.160 Thread 0x00000146b6f0ce40 Thread added: 0x00000146b6f0d4d0
Event: 208.161 Thread 0x00000146b6f0ce40 Thread added: 0x00000146bb61d610
Event: 208.161 Thread 0x00000146b6f0ce40 Thread added: 0x00000146bb61f050
Event: 208.557 Thread 0x00000146b6f0ce40 Thread added: 0x00000146bb61cf80
Event: 211.981 Thread 0x00000146b6f0ce40 Thread added: 0x00000146bb61e9c0


Dynamic libraries:
0x00007ff79c7c0000 - 0x00007ff79c7ce000 	C:\Users\isabo\.vscode\extensions\redhat.java-1.56.0-win32-x64\jre\21.0.12.1-win32-x86_64\bin\java.exe
0x00007ffe80b40000 - 0x00007ffe80da7000 	C:\WINDOWS\SYSTEM32\ntdll.dll
0x00007ffe7eb40000 - 0x00007ffe7ec0b000 	C:\WINDOWS\System32\KERNEL32.DLL
0x00007ffe7deb0000 - 0x00007ffe7e2b2000 	C:\WINDOWS\System32\KERNELBASE.dll
0x00007ffe7e2c0000 - 0x00007ffe7e40c000 	C:\WINDOWS\System32\ucrtbase.dll
0x00007ffe17df0000 - 0x00007ffe17e08000 	C:\Users\isabo\.vscode\extensions\redhat.java-1.56.0-win32-x64\jre\21.0.12.1-win32-x86_64\bin\jli.dll
0x00007ffe80380000 - 0x00007ffe8054f000 	C:\WINDOWS\System32\USER32.dll
0x00007ffe7dd40000 - 0x00007ffe7dd67000 	C:\WINDOWS\System32\win32u.dll
0x00007ffe808a0000 - 0x00007ffe808cb000 	C:\WINDOWS\System32\GDI32.dll
0x00007ffe7e4e0000 - 0x00007ffe7e609000 	C:\WINDOWS\System32\gdi32full.dll
0x00007ffe7dd70000 - 0x00007ffe7de13000 	C:\WINDOWS\System32\msvcp_win.dll
0x00007ffe17dd0000 - 0x00007ffe17dee000 	C:\Users\isabo\.vscode\extensions\redhat.java-1.56.0-win32-x64\jre\21.0.12.1-win32-x86_64\bin\VCRUNTIME140.dll
0x00007ffe69240000 - 0x00007ffe694d0000 	C:\WINDOWS\WinSxS\amd64_microsoft.windows.common-controls_6595b64144ccf1df_6.0.26100.9278_none_3e0d1ba8e3303201\COMCTL32.dll
0x00007ffe806e0000 - 0x00007ffe80789000 	C:\WINDOWS\System32\msvcrt.dll
0x00007ffe808d0000 - 0x00007ffe80901000 	C:\WINDOWS\System32\IMM32.DLL
0x00007ffe6a2f0000 - 0x00007ffe6a2fc000 	C:\Users\isabo\.vscode\extensions\redhat.java-1.56.0-win32-x64\jre\21.0.12.1-win32-x86_64\bin\vcruntime140_1.dll
0x00007ffdc5310000 - 0x00007ffdc539d000 	C:\Users\isabo\.vscode\extensions\redhat.java-1.56.0-win32-x64\jre\21.0.12.1-win32-x86_64\bin\msvcp140.dll
0x00007ffda6de0000 - 0x00007ffda7b82000 	C:\Users\isabo\.vscode\extensions\redhat.java-1.56.0-win32-x64\jre\21.0.12.1-win32-x86_64\bin\server\jvm.dll
0x00007ffe80160000 - 0x00007ffe8021c000 	C:\WINDOWS\System32\ADVAPI32.dll
0x00007ffe7ec10000 - 0x00007ffe7ecb9000 	C:\WINDOWS\System32\sechost.dll
0x00007ffe7ecc0000 - 0x00007ffe7edd8000 	C:\WINDOWS\System32\RPCRT4.dll
0x00007ffe80a70000 - 0x00007ffe80af0000 	C:\WINDOWS\System32\WS2_32.dll
0x00007ffe7dbc0000 - 0x00007ffe7dc1e000 	C:\WINDOWS\SYSTEM32\POWRPROF.dll
0x00007ffe6b6a0000 - 0x00007ffe6b6d6000 	C:\WINDOWS\SYSTEM32\WINMM.dll
0x00007ffe74070000 - 0x00007ffe7407b000 	C:\WINDOWS\SYSTEM32\VERSION.dll
0x00007ffe7dba0000 - 0x00007ffe7dbb5000 	C:\WINDOWS\SYSTEM32\UMPDC.dll
0x00007ffe7c9d0000 - 0x00007ffe7c9eb000 	C:\WINDOWS\SYSTEM32\kernel.appcore.dll
0x00007ffe1f940000 - 0x00007ffe1f94a000 	C:\Users\isabo\.vscode\extensions\redhat.java-1.56.0-win32-x64\jre\21.0.12.1-win32-x86_64\bin\jimage.dll
0x00007ffe7b430000 - 0x00007ffe7b67c000 	C:\WINDOWS\SYSTEM32\DBGHELP.DLL
0x00007ffe7fd40000 - 0x00007ffe800c5000 	C:\WINDOWS\System32\combase.dll
0x00007ffe7f2c0000 - 0x00007ffe7f399000 	C:\WINDOWS\System32\OLEAUT32.dll
0x00007ffe695c0000 - 0x00007ffe695fb000 	C:\WINDOWS\SYSTEM32\dbgcore.DLL
0x00007ffe7e420000 - 0x00007ffe7e4cc000 	C:\WINDOWS\System32\bcryptPrimitives.dll
0x00007ffdea9c0000 - 0x00007ffdea9cf000 	C:\Users\isabo\.vscode\extensions\redhat.java-1.56.0-win32-x64\jre\21.0.12.1-win32-x86_64\bin\instrument.dll
0x00007ffe17db0000 - 0x00007ffe17dd0000 	C:\Users\isabo\.vscode\extensions\redhat.java-1.56.0-win32-x64\jre\21.0.12.1-win32-x86_64\bin\java.dll
0x00007ffe7f580000 - 0x00007ffe7fd18000 	C:\WINDOWS\System32\SHELL32.dll
0x00007ffe7b780000 - 0x00007ffe7c02e000 	C:\WINDOWS\SYSTEM32\windows.storage.dll
0x00007ffe80910000 - 0x00007ffe80a0b000 	C:\WINDOWS\System32\SHCORE.dll
0x00007ffe80790000 - 0x00007ffe807f6000 	C:\WINDOWS\System32\shlwapi.dll
0x00007ffe7dc60000 - 0x00007ffe7dc89000 	C:\WINDOWS\SYSTEM32\profapi.dll
0x00007ffe17d90000 - 0x00007ffe17da8000 	C:\Users\isabo\.vscode\extensions\redhat.java-1.56.0-win32-x64\jre\21.0.12.1-win32-x86_64\bin\zip.dll
0x00007ffe19a00000 - 0x00007ffe19a10000 	C:\Users\isabo\.vscode\extensions\redhat.java-1.56.0-win32-x64\jre\21.0.12.1-win32-x86_64\bin\net.dll
0x00007ffe703d0000 - 0x00007ffe704fa000 	C:\WINDOWS\SYSTEM32\WINHTTP.dll
0x00007ffe7cf70000 - 0x00007ffe7cfdc000 	C:\WINDOWS\system32\mswsock.dll
0x00007ffe17d70000 - 0x00007ffe17d86000 	C:\Users\isabo\.vscode\extensions\redhat.java-1.56.0-win32-x64\jre\21.0.12.1-win32-x86_64\bin\nio.dll
0x00007ffe0ec20000 - 0x00007ffe0ec30000 	C:\Users\isabo\.vscode\extensions\redhat.java-1.56.0-win32-x64\jre\21.0.12.1-win32-x86_64\bin\verify.dll
0x00007ffdb4a60000 - 0x00007ffdb4a87000 	C:\Users\isabo\.gradle\native\660c5614fbf4a5f2a75b1949f50a0caf5cd603558e7d8a26e50b933a0cfb79d1\windows-amd64\native-platform.dll
0x00007ffdb3e60000 - 0x00007ffdb3ed7000 	C:\Users\isabo\.gradle\native\0.2.8\x86_64-windows-gnu\gradle-fileevents.dll
0x00007ffe06240000 - 0x00007ffe0624a000 	C:\Users\isabo\.vscode\extensions\redhat.java-1.56.0-win32-x64\jre\21.0.12.1-win32-x86_64\bin\management.dll
0x00007ffdec000000 - 0x00007ffdec00c000 	C:\Users\isabo\.vscode\extensions\redhat.java-1.56.0-win32-x64\jre\21.0.12.1-win32-x86_64\bin\management_ext.dll
0x00007ffe800d0000 - 0x00007ffe800d8000 	C:\WINDOWS\System32\PSAPI.DLL
0x00007ffe7c380000 - 0x00007ffe7c3b3000 	C:\WINDOWS\SYSTEM32\IPHLPAPI.DLL
0x00007ffe80890000 - 0x00007ffe8089a000 	C:\WINDOWS\System32\NSI.dll
0x00007ffdeaf70000 - 0x00007ffdeaf79000 	C:\Users\isabo\.vscode\extensions\redhat.java-1.56.0-win32-x64\jre\21.0.12.1-win32-x86_64\bin\extnet.dll
0x00007ffe7d390000 - 0x00007ffe7d3ab000 	C:\WINDOWS\SYSTEM32\CRYPTSP.dll
0x00007ffe7c930000 - 0x00007ffe7c969000 	C:\WINDOWS\system32\rsaenh.dll
0x00007ffe7d020000 - 0x00007ffe7d054000 	C:\WINDOWS\SYSTEM32\USERENV.dll
0x00007ffe7dc30000 - 0x00007ffe7dc5a000 	C:\WINDOWS\SYSTEM32\bcrypt.dll
0x00007ffe7d360000 - 0x00007ffe7d36c000 	C:\WINDOWS\SYSTEM32\CRYPTBASE.dll
0x00007ffde88f0000 - 0x00007ffde88fe000 	C:\Users\isabo\.vscode\extensions\redhat.java-1.56.0-win32-x64\jre\21.0.12.1-win32-x86_64\bin\sunmscapi.dll
0x00007ffe7e6d0000 - 0x00007ffe7e84e000 	C:\WINDOWS\System32\CRYPT32.dll
0x00007ffe7d500000 - 0x00007ffe7d530000 	C:\WINDOWS\SYSTEM32\ncrypt.dll
0x00007ffe7d4b0000 - 0x00007ffe7d4ef000 	C:\WINDOWS\SYSTEM32\NTASN1.dll
0x00007ffe4ab20000 - 0x00007ffe4ab28000 	C:\WINDOWS\system32\wshunix.dll

JVMTI agents:
C:\Users\isabo\.gradle\wrapper\dists\gradle-9.5.1-bin\iq79hdu3mqx29lgffhp8bfmx\gradle-9.5.1\lib\agents\gradle-instrumentation-agent-9.5.1.jar path:C:\Users\isabo\.vscode\extensions\redhat.java-1.56.0-win32-x64\jre\21.0.12.1-win32-x86_64\bin\instrument.dll, loaded, initialized, instrumentlib options:none

dbghelp: loaded successfully - version: 4.0.5 - missing functions: none
symbol engine: initialized successfully - sym options: 0x614 - pdb path: .;C:\Users\isabo\.vscode\extensions\redhat.java-1.56.0-win32-x64\jre\21.0.12.1-win32-x86_64\bin;C:\WINDOWS\SYSTEM32;C:\WINDOWS\WinSxS\amd64_microsoft.windows.common-controls_6595b64144ccf1df_6.0.26100.9278_none_3e0d1ba8e3303201;C:\Users\isabo\.vscode\extensions\redhat.java-1.56.0-win32-x64\jre\21.0.12.1-win32-x86_64\bin\server;C:\Users\isabo\.gradle\native\660c5614fbf4a5f2a75b1949f50a0caf5cd603558e7d8a26e50b933a0cfb79d1\windows-amd64;C:\Users\isabo\.gradle\native\0.2.8\x86_64-windows-gnu

VM Arguments:
jvm_args: --add-opens=java.base/java.lang=ALL-UNNAMED --add-opens=java.base/java.lang.invoke=ALL-UNNAMED --add-opens=java.base/java.util=ALL-UNNAMED --add-opens=java.prefs/java.util.prefs=ALL-UNNAMED --add-exports=jdk.compiler/com.sun.tools.javac.api=ALL-UNNAMED --add-exports=jdk.compiler/com.sun.tools.javac.util=ALL-UNNAMED --add-opens=java.base/java.nio.charset=ALL-UNNAMED --add-opens=java.base/java.net=ALL-UNNAMED --add-opens=java.base/java.util.concurrent=ALL-UNNAMED --add-opens=java.base/java.util.concurrent.atomic=ALL-UNNAMED --add-opens=java.xml/javax.xml.namespace=ALL-UNNAMED --add-opens=java.base/java.time=ALL-UNNAMED -XX:MaxMetaspaceSize=384m -XX:+HeapDumpOnOutOfMemoryError -Xms256m -Xmx512m -Dfile.encoding=UTF-8 -Duser.country=ES -Duser.language=es -Duser.variant -javaagent:C:\Users\isabo\.gradle\wrapper\dists\gradle-9.5.1-bin\iq79hdu3mqx29lgffhp8bfmx\gradle-9.5.1\lib\agents\gradle-instrumentation-agent-9.5.1.jar 
java_command: org.gradle.launcher.daemon.bootstrap.GradleDaemon 9.5.1
java_class_path (initial): C:\Users\isabo\.gradle\wrapper\dists\gradle-9.5.1-bin\iq79hdu3mqx29lgffhp8bfmx\gradle-9.5.1\lib\gradle-daemon-main-9.5.1.jar
Launcher Type: SUN_STANDARD

[Global flags]
     intx CICompilerCount                          = 4                                         {product} {ergonomic}
   size_t CompressedClassSpaceSize                 = 335544320                                 {product} {ergonomic}
     uint ConcGCThreads                            = 2                                         {product} {ergonomic}
     uint G1ConcRefinementThreads                  = 8                                         {product} {ergonomic}
   size_t G1HeapRegionSize                         = 1048576                                   {product} {ergonomic}
    uintx GCDrainStackTargetSize                   = 64                                        {product} {ergonomic}
     bool HeapDumpOnOutOfMemoryError               = true                                   {manageable} {command line}
   size_t InitialHeapSize                          = 268435456                                 {product} {command line}
   size_t MarkStackSize                            = 4194304                                   {product} {ergonomic}
   size_t MaxHeapSize                              = 536870912                                 {product} {command line}
   size_t MaxMetaspaceSize                         = 402653184                                 {product} {command line}
   size_t MaxNewSize                               = 321912832                                 {product} {ergonomic}
   size_t MinHeapDeltaBytes                        = 1048576                                   {product} {ergonomic}
   size_t MinHeapSize                              = 268435456                                 {product} {command line}
    uintx NonNMethodCodeHeapSize                   = 5839372                                {pd product} {ergonomic}
    uintx NonProfiledCodeHeapSize                  = 122909434                              {pd product} {ergonomic}
    uintx ProfiledCodeHeapSize                     = 122909434                              {pd product} {ergonomic}
    uintx ReservedCodeCacheSize                    = 251658240                              {pd product} {ergonomic}
     bool SegmentedCodeCache                       = true                                      {product} {ergonomic}
   size_t SoftMaxHeapSize                          = 536870912                              {manageable} {ergonomic}
     bool UseCompressedOops                        = true                           {product lp64_product} {ergonomic}
     bool UseG1GC                                  = true                                      {product} {ergonomic}
     bool UseLargePagesIndividualAllocation        = false                                  {pd product} {ergonomic}

Logging:
Log output configuration:
 #0: stdout all=warning uptime,level,tags foldmultilines=false
 #1: stderr all=off uptime,level,tags foldmultilines=false

Release file:
JAVA_VERSION="21.0.12.1" 
MODULES="java.base java.compiler java.datatransfer java.xml java.prefs java.desktop java.instrument java.logging java.management java.security.sasl java.naming java.rmi java.management.rmi java.net.http java.scripting java.security.jgss java.transaction.xa java.sql java.sql.rowset java.xml.crypto java.se java.smartcardio jdk.accessibility jdk.internal.jvmstat jdk.attach jdk.charsets jdk.internal.opt jdk.zipfs jdk.compiler jdk.crypto.ec jdk.crypto.cryptoki jdk.crypto.mscapi jdk.dynalink jdk.internal.ed jdk.editpad jdk.hotspot.agent jdk.httpserver jdk.internal.le jdk.internal.vm.ci jdk.internal.vm.compiler jdk.internal.vm.compiler.management jdk.jartool jdk.javadoc jdk.jcmd jdk.management jdk.management.agent jdk.jconsole jdk.jdeps jdk.jdwp.agent jdk.jdi jdk.jfr jdk.jshell jdk.jsobject jdk.jstatd jdk.localedata jdk.management.jfr jdk.naming.dns jdk.naming.rmi jdk.net jdk.nio.mapmode jdk.random jdk.sctp jdk.security.auth jdk.security.jgss jdk.unsupported jdk.unsupported.desktop jdk.xml.dom" 

Environment Variables:
JAVA_HOME=C:\Program Files (x86)\Java\jdk-21.0.2
PATH=C:\Python312\Scripts\;C:\Python312\;C:\Program Files\Common Files\Oracle\Java\javapath;C:\Program Files (x86)\Common Files\Oracle\Java\java8path;C:\Program Files (x86)\VMware\VMware Player\bin\;C:\WINDOWS\system32;C:\WINDOWS;C:\WINDOWS\System32\Wbem;C:\WINDOWS\System32\WindowsPowerShell\v1.0\;C:\WINDOWS\System32\OpenSSH\;C:\Program Files (x86)\Bitvise SSH Client;C:\Program Files\PuTTY\;C:\Kubernetes;C:\programacion\apache-maven-3.8.3\bin;C:\programacion\apache-ant-1.10.11-bin\apache-ant-1.10.11\bin;C:\Program Files (x86)\dotnet\;C:\Program Files\dotnet\;C:\Program Files\OpenVPN\bin;C:\programacion\gradle\bin;C:\programacion\kubectl;C:\Program Files\MySQL\MySQL Server 8.0\bin;C:\programacion\helm\windows-amd64;C:\Program Files\Java\jdk-17.0.2\bin;C:\Program Files\nodejs\;C:\ProgramData\chocolatey\bin;C:\Program Files\AutoFirma\AutoFirma;C:\programacion\Artemis\apache-artemis-2.32.0\bin;C:\Program Files\PostgreSQL\16\bin;C:\tools\gsudo\Current;C:\Program Files\Docker\Docker\resources\bin;C:\texlive\2026\bin\windows;C:\programacion\node\node_modules\npm\bin;C:\Users\isabo\.jbang\bin;C:\Program Files\Ruby31-x64\bin;C:\Users\isabo\AppData\Local\Microsoft\WindowsApps;C:\Users\isabo\AppData\Local\Programs\Git\cmd;C:\Users\isabo\AppData\Local\Programs\Microsoft VS Code\bin;C:\Users\isabo\AppData\Local\Microsoft\WinGet\Packages\cURL.cURL_Microsoft.Winget.Source_8wekyb3d8bbwe\curl-8.4.0_3-win64-mingw\bin;C:\Users\isabo\AppData\Roaming\npm;C:\texlive\2026\bin\windows
USERNAME=isabo
OS=Windows_NT
PROCESSOR_IDENTIFIER=Intel64 Family 6 Model 126 Stepping 5, GenuineIntel
TMP=C:\Users\isabo\AppData\Local\Temp
TEMP=C:\Users\isabo\AppData\Local\Temp




Periodic native trim disabled

---------------  S Y S T E M  ---------------

OS:
 Windows 11 , 64 bit Build 26100 (10.0.26100.9444)
OS uptime: 5 days 4:11 hours
Hyper-V role detected

CPU: total 8 (initial active 8) (4 cores per cpu, 2 threads per core) family 6 model 126 stepping 5 microcode 0x86, cx8, cmov, fxsr, ht, mmx, 3dnowpref, sse, sse2, sse3, ssse3, sse4.1, sse4.2, popcnt, lzcnt, tsc, tscinvbit, avx, avx2, aes, erms, clmul, bmi1, bmi2, adx, avx512f, avx512dq, avx512cd, avx512bw, avx512vl, sha, fma, vzeroupper, avx512_vpopcntdq, avx512_vpclmulqdq, avx512_vaes, avx512_vnni, clflush, clflushopt, avx512_vbmi2, avx512_vbmi, hv, rdtscp, rdpid, fsrm, gfni, avx512_bitalg, f16c, avx512_ifma
Processor Information for the first 8 processors :
  Max Mhz: 1190, Current Mhz: 991, Mhz Limit: 987

Memory: 4k page, system-wide physical 7948M (204M free)
TotalPageFile size 32524M (AvailPageFile size 588M)
current process WorkingSet (physical memory assigned to process): 155M, peak: 218M
current process commit charge ("private bytes"): 497M, peak: 500M

vm_info: OpenJDK 64-Bit Server VM (21.0.12.1+1-LTS) for windows-amd64 JRE (21.0.12.1+1-LTS), built on 2026-08-18T00:00:00Z by "admin" with MS VC++ 17.12 (VS2022)

END.
