#
# There is insufficient memory for the Java Runtime Environment to continue.
# Native memory allocation (malloc) failed to allocate 32744 bytes. Error detail: Chunk::new
# Possible reasons:
#   The system is out of physical RAM or swap space
#   This process is running with CompressedOops enabled, and the Java Heap may be blocking the growth of the native heap
# Possible solutions:
#   Reduce memory load on the system
#   Increase physical memory or swap space
#   Check if swap backing store is full
#   Decrease Java heap size (-Xmx/-Xms)
#   Decrease number of Java threads
#   Decrease Java thread stack sizes (-Xss)
#   Set larger code cache with -XX:ReservedCodeCacheSize=
#   JVM is running with Unscaled Compressed Oops mode in which the Java heap is
#     placed in the first 4GB address space. The Java Heap base address is the
#     maximum limit for the native heap growth. Please use -XX:HeapBaseMinAddress
#     to set the Java Heap base and to place the Java Heap above 4GB virtual address.
# This output file may be truncated or incomplete.
#
#  Out of Memory Error (arena.cpp:168), pid=50864, tid=63364
#
# JRE version: OpenJDK Runtime Environment Temurin-21.0.12.1+1 (21.0.12.1+1) (build 21.0.12.1+1-LTS)
# Java VM: OpenJDK 64-Bit Server VM Temurin-21.0.12.1+1 (21.0.12.1+1-LTS, mixed mode, sharing, tiered, compressed oops, compressed class ptrs, g1 gc, windows-amd64)
# No core dump will be written. Minidumps are not enabled by default on client versions of Windows
#

---------------  S U M M A R Y ------------

Command Line: --add-opens=java.base/java.lang=ALL-UNNAMED --add-opens=java.base/java.lang.invoke=ALL-UNNAMED --add-opens=java.base/java.util=ALL-UNNAMED --add-opens=java.prefs/java.util.prefs=ALL-UNNAMED --add-exports=jdk.compiler/com.sun.tools.javac.api=ALL-UNNAMED --add-exports=jdk.compiler/com.sun.tools.javac.util=ALL-UNNAMED --add-opens=java.base/java.nio.charset=ALL-UNNAMED --add-opens=java.base/java.net=ALL-UNNAMED --add-opens=java.base/java.util.concurrent=ALL-UNNAMED --add-opens=java.base/java.util.concurrent.atomic=ALL-UNNAMED --add-opens=java.xml/javax.xml.namespace=ALL-UNNAMED --add-opens=java.base/java.time=ALL-UNNAMED -XX:MaxMetaspaceSize=384m -XX:+HeapDumpOnOutOfMemoryError -Xms256m -Xmx512m -Dfile.encoding=UTF-8 -Duser.country=ES -Duser.language=es -Duser.variant -javaagent:C:\Users\isabo\.gradle\wrapper\dists\gradle-9.5.1-bin\iq79hdu3mqx29lgffhp8bfmx\gradle-9.5.1\lib\agents\gradle-instrumentation-agent-9.5.1.jar org.gradle.launcher.daemon.bootstrap.GradleDaemon 9.5.1

Host: Intel(R) Core(TM) i5-1035G1 CPU @ 1.00GHz, 8 cores, 7G,  Windows 11 , 64 bit Build 26100 (10.0.26100.9444)
Time: Tue Sep 15 13:22:08 2026 Hora de verano romance elapsed time: 46.232155 seconds (0d 0h 0m 46s)

---------------  T H R E A D  ---------------

Current thread (0x0000029ce90756e0):  JavaThread "C2 CompilerThread0" daemon [_thread_in_native, id=63364, stack(0x000000c1bc600000,0x000000c1bc700000) (1024K)]


Current CompileTask:
C2:46232 4389   !   4       java.lang.ClassLoader::loadClass (121 bytes)

Stack: [0x000000c1bc600000,0x000000c1bc700000]
Native frames: (J=compiled Java code, j=interpreted, Vv=VM code, C=native code)
V  [jvm.dll+0x6d83e9]
V  [jvm.dll+0x8b5736]
V  [jvm.dll+0x8b7cee]
V  [jvm.dll+0x8b83d3]
V  [jvm.dll+0x284596]
V  [jvm.dll+0xc685d]
V  [jvm.dll+0xc6da1]
V  [jvm.dll+0x3c4bfd]
V  [jvm.dll+0x3c4211]
V  [jvm.dll+0x3c4254]
V  [jvm.dll+0x5df3e6]
V  [jvm.dll+0x5dfb0c]
V  [jvm.dll+0x38b701]
V  [jvm.dll+0x38ab1a]
V  [jvm.dll+0x24c700]
V  [jvm.dll+0x24bce0]
V  [jvm.dll+0x1cb4ae]
V  [jvm.dll+0x25baad]
V  [jvm.dll+0x25a03a]
V  [jvm.dll+0x3f8aae]
V  [jvm.dll+0x8600cd]
V  [jvm.dll+0x6d6c1d]
C  [ucrtbase.dll+0x2cd30]
C  [KERNEL32.DLL+0x2cd87]
C  [ntdll.dll+0xacaec]


---------------  P R O C E S S  ---------------

Threads class SMR info:
_java_thread_list=0x0000029c854618d0, length=36, elements={
0x0000029cd36b1570, 0x0000029ce906a4e0, 0x0000029ce906bc60, 0x0000029ce906e7d0,
0x0000029ce9072480, 0x0000029ce9072ee0, 0x0000029ce9074950, 0x0000029ce90756e0,
0x0000029ce907c1e0, 0x0000029ce9269f10, 0x0000029ce934c8b0, 0x0000029ce97c64c0,
0x0000029cff5e8e20, 0x0000029ce99dd010, 0x0000029ce9a8acb0, 0x0000029ce91aeff0,
0x0000029ce91af680, 0x0000029ce91b1de0, 0x0000029ce91b1750, 0x0000029ce91b2470,
0x0000029ce91afd10, 0x0000029ce91b03a0, 0x0000029ce91b0a30, 0x0000029ce91b10c0,
0x0000029c8528a190, 0x0000029c85289b00, 0x0000029c852880c0, 0x0000029c8528c8f0,
0x0000029c85289470, 0x0000029c8528c260, 0x0000029c8528a820, 0x0000029c8528bbd0,
0x0000029c8528e330, 0x0000029c8528d610, 0x0000029c8528dca0, 0x0000029c8528aeb0
}

Java Threads: ( => current thread )
  0x0000029cd36b1570 JavaThread "main"                              [_thread_blocked, id=17436, stack(0x000000c1bb800000,0x000000c1bb900000) (1024K)]
  0x0000029ce906a4e0 JavaThread "Reference Handler"          daemon [_thread_blocked, id=77476, stack(0x000000c1bc000000,0x000000c1bc100000) (1024K)]
  0x0000029ce906bc60 JavaThread "Finalizer"                  daemon [_thread_blocked, id=20044, stack(0x000000c1bc100000,0x000000c1bc200000) (1024K)]
  0x0000029ce906e7d0 JavaThread "Signal Dispatcher"          daemon [_thread_blocked, id=17464, stack(0x000000c1bc200000,0x000000c1bc300000) (1024K)]
  0x0000029ce9072480 JavaThread "Attach Listener"            daemon [_thread_blocked, id=28056, stack(0x000000c1bc300000,0x000000c1bc400000) (1024K)]
  0x0000029ce9072ee0 JavaThread "Service Thread"             daemon [_thread_blocked, id=52324, stack(0x000000c1bc400000,0x000000c1bc500000) (1024K)]
  0x0000029ce9074950 JavaThread "Monitor Deflation Thread"   daemon [_thread_blocked, id=22364, stack(0x000000c1bc500000,0x000000c1bc600000) (1024K)]
=>0x0000029ce90756e0 JavaThread "C2 CompilerThread0"         daemon [_thread_in_native, id=63364, stack(0x000000c1bc600000,0x000000c1bc700000) (1024K)]
  0x0000029ce907c1e0 JavaThread "C1 CompilerThread0"         daemon [_thread_blocked, id=2732, stack(0x000000c1bc700000,0x000000c1bc800000) (1024K)]
  0x0000029ce9269f10 JavaThread "Common-Cleaner"             daemon [_thread_blocked, id=38928, stack(0x000000c1bc800000,0x000000c1bc900000) (1024K)]
  0x0000029ce934c8b0 JavaThread "Notification Thread"        daemon [_thread_blocked, id=50360, stack(0x000000c1bc900000,0x000000c1bca00000) (1024K)]
  0x0000029ce97c64c0 JavaThread "Daemon health stats"               [_thread_blocked, id=31384, stack(0x000000c1bcf00000,0x000000c1bd000000) (1024K)]
  0x0000029cff5e8e20 JavaThread "Incoming local TCP Connector on port 33315"        [_thread_in_native, id=13528, stack(0x000000c1bd000000,0x000000c1bd100000) (1024K)]
  0x0000029ce99dd010 JavaThread "Daemon periodic checks"            [_thread_in_native, id=19316, stack(0x000000c1bd100000,0x000000c1bd200000) (1024K)]
  0x0000029ce9a8acb0 JavaThread "Daemon"                            [_thread_blocked, id=57212, stack(0x000000c1bd200000,0x000000c1bd300000) (1024K)]
  0x0000029ce91aeff0 JavaThread "Daemon worker"                     [_thread_in_vm, id=60712, stack(0x000000c1bd500000,0x000000c1bd600000) (1024K)]
  0x0000029ce91af680 JavaThread "Daemon Thread 2"                   [_thread_blocked, id=18640, stack(0x000000c1bd600000,0x000000c1bd700000) (1024K)]
  0x0000029ce91b1de0 JavaThread "Handler for socket connection from /127.0.0.1:33315 to /127.0.0.1:33335"        [_thread_in_native, id=25332, stack(0x000000c1bd300000,0x000000c1bd400000) (1024K)]
  0x0000029ce91b1750 JavaThread "Cancel handler"                    [_thread_blocked, id=14968, stack(0x000000c1bd400000,0x000000c1bd500000) (1024K)]
  0x0000029ce91b2470 JavaThread "Asynchronous log dispatcher for DefaultDaemonConnection: socket connection from /127.0.0.1:33315 to /127.0.0.1:33335"        [_thread_blocked, id=34764, stack(0x000000c1bd700000,0x000000c1bd800000) (1024K)]
  0x0000029ce91afd10 JavaThread "Stdin handler"                     [_thread_blocked, id=57436, stack(0x000000c1bd800000,0x000000c1bd900000) (1024K)]
  0x0000029ce91b03a0 JavaThread "Daemon client event forwarder"        [_thread_blocked, id=18972, stack(0x000000c1bd900000,0x000000c1bda00000) (1024K)]
  0x0000029ce91b0a30 JavaThread "Cache worker for journal cache (C:\Users\isabo\.gradle\caches\journal-1)"        [_thread_blocked, id=44528, stack(0x000000c1bda00000,0x000000c1bdb00000) (1024K)]
  0x0000029ce91b10c0 JavaThread "File lock request listener"        [_thread_in_native, id=51116, stack(0x000000c1bdb00000,0x000000c1bdc00000) (1024K)]
  0x0000029c8528a190 JavaThread "Cache worker for file hash cache (C:\Users\isabo\.gradle\caches\9.5.1\fileHashes)"        [_thread_blocked, id=57704, stack(0x000000c1bdc00000,0x000000c1bdd00000) (1024K)]
  0x0000029c85289b00 JavaThread "File lock release action executor"        [_thread_blocked, id=52700, stack(0x000000c1bdd00000,0x000000c1bde00000) (1024K)]
  0x0000029c852880c0 JavaThread "Cache worker for file hash cache (C:\Users\isabo\git\IntegralSkin\TaskPerformer\task-performer\.gradle\9.5.1\fileHashes)"        [_thread_blocked, id=11060, stack(0x000000c1bb500000,0x000000c1bb600000) (1024K)]
  0x0000029c8528c8f0 JavaThread "Cache worker for Build Output Cleanup Cache (C:\Users\isabo\git\IntegralSkin\TaskPerformer\task-performer\.gradle\buildOutputCleanup)"        [_thread_blocked, id=36676, stack(0x000000c1be100000,0x000000c1be200000) (1024K)]
  0x0000029c85289470 JavaThread "File watcher server"        daemon [_thread_in_native, id=47752, stack(0x000000c1be200000,0x000000c1be300000) (1024K)]
  0x0000029c8528c260 JavaThread "File watcher consumer"      daemon [_thread_blocked, id=75684, stack(0x000000c1be300000,0x000000c1be400000) (1024K)]
  0x0000029c8528a820 JavaThread "Cache worker for file content cache (C:\Users\isabo\.gradle\caches\9.5.1\fileContent)"        [_thread_blocked, id=52048, stack(0x000000c1be400000,0x000000c1be500000) (1024K)]
  0x0000029c8528bbd0 JavaThread "Cache worker for checksums cache (C:\Users\isabo\git\IntegralSkin\TaskPerformer\task-performer\.gradle\9.5.1\checksums)"        [_thread_blocked, id=38200, stack(0x000000c1be500000,0x000000c1be600000) (1024K)]
  0x0000029c8528e330 JavaThread "Cache worker for cache directory md-supplier (C:\Users\isabo\.gradle\caches\9.5.1\md-supplier)"        [_thread_blocked, id=80288, stack(0x000000c1be600000,0x000000c1be700000) (1024K)]
  0x0000029c8528d610 JavaThread "Cache worker for cache directory md-rule (C:\Users\isabo\.gradle\caches\9.5.1\md-rule)"        [_thread_blocked, id=34100, stack(0x000000c1be700000,0x000000c1be800000) (1024K)]
  0x0000029c8528dca0 JavaThread "jar transforms"                    [_thread_blocked, id=6344, stack(0x000000c1be800000,0x000000c1be900000) (1024K)]
  0x0000029c8528aeb0 JavaThread "jar transforms Thread 2"           [_thread_blocked, id=13212, stack(0x000000c1be900000,0x000000c1bea00000) (1024K)]
Total: 36

Other Threads:
  0x0000029ce9047b70 VMThread "VM Thread"                           [id=1096, stack(0x000000c1bbf00000,0x000000c1bc000000) (1024K)]
  0x0000029ce9039540 WatcherThread "VM Periodic Task Thread"        [id=53724, stack(0x000000c1bbe00000,0x000000c1bbf00000) (1024K)]
  0x0000029cd36de3a0 WorkerThread "GC Thread#0"                     [id=27536, stack(0x000000c1bb900000,0x000000c1bba00000) (1024K)]
  0x0000029ce9805af0 WorkerThread "GC Thread#1"                     [id=53768, stack(0x000000c1bca00000,0x000000c1bcb00000) (1024K)]
  0x0000029ce9805ea0 WorkerThread "GC Thread#2"                     [id=27156, stack(0x000000c1bcb00000,0x000000c1bcc00000) (1024K)]
  0x0000029ce9806250 WorkerThread "GC Thread#3"                     [id=62720, stack(0x000000c1bcc00000,0x000000c1bcd00000) (1024K)]
  0x0000029cff520ec0 WorkerThread "GC Thread#4"                     [id=25192, stack(0x000000c1bcd00000,0x000000c1bce00000) (1024K)]
  0x0000029cff521270 WorkerThread "GC Thread#5"                     [id=12552, stack(0x000000c1bce00000,0x000000c1bcf00000) (1024K)]
  0x0000029ce9247990 WorkerThread "GC Thread#6"                     [id=33692, stack(0x000000c1bde00000,0x000000c1bdf00000) (1024K)]
  0x0000029ce92480f0 WorkerThread "GC Thread#7"                     [id=16712, stack(0x000000c1bdf00000,0x000000c1be000000) (1024K)]
  0x0000029cd36e42b0 ConcurrentGCThread "G1 Main Marker"            [id=61752, stack(0x000000c1bba00000,0x000000c1bbb00000) (1024K)]
  0x0000029cd36e4cd0 WorkerThread "G1 Conc#0"                       [id=23112, stack(0x000000c1bbb00000,0x000000c1bbc00000) (1024K)]
  0x0000029c853ab0e0 WorkerThread "G1 Conc#1"                       [id=20760, stack(0x000000c1be000000,0x000000c1be100000) (1024K)]
  0x0000029cd376e650 ConcurrentGCThread "G1 Refine#0"               [id=2556, stack(0x000000c1bbc00000,0x000000c1bbd00000) (1024K)]
  0x0000029ce8f091e0 ConcurrentGCThread "G1 Service"                [id=24488, stack(0x000000c1bbd00000,0x000000c1bbe00000) (1024K)]
Total: 15

Threads with active compile tasks:
C2 CompilerThread0  46299 4389   !   4       java.lang.ClassLoader::loadClass (121 bytes)
Total: 1

VM state: not at safepoint (normal execution)

VM Mutex/Monitor currently owned by a thread: None

Heap address: 0x00000000e0000000, size: 512 MB, Compressed Oops mode: 32-bit

CDS archive(s) mapped at: [0x0000029cea000000-0x0000029ceaba0000-0x0000029ceaba0000), size 12189696, SharedBaseAddress: 0x0000029cea000000, ArchiveRelocationMode: 1.
Compressed class space mapped at: 0x0000029ceb000000-0x0000029cff000000, reserved size: 335544320
Narrow klass base: 0x0000029cea000000, Narrow klass shift: 0, Narrow klass range: 0x100000000

GC Precious Log:
 CardTable entry size: 512
 Card Set container configuration: InlinePtr #cards 5 size 8 Array Of Cards #cards 12 size 40 Howl #buckets 4 coarsen threshold 1843 Howl Bitmap #cards 512 size 80 coarsen threshold 460 Card regions per heap region 1 cards per card region 2048
 CPUs: 8 total, 8 available
 Memory: 7948M
 Large Page Support: Disabled
 NUMA Support: Disabled
 Compressed Oops: Enabled (32-bit)
 Heap Region Size: 1M
 Heap Min Capacity: 256M
 Heap Initial Capacity: 256M
 Heap Max Capacity: 512M
 Pre-touch: Disabled
 Parallel Workers: 8
 Concurrent Workers: 2
 Concurrent Refinement Workers: 8
 Periodic GC: Disabled

Heap:
 garbage-first heap   total 262144K, used 46416K [0x00000000e0000000, 0x0000000100000000)
  region size 1024K, 24 young (24576K), 6 survivors (6144K)
 Metaspace       used 37854K, committed 39232K, reserved 393216K
  class space    used 5419K, committed 6080K, reserved 327680K

Heap Regions: E=young(eden), S=young(survivor), O=old, HS=humongous(starts), HC=humongous(continues), CS=collection set, F=free, TAMS=top-at-mark-start, PB=parsable bottom
|   0|0x00000000e0000000, 0x00000000e0100000, 0x00000000e0100000|100%|HS|  |TAMS 0x00000000e0000000| PB 0x00000000e0000000| Complete 
|   1|0x00000000e0100000, 0x00000000e0200000, 0x00000000e0200000|100%|HC|  |TAMS 0x00000000e0100000| PB 0x00000000e0100000| Complete 
|   2|0x00000000e0200000, 0x00000000e0300000, 0x00000000e0300000|100%|HC|  |TAMS 0x00000000e0200000| PB 0x00000000e0200000| Complete 
|   3|0x00000000e0300000, 0x00000000e0400000, 0x00000000e0400000|100%|HC|  |TAMS 0x00000000e0300000| PB 0x00000000e0300000| Complete 
|   4|0x00000000e0400000, 0x00000000e0500000, 0x00000000e0500000|100%| O|  |TAMS 0x00000000e0400000| PB 0x00000000e0400000| Untracked 
|   5|0x00000000e0500000, 0x00000000e0600000, 0x00000000e0600000|100%| O|  |TAMS 0x00000000e0500000| PB 0x00000000e0500000| Untracked 
|   6|0x00000000e0600000, 0x00000000e0700000, 0x00000000e0700000|100%| O|  |TAMS 0x00000000e0600000| PB 0x00000000e0600000| Untracked 
|   7|0x00000000e0700000, 0x00000000e0800000, 0x00000000e0800000|100%| O|  |TAMS 0x00000000e0700000| PB 0x00000000e0700000| Untracked 
|   8|0x00000000e0800000, 0x00000000e0900000, 0x00000000e0900000|100%|HS|  |TAMS 0x00000000e0800000| PB 0x00000000e0800000| Complete 
|   9|0x00000000e0900000, 0x00000000e0a00000, 0x00000000e0a00000|100%| O|  |TAMS 0x00000000e0900000| PB 0x00000000e0900000| Untracked 
|  10|0x00000000e0a00000, 0x00000000e0b00000, 0x00000000e0b00000|100%| O|  |TAMS 0x00000000e0a00000| PB 0x00000000e0a00000| Untracked 
|  11|0x00000000e0b00000, 0x00000000e0b00000, 0x00000000e0c00000|  0%| F|  |TAMS 0x00000000e0b00000| PB 0x00000000e0b00000| Untracked 
|  12|0x00000000e0c00000, 0x00000000e0d00000, 0x00000000e0d00000|100%| O|  |TAMS 0x00000000e0c00000| PB 0x00000000e0c00000| Untracked 
|  13|0x00000000e0d00000, 0x00000000e0e00000, 0x00000000e0e00000|100%| O|  |TAMS 0x00000000e0d00000| PB 0x00000000e0d00000| Untracked 
|  14|0x00000000e0e00000, 0x00000000e0f00000, 0x00000000e0f00000|100%| O|  |TAMS 0x00000000e0e00000| PB 0x00000000e0e00000| Untracked 
|  15|0x00000000e0f00000, 0x00000000e1000000, 0x00000000e1000000|100%| O|  |TAMS 0x00000000e0f00000| PB 0x00000000e0f00000| Untracked 
|  16|0x00000000e1000000, 0x00000000e1100000, 0x00000000e1100000|100%| O|  |TAMS 0x00000000e1000000| PB 0x00000000e1000000| Untracked 
|  17|0x00000000e1100000, 0x00000000e1200000, 0x00000000e1200000|100%| O|  |TAMS 0x00000000e1100000| PB 0x00000000e1100000| Untracked 
|  18|0x00000000e1200000, 0x00000000e1300000, 0x00000000e1300000|100%| O|  |TAMS 0x00000000e1200000| PB 0x00000000e1200000| Untracked 
|  19|0x00000000e1300000, 0x00000000e1400000, 0x00000000e1400000|100%| O|  |TAMS 0x00000000e1300000| PB 0x00000000e1300000| Untracked 
|  20|0x00000000e1400000, 0x00000000e1500000, 0x00000000e1500000|100%| O|  |TAMS 0x00000000e1400000| PB 0x00000000e1400000| Untracked 
|  21|0x00000000e1500000, 0x00000000e1600000, 0x00000000e1600000|100%| O|  |TAMS 0x00000000e1500000| PB 0x00000000e1500000| Untracked 
|  22|0x00000000e1600000, 0x00000000e1700000, 0x00000000e1700000|100%| O|  |TAMS 0x00000000e1600000| PB 0x00000000e1600000| Untracked 
|  23|0x00000000e1700000, 0x00000000e1800000, 0x00000000e1800000|100%| O|Cm|TAMS 0x00000000e1700000| PB 0x00000000e1700000| Complete 
|  24|0x00000000e1800000, 0x00000000e18541f0, 0x00000000e1900000| 32%| O|  |TAMS 0x00000000e1800000| PB 0x00000000e1800000| Untracked 
|  25|0x00000000e1900000, 0x00000000e1900000, 0x00000000e1a00000|  0%| F|  |TAMS 0x00000000e1900000| PB 0x00000000e1900000| Untracked 
|  26|0x00000000e1a00000, 0x00000000e1a00000, 0x00000000e1b00000|  0%| F|  |TAMS 0x00000000e1a00000| PB 0x00000000e1a00000| Untracked 
|  27|0x00000000e1b00000, 0x00000000e1b00000, 0x00000000e1c00000|  0%| F|  |TAMS 0x00000000e1b00000| PB 0x00000000e1b00000| Untracked 
|  28|0x00000000e1c00000, 0x00000000e1c00000, 0x00000000e1d00000|  0%| F|  |TAMS 0x00000000e1c00000| PB 0x00000000e1c00000| Untracked 
|  29|0x00000000e1d00000, 0x00000000e1d00000, 0x00000000e1e00000|  0%| F|  |TAMS 0x00000000e1d00000| PB 0x00000000e1d00000| Untracked 
|  30|0x00000000e1e00000, 0x00000000e1e00000, 0x00000000e1f00000|  0%| F|  |TAMS 0x00000000e1e00000| PB 0x00000000e1e00000| Untracked 
|  31|0x00000000e1f00000, 0x00000000e1f00000, 0x00000000e2000000|  0%| F|  |TAMS 0x00000000e1f00000| PB 0x00000000e1f00000| Untracked 
|  32|0x00000000e2000000, 0x00000000e2000000, 0x00000000e2100000|  0%| F|  |TAMS 0x00000000e2000000| PB 0x00000000e2000000| Untracked 
|  33|0x00000000e2100000, 0x00000000e2100000, 0x00000000e2200000|  0%| F|  |TAMS 0x00000000e2100000| PB 0x00000000e2100000| Untracked 
|  34|0x00000000e2200000, 0x00000000e2200000, 0x00000000e2300000|  0%| F|  |TAMS 0x00000000e2200000| PB 0x00000000e2200000| Untracked 
|  35|0x00000000e2300000, 0x00000000e2300000, 0x00000000e2400000|  0%| F|  |TAMS 0x00000000e2300000| PB 0x00000000e2300000| Untracked 
|  36|0x00000000e2400000, 0x00000000e2400000, 0x00000000e2500000|  0%| F|  |TAMS 0x00000000e2400000| PB 0x00000000e2400000| Untracked 
|  37|0x00000000e2500000, 0x00000000e2500000, 0x00000000e2600000|  0%| F|  |TAMS 0x00000000e2500000| PB 0x00000000e2500000| Untracked 
|  38|0x00000000e2600000, 0x00000000e2600000, 0x00000000e2700000|  0%| F|  |TAMS 0x00000000e2600000| PB 0x00000000e2600000| Untracked 
|  39|0x00000000e2700000, 0x00000000e2700000, 0x00000000e2800000|  0%| F|  |TAMS 0x00000000e2700000| PB 0x00000000e2700000| Untracked 
|  40|0x00000000e2800000, 0x00000000e2800000, 0x00000000e2900000|  0%| F|  |TAMS 0x00000000e2800000| PB 0x00000000e2800000| Untracked 
|  41|0x00000000e2900000, 0x00000000e2900000, 0x00000000e2a00000|  0%| F|  |TAMS 0x00000000e2900000| PB 0x00000000e2900000| Untracked 
|  42|0x00000000e2a00000, 0x00000000e2a00000, 0x00000000e2b00000|  0%| F|  |TAMS 0x00000000e2a00000| PB 0x00000000e2a00000| Untracked 
|  43|0x00000000e2b00000, 0x00000000e2b00000, 0x00000000e2c00000|  0%| F|  |TAMS 0x00000000e2b00000| PB 0x00000000e2b00000| Untracked 
|  44|0x00000000e2c00000, 0x00000000e2c00000, 0x00000000e2d00000|  0%| F|  |TAMS 0x00000000e2c00000| PB 0x00000000e2c00000| Untracked 
|  45|0x00000000e2d00000, 0x00000000e2d00000, 0x00000000e2e00000|  0%| F|  |TAMS 0x00000000e2d00000| PB 0x00000000e2d00000| Untracked 
|  46|0x00000000e2e00000, 0x00000000e2e00000, 0x00000000e2f00000|  0%| F|  |TAMS 0x00000000e2e00000| PB 0x00000000e2e00000| Untracked 
|  47|0x00000000e2f00000, 0x00000000e2f00000, 0x00000000e3000000|  0%| F|  |TAMS 0x00000000e2f00000| PB 0x00000000e2f00000| Untracked 
|  48|0x00000000e3000000, 0x00000000e3000000, 0x00000000e3100000|  0%| F|  |TAMS 0x00000000e3000000| PB 0x00000000e3000000| Untracked 
|  49|0x00000000e3100000, 0x00000000e3100000, 0x00000000e3200000|  0%| F|  |TAMS 0x00000000e3100000| PB 0x00000000e3100000| Untracked 
|  50|0x00000000e3200000, 0x00000000e3200000, 0x00000000e3300000|  0%| F|  |TAMS 0x00000000e3200000| PB 0x00000000e3200000| Untracked 
|  51|0x00000000e3300000, 0x00000000e3300000, 0x00000000e3400000|  0%| F|  |TAMS 0x00000000e3300000| PB 0x00000000e3300000| Untracked 
|  52|0x00000000e3400000, 0x00000000e3400000, 0x00000000e3500000|  0%| F|  |TAMS 0x00000000e3400000| PB 0x00000000e3400000| Untracked 
|  53|0x00000000e3500000, 0x00000000e3500000, 0x00000000e3600000|  0%| F|  |TAMS 0x00000000e3500000| PB 0x00000000e3500000| Untracked 
|  54|0x00000000e3600000, 0x00000000e3600000, 0x00000000e3700000|  0%| F|  |TAMS 0x00000000e3600000| PB 0x00000000e3600000| Untracked 
|  55|0x00000000e3700000, 0x00000000e3700000, 0x00000000e3800000|  0%| F|  |TAMS 0x00000000e3700000| PB 0x00000000e3700000| Untracked 
|  56|0x00000000e3800000, 0x00000000e3800000, 0x00000000e3900000|  0%| F|  |TAMS 0x00000000e3800000| PB 0x00000000e3800000| Untracked 
|  57|0x00000000e3900000, 0x00000000e3900000, 0x00000000e3a00000|  0%| F|  |TAMS 0x00000000e3900000| PB 0x00000000e3900000| Untracked 
|  58|0x00000000e3a00000, 0x00000000e3a00000, 0x00000000e3b00000|  0%| F|  |TAMS 0x00000000e3a00000| PB 0x00000000e3a00000| Untracked 
|  59|0x00000000e3b00000, 0x00000000e3b00000, 0x00000000e3c00000|  0%| F|  |TAMS 0x00000000e3b00000| PB 0x00000000e3b00000| Untracked 
|  60|0x00000000e3c00000, 0x00000000e3c00000, 0x00000000e3d00000|  0%| F|  |TAMS 0x00000000e3c00000| PB 0x00000000e3c00000| Untracked 
|  61|0x00000000e3d00000, 0x00000000e3d00000, 0x00000000e3e00000|  0%| F|  |TAMS 0x00000000e3d00000| PB 0x00000000e3d00000| Untracked 
|  62|0x00000000e3e00000, 0x00000000e3e00000, 0x00000000e3f00000|  0%| F|  |TAMS 0x00000000e3e00000| PB 0x00000000e3e00000| Untracked 
|  63|0x00000000e3f00000, 0x00000000e3f00000, 0x00000000e4000000|  0%| F|  |TAMS 0x00000000e3f00000| PB 0x00000000e3f00000| Untracked 
|  64|0x00000000e4000000, 0x00000000e4000000, 0x00000000e4100000|  0%| F|  |TAMS 0x00000000e4000000| PB 0x00000000e4000000| Untracked 
|  65|0x00000000e4100000, 0x00000000e4100000, 0x00000000e4200000|  0%| F|  |TAMS 0x00000000e4100000| PB 0x00000000e4100000| Untracked 
|  66|0x00000000e4200000, 0x00000000e4200000, 0x00000000e4300000|  0%| F|  |TAMS 0x00000000e4200000| PB 0x00000000e4200000| Untracked 
|  67|0x00000000e4300000, 0x00000000e4300000, 0x00000000e4400000|  0%| F|  |TAMS 0x00000000e4300000| PB 0x00000000e4300000| Untracked 
|  68|0x00000000e4400000, 0x00000000e4400000, 0x00000000e4500000|  0%| F|  |TAMS 0x00000000e4400000| PB 0x00000000e4400000| Untracked 
|  69|0x00000000e4500000, 0x00000000e4500000, 0x00000000e4600000|  0%| F|  |TAMS 0x00000000e4500000| PB 0x00000000e4500000| Untracked 
|  70|0x00000000e4600000, 0x00000000e4600000, 0x00000000e4700000|  0%| F|  |TAMS 0x00000000e4600000| PB 0x00000000e4600000| Untracked 
|  71|0x00000000e4700000, 0x00000000e4700000, 0x00000000e4800000|  0%| F|  |TAMS 0x00000000e4700000| PB 0x00000000e4700000| Untracked 
|  72|0x00000000e4800000, 0x00000000e4800000, 0x00000000e4900000|  0%| F|  |TAMS 0x00000000e4800000| PB 0x00000000e4800000| Untracked 
|  73|0x00000000e4900000, 0x00000000e4900000, 0x00000000e4a00000|  0%| F|  |TAMS 0x00000000e4900000| PB 0x00000000e4900000| Untracked 
|  74|0x00000000e4a00000, 0x00000000e4a00000, 0x00000000e4b00000|  0%| F|  |TAMS 0x00000000e4a00000| PB 0x00000000e4a00000| Untracked 
|  75|0x00000000e4b00000, 0x00000000e4b00000, 0x00000000e4c00000|  0%| F|  |TAMS 0x00000000e4b00000| PB 0x00000000e4b00000| Untracked 
|  76|0x00000000e4c00000, 0x00000000e4c00000, 0x00000000e4d00000|  0%| F|  |TAMS 0x00000000e4c00000| PB 0x00000000e4c00000| Untracked 
|  77|0x00000000e4d00000, 0x00000000e4d00000, 0x00000000e4e00000|  0%| F|  |TAMS 0x00000000e4d00000| PB 0x00000000e4d00000| Untracked 
|  78|0x00000000e4e00000, 0x00000000e4e00000, 0x00000000e4f00000|  0%| F|  |TAMS 0x00000000e4e00000| PB 0x00000000e4e00000| Untracked 
|  79|0x00000000e4f00000, 0x00000000e4f00000, 0x00000000e5000000|  0%| F|  |TAMS 0x00000000e4f00000| PB 0x00000000e4f00000| Untracked 
|  80|0x00000000e5000000, 0x00000000e5000000, 0x00000000e5100000|  0%| F|  |TAMS 0x00000000e5000000| PB 0x00000000e5000000| Untracked 
|  81|0x00000000e5100000, 0x00000000e5100000, 0x00000000e5200000|  0%| F|  |TAMS 0x00000000e5100000| PB 0x00000000e5100000| Untracked 
|  82|0x00000000e5200000, 0x00000000e5200000, 0x00000000e5300000|  0%| F|  |TAMS 0x00000000e5200000| PB 0x00000000e5200000| Untracked 
|  83|0x00000000e5300000, 0x00000000e5300000, 0x00000000e5400000|  0%| F|  |TAMS 0x00000000e5300000| PB 0x00000000e5300000| Untracked 
|  84|0x00000000e5400000, 0x00000000e5400000, 0x00000000e5500000|  0%| F|  |TAMS 0x00000000e5400000| PB 0x00000000e5400000| Untracked 
|  85|0x00000000e5500000, 0x00000000e5500000, 0x00000000e5600000|  0%| F|  |TAMS 0x00000000e5500000| PB 0x00000000e5500000| Untracked 
|  86|0x00000000e5600000, 0x00000000e5600000, 0x00000000e5700000|  0%| F|  |TAMS 0x00000000e5600000| PB 0x00000000e5600000| Untracked 
|  87|0x00000000e5700000, 0x00000000e5700000, 0x00000000e5800000|  0%| F|  |TAMS 0x00000000e5700000| PB 0x00000000e5700000| Untracked 
|  88|0x00000000e5800000, 0x00000000e5800000, 0x00000000e5900000|  0%| F|  |TAMS 0x00000000e5800000| PB 0x00000000e5800000| Untracked 
|  89|0x00000000e5900000, 0x00000000e5900000, 0x00000000e5a00000|  0%| F|  |TAMS 0x00000000e5900000| PB 0x00000000e5900000| Untracked 
|  90|0x00000000e5a00000, 0x00000000e5a00000, 0x00000000e5b00000|  0%| F|  |TAMS 0x00000000e5a00000| PB 0x00000000e5a00000| Untracked 
|  91|0x00000000e5b00000, 0x00000000e5b00000, 0x00000000e5c00000|  0%| F|  |TAMS 0x00000000e5b00000| PB 0x00000000e5b00000| Untracked 
|  92|0x00000000e5c00000, 0x00000000e5c00000, 0x00000000e5d00000|  0%| F|  |TAMS 0x00000000e5c00000| PB 0x00000000e5c00000| Untracked 
|  93|0x00000000e5d00000, 0x00000000e5d00000, 0x00000000e5e00000|  0%| F|  |TAMS 0x00000000e5d00000| PB 0x00000000e5d00000| Untracked 
|  94|0x00000000e5e00000, 0x00000000e5e00000, 0x00000000e5f00000|  0%| F|  |TAMS 0x00000000e5e00000| PB 0x00000000e5e00000| Untracked 
|  95|0x00000000e5f00000, 0x00000000e5f00000, 0x00000000e6000000|  0%| F|  |TAMS 0x00000000e5f00000| PB 0x00000000e5f00000| Untracked 
|  96|0x00000000e6000000, 0x00000000e6000000, 0x00000000e6100000|  0%| F|  |TAMS 0x00000000e6000000| PB 0x00000000e6000000| Untracked 
|  97|0x00000000e6100000, 0x00000000e6100000, 0x00000000e6200000|  0%| F|  |TAMS 0x00000000e6100000| PB 0x00000000e6100000| Untracked 
|  98|0x00000000e6200000, 0x00000000e6200000, 0x00000000e6300000|  0%| F|  |TAMS 0x00000000e6200000| PB 0x00000000e6200000| Untracked 
|  99|0x00000000e6300000, 0x00000000e6300000, 0x00000000e6400000|  0%| F|  |TAMS 0x00000000e6300000| PB 0x00000000e6300000| Untracked 
| 100|0x00000000e6400000, 0x00000000e6400000, 0x00000000e6500000|  0%| F|  |TAMS 0x00000000e6400000| PB 0x00000000e6400000| Untracked 
| 101|0x00000000e6500000, 0x00000000e6500000, 0x00000000e6600000|  0%| F|  |TAMS 0x00000000e6500000| PB 0x00000000e6500000| Untracked 
| 102|0x00000000e6600000, 0x00000000e6600000, 0x00000000e6700000|  0%| F|  |TAMS 0x00000000e6600000| PB 0x00000000e6600000| Untracked 
| 103|0x00000000e6700000, 0x00000000e6700000, 0x00000000e6800000|  0%| F|  |TAMS 0x00000000e6700000| PB 0x00000000e6700000| Untracked 
| 104|0x00000000e6800000, 0x00000000e6800000, 0x00000000e6900000|  0%| F|  |TAMS 0x00000000e6800000| PB 0x00000000e6800000| Untracked 
| 105|0x00000000e6900000, 0x00000000e6900000, 0x00000000e6a00000|  0%| F|  |TAMS 0x00000000e6900000| PB 0x00000000e6900000| Untracked 
| 106|0x00000000e6a00000, 0x00000000e6a00000, 0x00000000e6b00000|  0%| F|  |TAMS 0x00000000e6a00000| PB 0x00000000e6a00000| Untracked 
| 107|0x00000000e6b00000, 0x00000000e6b00000, 0x00000000e6c00000|  0%| F|  |TAMS 0x00000000e6b00000| PB 0x00000000e6b00000| Untracked 
| 108|0x00000000e6c00000, 0x00000000e6c00000, 0x00000000e6d00000|  0%| F|  |TAMS 0x00000000e6c00000| PB 0x00000000e6c00000| Untracked 
| 109|0x00000000e6d00000, 0x00000000e6d00000, 0x00000000e6e00000|  0%| F|  |TAMS 0x00000000e6d00000| PB 0x00000000e6d00000| Untracked 
| 110|0x00000000e6e00000, 0x00000000e6e00000, 0x00000000e6f00000|  0%| F|  |TAMS 0x00000000e6e00000| PB 0x00000000e6e00000| Untracked 
| 111|0x00000000e6f00000, 0x00000000e6f00000, 0x00000000e7000000|  0%| F|  |TAMS 0x00000000e6f00000| PB 0x00000000e6f00000| Untracked 
| 112|0x00000000e7000000, 0x00000000e7000000, 0x00000000e7100000|  0%| F|  |TAMS 0x00000000e7000000| PB 0x00000000e7000000| Untracked 
| 113|0x00000000e7100000, 0x00000000e7100000, 0x00000000e7200000|  0%| F|  |TAMS 0x00000000e7100000| PB 0x00000000e7100000| Untracked 
| 114|0x00000000e7200000, 0x00000000e7200000, 0x00000000e7300000|  0%| F|  |TAMS 0x00000000e7200000| PB 0x00000000e7200000| Untracked 
| 115|0x00000000e7300000, 0x00000000e7300000, 0x00000000e7400000|  0%| F|  |TAMS 0x00000000e7300000| PB 0x00000000e7300000| Untracked 
| 116|0x00000000e7400000, 0x00000000e7400000, 0x00000000e7500000|  0%| F|  |TAMS 0x00000000e7400000| PB 0x00000000e7400000| Untracked 
| 117|0x00000000e7500000, 0x00000000e7500000, 0x00000000e7600000|  0%| F|  |TAMS 0x00000000e7500000| PB 0x00000000e7500000| Untracked 
| 118|0x00000000e7600000, 0x00000000e7600000, 0x00000000e7700000|  0%| F|  |TAMS 0x00000000e7600000| PB 0x00000000e7600000| Untracked 
| 119|0x00000000e7700000, 0x00000000e7700000, 0x00000000e7800000|  0%| F|  |TAMS 0x00000000e7700000| PB 0x00000000e7700000| Untracked 
| 120|0x00000000e7800000, 0x00000000e7800000, 0x00000000e7900000|  0%| F|  |TAMS 0x00000000e7800000| PB 0x00000000e7800000| Untracked 
| 121|0x00000000e7900000, 0x00000000e7900000, 0x00000000e7a00000|  0%| F|  |TAMS 0x00000000e7900000| PB 0x00000000e7900000| Untracked 
| 122|0x00000000e7a00000, 0x00000000e7a00000, 0x00000000e7b00000|  0%| F|  |TAMS 0x00000000e7a00000| PB 0x00000000e7a00000| Untracked 
| 123|0x00000000e7b00000, 0x00000000e7b00000, 0x00000000e7c00000|  0%| F|  |TAMS 0x00000000e7b00000| PB 0x00000000e7b00000| Untracked 
| 124|0x00000000e7c00000, 0x00000000e7c00000, 0x00000000e7d00000|  0%| F|  |TAMS 0x00000000e7c00000| PB 0x00000000e7c00000| Untracked 
| 125|0x00000000e7d00000, 0x00000000e7d00000, 0x00000000e7e00000|  0%| F|  |TAMS 0x00000000e7d00000| PB 0x00000000e7d00000| Untracked 
| 126|0x00000000e7e00000, 0x00000000e7e00000, 0x00000000e7f00000|  0%| F|  |TAMS 0x00000000e7e00000| PB 0x00000000e7e00000| Untracked 
| 127|0x00000000e7f00000, 0x00000000e7f00000, 0x00000000e8000000|  0%| F|  |TAMS 0x00000000e7f00000| PB 0x00000000e7f00000| Untracked 
| 128|0x00000000e8000000, 0x00000000e8000000, 0x00000000e8100000|  0%| F|  |TAMS 0x00000000e8000000| PB 0x00000000e8000000| Untracked 
| 129|0x00000000e8100000, 0x00000000e8100000, 0x00000000e8200000|  0%| F|  |TAMS 0x00000000e8100000| PB 0x00000000e8100000| Untracked 
| 130|0x00000000e8200000, 0x00000000e8200000, 0x00000000e8300000|  0%| F|  |TAMS 0x00000000e8200000| PB 0x00000000e8200000| Untracked 
| 131|0x00000000e8300000, 0x00000000e8300000, 0x00000000e8400000|  0%| F|  |TAMS 0x00000000e8300000| PB 0x00000000e8300000| Untracked 
| 132|0x00000000e8400000, 0x00000000e8400000, 0x00000000e8500000|  0%| F|  |TAMS 0x00000000e8400000| PB 0x00000000e8400000| Untracked 
| 133|0x00000000e8500000, 0x00000000e8500000, 0x00000000e8600000|  0%| F|  |TAMS 0x00000000e8500000| PB 0x00000000e8500000| Untracked 
| 134|0x00000000e8600000, 0x00000000e8600000, 0x00000000e8700000|  0%| F|  |TAMS 0x00000000e8600000| PB 0x00000000e8600000| Untracked 
| 135|0x00000000e8700000, 0x00000000e8700000, 0x00000000e8800000|  0%| F|  |TAMS 0x00000000e8700000| PB 0x00000000e8700000| Untracked 
| 136|0x00000000e8800000, 0x00000000e8800000, 0x00000000e8900000|  0%| F|  |TAMS 0x00000000e8800000| PB 0x00000000e8800000| Untracked 
| 137|0x00000000e8900000, 0x00000000e8900000, 0x00000000e8a00000|  0%| F|  |TAMS 0x00000000e8900000| PB 0x00000000e8900000| Untracked 
| 138|0x00000000e8a00000, 0x00000000e8a00000, 0x00000000e8b00000|  0%| F|  |TAMS 0x00000000e8a00000| PB 0x00000000e8a00000| Untracked 
| 139|0x00000000e8b00000, 0x00000000e8b00000, 0x00000000e8c00000|  0%| F|  |TAMS 0x00000000e8b00000| PB 0x00000000e8b00000| Untracked 
| 140|0x00000000e8c00000, 0x00000000e8c00000, 0x00000000e8d00000|  0%| F|  |TAMS 0x00000000e8c00000| PB 0x00000000e8c00000| Untracked 
| 141|0x00000000e8d00000, 0x00000000e8d00000, 0x00000000e8e00000|  0%| F|  |TAMS 0x00000000e8d00000| PB 0x00000000e8d00000| Untracked 
| 142|0x00000000e8e00000, 0x00000000e8e00000, 0x00000000e8f00000|  0%| F|  |TAMS 0x00000000e8e00000| PB 0x00000000e8e00000| Untracked 
| 143|0x00000000e8f00000, 0x00000000e8f00000, 0x00000000e9000000|  0%| F|  |TAMS 0x00000000e8f00000| PB 0x00000000e8f00000| Untracked 
| 144|0x00000000e9000000, 0x00000000e9000000, 0x00000000e9100000|  0%| F|  |TAMS 0x00000000e9000000| PB 0x00000000e9000000| Untracked 
| 145|0x00000000e9100000, 0x00000000e9100000, 0x00000000e9200000|  0%| F|  |TAMS 0x00000000e9100000| PB 0x00000000e9100000| Untracked 
| 146|0x00000000e9200000, 0x00000000e9200000, 0x00000000e9300000|  0%| F|  |TAMS 0x00000000e9200000| PB 0x00000000e9200000| Untracked 
| 147|0x00000000e9300000, 0x00000000e9300000, 0x00000000e9400000|  0%| F|  |TAMS 0x00000000e9300000| PB 0x00000000e9300000| Untracked 
| 148|0x00000000e9400000, 0x00000000e9400000, 0x00000000e9500000|  0%| F|  |TAMS 0x00000000e9400000| PB 0x00000000e9400000| Untracked 
| 149|0x00000000e9500000, 0x00000000e9500000, 0x00000000e9600000|  0%| F|  |TAMS 0x00000000e9500000| PB 0x00000000e9500000| Untracked 
| 150|0x00000000e9600000, 0x00000000e9600000, 0x00000000e9700000|  0%| F|  |TAMS 0x00000000e9600000| PB 0x00000000e9600000| Untracked 
| 151|0x00000000e9700000, 0x00000000e9700000, 0x00000000e9800000|  0%| F|  |TAMS 0x00000000e9700000| PB 0x00000000e9700000| Untracked 
| 152|0x00000000e9800000, 0x00000000e9800000, 0x00000000e9900000|  0%| F|  |TAMS 0x00000000e9800000| PB 0x00000000e9800000| Untracked 
| 153|0x00000000e9900000, 0x00000000e9900000, 0x00000000e9a00000|  0%| F|  |TAMS 0x00000000e9900000| PB 0x00000000e9900000| Untracked 
| 154|0x00000000e9a00000, 0x00000000e9a00000, 0x00000000e9b00000|  0%| F|  |TAMS 0x00000000e9a00000| PB 0x00000000e9a00000| Untracked 
| 155|0x00000000e9b00000, 0x00000000e9b00000, 0x00000000e9c00000|  0%| F|  |TAMS 0x00000000e9b00000| PB 0x00000000e9b00000| Untracked 
| 156|0x00000000e9c00000, 0x00000000e9c00000, 0x00000000e9d00000|  0%| F|  |TAMS 0x00000000e9c00000| PB 0x00000000e9c00000| Untracked 
| 157|0x00000000e9d00000, 0x00000000e9d00000, 0x00000000e9e00000|  0%| F|  |TAMS 0x00000000e9d00000| PB 0x00000000e9d00000| Untracked 
| 158|0x00000000e9e00000, 0x00000000e9e00000, 0x00000000e9f00000|  0%| F|  |TAMS 0x00000000e9e00000| PB 0x00000000e9e00000| Untracked 
| 159|0x00000000e9f00000, 0x00000000e9f00000, 0x00000000ea000000|  0%| F|  |TAMS 0x00000000e9f00000| PB 0x00000000e9f00000| Untracked 
| 160|0x00000000ea000000, 0x00000000ea000000, 0x00000000ea100000|  0%| F|  |TAMS 0x00000000ea000000| PB 0x00000000ea000000| Untracked 
| 161|0x00000000ea100000, 0x00000000ea100000, 0x00000000ea200000|  0%| F|  |TAMS 0x00000000ea100000| PB 0x00000000ea100000| Untracked 
| 162|0x00000000ea200000, 0x00000000ea200000, 0x00000000ea300000|  0%| F|  |TAMS 0x00000000ea200000| PB 0x00000000ea200000| Untracked 
| 163|0x00000000ea300000, 0x00000000ea300000, 0x00000000ea400000|  0%| F|  |TAMS 0x00000000ea300000| PB 0x00000000ea300000| Untracked 
| 164|0x00000000ea400000, 0x00000000ea400000, 0x00000000ea500000|  0%| F|  |TAMS 0x00000000ea400000| PB 0x00000000ea400000| Untracked 
| 165|0x00000000ea500000, 0x00000000ea500000, 0x00000000ea600000|  0%| F|  |TAMS 0x00000000ea500000| PB 0x00000000ea500000| Untracked 
| 166|0x00000000ea600000, 0x00000000ea600000, 0x00000000ea700000|  0%| F|  |TAMS 0x00000000ea600000| PB 0x00000000ea600000| Untracked 
| 167|0x00000000ea700000, 0x00000000ea700000, 0x00000000ea800000|  0%| F|  |TAMS 0x00000000ea700000| PB 0x00000000ea700000| Untracked 
| 168|0x00000000ea800000, 0x00000000ea800000, 0x00000000ea900000|  0%| F|  |TAMS 0x00000000ea800000| PB 0x00000000ea800000| Untracked 
| 169|0x00000000ea900000, 0x00000000ea900000, 0x00000000eaa00000|  0%| F|  |TAMS 0x00000000ea900000| PB 0x00000000ea900000| Untracked 
| 170|0x00000000eaa00000, 0x00000000eaa00000, 0x00000000eab00000|  0%| F|  |TAMS 0x00000000eaa00000| PB 0x00000000eaa00000| Untracked 
| 171|0x00000000eab00000, 0x00000000eab00000, 0x00000000eac00000|  0%| F|  |TAMS 0x00000000eab00000| PB 0x00000000eab00000| Untracked 
| 172|0x00000000eac00000, 0x00000000eac00000, 0x00000000ead00000|  0%| F|  |TAMS 0x00000000eac00000| PB 0x00000000eac00000| Untracked 
| 173|0x00000000ead00000, 0x00000000ead00000, 0x00000000eae00000|  0%| F|  |TAMS 0x00000000ead00000| PB 0x00000000ead00000| Untracked 
| 174|0x00000000eae00000, 0x00000000eae00000, 0x00000000eaf00000|  0%| F|  |TAMS 0x00000000eae00000| PB 0x00000000eae00000| Untracked 
| 175|0x00000000eaf00000, 0x00000000eaf00000, 0x00000000eb000000|  0%| F|  |TAMS 0x00000000eaf00000| PB 0x00000000eaf00000| Untracked 
| 176|0x00000000eb000000, 0x00000000eb000000, 0x00000000eb100000|  0%| F|  |TAMS 0x00000000eb000000| PB 0x00000000eb000000| Untracked 
| 177|0x00000000eb100000, 0x00000000eb100000, 0x00000000eb200000|  0%| F|  |TAMS 0x00000000eb100000| PB 0x00000000eb100000| Untracked 
| 178|0x00000000eb200000, 0x00000000eb200000, 0x00000000eb300000|  0%| F|  |TAMS 0x00000000eb200000| PB 0x00000000eb200000| Untracked 
| 179|0x00000000eb300000, 0x00000000eb300000, 0x00000000eb400000|  0%| F|  |TAMS 0x00000000eb300000| PB 0x00000000eb300000| Untracked 
| 180|0x00000000eb400000, 0x00000000eb400000, 0x00000000eb500000|  0%| F|  |TAMS 0x00000000eb400000| PB 0x00000000eb400000| Untracked 
| 181|0x00000000eb500000, 0x00000000eb500000, 0x00000000eb600000|  0%| F|  |TAMS 0x00000000eb500000| PB 0x00000000eb500000| Untracked 
| 182|0x00000000eb600000, 0x00000000eb600000, 0x00000000eb700000|  0%| F|  |TAMS 0x00000000eb600000| PB 0x00000000eb600000| Untracked 
| 183|0x00000000eb700000, 0x00000000eb700000, 0x00000000eb800000|  0%| F|  |TAMS 0x00000000eb700000| PB 0x00000000eb700000| Untracked 
| 184|0x00000000eb800000, 0x00000000eb800000, 0x00000000eb900000|  0%| F|  |TAMS 0x00000000eb800000| PB 0x00000000eb800000| Untracked 
| 185|0x00000000eb900000, 0x00000000eb900000, 0x00000000eba00000|  0%| F|  |TAMS 0x00000000eb900000| PB 0x00000000eb900000| Untracked 
| 186|0x00000000eba00000, 0x00000000eba00000, 0x00000000ebb00000|  0%| F|  |TAMS 0x00000000eba00000| PB 0x00000000eba00000| Untracked 
| 187|0x00000000ebb00000, 0x00000000ebb00000, 0x00000000ebc00000|  0%| F|  |TAMS 0x00000000ebb00000| PB 0x00000000ebb00000| Untracked 
| 188|0x00000000ebc00000, 0x00000000ebc00000, 0x00000000ebd00000|  0%| F|  |TAMS 0x00000000ebc00000| PB 0x00000000ebc00000| Untracked 
| 189|0x00000000ebd00000, 0x00000000ebd00000, 0x00000000ebe00000|  0%| F|  |TAMS 0x00000000ebd00000| PB 0x00000000ebd00000| Untracked 
| 190|0x00000000ebe00000, 0x00000000ebe00000, 0x00000000ebf00000|  0%| F|  |TAMS 0x00000000ebe00000| PB 0x00000000ebe00000| Untracked 
| 191|0x00000000ebf00000, 0x00000000ebf00000, 0x00000000ec000000|  0%| F|  |TAMS 0x00000000ebf00000| PB 0x00000000ebf00000| Untracked 
| 192|0x00000000ec000000, 0x00000000ec000000, 0x00000000ec100000|  0%| F|  |TAMS 0x00000000ec000000| PB 0x00000000ec000000| Untracked 
| 193|0x00000000ec100000, 0x00000000ec100000, 0x00000000ec200000|  0%| F|  |TAMS 0x00000000ec100000| PB 0x00000000ec100000| Untracked 
| 194|0x00000000ec200000, 0x00000000ec200000, 0x00000000ec300000|  0%| F|  |TAMS 0x00000000ec200000| PB 0x00000000ec200000| Untracked 
| 195|0x00000000ec300000, 0x00000000ec300000, 0x00000000ec400000|  0%| F|  |TAMS 0x00000000ec300000| PB 0x00000000ec300000| Untracked 
| 196|0x00000000ec400000, 0x00000000ec400000, 0x00000000ec500000|  0%| F|  |TAMS 0x00000000ec400000| PB 0x00000000ec400000| Untracked 
| 197|0x00000000ec500000, 0x00000000ec500000, 0x00000000ec600000|  0%| F|  |TAMS 0x00000000ec500000| PB 0x00000000ec500000| Untracked 
| 198|0x00000000ec600000, 0x00000000ec600000, 0x00000000ec700000|  0%| F|  |TAMS 0x00000000ec600000| PB 0x00000000ec600000| Untracked 
| 199|0x00000000ec700000, 0x00000000ec700000, 0x00000000ec800000|  0%| F|  |TAMS 0x00000000ec700000| PB 0x00000000ec700000| Untracked 
| 200|0x00000000ec800000, 0x00000000ec800000, 0x00000000ec900000|  0%| F|  |TAMS 0x00000000ec800000| PB 0x00000000ec800000| Untracked 
| 201|0x00000000ec900000, 0x00000000ec900000, 0x00000000eca00000|  0%| F|  |TAMS 0x00000000ec900000| PB 0x00000000ec900000| Untracked 
| 202|0x00000000eca00000, 0x00000000eca00000, 0x00000000ecb00000|  0%| F|  |TAMS 0x00000000eca00000| PB 0x00000000eca00000| Untracked 
| 203|0x00000000ecb00000, 0x00000000ecb00000, 0x00000000ecc00000|  0%| F|  |TAMS 0x00000000ecb00000| PB 0x00000000ecb00000| Untracked 
| 204|0x00000000ecc00000, 0x00000000ecc00000, 0x00000000ecd00000|  0%| F|  |TAMS 0x00000000ecc00000| PB 0x00000000ecc00000| Untracked 
| 205|0x00000000ecd00000, 0x00000000ecd00000, 0x00000000ece00000|  0%| F|  |TAMS 0x00000000ecd00000| PB 0x00000000ecd00000| Untracked 
| 206|0x00000000ece00000, 0x00000000ece00000, 0x00000000ecf00000|  0%| F|  |TAMS 0x00000000ece00000| PB 0x00000000ece00000| Untracked 
| 207|0x00000000ecf00000, 0x00000000ecf00000, 0x00000000ed000000|  0%| F|  |TAMS 0x00000000ecf00000| PB 0x00000000ecf00000| Untracked 
| 208|0x00000000ed000000, 0x00000000ed000000, 0x00000000ed100000|  0%| F|  |TAMS 0x00000000ed000000| PB 0x00000000ed000000| Untracked 
| 209|0x00000000ed100000, 0x00000000ed100000, 0x00000000ed200000|  0%| F|  |TAMS 0x00000000ed100000| PB 0x00000000ed100000| Untracked 
| 210|0x00000000ed200000, 0x00000000ed200000, 0x00000000ed300000|  0%| F|  |TAMS 0x00000000ed200000| PB 0x00000000ed200000| Untracked 
| 211|0x00000000ed300000, 0x00000000ed300000, 0x00000000ed400000|  0%| F|  |TAMS 0x00000000ed300000| PB 0x00000000ed300000| Untracked 
| 212|0x00000000ed400000, 0x00000000ed400000, 0x00000000ed500000|  0%| F|  |TAMS 0x00000000ed400000| PB 0x00000000ed400000| Untracked 
| 213|0x00000000ed500000, 0x00000000ed500000, 0x00000000ed600000|  0%| F|  |TAMS 0x00000000ed500000| PB 0x00000000ed500000| Untracked 
| 214|0x00000000ed600000, 0x00000000ed600000, 0x00000000ed700000|  0%| F|  |TAMS 0x00000000ed600000| PB 0x00000000ed600000| Untracked 
| 215|0x00000000ed700000, 0x00000000ed700000, 0x00000000ed800000|  0%| F|  |TAMS 0x00000000ed700000| PB 0x00000000ed700000| Untracked 
| 216|0x00000000ed800000, 0x00000000ed800000, 0x00000000ed900000|  0%| F|  |TAMS 0x00000000ed800000| PB 0x00000000ed800000| Untracked 
| 217|0x00000000ed900000, 0x00000000ed900000, 0x00000000eda00000|  0%| F|  |TAMS 0x00000000ed900000| PB 0x00000000ed900000| Untracked 
| 218|0x00000000eda00000, 0x00000000eda00000, 0x00000000edb00000|  0%| F|  |TAMS 0x00000000eda00000| PB 0x00000000eda00000| Untracked 
| 219|0x00000000edb00000, 0x00000000edb00000, 0x00000000edc00000|  0%| F|  |TAMS 0x00000000edb00000| PB 0x00000000edb00000| Untracked 
| 220|0x00000000edc00000, 0x00000000edc00000, 0x00000000edd00000|  0%| F|  |TAMS 0x00000000edc00000| PB 0x00000000edc00000| Untracked 
| 221|0x00000000edd00000, 0x00000000edd00000, 0x00000000ede00000|  0%| F|  |TAMS 0x00000000edd00000| PB 0x00000000edd00000| Untracked 
| 222|0x00000000ede00000, 0x00000000ede00000, 0x00000000edf00000|  0%| F|  |TAMS 0x00000000ede00000| PB 0x00000000ede00000| Untracked 
| 223|0x00000000edf00000, 0x00000000edf00000, 0x00000000ee000000|  0%| F|  |TAMS 0x00000000edf00000| PB 0x00000000edf00000| Untracked 
| 224|0x00000000ee000000, 0x00000000ee000000, 0x00000000ee100000|  0%| F|  |TAMS 0x00000000ee000000| PB 0x00000000ee000000| Untracked 
| 225|0x00000000ee100000, 0x00000000ee100000, 0x00000000ee200000|  0%| F|  |TAMS 0x00000000ee100000| PB 0x00000000ee100000| Untracked 
| 226|0x00000000ee200000, 0x00000000ee200000, 0x00000000ee300000|  0%| F|  |TAMS 0x00000000ee200000| PB 0x00000000ee200000| Untracked 
| 227|0x00000000ee300000, 0x00000000ee300000, 0x00000000ee400000|  0%| F|  |TAMS 0x00000000ee300000| PB 0x00000000ee300000| Untracked 
| 228|0x00000000ee400000, 0x00000000ee400000, 0x00000000ee500000|  0%| F|  |TAMS 0x00000000ee400000| PB 0x00000000ee400000| Untracked 
| 229|0x00000000ee500000, 0x00000000ee500000, 0x00000000ee600000|  0%| F|  |TAMS 0x00000000ee500000| PB 0x00000000ee500000| Untracked 
| 230|0x00000000ee600000, 0x00000000ee600000, 0x00000000ee700000|  0%| F|  |TAMS 0x00000000ee600000| PB 0x00000000ee600000| Untracked 
| 231|0x00000000ee700000, 0x00000000ee700000, 0x00000000ee800000|  0%| F|  |TAMS 0x00000000ee700000| PB 0x00000000ee700000| Untracked 
| 232|0x00000000ee800000, 0x00000000ee900000, 0x00000000ee900000|100%| E|  |TAMS 0x00000000ee800000| PB 0x00000000ee800000| Complete 
| 233|0x00000000ee900000, 0x00000000eea00000, 0x00000000eea00000|100%| E|CS|TAMS 0x00000000ee900000| PB 0x00000000ee900000| Complete 
| 234|0x00000000eea00000, 0x00000000eeb00000, 0x00000000eeb00000|100%| E|CS|TAMS 0x00000000eea00000| PB 0x00000000eea00000| Complete 
| 235|0x00000000eeb00000, 0x00000000eec00000, 0x00000000eec00000|100%| E|CS|TAMS 0x00000000eeb00000| PB 0x00000000eeb00000| Complete 
| 236|0x00000000eec00000, 0x00000000eed00000, 0x00000000eed00000|100%| E|CS|TAMS 0x00000000eec00000| PB 0x00000000eec00000| Complete 
| 237|0x00000000eed00000, 0x00000000eee00000, 0x00000000eee00000|100%| E|CS|TAMS 0x00000000eed00000| PB 0x00000000eed00000| Complete 
| 238|0x00000000eee00000, 0x00000000eef00000, 0x00000000eef00000|100%| E|CS|TAMS 0x00000000eee00000| PB 0x00000000eee00000| Complete 
| 239|0x00000000eef00000, 0x00000000ef000000, 0x00000000ef000000|100%| E|  |TAMS 0x00000000eef00000| PB 0x00000000eef00000| Complete 
| 240|0x00000000ef000000, 0x00000000ef100000, 0x00000000ef100000|100%| E|CS|TAMS 0x00000000ef000000| PB 0x00000000ef000000| Complete 
| 241|0x00000000ef100000, 0x00000000ef200000, 0x00000000ef200000|100%| S|CS|TAMS 0x00000000ef100000| PB 0x00000000ef100000| Complete 
| 242|0x00000000ef200000, 0x00000000ef300000, 0x00000000ef300000|100%| S|CS|TAMS 0x00000000ef200000| PB 0x00000000ef200000| Complete 
| 243|0x00000000ef300000, 0x00000000ef400000, 0x00000000ef400000|100%| S|CS|TAMS 0x00000000ef300000| PB 0x00000000ef300000| Complete 
| 244|0x00000000ef400000, 0x00000000ef500000, 0x00000000ef500000|100%| S|CS|TAMS 0x00000000ef400000| PB 0x00000000ef400000| Complete 
| 245|0x00000000ef500000, 0x00000000ef600000, 0x00000000ef600000|100%| S|CS|TAMS 0x00000000ef500000| PB 0x00000000ef500000| Complete 
| 246|0x00000000ef600000, 0x00000000ef700000, 0x00000000ef700000|100%| S|CS|TAMS 0x00000000ef600000| PB 0x00000000ef600000| Complete 
| 247|0x00000000ef700000, 0x00000000ef800000, 0x00000000ef800000|100%| E|CS|TAMS 0x00000000ef700000| PB 0x00000000ef700000| Complete 
| 248|0x00000000ef800000, 0x00000000ef900000, 0x00000000ef900000|100%| E|CS|TAMS 0x00000000ef800000| PB 0x00000000ef800000| Complete 
| 249|0x00000000ef900000, 0x00000000efa00000, 0x00000000efa00000|100%| E|CS|TAMS 0x00000000ef900000| PB 0x00000000ef900000| Complete 
| 250|0x00000000efa00000, 0x00000000efb00000, 0x00000000efb00000|100%| E|CS|TAMS 0x00000000efa00000| PB 0x00000000efa00000| Complete 
| 251|0x00000000efb00000, 0x00000000efc00000, 0x00000000efc00000|100%| E|CS|TAMS 0x00000000efb00000| PB 0x00000000efb00000| Complete 
| 252|0x00000000efc00000, 0x00000000efd00000, 0x00000000efd00000|100%| E|CS|TAMS 0x00000000efc00000| PB 0x00000000efc00000| Complete 
| 253|0x00000000efd00000, 0x00000000efe00000, 0x00000000efe00000|100%| E|CS|TAMS 0x00000000efd00000| PB 0x00000000efd00000| Complete 
| 254|0x00000000efe00000, 0x00000000eff00000, 0x00000000eff00000|100%| E|CS|TAMS 0x00000000efe00000| PB 0x00000000efe00000| Complete 
| 255|0x00000000eff00000, 0x00000000f0000000, 0x00000000f0000000|100%| E|CS|TAMS 0x00000000eff00000| PB 0x00000000eff00000| Complete 

Card table byte_map: [0x0000029ce5ce0000,0x0000029ce5de0000] _byte_map_base: 0x0000029ce55e0000

Marking Bits: (CMBitMap*) 0x0000029cd36de9c0
 Bits: [0x0000029ce5de0000, 0x0000029ce65e0000)

Polling page: 0x0000029cd1680000

Metaspace:

Usage:
  Non-class:     31.68 MB used.
      Class:      5.29 MB used.
       Both:     36.97 MB used.

Virtual space:
  Non-class space:       64.00 MB reserved,      32.38 MB ( 51%) committed,  1 nodes.
      Class space:      320.00 MB reserved,       5.94 MB (  2%) committed,  1 nodes.
             Both:      384.00 MB reserved,      38.31 MB ( 10%) committed. 

Chunk freelists:
   Non-Class:  14.94 MB
       Class:  10.00 MB
        Both:  24.94 MB

MaxMetaspaceSize: 384.00 MB
CompressedClassSpaceSize: 320.00 MB
Initial GC threshold: 21.00 MB
Current GC threshold: 59.69 MB
CDS: on
 - commit_granule_bytes: 65536.
 - commit_granule_words: 8192.
 - virtual_space_node_default_size: 8388608.
 - enlarge_chunks_in_place: 1.
 - use_allocation_guard: 0.


Internal statistics:

num_allocs_failed_limit: 12.
num_arena_births: 2480.
num_arena_deaths: 0.
num_vsnodes_births: 2.
num_vsnodes_deaths: 0.
num_space_committed: 613.
num_space_uncommitted: 0.
num_chunks_returned_to_freelist: 12.
num_chunks_taken_from_freelist: 4276.
num_chunk_merges: 12.
num_chunk_splits: 2784.
num_chunks_enlarged: 1671.
num_inconsistent_stats: 0.

CodeHeap 'non-profiled nmethods': size=120000Kb used=2033Kb max_used=2227Kb free=117966Kb
 bounds [0x0000029cde380000, 0x0000029cde5f0000, 0x0000029ce58b0000]
CodeHeap 'profiled nmethods': size=120000Kb used=7564Kb max_used=8290Kb free=112436Kb
 bounds [0x0000029cd68b0000, 0x0000029cd70d0000, 0x0000029cddde0000]
CodeHeap 'non-nmethods': size=5760Kb used=1990Kb max_used=2007Kb free=3769Kb
 bounds [0x0000029cddde0000, 0x0000029cde050000, 0x0000029cde380000]
CodeCache: size=245760Kb, used=11587Kb, max_used=12524Kb, free=234171Kb
 total_blobs=4642, nmethods=3944, adapters=602, full_count=0
Compilation: enabled, stopped_count=0, restarted_count=0

Compilation events (20 events):
Event: 45.897 Thread 0x0000029ce907c1e0 nmethod 4398 0x0000029cd6936890 code [0x0000029cd6936b40, 0x0000029cd6937b88]
Event: 45.977 Thread 0x0000029ce907c1e0 4401       2       jdk.internal.loader.URLClassPath::getResource (74 bytes)
Event: 45.985 Thread 0x0000029ce907c1e0 nmethod 4401 0x0000029cd6e17a90 code [0x0000029cd6e17c60, 0x0000029cd6e17e88]
Event: 46.128 Thread 0x0000029ce907c1e0 4402       1       groovy.lang.MetaProperty::getName (5 bytes)
Event: 46.128 Thread 0x0000029ce907c1e0 nmethod 4402 0x0000029cde408f90 code [0x0000029cde409120, 0x0000029cde4091e8]
Event: 46.131 Thread 0x0000029ce907c1e0 4403       3       java.util.LinkedHashMap$LinkedEntryIterator::next (5 bytes)
Event: 46.132 Thread 0x0000029ce907c1e0 nmethod 4403 0x0000029cd6e17610 code [0x0000029cd6e177c0, 0x0000029cd6e17958]
Event: 46.132 Thread 0x0000029ce907c1e0 4404       3       java.util.LinkedHashMap$LinkedEntryIterator::next (5 bytes)
Event: 46.132 Thread 0x0000029ce907c1e0 nmethod 4404 0x0000029cd6a72190 code [0x0000029cd6a72340, 0x0000029cd6a72478]
Event: 46.133 Thread 0x0000029ce907c1e0 4405       3       java.lang.PublicMethods$MethodList::getMostSpecific (63 bytes)
Event: 46.134 Thread 0x0000029ce907c1e0 nmethod 4405 0x0000029cd6a71b90 code [0x0000029cd6a71d60, 0x0000029cd6a72038]
Event: 46.139 Thread 0x0000029ce907c1e0 4406   !   3       org.codehaus.groovy.reflection.stdclasses.CachedSAMClass::hasUsableImplementation (73 bytes)
Event: 46.140 Thread 0x0000029ce907c1e0 nmethod 4406 0x0000029cd6a26d90 code [0x0000029cd6a26fc0, 0x0000029cd6a27588]
Event: 46.140 Thread 0x0000029ce907c1e0 4407       3       org.codehaus.groovy.reflection.stdclasses.CachedSAMClass$$Lambda/0x0000029ceb5a5a98::test (12 bytes)
Event: 46.140 Thread 0x0000029ce907c1e0 nmethod 4407 0x0000029cd6a26810 code [0x0000029cd6a269c0, 0x0000029cd6a26c50]
Event: 46.140 Thread 0x0000029ce907c1e0 4408       3       org.codehaus.groovy.reflection.stdclasses.CachedSAMClass::lambda$getSAMMethod$0 (6 bytes)
Event: 46.141 Thread 0x0000029ce907c1e0 nmethod 4408 0x0000029cd6a71810 code [0x0000029cd6a719c0, 0x0000029cd6a71ad8]
Event: 46.209 Thread 0x0000029ce907c1e0 4409       1       java.util.Collections$EmptySet::contains (2 bytes)
Event: 46.213 Thread 0x0000029ce907c1e0 nmethod 4409 0x0000029cde408c90 code [0x0000029cde408e20, 0x0000029cde408ee8]
Event: 46.228 Thread 0x0000029ce907c1e0 4410       1       org.gradle.internal.concurrent.AbstractManagedExecutor::access$000 (5 bytes)

GC Heap History (12 events):
Event: 3.076 GC heap before
{Heap before GC invocations=0 (full 0):
 garbage-first heap   total 262144K, used 26624K [0x00000000e0000000, 0x0000000100000000)
  region size 1024K, 23 young (23552K), 0 survivors (0K)
 Metaspace       used 3046K, committed 3200K, reserved 393216K
  class space    used 368K, committed 448K, reserved 327680K
}
Event: 3.107 GC heap after
{Heap after GC invocations=1 (full 0):
 garbage-first heap   total 262144K, used 11007K [0x00000000e0000000, 0x0000000100000000)
  region size 1024K, 3 young (3072K), 3 survivors (3072K)
 Metaspace       used 3046K, committed 3200K, reserved 393216K
  class space    used 368K, committed 448K, reserved 327680K
}
Event: 6.050 GC heap before
{Heap before GC invocations=1 (full 0):
 garbage-first heap   total 262144K, used 40703K [0x00000000e0000000, 0x0000000100000000)
  region size 1024K, 31 young (31744K), 3 survivors (3072K)
 Metaspace       used 4656K, committed 4864K, reserved 393216K
  class space    used 589K, committed 704K, reserved 327680K
}
Event: 6.059 GC heap after
{Heap after GC invocations=2 (full 0):
 garbage-first heap   total 262144K, used 15285K [0x00000000e0000000, 0x0000000100000000)
  region size 1024K, 3 young (3072K), 3 survivors (3072K)
 Metaspace       used 4656K, committed 4864K, reserved 393216K
  class space    used 589K, committed 704K, reserved 327680K
}
Event: 27.701 GC heap before
{Heap before GC invocations=2 (full 0):
 garbage-first heap   total 262144K, used 127925K [0x00000000e0000000, 0x0000000100000000)
  region size 1024K, 114 young (116736K), 3 survivors (3072K)
 Metaspace       used 20856K, committed 21504K, reserved 393216K
  class space    used 2953K, committed 3264K, reserved 327680K
}
Event: 27.727 GC heap after
{Heap after GC invocations=3 (full 0):
 garbage-first heap   total 262144K, used 24325K [0x00000000e0000000, 0x0000000100000000)
  region size 1024K, 12 young (12288K), 12 survivors (12288K)
 Metaspace       used 20856K, committed 21504K, reserved 393216K
  class space    used 2953K, committed 3264K, reserved 327680K
}
Event: 41.212 GC heap before
{Heap before GC invocations=4 (full 0):
 garbage-first heap   total 262144K, used 125701K [0x00000000e0000000, 0x0000000100000000)
  region size 1024K, 111 young (113664K), 12 survivors (12288K)
 Metaspace       used 34614K, committed 35968K, reserved 393216K
  class space    used 4967K, committed 5632K, reserved 327680K
}
Event: 41.233 GC heap after
{Heap after GC invocations=5 (full 0):
 garbage-first heap   total 262144K, used 30376K [0x00000000e0000000, 0x0000000100000000)
  region size 1024K, 15 young (15360K), 15 survivors (15360K)
 Metaspace       used 34614K, committed 35968K, reserved 393216K
  class space    used 4967K, committed 5632K, reserved 327680K
}
Event: 41.483 GC heap before
{Heap before GC invocations=5 (full 0):
 garbage-first heap   total 262144K, used 31400K [0x00000000e0000000, 0x0000000100000000)
  region size 1024K, 17 young (17408K), 15 survivors (15360K)
 Metaspace       used 34964K, committed 36288K, reserved 393216K
  class space    used 4993K, committed 5632K, reserved 327680K
}
Event: 41.503 GC heap after
{Heap after GC invocations=6 (full 0):
 garbage-first heap   total 262144K, used 30624K [0x00000000e0000000, 0x0000000100000000)
  region size 1024K, 7 young (7168K), 7 survivors (7168K)
 Metaspace       used 34964K, committed 36288K, reserved 393216K
  class space    used 4993K, committed 5632K, reserved 327680K
}
Event: 41.719 GC heap before
{Heap before GC invocations=6 (full 0):
 garbage-first heap   total 262144K, used 31648K [0x00000000e0000000, 0x0000000100000000)
  region size 1024K, 9 young (9216K), 7 survivors (7168K)
 Metaspace       used 35248K, committed 36608K, reserved 393216K
  class space    used 5017K, committed 5696K, reserved 327680K
}
Event: 41.726 GC heap after
{Heap after GC invocations=7 (full 0):
 garbage-first heap   total 262144K, used 30032K [0x00000000e0000000, 0x0000000100000000)
  region size 1024K, 6 young (6144K), 6 survivors (6144K)
 Metaspace       used 35248K, committed 36608K, reserved 393216K
  class space    used 5017K, committed 5696K, reserved 327680K
}

Dll operation events (20 events):
Event: 0.516 Attempting to load shared library C:\Users\isabo\.vscode\extensions\redhat.java-1.56.0-win32-x64\jre\21.0.12.1-win32-x86_64\bin\nio.dll
Event: 0.525 Loaded shared library C:\Users\isabo\.vscode\extensions\redhat.java-1.56.0-win32-x64\jre\21.0.12.1-win32-x86_64\bin\nio.dll
Event: 0.536 Attempting to load shared library C:\Users\isabo\.vscode\extensions\redhat.java-1.56.0-win32-x64\jre\21.0.12.1-win32-x86_64\bin\zip.dll
Event: 0.537 Loaded shared library C:\Users\isabo\.vscode\extensions\redhat.java-1.56.0-win32-x64\jre\21.0.12.1-win32-x86_64\bin\zip.dll
Event: 1.373 Attempting to load shared library C:\Users\isabo\.vscode\extensions\redhat.java-1.56.0-win32-x64\jre\21.0.12.1-win32-x86_64\bin\jimage.dll
Event: 1.373 Loaded shared library C:\Users\isabo\.vscode\extensions\redhat.java-1.56.0-win32-x64\jre\21.0.12.1-win32-x86_64\bin\jimage.dll
Event: 2.350 Attempting to load shared library C:\Users\isabo\.vscode\extensions\redhat.java-1.56.0-win32-x64\jre\21.0.12.1-win32-x86_64\bin\verify.dll
Event: 2.350 Loaded shared library C:\Users\isabo\.vscode\extensions\redhat.java-1.56.0-win32-x64\jre\21.0.12.1-win32-x86_64\bin\verify.dll
Event: 2.429 Attempting to load shared library C:\Users\isabo\.gradle\native\660c5614fbf4a5f2a75b1949f50a0caf5cd603558e7d8a26e50b933a0cfb79d1\windows-amd64\native-platform.dll
Event: 2.430 Loaded shared library C:\Users\isabo\.gradle\native\660c5614fbf4a5f2a75b1949f50a0caf5cd603558e7d8a26e50b933a0cfb79d1\windows-amd64\native-platform.dll
Event: 2.454 Attempting to load shared library C:\Users\isabo\.gradle\native\0.2.8\x86_64-windows-gnu\gradle-fileevents.dll
Event: 2.456 Loaded shared library C:\Users\isabo\.gradle\native\0.2.8\x86_64-windows-gnu\gradle-fileevents.dll
Event: 9.601 Attempting to load shared library C:\Users\isabo\.vscode\extensions\redhat.java-1.56.0-win32-x64\jre\21.0.12.1-win32-x86_64\bin\management.dll
Event: 9.602 Loaded shared library C:\Users\isabo\.vscode\extensions\redhat.java-1.56.0-win32-x64\jre\21.0.12.1-win32-x86_64\bin\management.dll
Event: 9.625 Attempting to load shared library C:\Users\isabo\.vscode\extensions\redhat.java-1.56.0-win32-x64\jre\21.0.12.1-win32-x86_64\bin\management_ext.dll
Event: 9.628 Loaded shared library C:\Users\isabo\.vscode\extensions\redhat.java-1.56.0-win32-x64\jre\21.0.12.1-win32-x86_64\bin\management_ext.dll
Event: 13.292 Attempting to load shared library C:\Users\isabo\.vscode\extensions\redhat.java-1.56.0-win32-x64\jre\21.0.12.1-win32-x86_64\bin\extnet.dll
Event: 13.302 Loaded shared library C:\Users\isabo\.vscode\extensions\redhat.java-1.56.0-win32-x64\jre\21.0.12.1-win32-x86_64\bin\extnet.dll
Event: 16.250 Attempting to load shared library C:\Users\isabo\.vscode\extensions\redhat.java-1.56.0-win32-x64\jre\21.0.12.1-win32-x86_64\bin\sunmscapi.dll
Event: 16.261 Loaded shared library C:\Users\isabo\.vscode\extensions\redhat.java-1.56.0-win32-x64\jre\21.0.12.1-win32-x86_64\bin\sunmscapi.dll

Deoptimization events (20 events):
Event: 45.681 Thread 0x0000029ce91aeff0 Uncommon trap: trap_request=0xffffffde fr.pc=0x0000029cde5a1c54 relative=0x0000000000000f94
Event: 45.681 Thread 0x0000029ce91aeff0 Uncommon trap: reason=class_check action=maybe_recompile pc=0x0000029cde5a1c54 method=jdk.internal.loader.URLClassPath.getLoader(I)Ljdk/internal/loader/URLClassPath$Loader; @ 88 c2
Event: 45.681 Thread 0x0000029ce91aeff0 DEOPT PACKING pc=0x0000029cde5a1c54 sp=0x000000c1bd5f94e0
Event: 45.681 Thread 0x0000029ce91aeff0 DEOPT UNPACKING pc=0x0000029cdde37ba2 sp=0x000000c1bd5f94c0 mode 2
Event: 45.681 Thread 0x0000029ce91aeff0 Uncommon trap: trap_request=0xffffffde fr.pc=0x0000029cde502918 relative=0x00000000000041d8
Event: 45.681 Thread 0x0000029ce91aeff0 Uncommon trap: reason=class_check action=maybe_recompile pc=0x0000029cde502918 method=jdk.internal.loader.URLClassPath.getResource(Ljava/lang/String;Z)Ljdk/internal/loader/Resource; @ 53 c2
Event: 45.681 Thread 0x0000029ce91aeff0 DEOPT PACKING pc=0x0000029cde502918 sp=0x000000c1bd5f9590
Event: 45.681 Thread 0x0000029ce91aeff0 DEOPT UNPACKING pc=0x0000029cdde37ba2 sp=0x000000c1bd5f93c0 mode 2
Event: 45.702 Thread 0x0000029ce91aeff0 Uncommon trap: trap_request=0xffffff45 fr.pc=0x0000029cde43ff14 relative=0x0000000000000cf4
Event: 45.702 Thread 0x0000029ce91aeff0 Uncommon trap: reason=unstable_if action=reinterpret pc=0x0000029cde43ff14 method=java.lang.ClassLoader.checkCerts(Ljava/lang/String;Ljava/security/CodeSource;)V @ 9 c2
Event: 45.703 Thread 0x0000029ce91aeff0 DEOPT PACKING pc=0x0000029cde43ff14 sp=0x000000c1bd5f92f0
Event: 45.703 Thread 0x0000029ce91aeff0 DEOPT UNPACKING pc=0x0000029cdde37ba2 sp=0x000000c1bd5f9180 mode 2
Event: 45.703 Thread 0x0000029ce91aeff0 Uncommon trap: trap_request=0xffffff45 fr.pc=0x0000029cde485d18 relative=0x00000000000000f8
Event: 45.703 Thread 0x0000029ce91aeff0 Uncommon trap: reason=unstable_if action=reinterpret pc=0x0000029cde485d18 method=java.lang.ClassLoader.getClassLoadingLock(Ljava/lang/String;)Ljava/lang/Object; @ 6 c2
Event: 45.703 Thread 0x0000029ce91aeff0 DEOPT PACKING pc=0x0000029cde485d18 sp=0x000000c1bd5f7b40
Event: 45.703 Thread 0x0000029ce91aeff0 DEOPT UNPACKING pc=0x0000029cdde37ba2 sp=0x000000c1bd5f7ad0 mode 2
Event: 45.712 Thread 0x0000029ce91aeff0 Uncommon trap: trap_request=0xffffff45 fr.pc=0x0000029cde5a4688 relative=0x0000000000001348
Event: 45.712 Thread 0x0000029ce91aeff0 Uncommon trap: reason=unstable_if action=reinterpret pc=0x0000029cde5a4688 method=java.lang.Class.getPackageName()Ljava/lang/String; @ 55 c2
Event: 45.712 Thread 0x0000029ce91aeff0 DEOPT PACKING pc=0x0000029cde5a4688 sp=0x000000c1bd5f91f0
Event: 45.712 Thread 0x0000029ce91aeff0 DEOPT UNPACKING pc=0x0000029cdde37ba2 sp=0x000000c1bd5f9178 mode 2

Classes loaded (20 events):
Event: 44.078 Loading class java/math/MutableBigInteger
Event: 44.086 Loading class java/math/MutableBigInteger done
Event: 44.553 Loading class java/nio/file/FileTreeWalker
Event: 44.556 Loading class java/nio/file/FileTreeWalker done
Event: 44.565 Loading class java/nio/file/FileTreeWalker$DirectoryNode
Event: 44.566 Loading class java/nio/file/FileTreeWalker$DirectoryNode done
Event: 44.566 Loading class java/nio/file/FileTreeWalker$Event
Event: 44.566 Loading class java/nio/file/FileTreeWalker$Event done
Event: 44.566 Loading class java/nio/file/FileTreeWalker$EventType
Event: 44.566 Loading class java/nio/file/FileTreeWalker$EventType done
Event: 44.566 Loading class java/nio/file/Files$3
Event: 44.566 Loading class java/nio/file/Files$3 done
Event: 44.575 Loading class java/nio/file/FileVisitResult
Event: 44.575 Loading class java/nio/file/FileVisitResult done
Event: 44.946 Loading class java/util/stream/Streams$RangeIntSpliterator
Event: 44.946 Loading class java/util/stream/Streams$RangeIntSpliterator done
Event: 45.678 Loading class jdk/internal/loader/URLClassPath$FileLoader
Event: 45.679 Loading class jdk/internal/loader/URLClassPath$FileLoader done
Event: 45.682 Loading class jdk/internal/loader/URLClassPath$FileLoader$1
Event: 45.682 Loading class jdk/internal/loader/URLClassPath$FileLoader$1 done

Classes unloaded (0 events):
No events

Classes redefined (0 events):
No events

Internal exceptions (20 events):
Event: 43.895 Thread 0x0000029ce91aeff0 Exception <a 'sun/nio/fs/WindowsException'{0x00000000ef80c948}> (0x00000000ef80c948) 
thrown [s\src\hotspot\share\prims\jni.cpp, line 520]
Event: 43.904 Thread 0x0000029ce91aeff0 Exception <a 'sun/nio/fs/WindowsException'{0x00000000ef80e950}> (0x00000000ef80e950) 
thrown [s\src\hotspot\share\prims\jni.cpp, line 520]
Event: 43.906 Thread 0x0000029ce91aeff0 Exception <a 'sun/nio/fs/WindowsException'{0x00000000ef8100d0}> (0x00000000ef8100d0) 
thrown [s\src\hotspot\share\prims\jni.cpp, line 520]
Event: 43.923 Thread 0x0000029ce91aeff0 Exception <a 'sun/nio/fs/WindowsException'{0x00000000ef811860}> (0x00000000ef811860) 
thrown [s\src\hotspot\share\prims\jni.cpp, line 520]
Event: 44.228 Thread 0x0000029ce91aeff0 Exception <a 'java/lang/IncompatibleClassChangeError'{0x00000000ef789a10}: Found class java.lang.Object, but interface was expected> (0x00000000ef789a10) 
thrown [s\src\hotspot\share\interpreter\linkResolver.cpp, line 840]
Event: 44.474 Thread 0x0000029ce91aeff0 Exception <a 'java/lang/NoSuchMethodError'{0x00000000ef0b6e00}: 'java.lang.Object java.lang.invoke.DirectMethodHandle$Holder.invokeSpecial(java.lang.Object, java.lang.Object, long, java.lang.Object)'> (0x00000000ef0b6e00) 
thrown [s\src\hotspot\share\interpreter\linkResolver.cpp, line 773]
Event: 44.478 Thread 0x0000029ce91aeff0 Exception <a 'java/lang/NoSuchMethodError'{0x00000000ef0be308}: 'java.lang.Object java.lang.invoke.DirectMethodHandle$Holder.newInvokeSpecial(java.lang.Object, java.lang.Object, long)'> (0x00000000ef0be308) 
thrown [s\src\hotspot\share\interpreter\linkResolver.cpp, line 773]
Event: 44.478 Thread 0x0000029ce91aeff0 Exception <a 'java/lang/NoSuchMethodError'{0x00000000ef0c28f0}: 'java.lang.Object java.lang.invoke.Invokers$Holder.linkToTargetMethod(java.lang.Object, long, java.lang.Object)'> (0x00000000ef0c28f0) 
thrown [s\src\hotspot\share\interpreter\linkResolver.cpp, line 773]
Event: 44.502 Thread 0x0000029ce91b0a30 Implicit null exception at 0x0000029cde51274f to 0x0000029cde512acc
Event: 44.854 Thread 0x0000029ce91aeff0 Exception <a 'java/lang/NoSuchMethodError'{0x00000000eeed6e50}: 'int java.lang.invoke.DirectMethodHandle$Holder.invokeSpecial(java.lang.Object, java.lang.Object, java.lang.Object, java.lang.Object)'> (0x00000000eeed6e50) 
thrown [s\src\hotspot\share\interpreter\linkResolver.cpp, line 773]
Event: 44.881 Thread 0x0000029ce91aeff0 Exception <a 'java/lang/NoSuchMethodError'{0x00000000eeef8c78}: 'int java.lang.invoke.DirectMethodHandle$Holder.invokeInterface(java.lang.Object, java.lang.Object)'> (0x00000000eeef8c78) 
thrown [s\src\hotspot\share\interpreter\linkResolver.cpp, line 773]
Event: 44.942 Thread 0x0000029ce91aeff0 Exception <a 'java/lang/NoSuchMethodError'{0x00000000eed8ae48}: 'java.lang.Object java.lang.invoke.DirectMethodHandle$Holder.invokeVirtual(java.lang.Object, java.lang.Object, int)'> (0x00000000eed8ae48) 
thrown [s\src\hotspot\share\interpreter\linkResolver.cpp, line 773]
Event: 45.054 Thread 0x0000029ce91aeff0 Exception <a 'java/lang/NoSuchMethodError'{0x00000000eec1f490}: 'java.lang.Object java.lang.invoke.DirectMethodHandle$Holder.invokeStatic(java.lang.Object, java.lang.Object, int, java.lang.Object)'> (0x00000000eec1f490) 
thrown [s\src\hotspot\share\interpreter\linkResolver.cpp, line 773]
Event: 45.057 Thread 0x0000029ce91aeff0 Exception <a 'java/lang/NoSuchMethodError'{0x00000000eec26948}: 'java.lang.Object java.lang.invoke.DirectMethodHandle$Holder.newInvokeSpecial(java.lang.Object, java.lang.Object, int, java.lang.Object)'> (0x00000000eec26948) 
thrown [s\src\hotspot\share\interpreter\linkResolver.cpp, line 773]
Event: 45.058 Thread 0x0000029ce91aeff0 Exception <a 'java/lang/NoSuchMethodError'{0x00000000eec2b218}: 'java.lang.Object java.lang.invoke.DirectMethodHandle$Holder.invokeSpecial(java.lang.Object, java.lang.Object, java.lang.Object, int, java.lang.Object)'> (0x00000000eec2b218) 
thrown [s\src\hotspot\share\interpreter\linkResolver.cpp, line 773]
Event: 45.241 Thread 0x0000029ce91aeff0 Exception <a 'java/lang/IncompatibleClassChangeError'{0x00000000eebce250}: Found class java.lang.Object, but interface was expected> (0x00000000eebce250) 
thrown [s\src\hotspot\share\interpreter\linkResolver.cpp, line 840]
Event: 45.663 Thread 0x0000029ce91aeff0 Exception <a 'java/lang/NoSuchMethodError'{0x00000000ee9470b8}: 'void java.lang.invoke.DirectMethodHandle$Holder.invokeInterface(java.lang.Object, java.lang.Object, java.lang.Object, java.lang.Object, java.lang.Object, java.lang.Object, java.lang.Object)'> (0x00000000ee9470b8) 
thrown [s\src\hotspot\share\interpreter\linkResolver.cpp, line 773]
Event: 45.667 Thread 0x0000029ce91aeff0 Exception <a 'java/lang/NoSuchMethodError'{0x00000000ee94bc80}: 'void java.lang.invoke.DelegatingMethodHandle$Holder.reinvoke_L(java.lang.Object, java.lang.Object, java.lang.Object, java.lang.Object, java.lang.Object, java.lang.Object, java.lang.Object)'> (0x00000000ee94bc80) 
thrown [s\src\hotspot\share\interpreter\linkResolver.cpp, line 773]
Event: 45.977 Thread 0x0000029ce91aeff0 Exception <a 'java/lang/ClassNotFoundException'{0x00000000ee9ec3e0}: groovy/lang/BindingBeanInfo> (0x00000000ee9ec3e0) 
thrown [s\src\hotspot\share\classfile\systemDictionary.cpp, line 313]
Event: 45.991 Thread 0x0000029ce91aeff0 Exception <a 'java/lang/ClassNotFoundException'{0x00000000ee9f6270}: groovy/lang/BindingCustomizer> (0x00000000ee9f6270) 
thrown [s\src\hotspot\share\classfile\systemDictionary.cpp, line 313]

ZGC Phase Switch (0 events):
No events

VM Operations (20 events):
Event: 42.805 Executing safepoint VM operation: Cleanup
Event: 42.806 Executing safepoint VM operation: Cleanup done
Event: 42.931 Executing non-safepoint VM operation: HandshakeAllThreads (Deoptimize)
Event: 42.931 Executing non-safepoint VM operation: HandshakeAllThreads (Deoptimize) done
Event: 43.898 Executing non-safepoint VM operation: HandshakeAllThreads (Deoptimize)
Event: 43.898 Executing non-safepoint VM operation: HandshakeAllThreads (Deoptimize) done
Event: 43.898 Executing safepoint VM operation: Cleanup
Event: 43.898 Executing safepoint VM operation: Cleanup done
Event: 44.265 Executing non-safepoint VM operation: HandshakeAllThreads (Deoptimize)
Event: 44.265 Executing non-safepoint VM operation: HandshakeAllThreads (Deoptimize) done
Event: 44.478 Executing non-safepoint VM operation: HandshakeAllThreads (Deoptimize)
Event: 44.478 Executing non-safepoint VM operation: HandshakeAllThreads (Deoptimize) done
Event: 44.482 Executing non-safepoint VM operation: HandshakeAllThreads (Deoptimize)
Event: 44.482 Executing non-safepoint VM operation: HandshakeAllThreads (Deoptimize) done
Event: 45.483 Executing safepoint VM operation: Cleanup
Event: 45.483 Executing safepoint VM operation: Cleanup done
Event: 45.684 Executing non-safepoint VM operation: HandshakeAllThreads (Deoptimize)
Event: 45.684 Executing non-safepoint VM operation: HandshakeAllThreads (Deoptimize) done
Event: 45.688 Executing non-safepoint VM operation: HandshakeAllThreads (Deoptimize)
Event: 45.688 Executing non-safepoint VM operation: HandshakeAllThreads (Deoptimize) done

Memory protections (0 events):
No events

Nmethod flushes (20 events):
Event: 41.767 Thread 0x0000029ce9047b70 flushing  nmethod 0x0000029cd6971c10
Event: 41.767 Thread 0x0000029ce9047b70 flushing  nmethod 0x0000029cd6971f90
Event: 41.767 Thread 0x0000029ce9047b70 flushing  nmethod 0x0000029cd6972790
Event: 41.767 Thread 0x0000029ce9047b70 flushing  nmethod 0x0000029cd6973310
Event: 41.767 Thread 0x0000029ce9047b70 flushing  nmethod 0x0000029cd6974290
Event: 41.767 Thread 0x0000029ce9047b70 flushing  nmethod 0x0000029cd6974b10
Event: 41.767 Thread 0x0000029ce9047b70 flushing  nmethod 0x0000029cd6975910
Event: 41.767 Thread 0x0000029ce9047b70 flushing  nmethod 0x0000029cd69ed190
Event: 41.767 Thread 0x0000029ce9047b70 flushing  nmethod 0x0000029cd69ed790
Event: 41.767 Thread 0x0000029ce9047b70 flushing  nmethod 0x0000029cd69edf90
Event: 41.767 Thread 0x0000029ce9047b70 flushing  nmethod 0x0000029cd69f1a10
Event: 41.767 Thread 0x0000029ce9047b70 flushing  nmethod 0x0000029cd69f2e10
Event: 41.767 Thread 0x0000029ce9047b70 flushing  nmethod 0x0000029cd6a18b10
Event: 41.767 Thread 0x0000029ce9047b70 flushing  nmethod 0x0000029cd6a7ee10
Event: 41.767 Thread 0x0000029ce9047b70 flushing  nmethod 0x0000029cd6aa4710
Event: 41.767 Thread 0x0000029ce9047b70 flushing  nmethod 0x0000029cd6aa6310
Event: 41.767 Thread 0x0000029ce9047b70 flushing  nmethod 0x0000029cd6aa7d10
Event: 41.767 Thread 0x0000029ce9047b70 flushing  nmethod 0x0000029cd6be9710
Event: 41.767 Thread 0x0000029ce9047b70 flushing  nmethod 0x0000029cd6c4c510
Event: 41.767 Thread 0x0000029ce9047b70 flushing  nmethod 0x0000029cd6d40390

Events (20 events):
Event: 19.056 Thread 0x0000029ce9a8acb0 Thread added: 0x0000029ce91b1750
Event: 19.132 Thread 0x0000029ce91aeff0 Thread added: 0x0000029ce91b2470
Event: 19.134 Thread 0x0000029ce91aeff0 Thread added: 0x0000029ce91afd10
Event: 19.139 Thread 0x0000029ce91aeff0 Thread added: 0x0000029ce91b03a0
Event: 22.542 Thread 0x0000029ce91aeff0 Thread added: 0x0000029ce91b0a30
Event: 22.601 Thread 0x0000029ce91aeff0 Thread added: 0x0000029ce91b10c0
Event: 23.005 Thread 0x0000029ce91aeff0 Thread added: 0x0000029c8528a190
Event: 23.169 Thread 0x0000029ce91b10c0 Thread added: 0x0000029c85289b00
Event: 25.622 Thread 0x0000029ce907c1e0 Thread added: 0x0000029c855dc620
Event: 25.777 Thread 0x0000029c855dc620 Thread exited: 0x0000029c855dc620
Event: 30.853 Thread 0x0000029ce91aeff0 Thread added: 0x0000029c852880c0
Event: 30.924 Thread 0x0000029ce91aeff0 Thread added: 0x0000029c8528c8f0
Event: 32.378 Thread 0x0000029ce91aeff0 Thread added: 0x0000029c85289470
Event: 32.413 Thread 0x0000029ce91aeff0 Thread added: 0x0000029c8528c260
Event: 34.470 Thread 0x0000029ce91aeff0 Thread added: 0x0000029c8528a820
Event: 35.270 Thread 0x0000029ce91aeff0 Thread added: 0x0000029c8528bbd0
Event: 38.499 Thread 0x0000029ce91aeff0 Thread added: 0x0000029c8528e330
Event: 39.226 Thread 0x0000029ce91aeff0 Thread added: 0x0000029c8528d610
Event: 45.060 Thread 0x0000029ce91aeff0 Thread added: 0x0000029c8528dca0
Event: 45.579 Thread 0x0000029ce91aeff0 Thread added: 0x0000029c8528aeb0


Dynamic libraries:
0x00007ff64bfa0000 - 0x00007ff64bfae000 	C:\Users\isabo\.vscode\extensions\redhat.java-1.56.0-win32-x64\jre\21.0.12.1-win32-x86_64\bin\java.exe
0x00007ffe80b40000 - 0x00007ffe80da7000 	C:\WINDOWS\SYSTEM32\ntdll.dll
0x00007ffe7eb40000 - 0x00007ffe7ec0b000 	C:\WINDOWS\System32\KERNEL32.DLL
0x00007ffe7deb0000 - 0x00007ffe7e2b2000 	C:\WINDOWS\System32\KERNELBASE.dll
0x00007ffe7e2c0000 - 0x00007ffe7e40c000 	C:\WINDOWS\System32\ucrtbase.dll
0x00007ffe41ea0000 - 0x00007ffe41eb8000 	C:\Users\isabo\.vscode\extensions\redhat.java-1.56.0-win32-x64\jre\21.0.12.1-win32-x86_64\bin\jli.dll
0x00007ffe41a30000 - 0x00007ffe41a4e000 	C:\Users\isabo\.vscode\extensions\redhat.java-1.56.0-win32-x64\jre\21.0.12.1-win32-x86_64\bin\VCRUNTIME140.dll
0x00007ffe80380000 - 0x00007ffe8054f000 	C:\WINDOWS\System32\USER32.dll
0x00007ffe7dd40000 - 0x00007ffe7dd67000 	C:\WINDOWS\System32\win32u.dll
0x00007ffe69240000 - 0x00007ffe694d0000 	C:\WINDOWS\WinSxS\amd64_microsoft.windows.common-controls_6595b64144ccf1df_6.0.26100.9278_none_3e0d1ba8e3303201\COMCTL32.dll
0x00007ffe808a0000 - 0x00007ffe808cb000 	C:\WINDOWS\System32\GDI32.dll
0x00007ffe806e0000 - 0x00007ffe80789000 	C:\WINDOWS\System32\msvcrt.dll
0x00007ffe7e4e0000 - 0x00007ffe7e609000 	C:\WINDOWS\System32\gdi32full.dll
0x00007ffe7dd70000 - 0x00007ffe7de13000 	C:\WINDOWS\System32\msvcp_win.dll
0x00007ffe808d0000 - 0x00007ffe80901000 	C:\WINDOWS\System32\IMM32.DLL
0x00007ffe6a2f0000 - 0x00007ffe6a2fc000 	C:\Users\isabo\.vscode\extensions\redhat.java-1.56.0-win32-x64\jre\21.0.12.1-win32-x86_64\bin\vcruntime140_1.dll
0x00007ffe19de0000 - 0x00007ffe19e6d000 	C:\Users\isabo\.vscode\extensions\redhat.java-1.56.0-win32-x64\jre\21.0.12.1-win32-x86_64\bin\msvcp140.dll
0x00007ffda5310000 - 0x00007ffda60b2000 	C:\Users\isabo\.vscode\extensions\redhat.java-1.56.0-win32-x64\jre\21.0.12.1-win32-x86_64\bin\server\jvm.dll
0x00007ffe80160000 - 0x00007ffe8021c000 	C:\WINDOWS\System32\ADVAPI32.dll
0x00007ffe7ec10000 - 0x00007ffe7ecb9000 	C:\WINDOWS\System32\sechost.dll
0x00007ffe7ecc0000 - 0x00007ffe7edd8000 	C:\WINDOWS\System32\RPCRT4.dll
0x00007ffe80a70000 - 0x00007ffe80af0000 	C:\WINDOWS\System32\WS2_32.dll
0x00007ffe7dbc0000 - 0x00007ffe7dc1e000 	C:\WINDOWS\SYSTEM32\POWRPROF.dll
0x00007ffe6b6a0000 - 0x00007ffe6b6d6000 	C:\WINDOWS\SYSTEM32\WINMM.dll
0x00007ffe74070000 - 0x00007ffe7407b000 	C:\WINDOWS\SYSTEM32\VERSION.dll
0x00007ffe7dba0000 - 0x00007ffe7dbb5000 	C:\WINDOWS\SYSTEM32\UMPDC.dll
0x00007ffe7c9d0000 - 0x00007ffe7c9eb000 	C:\WINDOWS\SYSTEM32\kernel.appcore.dll
0x00007ffe583c0000 - 0x00007ffe583ca000 	C:\Users\isabo\.vscode\extensions\redhat.java-1.56.0-win32-x64\jre\21.0.12.1-win32-x86_64\bin\jimage.dll
0x00007ffe7b430000 - 0x00007ffe7b67c000 	C:\WINDOWS\SYSTEM32\DBGHELP.DLL
0x00007ffe7fd40000 - 0x00007ffe800c5000 	C:\WINDOWS\System32\combase.dll
0x00007ffe7f2c0000 - 0x00007ffe7f399000 	C:\WINDOWS\System32\OLEAUT32.dll
0x00007ffe695c0000 - 0x00007ffe695fb000 	C:\WINDOWS\SYSTEM32\dbgcore.DLL
0x00007ffe7e420000 - 0x00007ffe7e4cc000 	C:\WINDOWS\System32\bcryptPrimitives.dll
0x00007ffe57bb0000 - 0x00007ffe57bbf000 	C:\Users\isabo\.vscode\extensions\redhat.java-1.56.0-win32-x64\jre\21.0.12.1-win32-x86_64\bin\instrument.dll
0x00007ffe41a10000 - 0x00007ffe41a30000 	C:\Users\isabo\.vscode\extensions\redhat.java-1.56.0-win32-x64\jre\21.0.12.1-win32-x86_64\bin\java.dll
0x00007ffe7f580000 - 0x00007ffe7fd18000 	C:\WINDOWS\System32\SHELL32.dll
0x00007ffe7b780000 - 0x00007ffe7c02e000 	C:\WINDOWS\SYSTEM32\windows.storage.dll
0x00007ffe80910000 - 0x00007ffe80a0b000 	C:\WINDOWS\System32\SHCORE.dll
0x00007ffe80790000 - 0x00007ffe807f6000 	C:\WINDOWS\System32\shlwapi.dll
0x00007ffe7dc60000 - 0x00007ffe7dc89000 	C:\WINDOWS\SYSTEM32\profapi.dll
0x00007ffe41950000 - 0x00007ffe41968000 	C:\Users\isabo\.vscode\extensions\redhat.java-1.56.0-win32-x64\jre\21.0.12.1-win32-x86_64\bin\zip.dll
0x00007ffe57ba0000 - 0x00007ffe57bb0000 	C:\Users\isabo\.vscode\extensions\redhat.java-1.56.0-win32-x64\jre\21.0.12.1-win32-x86_64\bin\net.dll
0x00007ffe703d0000 - 0x00007ffe704fa000 	C:\WINDOWS\SYSTEM32\WINHTTP.dll
0x00007ffe7cf70000 - 0x00007ffe7cfdc000 	C:\WINDOWS\system32\mswsock.dll
0x00007ffe41930000 - 0x00007ffe41946000 	C:\Users\isabo\.vscode\extensions\redhat.java-1.56.0-win32-x64\jre\21.0.12.1-win32-x86_64\bin\nio.dll
0x00007ffe56bc0000 - 0x00007ffe56bd0000 	C:\Users\isabo\.vscode\extensions\redhat.java-1.56.0-win32-x64\jre\21.0.12.1-win32-x86_64\bin\verify.dll
0x00007ffdb4a60000 - 0x00007ffdb4a87000 	C:\Users\isabo\.gradle\native\660c5614fbf4a5f2a75b1949f50a0caf5cd603558e7d8a26e50b933a0cfb79d1\windows-amd64\native-platform.dll
0x00007ffe184b0000 - 0x00007ffe18527000 	C:\Users\isabo\.gradle\native\0.2.8\x86_64-windows-gnu\gradle-fileevents.dll
0x00007ffe53c00000 - 0x00007ffe53c0a000 	C:\Users\isabo\.vscode\extensions\redhat.java-1.56.0-win32-x64\jre\21.0.12.1-win32-x86_64\bin\management.dll
0x00007ffe50360000 - 0x00007ffe5036c000 	C:\Users\isabo\.vscode\extensions\redhat.java-1.56.0-win32-x64\jre\21.0.12.1-win32-x86_64\bin\management_ext.dll
0x00007ffe800d0000 - 0x00007ffe800d8000 	C:\WINDOWS\System32\PSAPI.DLL
0x00007ffe7c380000 - 0x00007ffe7c3b3000 	C:\WINDOWS\SYSTEM32\IPHLPAPI.DLL
0x00007ffe80890000 - 0x00007ffe8089a000 	C:\WINDOWS\System32\NSI.dll
0x00007ffe57bc0000 - 0x00007ffe57bc9000 	C:\Users\isabo\.vscode\extensions\redhat.java-1.56.0-win32-x64\jre\21.0.12.1-win32-x86_64\bin\extnet.dll
0x00007ffe7d390000 - 0x00007ffe7d3ab000 	C:\WINDOWS\SYSTEM32\CRYPTSP.dll
0x00007ffe7c930000 - 0x00007ffe7c969000 	C:\WINDOWS\system32\rsaenh.dll
0x00007ffe7d020000 - 0x00007ffe7d054000 	C:\WINDOWS\SYSTEM32\USERENV.dll
0x00007ffe7dc30000 - 0x00007ffe7dc5a000 	C:\WINDOWS\SYSTEM32\bcrypt.dll
0x00007ffe7d360000 - 0x00007ffe7d36c000 	C:\WINDOWS\SYSTEM32\CRYPTBASE.dll
0x00007ffe55bc0000 - 0x00007ffe55bce000 	C:\Users\isabo\.vscode\extensions\redhat.java-1.56.0-win32-x64\jre\21.0.12.1-win32-x86_64\bin\sunmscapi.dll
0x00007ffe7e6d0000 - 0x00007ffe7e84e000 	C:\WINDOWS\System32\CRYPT32.dll
0x00007ffe7d500000 - 0x00007ffe7d530000 	C:\WINDOWS\SYSTEM32\ncrypt.dll
0x00007ffe7d4b0000 - 0x00007ffe7d4ef000 	C:\WINDOWS\SYSTEM32\NTASN1.dll
0x00007ffe4ab20000 - 0x00007ffe4ab28000 	C:\WINDOWS\system32\wshunix.dll

JVMTI agents:
C:\Users\isabo\.gradle\wrapper\dists\gradle-9.5.1-bin\iq79hdu3mqx29lgffhp8bfmx\gradle-9.5.1\lib\agents\gradle-instrumentation-agent-9.5.1.jar path:C:\Users\isabo\.vscode\extensions\redhat.java-1.56.0-win32-x64\jre\21.0.12.1-win32-x86_64\bin\instrument.dll, loaded, initialized, instrumentlib options:none

dbghelp: loaded successfully - version: 4.0.5 - missing functions: none
symbol engine: initialized successfully - sym options: 0x614 - pdb path: .;C:\Users\isabo\.vscode\extensions\redhat.java-1.56.0-win32-x64\jre\21.0.12.1-win32-x86_64\bin;C:\WINDOWS\SYSTEM32;C:\WINDOWS\WinSxS\amd64_microsoft.windows.common-controls_6595b64144ccf1df_6.0.26100.9278_none_3e0d1ba8e3303201;C:\Users\isabo\.vscode\extensions\redhat.java-1.56.0-win32-x64\jre\21.0.12.1-win32-x86_64\bin\server;C:\Users\isabo\.gradle\native\660c5614fbf4a5f2a75b1949f50a0caf5cd603558e7d8a26e50b933a0cfb79d1\windows-amd64;C:\Users\isabo\.gradle\native\0.2.8\x86_64-windows-gnu

VM Arguments:
jvm_args: --add-opens=java.base/java.lang=ALL-UNNAMED --add-opens=java.base/java.lang.invoke=ALL-UNNAMED --add-opens=java.base/java.util=ALL-UNNAMED --add-opens=java.prefs/java.util.prefs=ALL-UNNAMED --add-exports=jdk.compiler/com.sun.tools.javac.api=ALL-UNNAMED --add-exports=jdk.compiler/com.sun.tools.javac.util=ALL-UNNAMED --add-opens=java.base/java.nio.charset=ALL-UNNAMED --add-opens=java.base/java.net=ALL-UNNAMED --add-opens=java.base/java.util.concurrent=ALL-UNNAMED --add-opens=java.base/java.util.concurrent.atomic=ALL-UNNAMED --add-opens=java.xml/javax.xml.namespace=ALL-UNNAMED --add-opens=java.base/java.time=ALL-UNNAMED -XX:MaxMetaspaceSize=384m -XX:+HeapDumpOnOutOfMemoryError -Xms256m -Xmx512m -Dfile.encoding=UTF-8 -Duser.country=ES -Duser.language=es -Duser.variant -javaagent:C:\Users\isabo\.gradle\wrapper\dists\gradle-9.5.1-bin\iq79hdu3mqx29lgffhp8bfmx\gradle-9.5.1\lib\agents\gradle-instrumentation-agent-9.5.1.jar 
java_command: org.gradle.launcher.daemon.bootstrap.GradleDaemon 9.5.1
java_class_path (initial): C:\Users\isabo\.gradle\wrapper\dists\gradle-9.5.1-bin\iq79hdu3mqx29lgffhp8bfmx\gradle-9.5.1\lib\gradle-daemon-main-9.5.1.jar
Launcher Type: SUN_STANDARD

[Global flags]
     intx CICompilerCount                          = 4                                         {product} {ergonomic}
   size_t CompressedClassSpaceSize                 = 335544320                                 {product} {ergonomic}
     uint ConcGCThreads                            = 2                                         {product} {ergonomic}
     uint G1ConcRefinementThreads                  = 8                                         {product} {ergonomic}
   size_t G1HeapRegionSize                         = 1048576                                   {product} {ergonomic}
    uintx GCDrainStackTargetSize                   = 64                                        {product} {ergonomic}
     bool HeapDumpOnOutOfMemoryError               = true                                   {manageable} {command line}
   size_t InitialHeapSize                          = 268435456                                 {product} {command line}
   size_t MarkStackSize                            = 4194304                                   {product} {ergonomic}
   size_t MaxHeapSize                              = 536870912                                 {product} {command line}
   size_t MaxMetaspaceSize                         = 402653184                                 {product} {command line}
   size_t MaxNewSize                               = 321912832                                 {product} {ergonomic}
   size_t MinHeapDeltaBytes                        = 1048576                                   {product} {ergonomic}
   size_t MinHeapSize                              = 268435456                                 {product} {command line}
    uintx NonNMethodCodeHeapSize                   = 5839372                                {pd product} {ergonomic}
    uintx NonProfiledCodeHeapSize                  = 122909434                              {pd product} {ergonomic}
    uintx ProfiledCodeHeapSize                     = 122909434                              {pd product} {ergonomic}
    uintx ReservedCodeCacheSize                    = 251658240                              {pd product} {ergonomic}
     bool SegmentedCodeCache                       = true                                      {product} {ergonomic}
   size_t SoftMaxHeapSize                          = 536870912                              {manageable} {ergonomic}
     bool UseCompressedOops                        = true                           {product lp64_product} {ergonomic}
     bool UseG1GC                                  = true                                      {product} {ergonomic}
     bool UseLargePagesIndividualAllocation        = false                                  {pd product} {ergonomic}

Logging:
Log output configuration:
 #0: stdout all=warning uptime,level,tags foldmultilines=false
 #1: stderr all=off uptime,level,tags foldmultilines=false

Release file:
JAVA_VERSION="21.0.12.1" 
MODULES="java.base java.compiler java.datatransfer java.xml java.prefs java.desktop java.instrument java.logging java.management java.security.sasl java.naming java.rmi java.management.rmi java.net.http java.scripting java.security.jgss java.transaction.xa java.sql java.sql.rowset java.xml.crypto java.se java.smartcardio jdk.accessibility jdk.internal.jvmstat jdk.attach jdk.charsets jdk.internal.opt jdk.zipfs jdk.compiler jdk.crypto.ec jdk.crypto.cryptoki jdk.crypto.mscapi jdk.dynalink jdk.internal.ed jdk.editpad jdk.hotspot.agent jdk.httpserver jdk.internal.le jdk.internal.vm.ci jdk.internal.vm.compiler jdk.internal.vm.compiler.management jdk.jartool jdk.javadoc jdk.jcmd jdk.management jdk.management.agent jdk.jconsole jdk.jdeps jdk.jdwp.agent jdk.jdi jdk.jfr jdk.jshell jdk.jsobject jdk.jstatd jdk.localedata jdk.management.jfr jdk.naming.dns jdk.naming.rmi jdk.net jdk.nio.mapmode jdk.random jdk.sctp jdk.security.auth jdk.security.jgss jdk.unsupported jdk.unsupported.desktop jdk.xml.dom" 

Environment Variables:
JAVA_HOME=C:\Program Files (x86)\Java\jdk-21.0.2
PATH=C:\Python312\Scripts\;C:\Python312\;C:\Program Files\Common Files\Oracle\Java\javapath;C:\Program Files (x86)\Common Files\Oracle\Java\java8path;C:\Program Files (x86)\VMware\VMware Player\bin\;C:\WINDOWS\system32;C:\WINDOWS;C:\WINDOWS\System32\Wbem;C:\WINDOWS\System32\WindowsPowerShell\v1.0\;C:\WINDOWS\System32\OpenSSH\;C:\Program Files (x86)\Bitvise SSH Client;C:\Program Files\PuTTY\;C:\Kubernetes;C:\programacion\apache-maven-3.8.3\bin;C:\programacion\apache-ant-1.10.11-bin\apache-ant-1.10.11\bin;C:\Program Files (x86)\dotnet\;C:\Program Files\dotnet\;C:\Program Files\OpenVPN\bin;C:\programacion\gradle\bin;C:\programacion\kubectl;C:\Program Files\MySQL\MySQL Server 8.0\bin;C:\programacion\helm\windows-amd64;C:\Program Files\Java\jdk-17.0.2\bin;C:\Program Files\nodejs\;C:\ProgramData\chocolatey\bin;C:\Program Files\AutoFirma\AutoFirma;C:\programacion\Artemis\apache-artemis-2.32.0\bin;C:\Program Files\PostgreSQL\16\bin;C:\tools\gsudo\Current;C:\Program Files\Docker\Docker\resources\bin;C:\texlive\2026\bin\windows;C:\programacion\node\node_modules\npm\bin;C:\Users\isabo\.jbang\bin;C:\Program Files\Ruby31-x64\bin;C:\Users\isabo\AppData\Local\Microsoft\WindowsApps;C:\Users\isabo\AppData\Local\Programs\Git\cmd;C:\Users\isabo\AppData\Local\Programs\Microsoft VS Code\bin;C:\Users\isabo\AppData\Local\Microsoft\WinGet\Packages\cURL.cURL_Microsoft.Winget.Source_8wekyb3d8bbwe\curl-8.4.0_3-win64-mingw\bin;C:\Users\isabo\AppData\Roaming\npm;C:\texlive\2026\bin\windows
USERNAME=isabo
OS=Windows_NT
PROCESSOR_IDENTIFIER=Intel64 Family 6 Model 126 Stepping 5, GenuineIntel
TMP=C:\Users\isabo\AppData\Local\Temp
TEMP=C:\Users\isabo\AppData\Local\Temp




Periodic native trim disabled

---------------  S Y S T E M  ---------------

OS:
 Windows 11 , 64 bit Build 26100 (10.0.26100.9444)
OS uptime: 5 days 5:14 hours
Hyper-V role detected

CPU: total 8 (initial active 8) (4 cores per cpu, 2 threads per core) family 6 model 126 stepping 5 microcode 0x86, cx8, cmov, fxsr, ht, mmx, 3dnowpref, sse, sse2, sse3, ssse3, sse4.1, sse4.2, popcnt, lzcnt, tsc, tscinvbit, avx, avx2, aes, erms, clmul, bmi1, bmi2, adx, avx512f, avx512dq, avx512cd, avx512bw, avx512vl, sha, fma, vzeroupper, avx512_vpopcntdq, avx512_vpclmulqdq, avx512_vaes, avx512_vnni, clflush, clflushopt, avx512_vbmi2, avx512_vbmi, hv, rdtscp, rdpid, fsrm, gfni, avx512_bitalg, f16c, avx512_ifma
Processor Information for the first 8 processors :
  Max Mhz: 1190, Current Mhz: 991, Mhz Limit: 987

Memory: 4k page, system-wide physical 7948M (107M free)
TotalPageFile size 32524M (AvailPageFile size 0M)
current process WorkingSet (physical memory assigned to process): 314M, peak: 314M
current process commit charge ("private bytes"): 460M, peak: 460M

vm_info: OpenJDK 64-Bit Server VM (21.0.12.1+1-LTS) for windows-amd64 JRE (21.0.12.1+1-LTS), built on 2026-08-18T00:00:00Z by "admin" with MS VC++ 17.12 (VS2022)

END.
