#
# There is insufficient memory for the Java Runtime Environment to continue.
# Native memory allocation (mmap) failed to map 4096 bytes. Error detail: object start array expansion
# Possible reasons:
#   The system is out of physical RAM or swap space
#   This process is running with CompressedOops enabled, and the Java Heap may be blocking the growth of the native heap
# Possible solutions:
#   Reduce memory load on the system
#   Increase physical memory or swap space
#   Check if swap backing store is full
#   Decrease Java heap size (-Xmx/-Xms)
#   Decrease number of Java threads
#   Decrease Java thread stack sizes (-Xss)
#   Set larger code cache with -XX:ReservedCodeCacheSize=
#   JVM is running with Zero Based Compressed Oops mode in which the Java heap is
#     placed in the first 32GB address space. The Java Heap base address is the
#     maximum limit for the native heap growth. Please use -XX:HeapBaseMinAddress
#     to set the Java Heap base and to place the Java Heap above 32GB virtual address.
# This output file may be truncated or incomplete.
#
#  Out of Memory Error (objectStartArray.cpp:105), pid=4168, tid=63204
#
# JRE version: OpenJDK Runtime Environment Temurin-21.0.12.1+1 (21.0.12.1+1) (build 21.0.12.1+1-LTS)
# Java VM: OpenJDK 64-Bit Server VM Temurin-21.0.12.1+1 (21.0.12.1+1-LTS, mixed mode, sharing, tiered, compressed oops, compressed class ptrs, parallel gc, windows-amd64)
# No core dump will be written. Minidumps are not enabled by default on client versions of Windows
#

---------------  S U M M A R Y ------------

Command Line: --add-modules=ALL-SYSTEM --add-opens=java.base/java.util=ALL-UNNAMED --add-opens=java.base/java.lang=ALL-UNNAMED --add-opens=java.base/sun.nio.fs=ALL-UNNAMED -Declipse.application=org.eclipse.jdt.ls.core.id1 -Dosgi.bundles.defaultStartLevel=4 -Declipse.product=org.eclipse.jdt.ls.core.product -Djava.import.generatesMetadataFilesAtProjectRoot=false -Dm2e.project.cache.size=50 -DDetectVMInstallationsJob.disabled=true -Dfile.encoding=utf8 -XX:+UseParallelGC -XX:GCTimeRatio=4 -XX:AdaptiveSizePolicyWeight=90 -Dsun.zip.disableMemoryMapping=true -Xmx4G -Xms100m -Xlog:disable -javaagent:c:\Users\isabo\.vscode\extensions\redhat.java-1.56.0-win32-x64\lombok\lombok-1.18.39-4050.jar -XX:+HeapDumpOnOutOfMemoryError -XX:HeapDumpPath=c:\Users\isabo\AppData\Roaming\Code\User\workspaceStorage\549d4dd31bf3dbb746db498f2292a5f9\redhat.java -Daether.dependencyCollector.impl=bf c:\Users\isabo\.vscode\extensions\redhat.java-1.56.0-win32-x64\server\plugins\org.eclipse.equinox.launcher_1.8.0.v20260804-1928.jar -configuration c:\Users\isabo\AppData\Roaming\Code\User\globalStorage\redhat.java\1.56.0\config_win -data c:\Users\isabo\AppData\Roaming\Code\User\workspaceStorage\549d4dd31bf3dbb746db498f2292a5f9\redhat.java\jdt_ws --stdio

Host: Intel(R) Core(TM) i5-1035G1 CPU @ 1.00GHz, 8 cores, 7G,  Windows 11 , 64 bit Build 26100 (10.0.26100.9444)
Time: Tue Sep 15 13:20:39 2026 Hora de verano romance elapsed time: 104.085501 seconds (0d 0h 1m 44s)

---------------  T H R E A D  ---------------

Current thread (0x000002b5993d0c20):  WorkerThread "GC Thread#0"    [id=63204, stack(0x000000d2be000000,0x000000d2be100000) (1024K)]

Stack: [0x000000d2be000000,0x000000d2be100000]
Native frames: (J=compiled Java code, j=interpreted, Vv=VM code, C=native code)
V  [jvm.dll+0x6d83e9]
V  [jvm.dll+0x8b5736]
V  [jvm.dll+0x8b7cee]
V  [jvm.dll+0x8b83d3]
V  [jvm.dll+0x284596]
V  [jvm.dll+0x6c2654]
V  [jvm.dll+0x70f4c2]
V  [jvm.dll+0x70ef11]
V  [jvm.dll+0x70ee58]
V  [jvm.dll+0x70eff4]
V  [jvm.dll+0x6e5816]
V  [jvm.dll+0x71557f]
V  [jvm.dll+0x7160b9]
V  [jvm.dll+0x7187f4]
V  [jvm.dll+0x718c9f]
V  [jvm.dll+0x8e3751]
V  [jvm.dll+0x8600cd]
V  [jvm.dll+0x6d6c1d]
C  [ucrtbase.dll+0x2cd30]
C  [KERNEL32.DLL+0x2cd87]
C  [ntdll.dll+0xacaec]


---------------  P R O C E S S  ---------------

Threads class SMR info:
_java_thread_list=0x000002b5fdc32fb0, length=77, elements={
0x000002b5993b16a0, 0x000002b5b4788390, 0x000002b59946e630, 0x000002b5b478aaa0,
0x000002b5b478d970, 0x000002b5b478e5d0, 0x000002b5b4791170, 0x000002b5b47b8680,
0x000002b5f7244f80, 0x000002b5f7424f10, 0x000002b5f754ca40, 0x000002b5f7c17810,
0x000002b5f7b82850, 0x000002b5fc170d30, 0x000002b5fc171770, 0x000002b5fc33c410,
0x000002b5f7d338b0, 0x000002b5f7391b20, 0x000002b5f73900e0, 0x000002b5f7390770,
0x000002b5f7390e00, 0x000002b5f7391490, 0x000002b5f73921b0, 0x000002b5f738fa50,
0x000002b5f738f3c0, 0x000002b5f7392840, 0x000002b5fd70fea0, 0x000002b5fd70f180,
0x000002b5fd70e460, 0x000002b5fd70eaf0, 0x000002b5fd710530, 0x000002b5fd70d0b0,
0x000002b5fd710bc0, 0x000002b5fd70d740, 0x000002b5fd711250, 0x000002b5fd7118e0,
0x000002b5fcfaff30, 0x000002b5fcfaf210, 0x000002b5fcfad7d0, 0x000002b5fcfae4f0,
0x000002b5fcfaeb80, 0x000002b5fcfb05c0, 0x000002b5fcfaf8a0, 0x000002b5fcfb0c50,
0x000002b5fcfb12e0, 0x000002b5fcfb2d20, 0x000002b5fcfb33b0, 0x000002b5fcfb2000,
0x000002b5fcfb2690, 0x000002b5fcfb40d0, 0x000002b5fd713320, 0x000002b5fcfb4760,
0x000002b5fcfb3a40, 0x000002b5fe61d060, 0x000002b5fe61c340, 0x000002b5fe61c9d0,
0x000002b5fe61dd80, 0x000002b5fe61d6f0, 0x000002b5f75db780, 0x000002b5f75dc4a0,
0x000002b5f75dd1c0, 0x000002b5f75de570, 0x000002b5f75dcb30, 0x000002b5f75dbe10,
0x000002b5fe61f130, 0x000002b5fe61eaa0, 0x000002b5fe61bcb0, 0x000002b5f75db0f0,
0x000002b5fcd0bd80, 0x000002b5fcd0e4e0, 0x000002b5fcd0caa0, 0x000002b5fcd0d130,
0x000002b5fcd0de50, 0x000002b5fd7139b0, 0x000002b5fd711f70, 0x000002b5fcd0b6f0,
0x000002b5fd712600
}

Java Threads: ( => current thread )
  0x000002b5993b16a0 JavaThread "main"                              [_thread_blocked, id=68216, stack(0x000000d2bdf00000,0x000000d2be000000) (1024K)]
  0x000002b5b4788390 JavaThread "Reference Handler"          daemon [_thread_blocked, id=81376, stack(0x000000d2be300000,0x000000d2be400000) (1024K)]
  0x000002b59946e630 JavaThread "Finalizer"                  daemon [_thread_blocked, id=58384, stack(0x000000d2be400000,0x000000d2be500000) (1024K)]
  0x000002b5b478aaa0 JavaThread "Signal Dispatcher"          daemon [_thread_blocked, id=41076, stack(0x000000d2be500000,0x000000d2be600000) (1024K)]
  0x000002b5b478d970 JavaThread "Attach Listener"            daemon [_thread_blocked, id=81704, stack(0x000000d2be600000,0x000000d2be700000) (1024K)]
  0x000002b5b478e5d0 JavaThread "Service Thread"             daemon [_thread_blocked, id=14540, stack(0x000000d2be700000,0x000000d2be800000) (1024K)]
  0x000002b5b4791170 JavaThread "Monitor Deflation Thread"   daemon [_thread_blocked, id=35172, stack(0x000000d2be800000,0x000000d2be900000) (1024K)]
  0x000002b5b47b8680 JavaThread "C2 CompilerThread0"         daemon [_thread_blocked, id=17136, stack(0x000000d2be900000,0x000000d2bea00000) (1024K)]
  0x000002b5f7244f80 JavaThread "C1 CompilerThread0"         daemon [_thread_blocked, id=16404, stack(0x000000d2bea00000,0x000000d2beb00000) (1024K)]
  0x000002b5f7424f10 JavaThread "Common-Cleaner"             daemon [_thread_blocked, id=44148, stack(0x000000d2beb00000,0x000000d2bec00000) (1024K)]
  0x000002b5f754ca40 JavaThread "Notification Thread"        daemon [_thread_blocked, id=22460, stack(0x000000d2bec00000,0x000000d2bed00000) (1024K)]
  0x000002b5f7c17810 JavaThread "Active Thread: Equinox Container: 5220831d-a1fd-473b-85d6-00689a4267bf"        [_thread_blocked, id=58612, stack(0x000000d2bf300000,0x000000d2bf400000) (1024K)]
  0x000002b5f7b82850 JavaThread "Refresh Thread: Equinox Container: 5220831d-a1fd-473b-85d6-00689a4267bf" daemon [_thread_blocked, id=80392, stack(0x000000d2bf500000,0x000000d2bf600000) (1024K)]
  0x000002b5fc170d30 JavaThread "Framework Event Dispatcher: Equinox Container: 5220831d-a1fd-473b-85d6-00689a4267bf" daemon [_thread_blocked, id=4776, stack(0x000000d2bf600000,0x000000d2bf700000) (1024K)]
  0x000002b5fc171770 JavaThread "Start Level: Equinox Container: 5220831d-a1fd-473b-85d6-00689a4267bf" daemon [_thread_blocked, id=14656, stack(0x000000d2bf700000,0x000000d2bf800000) (1024K)]
  0x000002b5fc33c410 JavaThread "Bundle File Closer"         daemon [_thread_blocked, id=79520, stack(0x000000d2bf800000,0x000000d2bf900000) (1024K)]
  0x000002b5f7d338b0 JavaThread "SCR Component Actor"        daemon [_thread_blocked, id=15196, stack(0x000000d2bf900000,0x000000d2bfa00000) (1024K)]
  0x000002b5f7391b20 JavaThread "Worker-JM"                         [_thread_blocked, id=79436, stack(0x000000d2bfb00000,0x000000d2bfc00000) (1024K)]
  0x000002b5f73900e0 JavaThread "JNA Cleaner"                daemon [_thread_blocked, id=76556, stack(0x000000d2bfc00000,0x000000d2bfd00000) (1024K)]
  0x000002b5f7390770 JavaThread "Worker-0"                          [_thread_blocked, id=66256, stack(0x000000d2bfa00000,0x000000d2bfb00000) (1024K)]
  0x000002b5f7390e00 JavaThread "Worker-1: Initialize Workspace"        [_thread_blocked, id=74440, stack(0x000000d2bfd00000,0x000000d2bfe00000) (1024K)]
  0x000002b5f7391490 JavaThread "Worker-2"                          [_thread_blocked, id=66308, stack(0x000000d2bfe00000,0x000000d2bff00000) (1024K)]
  0x000002b5f73921b0 JavaThread "Worker-3: Initialize workspace"        [_thread_blocked, id=75692, stack(0x000000d2bff00000,0x000000d2c0000000) (1024K)]
  0x000002b5f738fa50 JavaThread "Java indexing"              daemon [_thread_blocked, id=80088, stack(0x000000d2c0000000,0x000000d2c0100000) (1024K)]
  0x000002b5f738f3c0 JavaThread "Worker-4: Download Gradle Wrapper checksums"        [_thread_blocked, id=81420, stack(0x000000d2c0300000,0x000000d2c0400000) (1024K)]
  0x000002b5f7392840 JavaThread "Worker-5"                          [_thread_blocked, id=73440, stack(0x000000d2c0400000,0x000000d2c0500000) (1024K)]
  0x000002b5fd70fea0 JavaThread "pool-2-thread-1"                   [_thread_blocked, id=77904, stack(0x000000d2c0500000,0x000000d2c0600000) (1024K)]
  0x000002b5fd70f180 JavaThread "WorkspaceEventsHandler"            [_thread_blocked, id=77552, stack(0x000000d2c0600000,0x000000d2c0700000) (1024K)]
  0x000002b5fd70e460 JavaThread "pool-1-thread-1"                   [_thread_blocked, id=78896, stack(0x000000d2c0700000,0x000000d2c0800000) (1024K)]
  0x000002b5fd70eaf0 JavaThread "PatternSearchJob-worker-1"  daemon [_thread_blocked, id=79192, stack(0x000000d2c0800000,0x000000d2c0900000) (1024K)]
  0x000002b5fd710530 JavaThread "PatternSearchJob-worker-2"  daemon [_thread_blocked, id=78376, stack(0x000000d2c0900000,0x000000d2c0a00000) (1024K)]
  0x000002b5fd70d0b0 JavaThread "PatternSearchJob-worker-3"  daemon [_thread_blocked, id=6596, stack(0x000000d2c0a00000,0x000000d2c0b00000) (1024K)]
  0x000002b5fd710bc0 JavaThread "PatternSearchJob-worker-4"  daemon [_thread_blocked, id=39568, stack(0x000000d2c0b00000,0x000000d2c0c00000) (1024K)]
  0x000002b5fd70d740 JavaThread "PatternSearchJob-worker-5"  daemon [_thread_blocked, id=23216, stack(0x000000d2c0c00000,0x000000d2c0d00000) (1024K)]
  0x000002b5fd711250 JavaThread "PatternSearchJob-worker-6"  daemon [_thread_blocked, id=49664, stack(0x000000d2c0d00000,0x000000d2c0e00000) (1024K)]
  0x000002b5fd7118e0 JavaThread "PatternSearchJob-worker-7"  daemon [_thread_blocked, id=36392, stack(0x000000d2c0e00000,0x000000d2c0f00000) (1024K)]
  0x000002b5fcfaff30 JavaThread "Timer-0"                           [_thread_blocked, id=76956, stack(0x000000d2c1800000,0x000000d2c1900000) (1024K)]
  0x000002b5fcfaf210 JavaThread "Equinox resolver thread - Equinox Container: 5220831d-a1fd-473b-85d6-00689a4267bf" daemon [_thread_blocked, id=33544, stack(0x000000d2c0f00000,0x000000d2c1000000) (1024K)]
  0x000002b5fcfad7d0 JavaThread "Equinox resolver thread - Equinox Container: 5220831d-a1fd-473b-85d6-00689a4267bf" daemon [_thread_blocked, id=39520, stack(0x000000d2c1000000,0x000000d2c1100000) (1024K)]
  0x000002b5fcfae4f0 JavaThread "Equinox resolver thread - Equinox Container: 5220831d-a1fd-473b-85d6-00689a4267bf" daemon [_thread_blocked, id=54200, stack(0x000000d2c1100000,0x000000d2c1200000) (1024K)]
  0x000002b5fcfaeb80 JavaThread "Equinox resolver thread - Equinox Container: 5220831d-a1fd-473b-85d6-00689a4267bf" daemon [_thread_blocked, id=61912, stack(0x000000d2c1200000,0x000000d2c1300000) (1024K)]
  0x000002b5fcfb05c0 JavaThread "Equinox resolver thread - Equinox Container: 5220831d-a1fd-473b-85d6-00689a4267bf" daemon [_thread_blocked, id=26192, stack(0x000000d2c1300000,0x000000d2c1400000) (1024K)]
  0x000002b5fcfaf8a0 JavaThread "Equinox resolver thread - Equinox Container: 5220831d-a1fd-473b-85d6-00689a4267bf" daemon [_thread_blocked, id=52012, stack(0x000000d2c1400000,0x000000d2c1500000) (1024K)]
  0x000002b5fcfb0c50 JavaThread "Equinox resolver thread - Equinox Container: 5220831d-a1fd-473b-85d6-00689a4267bf" daemon [_thread_blocked, id=52784, stack(0x000000d2c1500000,0x000000d2c1600000) (1024K)]
  0x000002b5fcfb12e0 JavaThread "Equinox resolver thread - Equinox Container: 5220831d-a1fd-473b-85d6-00689a4267bf" daemon [_thread_blocked, id=57148, stack(0x000000d2c1600000,0x000000d2c1700000) (1024K)]
  0x000002b5fcfb2d20 JavaThread "Timer-1"                           [_thread_blocked, id=23864, stack(0x000000d2c1900000,0x000000d2c1a00000) (1024K)]
  0x000002b5fcfb33b0 JavaThread "Timer-2"                           [_thread_blocked, id=69556, stack(0x000000d2c1a00000,0x000000d2c1b00000) (1024K)]
  0x000002b5fcfb2000 JavaThread "Timer-3"                           [_thread_blocked, id=80728, stack(0x000000d2c1b00000,0x000000d2c1c00000) (1024K)]
  0x000002b5fcfb2690 JavaThread "Worker-6: Initialize workspace"        [_thread_blocked, id=70944, stack(0x000000d2c1c00000,0x000000d2c1d00000) (1024K)]
  0x000002b5fcfb40d0 JavaThread "Timer-4"                           [_thread_blocked, id=66824, stack(0x000000d2c1d00000,0x000000d2c1e00000) (1024K)]
  0x000002b5fd713320 JavaThread "Worker-7"                          [_thread_blocked, id=26308, stack(0x000000d2c1e00000,0x000000d2c1f00000) (1024K)]
  0x000002b5fcfb4760 JavaThread "Timer-5"                           [_thread_blocked, id=45824, stack(0x000000d2c2300000,0x000000d2c2400000) (1024K)]
  0x000002b5fcfb3a40 JavaThread "Worker-8: Validating Gradle wrapper checksum..."        [_thread_blocked, id=33388, stack(0x000000d2c2400000,0x000000d2c2500000) (1024K)]
  0x000002b5fe61d060 JavaThread "Worker-9: Initialize workspace"        [_thread_blocked, id=39656, stack(0x000000d2c2200000,0x000000d2c2300000) (1024K)]
  0x000002b5fe61c340 JavaThread "Timer-6"                           [_thread_blocked, id=11932, stack(0x000000d2c2800000,0x000000d2c2900000) (1024K)]
  0x000002b5fe61c9d0 JavaThread "Timer-7"                           [_thread_blocked, id=32876, stack(0x000000d2c1f00000,0x000000d2c2000000) (1024K)]
  0x000002b5fe61dd80 JavaThread "Timer-8"                           [_thread_blocked, id=7244, stack(0x000000d2c2000000,0x000000d2c2100000) (1024K)]
  0x000002b5fe61d6f0 JavaThread "Timer-9"                           [_thread_blocked, id=12148, stack(0x000000d2c2900000,0x000000d2c2a00000) (1024K)]
  0x000002b5f75db780 JavaThread "Timer-10"                          [_thread_blocked, id=3160, stack(0x000000d2c2d00000,0x000000d2c2e00000) (1024K)]
  0x000002b5f75dc4a0 JavaThread "Timer-11"                          [_thread_blocked, id=68992, stack(0x000000d2c2b00000,0x000000d2c2c00000) (1024K)]
  0x000002b5f75dd1c0 JavaThread "Timer-12"                          [_thread_blocked, id=58796, stack(0x000000d2c2c00000,0x000000d2c2d00000) (1024K)]
  0x000002b5f75de570 JavaThread "Timer-13"                          [_thread_blocked, id=56220, stack(0x000000d2c2a00000,0x000000d2c2b00000) (1024K)]
  0x000002b5f75dcb30 JavaThread "Timer-14"                          [_thread_blocked, id=31536, stack(0x000000d2c3100000,0x000000d2c3200000) (1024K)]
  0x000002b5f75dbe10 JavaThread "Timer-15"                          [_thread_blocked, id=14356, stack(0x000000d2c2e00000,0x000000d2c2f00000) (1024K)]
  0x000002b5fe61f130 JavaThread "Timer-16"                          [_thread_blocked, id=78340, stack(0x000000d2c2f00000,0x000000d2c3000000) (1024K)]
  0x000002b5fe61eaa0 JavaThread "Connection worker"                 [_thread_blocked, id=52256, stack(0x000000d2c2600000,0x000000d2c2700000) (1024K)]
  0x000002b5fe61bcb0 JavaThread "pool-18-thread-1"                  [_thread_blocked, id=20256, stack(0x000000d2c3000000,0x000000d2c3100000) (1024K)]
  0x000002b5f75db0f0 JavaThread "Exec process"                      [_thread_in_native, id=78844, stack(0x000000d2c3300000,0x000000d2c3400000) (1024K)]
  0x000002b5fcd0bd80 JavaThread "Exec process Thread 2"             [_thread_blocked, id=30000, stack(0x000000d2c3500000,0x000000d2c3600000) (1024K)]
  0x000002b5fcd0e4e0 JavaThread "Timer-17"                          [_thread_blocked, id=42408, stack(0x000000d2bdc00000,0x000000d2bdd00000) (1024K)]
  0x000002b5fcd0caa0 JavaThread "Timer-18"                          [_thread_blocked, id=50860, stack(0x000000d2c3200000,0x000000d2c3300000) (1024K)]
  0x000002b5fcd0d130 JavaThread "Timer-19"                          [_thread_blocked, id=20712, stack(0x000000d2bde00000,0x000000d2bdf00000) (1024K)]
  0x000002b5fcd0de50 JavaThread "Connection worker"                 [_thread_in_native, id=3440, stack(0x000000d2c1700000,0x000000d2c1800000) (1024K)]
  0x000002b5fd7139b0 JavaThread "Timer-20"                          [_thread_blocked, id=7020, stack(0x000000d2c3600000,0x000000d2c3700000) (1024K)]
  0x000002b5fd711f70 JavaThread "Timer-21"                          [_thread_blocked, id=45048, stack(0x000000d2c2700000,0x000000d2c2800000) (1024K)]
  0x000002b5fcd0b6f0 JavaThread "ProjectImportProgressReporter" daemon [_thread_blocked, id=13196, stack(0x000000d2c3400000,0x000000d2c3500000) (1024K)]
  0x000002b5fd712600 JavaThread "Timer-22"                          [_thread_blocked, id=5388, stack(0x000000d2c2500000,0x000000d2c2600000) (1024K)]
Total: 77

Other Threads:
  0x000002b5b47836a0 VMThread "VM Thread"                           [id=1784, stack(0x000000d2be200000,0x000000d2be300000) (1024K)]
  0x000002b59941e6e0 WatcherThread "VM Periodic Task Thread"        [id=71160, stack(0x000000d2be100000,0x000000d2be200000) (1024K)]
=>0x000002b5993d0c20 WorkerThread "GC Thread#0"                     [id=63204, stack(0x000000d2be000000,0x000000d2be100000) (1024K)]
  0x000002b5f7651750 WorkerThread "GC Thread#1"                     [id=61348, stack(0x000000d2bed00000,0x000000d2bee00000) (1024K)]
  0x000002b5f7ad97a0 WorkerThread "GC Thread#2"                     [id=22680, stack(0x000000d2bee00000,0x000000d2bef00000) (1024K)]
  0x000002b5f79763e0 WorkerThread "GC Thread#3"                     [id=21068, stack(0x000000d2bef00000,0x000000d2bf000000) (1024K)]
  0x000002b5f7718d80 WorkerThread "GC Thread#4"                     [id=12512, stack(0x000000d2bf000000,0x000000d2bf100000) (1024K)]
  0x000002b5f7719130 WorkerThread "GC Thread#5"                     [id=79924, stack(0x000000d2bf100000,0x000000d2bf200000) (1024K)]
  0x000002b5f77194e0 WorkerThread "GC Thread#6"                     [id=35320, stack(0x000000d2bf200000,0x000000d2bf300000) (1024K)]
  0x000002b5f7b81970 WorkerThread "GC Thread#7"                     [id=60048, stack(0x000000d2bf400000,0x000000d2bf500000) (1024K)]
Total: 10

Threads with active compile tasks:
Total: 0

VM state: at safepoint (normal execution)

VM Mutex/Monitor currently owned by a thread:  ([mutex/lock_event])
[0x00007ffda5fcf5b0] Threads_lock - owner thread: 0x000002b5b47836a0
[0x00007ffda5fcf6b0] Heap_lock - owner thread: 0x000002b5f7390e00
[0x00007ffda5fcfb30] PSOldGenExpand_lock - owner thread: 0x000002b5993d0c20

Heap address: 0x0000000700000000, size: 4096 MB, Compressed Oops mode: Zero based, Oop shift amount: 3

CDS archive(s) mapped at: [0x000002b5b5000000-0x000002b5b5ba0000-0x000002b5b5ba0000), size 12189696, SharedBaseAddress: 0x000002b5b5000000, ArchiveRelocationMode: 1.
Compressed class space mapped at: 0x000002b5b6000000-0x000002b5f6000000, reserved size: 1073741824
Narrow klass base: 0x000002b5b5000000, Narrow klass shift: 0, Narrow klass range: 0x100000000

GC Precious Log:
 CardTable entry size: 512
 CPUs: 8 total, 8 available
 Memory: 7948M
 Large Page Support: Disabled
 NUMA Support: Disabled
 Compressed Oops: Enabled (Zero based)
 Alignments: Space 512K, Generation 512K, Heap 2M
 Heap Min Capacity: 100M
 Heap Initial Capacity: 100M
 Heap Max Capacity: 4G
 Pre-touch: Disabled
 Parallel Workers: 8

Heap:
 PSYoungGen      total 2560K, used 2303K [0x00000007aab00000, 0x00000007aae80000, 0x0000000800000000)
  eden space 1536K, 99% used [0x00000007aab00000,0x00000007aac7ffd8,0x00000007aac80000)
  from space 1024K, 75% used [0x00000007aad80000,0x00000007aae40000,0x00000007aae80000)
  to   space 1024K, 25% used [0x00000007aac80000,0x00000007aacc0000,0x00000007aad80000)
 ParOldGen       total 215040K, used 215032K [0x0000000700000000, 0x000000070d280000, 0x00000007aab00000)
  object space 215040K, 99% used [0x0000000700000000,0x000000070d1fe218,0x000000070d200000)
 Metaspace       used 68008K, committed 69504K, reserved 1114112K
  class space    used 7758K, committed 8448K, reserved 1048576K

Card table byte_map: [0x000002b5ab5b0000,0x000002b5abdc0000] _byte_map_base: 0x000002b5a7db0000

Marking Bits: (ParMarkBitMap*) 0x00007ffda5fd44a0
 Begin Bits: [0x000002b5abdc0000, 0x000002b5afdc0000)
 End Bits:   [0x000002b5afdc0000, 0x000002b5b3dc0000)

Polling page: 0x000002b597390000

Metaspace:

Usage:
  Non-class:     58.84 MB used.
      Class:      7.58 MB used.
       Both:     66.41 MB used.

Virtual space:
  Non-class space:       64.00 MB reserved,      59.62 MB ( 93%) committed,  1 nodes.
      Class space:        1.00 GB reserved,       8.25 MB ( <1%) committed,  1 nodes.
             Both:        1.06 GB reserved,      67.88 MB (  6%) committed. 

Chunk freelists:
   Non-Class:  4.19 MB
       Class:  7.59 MB
        Both:  11.78 MB

MaxMetaspaceSize: unlimited
CompressedClassSpaceSize: 1.00 GB
Initial GC threshold: 21.00 MB
Current GC threshold: 97.31 MB
CDS: on
 - commit_granule_bytes: 65536.
 - commit_granule_words: 8192.
 - virtual_space_node_default_size: 8388608.
 - enlarge_chunks_in_place: 1.
 - use_allocation_guard: 0.


Internal statistics:

num_allocs_failed_limit: 9.
num_arena_births: 1258.
num_arena_deaths: 28.
num_vsnodes_births: 2.
num_vsnodes_deaths: 0.
num_space_committed: 1086.
num_space_uncommitted: 0.
num_chunks_returned_to_freelist: 44.
num_chunks_taken_from_freelist: 4201.
num_chunk_merges: 9.
num_chunk_splits: 2558.
num_chunks_enlarged: 1453.
num_inconsistent_stats: 0.

CodeHeap 'non-profiled nmethods': size=120000Kb used=7588Kb max_used=7588Kb free=112411Kb
 bounds [0x000002b5a4080000, 0x000002b5a47f0000, 0x000002b5ab5b0000]
CodeHeap 'profiled nmethods': size=120000Kb used=25399Kb max_used=25399Kb free=94600Kb
 bounds [0x000002b59c5b0000, 0x000002b59de80000, 0x000002b5a3ae0000]
CodeHeap 'non-nmethods': size=5760Kb used=1447Kb max_used=1505Kb free=4312Kb
 bounds [0x000002b5a3ae0000, 0x000002b5a3d50000, 0x000002b5a4080000]
CodeCache: size=245760Kb, used=34434Kb, max_used=34492Kb, free=211323Kb
 total_blobs=12864, nmethods=12116, adapters=654, full_count=0
Compilation: enabled, stopped_count=0, restarted_count=0

Compilation events (20 events):
Event: 103.936 Thread 0x000002b5f7244f80 12865       3       sun.security.util.math.intpoly.P256OrderField::carryReduce0 (518 bytes)
Event: 103.936 Thread 0x000002b5f7244f80 nmethod 12865 0x000002b59de74090 code [0x000002b59de74240, 0x000002b59de74770]
Event: 103.972 Thread 0x000002b5f7244f80 12866       3       com.sun.crypto.provider.GaloisCounterMode$GCMEngine::overlapDetection (308 bytes)
Event: 103.975 Thread 0x000002b5f7244f80 nmethod 12866 0x000002b59de74990 code [0x000002b59de74ea0, 0x000002b59de77928]
Event: 103.977 Thread 0x000002b5f7244f80 12867       3       com.sun.crypto.provider.GaloisCounterMode$GCMEngine::processAAD (103 bytes)
Event: 103.978 Thread 0x000002b5f7244f80 nmethod 12867 0x000002b59de78410 code [0x000002b59de78640, 0x000002b59de78e08]
Event: 103.978 Thread 0x000002b5f7244f80 12868       3       com.sun.crypto.provider.GaloisCounterMode$GCMEngine::doLastBlock (253 bytes)
Event: 103.980 Thread 0x000002b5f7244f80 nmethod 12868 0x000002b59de79110 code [0x000002b59de793c0, 0x000002b59de7a3e8]
Event: 103.980 Thread 0x000002b5f7244f80 12869       3       com.sun.crypto.provider.GaloisCounterMode::getLengthBlock (40 bytes)
Event: 103.981 Thread 0x000002b5f7244f80 nmethod 12869 0x000002b59de7a910 code [0x000002b59de7ab60, 0x000002b59de7b550]
Event: 103.981 Thread 0x000002b5f7244f80 12870       3       com.sun.crypto.provider.GHASH::digest (50 bytes)
Event: 103.983 Thread 0x000002b5f7244f80 nmethod 12870 0x000002b59de7b910 code [0x000002b59de7bb80, 0x000002b59de7c650]
Event: 103.983 Thread 0x000002b5f7244f80 12871       3       com.sun.crypto.provider.GaloisCounterMode$GCMEngine::restoreDst (28 bytes)
Event: 103.983 Thread 0x000002b5f7244f80 nmethod 12871 0x000002b59de7cb10 code [0x000002b59de7cce0, 0x000002b59de7d020]
Event: 104.037 Thread 0x000002b5b47b8680 12872       4       java.util.ArrayList$ArrayListSpliterator::estimateSize (11 bytes)
Event: 104.039 Thread 0x000002b5b47b8680 nmethod 12872 0x000002b5a47e8f10 code [0x000002b5a47e90a0, 0x000002b5a47e9160]
Event: 104.047 Thread 0x000002b5f7244f80 12873       3       sun.security.util.math.IntegerModuloP$MultiplicativeInverser::of (37 bytes)
Event: 104.047 Thread 0x000002b5f7244f80 nmethod 12873 0x000002b59de7d110 code [0x000002b59de7d300, 0x000002b59de7d6f0]
Event: 104.054 Thread 0x000002b5f7244f80 12874       3       org.eclipse.lsp4j.jsonrpc.json.adapters.CollectionTypeAdapter::write (10 bytes)
Event: 104.055 Thread 0x000002b5f7244f80 nmethod 12874 0x000002b59de7d890 code [0x000002b59de7da40, 0x000002b59de7dca0]

GC Heap History (20 events):
Event: 101.983 GC heap after
{Heap after GC invocations=402 (full 3):
 PSYoungGen      total 1024K, used 464K [0x00000007aab00000, 0x00000007aae00000, 0x0000000800000000)
  eden space 512K, 0% used [0x00000007aab00000,0x00000007aab00000,0x00000007aab80000)
  from space 512K, 90% used [0x00000007aab80000,0x00000007aabf4018,0x00000007aac00000)
  to   space 1024K, 0% used [0x00000007aad00000,0x00000007aad00000,0x00000007aae00000)
 ParOldGen       total 212480K, used 211988K [0x0000000700000000, 0x000000070cf80000, 0x00000007aab00000)
  object space 212480K, 99% used [0x0000000700000000,0x000000070cf05338,0x000000070cf80000)
 Metaspace       used 67972K, committed 69504K, reserved 1114112K
  class space    used 7758K, committed 8448K, reserved 1048576K
}
Event: 101.983 GC heap before
{Heap before GC invocations=403 (full 3):
 PSYoungGen      total 1024K, used 976K [0x00000007aab00000, 0x00000007aae00000, 0x0000000800000000)
  eden space 512K, 100% used [0x00000007aab00000,0x00000007aab80000,0x00000007aab80000)
  from space 512K, 90% used [0x00000007aab80000,0x00000007aabf4018,0x00000007aac00000)
  to   space 1024K, 0% used [0x00000007aad00000,0x00000007aad00000,0x00000007aae00000)
 ParOldGen       total 212480K, used 211988K [0x0000000700000000, 0x000000070cf80000, 0x00000007aab00000)
  object space 212480K, 99% used [0x0000000700000000,0x000000070cf05338,0x000000070cf80000)
 Metaspace       used 67972K, committed 69504K, reserved 1114112K
  class space    used 7758K, committed 8448K, reserved 1048576K
}
Event: 101.986 GC heap after
{Heap after GC invocations=403 (full 3):
 PSYoungGen      total 2048K, used 480K [0x00000007aab00000, 0x00000007aae00000, 0x0000000800000000)
  eden space 1024K, 0% used [0x00000007aab00000,0x00000007aab00000,0x00000007aac00000)
  from space 1024K, 46% used [0x00000007aad00000,0x00000007aad78000,0x00000007aae00000)
  to   space 1024K, 0% used [0x00000007aac00000,0x00000007aac00000,0x00000007aad00000)
 ParOldGen       total 212480K, used 212320K [0x0000000700000000, 0x000000070cf80000, 0x00000007aab00000)
  object space 212480K, 99% used [0x0000000700000000,0x000000070cf58398,0x000000070cf80000)
 Metaspace       used 67972K, committed 69504K, reserved 1114112K
  class space    used 7758K, committed 8448K, reserved 1048576K
}
Event: 101.989 GC heap before
{Heap before GC invocations=404 (full 3):
 PSYoungGen      total 2048K, used 1503K [0x00000007aab00000, 0x00000007aae00000, 0x0000000800000000)
  eden space 1024K, 99% used [0x00000007aab00000,0x00000007aabffff8,0x00000007aac00000)
  from space 1024K, 46% used [0x00000007aad00000,0x00000007aad78000,0x00000007aae00000)
  to   space 1024K, 0% used [0x00000007aac00000,0x00000007aac00000,0x00000007aad00000)
 ParOldGen       total 212480K, used 212320K [0x0000000700000000, 0x000000070cf80000, 0x00000007aab00000)
  object space 212480K, 99% used [0x0000000700000000,0x000000070cf58398,0x000000070cf80000)
 Metaspace       used 67972K, committed 69504K, reserved 1114112K
  class space    used 7758K, committed 8448K, reserved 1048576K
}
Event: 101.992 GC heap after
{Heap after GC invocations=404 (full 3):
 PSYoungGen      total 2048K, used 832K [0x00000007aab00000, 0x00000007aae80000, 0x0000000800000000)
  eden space 1024K, 0% used [0x00000007aab00000,0x00000007aab00000,0x00000007aac00000)
  from space 1024K, 81% used [0x00000007aac00000,0x00000007aacd0000,0x00000007aad00000)
  to   space 1024K, 0% used [0x00000007aad80000,0x00000007aad80000,0x00000007aae80000)
 ParOldGen       total 212992K, used 212661K [0x0000000700000000, 0x000000070d000000, 0x00000007aab00000)
  object space 212992K, 99% used [0x0000000700000000,0x000000070cfad458,0x000000070d000000)
 Metaspace       used 67972K, committed 69504K, reserved 1114112K
  class space    used 7758K, committed 8448K, reserved 1048576K
}
Event: 102.024 GC heap before
{Heap before GC invocations=405 (full 3):
 PSYoungGen      total 2048K, used 1855K [0x00000007aab00000, 0x00000007aae80000, 0x0000000800000000)
  eden space 1024K, 99% used [0x00000007aab00000,0x00000007aabffff0,0x00000007aac00000)
  from space 1024K, 81% used [0x00000007aac00000,0x00000007aacd0000,0x00000007aad00000)
  to   space 1024K, 0% used [0x00000007aad80000,0x00000007aad80000,0x00000007aae80000)
 ParOldGen       total 212992K, used 212661K [0x0000000700000000, 0x000000070d000000, 0x00000007aab00000)
  object space 212992K, 99% used [0x0000000700000000,0x000000070cfad458,0x000000070d000000)
 Metaspace       used 67972K, committed 69504K, reserved 1114112K
  class space    used 7758K, committed 8448K, reserved 1048576K
}
Event: 102.027 GC heap after
{Heap after GC invocations=405 (full 3):
 PSYoungGen      total 2560K, used 512K [0x00000007aab00000, 0x00000007aae80000, 0x0000000800000000)
  eden space 1536K, 0% used [0x00000007aab00000,0x00000007aab00000,0x00000007aac80000)
  from space 1024K, 50% used [0x00000007aad80000,0x00000007aae00000,0x00000007aae80000)
  to   space 1024K, 0% used [0x00000007aac80000,0x00000007aac80000,0x00000007aad80000)
 ParOldGen       total 213504K, used 213365K [0x0000000700000000, 0x000000070d080000, 0x00000007aab00000)
  object space 213504K, 99% used [0x0000000700000000,0x000000070d05d560,0x000000070d080000)
 Metaspace       used 67972K, committed 69504K, reserved 1114112K
  class space    used 7758K, committed 8448K, reserved 1048576K
}
Event: 102.322 GC heap before
{Heap before GC invocations=406 (full 3):
 PSYoungGen      total 2560K, used 2048K [0x00000007aab00000, 0x00000007aae80000, 0x0000000800000000)
  eden space 1536K, 100% used [0x00000007aab00000,0x00000007aac80000,0x00000007aac80000)
  from space 1024K, 50% used [0x00000007aad80000,0x00000007aae00000,0x00000007aae80000)
  to   space 1024K, 0% used [0x00000007aac80000,0x00000007aac80000,0x00000007aad80000)
 ParOldGen       total 213504K, used 213365K [0x0000000700000000, 0x000000070d080000, 0x00000007aab00000)
  object space 213504K, 99% used [0x0000000700000000,0x000000070d05d560,0x000000070d080000)
 Metaspace       used 67975K, committed 69504K, reserved 1114112K
  class space    used 7758K, committed 8448K, reserved 1048576K
}
Event: 102.325 GC heap after
{Heap after GC invocations=406 (full 3):
 PSYoungGen      total 2560K, used 192K [0x00000007aab00000, 0x00000007aae00000, 0x0000000800000000)
  eden space 1536K, 0% used [0x00000007aab00000,0x00000007aab00000,0x00000007aac80000)
  from space 1024K, 18% used [0x00000007aac80000,0x00000007aacb0000,0x00000007aad80000)
  to   space 512K, 0% used [0x00000007aad80000,0x00000007aad80000,0x00000007aae00000)
 ParOldGen       total 214016K, used 213765K [0x0000000700000000, 0x000000070d100000, 0x00000007aab00000)
  object space 214016K, 99% used [0x0000000700000000,0x000000070d0c1560,0x000000070d100000)
 Metaspace       used 67975K, committed 69504K, reserved 1114112K
  class space    used 7758K, committed 8448K, reserved 1048576K
}
Event: 102.521 GC heap before
{Heap before GC invocations=407 (full 3):
 PSYoungGen      total 2560K, used 1727K [0x00000007aab00000, 0x00000007aae00000, 0x0000000800000000)
  eden space 1536K, 99% used [0x00000007aab00000,0x00000007aac7fee8,0x00000007aac80000)
  from space 1024K, 18% used [0x00000007aac80000,0x00000007aacb0000,0x00000007aad80000)
  to   space 512K, 0% used [0x00000007aad80000,0x00000007aad80000,0x00000007aae00000)
 ParOldGen       total 214016K, used 213765K [0x0000000700000000, 0x000000070d100000, 0x00000007aab00000)
  object space 214016K, 99% used [0x0000000700000000,0x000000070d0c1560,0x000000070d100000)
 Metaspace       used 67975K, committed 69504K, reserved 1114112K
  class space    used 7758K, committed 8448K, reserved 1048576K
}
Event: 102.524 GC heap after
{Heap after GC invocations=407 (full 3):
 PSYoungGen      total 2048K, used 192K [0x00000007aab00000, 0x00000007aae00000, 0x0000000800000000)
  eden space 1536K, 0% used [0x00000007aab00000,0x00000007aab00000,0x00000007aac80000)
  from space 512K, 37% used [0x00000007aad80000,0x00000007aadb0000,0x00000007aae00000)
  to   space 512K, 0% used [0x00000007aad00000,0x00000007aad00000,0x00000007aad80000)
 ParOldGen       total 214016K, used 213829K [0x0000000700000000, 0x000000070d100000, 0x00000007aab00000)
  object space 214016K, 99% used [0x0000000700000000,0x000000070d0d1580,0x000000070d100000)
 Metaspace       used 67975K, committed 69504K, reserved 1114112K
  class space    used 7758K, committed 8448K, reserved 1048576K
}
Event: 103.194 GC heap before
{Heap before GC invocations=408 (full 3):
 PSYoungGen      total 2048K, used 1727K [0x00000007aab00000, 0x00000007aae00000, 0x0000000800000000)
  eden space 1536K, 99% used [0x00000007aab00000,0x00000007aac7fff8,0x00000007aac80000)
  from space 512K, 37% used [0x00000007aad80000,0x00000007aadb0000,0x00000007aae00000)
  to   space 512K, 0% used [0x00000007aad00000,0x00000007aad00000,0x00000007aad80000)
 ParOldGen       total 214016K, used 213829K [0x0000000700000000, 0x000000070d100000, 0x00000007aab00000)
  object space 214016K, 99% used [0x0000000700000000,0x000000070d0d1580,0x000000070d100000)
 Metaspace       used 67978K, committed 69504K, reserved 1114112K
  class space    used 7758K, committed 8448K, reserved 1048576K
}
Event: 103.196 GC heap after
{Heap after GC invocations=408 (full 3):
 PSYoungGen      total 2048K, used 224K [0x00000007aab00000, 0x00000007aae00000, 0x0000000800000000)
  eden space 1536K, 0% used [0x00000007aab00000,0x00000007aab00000,0x00000007aac80000)
  from space 512K, 43% used [0x00000007aad00000,0x00000007aad38000,0x00000007aad80000)
  to   space 512K, 0% used [0x00000007aad80000,0x00000007aad80000,0x00000007aae00000)
 ParOldGen       total 214016K, used 213885K [0x0000000700000000, 0x000000070d100000, 0x00000007aab00000)
  object space 214016K, 99% used [0x0000000700000000,0x000000070d0df580,0x000000070d100000)
 Metaspace       used 67978K, committed 69504K, reserved 1114112K
  class space    used 7758K, committed 8448K, reserved 1048576K
}
Event: 103.554 GC heap before
{Heap before GC invocations=409 (full 3):
 PSYoungGen      total 2048K, used 1759K [0x00000007aab00000, 0x00000007aae00000, 0x0000000800000000)
  eden space 1536K, 99% used [0x00000007aab00000,0x00000007aac7ffb8,0x00000007aac80000)
  from space 512K, 43% used [0x00000007aad00000,0x00000007aad38000,0x00000007aad80000)
  to   space 512K, 0% used [0x00000007aad80000,0x00000007aad80000,0x00000007aae00000)
 ParOldGen       total 214016K, used 213885K [0x0000000700000000, 0x000000070d100000, 0x00000007aab00000)
  object space 214016K, 99% used [0x0000000700000000,0x000000070d0df580,0x000000070d100000)
 Metaspace       used 67997K, committed 69504K, reserved 1114112K
  class space    used 7758K, committed 8448K, reserved 1048576K
}
Event: 103.556 GC heap after
{Heap after GC invocations=409 (full 3):
 PSYoungGen      total 2048K, used 256K [0x00000007aab00000, 0x00000007aae00000, 0x0000000800000000)
  eden space 1536K, 0% used [0x00000007aab00000,0x00000007aab00000,0x00000007aac80000)
  from space 512K, 50% used [0x00000007aad80000,0x00000007aadc0000,0x00000007aae00000)
  to   space 512K, 0% used [0x00000007aad00000,0x00000007aad00000,0x00000007aad80000)
 ParOldGen       total 214016K, used 213965K [0x0000000700000000, 0x000000070d100000, 0x00000007aab00000)
  object space 214016K, 99% used [0x0000000700000000,0x000000070d0f3580,0x000000070d100000)
 Metaspace       used 67997K, committed 69504K, reserved 1114112K
  class space    used 7758K, committed 8448K, reserved 1048576K
}
Event: 103.674 GC heap before
{Heap before GC invocations=410 (full 3):
 PSYoungGen      total 2048K, used 1791K [0x00000007aab00000, 0x00000007aae00000, 0x0000000800000000)
  eden space 1536K, 99% used [0x00000007aab00000,0x00000007aac7ffe8,0x00000007aac80000)
  from space 512K, 50% used [0x00000007aad80000,0x00000007aadc0000,0x00000007aae00000)
  to   space 512K, 0% used [0x00000007aad00000,0x00000007aad00000,0x00000007aad80000)
 ParOldGen       total 214016K, used 213965K [0x0000000700000000, 0x000000070d100000, 0x00000007aab00000)
  object space 214016K, 99% used [0x0000000700000000,0x000000070d0f3580,0x000000070d100000)
 Metaspace       used 67999K, committed 69504K, reserved 1114112K
  class space    used 7758K, committed 8448K, reserved 1048576K
}
Event: 103.677 GC heap after
{Heap after GC invocations=410 (full 3):
 PSYoungGen      total 2048K, used 495K [0x00000007aab00000, 0x00000007aae80000, 0x0000000800000000)
  eden space 1536K, 0% used [0x00000007aab00000,0x00000007aab00000,0x00000007aac80000)
  from space 512K, 96% used [0x00000007aad00000,0x00000007aad7bc58,0x00000007aad80000)
  to   space 1024K, 0% used [0x00000007aad80000,0x00000007aad80000,0x00000007aae80000)
 ParOldGen       total 214528K, used 214105K [0x0000000700000000, 0x000000070d180000, 0x00000007aab00000)
  object space 214528K, 99% used [0x0000000700000000,0x000000070d1165b0,0x000000070d180000)
 Metaspace       used 67999K, committed 69504K, reserved 1114112K
  class space    used 7758K, committed 8448K, reserved 1048576K
}
Event: 103.826 GC heap before
{Heap before GC invocations=411 (full 3):
 PSYoungGen      total 2048K, used 2030K [0x00000007aab00000, 0x00000007aae80000, 0x0000000800000000)
  eden space 1536K, 99% used [0x00000007aab00000,0x00000007aac7ff58,0x00000007aac80000)
  from space 512K, 96% used [0x00000007aad00000,0x00000007aad7bc58,0x00000007aad80000)
  to   space 1024K, 0% used [0x00000007aad80000,0x00000007aad80000,0x00000007aae80000)
 ParOldGen       total 214528K, used 214105K [0x0000000700000000, 0x000000070d180000, 0x00000007aab00000)
  object space 214528K, 99% used [0x0000000700000000,0x000000070d1165b0,0x000000070d180000)
 Metaspace       used 68003K, committed 69504K, reserved 1114112K
  class space    used 7758K, committed 8448K, reserved 1048576K
}
Event: 103.830 GC heap after
{Heap after GC invocations=411 (full 3):
 PSYoungGen      total 2560K, used 768K [0x00000007aab00000, 0x00000007aae80000, 0x0000000800000000)
  eden space 1536K, 0% used [0x00000007aab00000,0x00000007aab00000,0x00000007aac80000)
  from space 1024K, 75% used [0x00000007aad80000,0x00000007aae40000,0x00000007aae80000)
  to   space 1024K, 0% used [0x00000007aac80000,0x00000007aac80000,0x00000007aad80000)
 ParOldGen       total 215040K, used 214568K [0x0000000700000000, 0x000000070d200000, 0x00000007aab00000)
  object space 215040K, 99% used [0x0000000700000000,0x000000070d18a218,0x000000070d200000)
 Metaspace       used 68003K, committed 69504K, reserved 1114112K
  class space    used 7758K, committed 8448K, reserved 1048576K
}
Event: 104.076 GC heap before
{Heap before GC invocations=412 (full 3):
 PSYoungGen      total 2560K, used 2303K [0x00000007aab00000, 0x00000007aae80000, 0x0000000800000000)
  eden space 1536K, 99% used [0x00000007aab00000,0x00000007aac7ffd8,0x00000007aac80000)
  from space 1024K, 75% used [0x00000007aad80000,0x00000007aae40000,0x00000007aae80000)
  to   space 1024K, 0% used [0x00000007aac80000,0x00000007aac80000,0x00000007aad80000)
 ParOldGen       total 215040K, used 214568K [0x0000000700000000, 0x000000070d200000, 0x00000007aab00000)
  object space 215040K, 99% used [0x0000000700000000,0x000000070d18a218,0x000000070d200000)
 Metaspace       used 68008K, committed 69504K, reserved 1114112K
  class space    used 7758K, committed 8448K, reserved 1048576K
}

Dll operation events (20 events):
Event: 0.533 Attempting to load shared library C:\Users\isabo\.vscode\extensions\redhat.java-1.56.0-win32-x64\jre\21.0.12.1-win32-x86_64\bin\zip.dll
Event: 0.533 Loaded shared library C:\Users\isabo\.vscode\extensions\redhat.java-1.56.0-win32-x64\jre\21.0.12.1-win32-x86_64\bin\zip.dll
Event: 0.610 Attempting to load shared library C:\Users\isabo\.vscode\extensions\redhat.java-1.56.0-win32-x64\jre\21.0.12.1-win32-x86_64\bin\jimage.dll
Event: 0.610 Loaded shared library C:\Users\isabo\.vscode\extensions\redhat.java-1.56.0-win32-x64\jre\21.0.12.1-win32-x86_64\bin\jimage.dll
Event: 1.155 Attempting to load shared library c:\Users\isabo\.vscode\extensions\redhat.java-1.56.0-win32-x64\jre\21.0.12.1-win32-x86_64\bin\verify.dll
Event: 1.165 Loaded shared library c:\Users\isabo\.vscode\extensions\redhat.java-1.56.0-win32-x64\jre\21.0.12.1-win32-x86_64\bin\verify.dll
Event: 5.366 Attempting to load shared library C:\Users\isabo\AppData\Roaming\Code\User\globalStorage\redhat.java\1.56.0\config_win\org.eclipse.equinox.launcher\org.eclipse.equinox.launcher.win32.win32.x86_64_1.3.100.v20260804-1928\eclipse_11924.dll
Event: 5.372 Loaded shared library C:\Users\isabo\AppData\Roaming\Code\User\globalStorage\redhat.java\1.56.0\config_win\org.eclipse.equinox.launcher\org.eclipse.equinox.launcher.win32.win32.x86_64_1.3.100.v20260804-1928\eclipse_11924.dll
Event: 13.471 Attempting to load shared library C:\Users\isabo\AppData\Local\Temp\jna-100492036\jna5530037550017750101.dll
Event: 14.138 Loaded shared library C:\Users\isabo\AppData\Local\Temp\jna-100492036\jna5530037550017750101.dll
Event: 31.260 Attempting to load shared library C:\Users\isabo\.gradle\native\660c5614fbf4a5f2a75b1949f50a0caf5cd603558e7d8a26e50b933a0cfb79d1\windows-amd64\native-platform.dll
Event: 31.263 Loaded shared library C:\Users\isabo\.gradle\native\660c5614fbf4a5f2a75b1949f50a0caf5cd603558e7d8a26e50b933a0cfb79d1\windows-amd64\native-platform.dll
Event: 33.763 Attempting to load shared library C:\Users\isabo\.vscode\extensions\redhat.java-1.56.0-win32-x64\jre\21.0.12.1-win32-x86_64\bin\management.dll
Event: 33.765 Loaded shared library C:\Users\isabo\.vscode\extensions\redhat.java-1.56.0-win32-x64\jre\21.0.12.1-win32-x86_64\bin\management.dll
Event: 33.785 Attempting to load shared library C:\Users\isabo\.vscode\extensions\redhat.java-1.56.0-win32-x64\jre\21.0.12.1-win32-x86_64\bin\management_ext.dll
Event: 33.787 Loaded shared library C:\Users\isabo\.vscode\extensions\redhat.java-1.56.0-win32-x64\jre\21.0.12.1-win32-x86_64\bin\management_ext.dll
Event: 35.738 Attempting to load shared library C:\Users\isabo\.vscode\extensions\redhat.java-1.56.0-win32-x64\jre\21.0.12.1-win32-x86_64\bin\sunmscapi.dll
Event: 35.763 Loaded shared library C:\Users\isabo\.vscode\extensions\redhat.java-1.56.0-win32-x64\jre\21.0.12.1-win32-x86_64\bin\sunmscapi.dll
Event: 35.966 Attempting to load shared library C:\Users\isabo\.vscode\extensions\redhat.java-1.56.0-win32-x64\jre\21.0.12.1-win32-x86_64\bin\extnet.dll
Event: 35.970 Loaded shared library C:\Users\isabo\.vscode\extensions\redhat.java-1.56.0-win32-x64\jre\21.0.12.1-win32-x86_64\bin\extnet.dll

Deoptimization events (20 events):
Event: 97.424 Thread 0x000002b5fd7139b0 DEOPT PACKING pc=0x000002b5a45c1570 sp=0x000000d2c17fd5e0
Event: 97.424 Thread 0x000002b5fd7139b0 DEOPT UNPACKING pc=0x000002b5a3b36da2 sp=0x000000d2c17fd510 mode 2
Event: 97.424 Thread 0x000002b5fd7139b0 Uncommon trap: trap_request=0xffffffde fr.pc=0x000002b5a45c1570 relative=0x0000000000000b90
Event: 97.424 Thread 0x000002b5fd7139b0 Uncommon trap: reason=class_check action=maybe_recompile pc=0x000002b5a45c1570 method=java.io.DataOutputStream.write([BII)V @ 7 c2
Event: 97.424 Thread 0x000002b5fd7139b0 DEOPT PACKING pc=0x000002b5a45c1570 sp=0x000000d2c17fd5e0
Event: 97.424 Thread 0x000002b5fd7139b0 DEOPT UNPACKING pc=0x000002b5a3b36da2 sp=0x000000d2c17fd510 mode 2
Event: 97.424 Thread 0x000002b5fd7139b0 Uncommon trap: trap_request=0xffffffde fr.pc=0x000002b5a45c1570 relative=0x0000000000000b90
Event: 97.424 Thread 0x000002b5fd7139b0 Uncommon trap: reason=class_check action=maybe_recompile pc=0x000002b5a45c1570 method=java.io.DataOutputStream.write([BII)V @ 7 c2
Event: 97.424 Thread 0x000002b5fd7139b0 DEOPT PACKING pc=0x000002b5a45c1570 sp=0x000000d2c17fd5e0
Event: 97.424 Thread 0x000002b5fd7139b0 DEOPT UNPACKING pc=0x000002b5a3b36da2 sp=0x000000d2c17fd510 mode 2
Event: 97.431 Thread 0x000002b5fd7139b0 Uncommon trap: trap_request=0xffffffde fr.pc=0x000002b5a43a7ec4 relative=0x0000000000000ce4
Event: 97.431 Thread 0x000002b5fd7139b0 Uncommon trap: reason=class_check action=maybe_recompile pc=0x000002b5a43a7ec4 method=java.io.DataOutputStream.write([BII)V @ 7 c2
Event: 97.431 Thread 0x000002b5fd7139b0 DEOPT PACKING pc=0x000002b5a43a7ec4 sp=0x000000d2c17fd730
Event: 97.431 Thread 0x000002b5fd7139b0 DEOPT UNPACKING pc=0x000002b5a3b36da2 sp=0x000000d2c17fd660 mode 2
Event: 97.447 Thread 0x000002b5fd7139b0 Uncommon trap: trap_request=0xffffff76 fr.pc=0x000002b5a443b920 relative=0x0000000000000460
Event: 97.447 Thread 0x000002b5fd7139b0 Uncommon trap: reason=predicate action=maybe_recompile pc=0x000002b5a443b920 method=java.util.TimSort.binarySort([Ljava/lang/Object;IIILjava/util/Comparator;)V @ 34 c2
Event: 97.447 Thread 0x000002b5fd7139b0 DEOPT PACKING pc=0x000002b5a443b920 sp=0x000000d2c17fd7a0
Event: 97.447 Thread 0x000002b5fd7139b0 DEOPT UNPACKING pc=0x000002b5a3b36da2 sp=0x000000d2c17fd740 mode 2
Event: 101.886 Thread 0x000002b5fcfb12e0 DEOPT PACKING pc=0x000002b59d789fb6 sp=0x000000d2c16fef10
Event: 101.886 Thread 0x000002b5fcfb12e0 DEOPT UNPACKING pc=0x000002b5a3b378e2 sp=0x000000d2c16fe420 mode 0

Classes loaded (20 events):
Event: 94.604 Loading class java/nio/channels/spi/AbstractSelector$1
Event: 94.604 Loading class java/nio/channels/spi/AbstractSelector$1 done
Event: 96.453 Loading class java/util/concurrent/Executors$AutoShutdownDelegatedExecutorService
Event: 96.453 Loading class java/util/concurrent/Executors$AutoShutdownDelegatedExecutorService done
Event: 97.349 Loading class java/lang/UnsupportedClassVersionError
Event: 97.351 Loading class java/lang/UnsupportedClassVersionError done
Event: 97.412 Loading class java/io/ObjectStreamClass$1
Event: 97.413 Loading class java/io/ObjectStreamClass$1 done
Event: 97.419 Loading class java/io/ObjectStreamClass$MemberSignature
Event: 97.419 Loading class java/io/ObjectStreamClass$MemberSignature done
Event: 97.419 Loading class java/io/ObjectStreamClass$3
Event: 97.420 Loading class java/io/ObjectStreamClass$3 done
Event: 97.420 Loading class java/io/ObjectStreamClass$4
Event: 97.423 Loading class java/io/ObjectStreamClass$4 done
Event: 97.424 Loading class java/io/ObjectStreamClass$5
Event: 97.425 Loading class java/io/ObjectStreamClass$5 done
Event: 97.459 Loading class java/io/ObjectStreamClass$ExceptionInfo
Event: 97.461 Loading class java/io/ObjectStreamClass$ExceptionInfo done
Event: 101.572 Loading class java/lang/invoke/MethodHandleImpl$CountingWrapper$1
Event: 101.572 Loading class java/lang/invoke/MethodHandleImpl$CountingWrapper$1 done

Classes unloaded (14 events):
Event: 15.853 Thread 0x000002b5b47836a0 Unloading class 0x000002b5b61bc800 'java/lang/invoke/LambdaForm$MH+0x000002b5b61bc800'
Event: 15.853 Thread 0x000002b5b47836a0 Unloading class 0x000002b5b61bc400 'java/lang/invoke/LambdaForm$MH+0x000002b5b61bc400'
Event: 15.853 Thread 0x000002b5b47836a0 Unloading class 0x000002b5b61bc000 'java/lang/invoke/LambdaForm$MH+0x000002b5b61bc000'
Event: 15.853 Thread 0x000002b5b47836a0 Unloading class 0x000002b5b61bbc00 'java/lang/invoke/LambdaForm$MH+0x000002b5b61bbc00'
Event: 15.853 Thread 0x000002b5b47836a0 Unloading class 0x000002b5b61bb800 'java/lang/invoke/LambdaForm$BMH+0x000002b5b61bb800'
Event: 15.853 Thread 0x000002b5b47836a0 Unloading class 0x000002b5b61bb400 'java/lang/invoke/LambdaForm$DMH+0x000002b5b61bb400'
Event: 15.853 Thread 0x000002b5b47836a0 Unloading class 0x000002b5b61ba000 'java/lang/invoke/LambdaForm$DMH+0x000002b5b61ba000'
Event: 19.163 Thread 0x000002b5b47836a0 Unloading class 0x000002b5b62e7c00 'java/lang/invoke/LambdaForm$MH+0x000002b5b62e7c00'
Event: 19.164 Thread 0x000002b5b47836a0 Unloading class 0x000002b5b62e7400 'java/lang/invoke/LambdaForm$MH+0x000002b5b62e7400'
Event: 19.164 Thread 0x000002b5b47836a0 Unloading class 0x000002b5b62e6c00 'java/lang/invoke/LambdaForm$MH+0x000002b5b62e6c00'
Event: 19.164 Thread 0x000002b5b47836a0 Unloading class 0x000002b5b62e6800 'java/lang/invoke/LambdaForm$DMH+0x000002b5b62e6800'
Event: 19.164 Thread 0x000002b5b47836a0 Unloading class 0x000002b5b62e2000 'java/lang/invoke/LambdaForm$MH+0x000002b5b62e2000'
Event: 19.164 Thread 0x000002b5b47836a0 Unloading class 0x000002b5b62e1400 'java/lang/invoke/LambdaForm$MH+0x000002b5b62e1400'
Event: 19.164 Thread 0x000002b5b47836a0 Unloading class 0x000002b5b62e0800 'java/lang/invoke/LambdaForm$MH+0x000002b5b62e0800'

Classes redefined (0 events):
No events

Internal exceptions (20 events):
Event: 104.028 Thread 0x000002b5f7390e00 Exception <a 'sun/nio/fs/WindowsException'{0x00000007aac0cda0}> (0x00000007aac0cda0) 
thrown [s\src\hotspot\share\prims\jni.cpp, line 520]
Event: 104.029 Thread 0x000002b5f7390e00 Exception <a 'sun/nio/fs/WindowsException'{0x00000007aac10a88}> (0x00000007aac10a88) 
thrown [s\src\hotspot\share\prims\jni.cpp, line 520]
Event: 104.031 Thread 0x000002b5f7390e00 Exception <a 'sun/nio/fs/WindowsException'{0x00000007aac14b50}> (0x00000007aac14b50) 
thrown [s\src\hotspot\share\prims\jni.cpp, line 520]
Event: 104.033 Thread 0x000002b5f7390e00 Exception <a 'sun/nio/fs/WindowsException'{0x00000007aac19568}> (0x00000007aac19568) 
thrown [s\src\hotspot\share\prims\jni.cpp, line 520]
Event: 104.037 Thread 0x000002b5f7390e00 Exception <a 'sun/nio/fs/WindowsException'{0x00000007aac28228}> (0x00000007aac28228) 
thrown [s\src\hotspot\share\prims\jni.cpp, line 520]
Event: 104.040 Thread 0x000002b5f7390e00 Exception <a 'sun/nio/fs/WindowsException'{0x00000007aac32fb8}> (0x00000007aac32fb8) 
thrown [s\src\hotspot\share\prims\jni.cpp, line 520]
Event: 104.041 Thread 0x000002b5f7390e00 Exception <a 'sun/nio/fs/WindowsException'{0x00000007aac36e18}> (0x00000007aac36e18) 
thrown [s\src\hotspot\share\prims\jni.cpp, line 520]
Event: 104.042 Thread 0x000002b5f7390e00 Exception <a 'sun/nio/fs/WindowsException'{0x00000007aac3ac08}> (0x00000007aac3ac08) 
thrown [s\src\hotspot\share\prims\jni.cpp, line 520]
Event: 104.043 Thread 0x000002b5f7390e00 Exception <a 'sun/nio/fs/WindowsException'{0x00000007aac3f080}> (0x00000007aac3f080) 
thrown [s\src\hotspot\share\prims\jni.cpp, line 520]
Event: 104.043 Thread 0x000002b5f7390e00 Exception <a 'sun/nio/fs/WindowsException'{0x00000007aac427d0}> (0x00000007aac427d0) 
thrown [s\src\hotspot\share\prims\jni.cpp, line 520]
Event: 104.044 Thread 0x000002b5f7390e00 Exception <a 'sun/nio/fs/WindowsException'{0x00000007aac461e8}> (0x00000007aac461e8) 
thrown [s\src\hotspot\share\prims\jni.cpp, line 520]
Event: 104.045 Thread 0x000002b5f7390e00 Exception <a 'sun/nio/fs/WindowsException'{0x00000007aac4c748}> (0x00000007aac4c748) 
thrown [s\src\hotspot\share\prims\jni.cpp, line 520]
Event: 104.046 Thread 0x000002b5f7390e00 Exception <a 'sun/nio/fs/WindowsException'{0x00000007aac539e8}> (0x00000007aac539e8) 
thrown [s\src\hotspot\share\prims\jni.cpp, line 520]
Event: 104.050 Thread 0x000002b5f7390e00 Exception <a 'sun/nio/fs/WindowsException'{0x00000007aac5d8d8}> (0x00000007aac5d8d8) 
thrown [s\src\hotspot\share\prims\jni.cpp, line 520]
Event: 104.050 Thread 0x000002b5f7390e00 Exception <a 'sun/nio/fs/WindowsException'{0x00000007aac612c8}> (0x00000007aac612c8) 
thrown [s\src\hotspot\share\prims\jni.cpp, line 520]
Event: 104.052 Thread 0x000002b5f7390e00 Exception <a 'sun/nio/fs/WindowsException'{0x00000007aac65290}> (0x00000007aac65290) 
thrown [s\src\hotspot\share\prims\jni.cpp, line 520]
Event: 104.053 Thread 0x000002b5f7390e00 Exception <a 'sun/nio/fs/WindowsException'{0x00000007aac6b350}> (0x00000007aac6b350) 
thrown [s\src\hotspot\share\prims\jni.cpp, line 520]
Event: 104.054 Thread 0x000002b5f7390e00 Exception <a 'sun/nio/fs/WindowsException'{0x00000007aac75448}> (0x00000007aac75448) 
thrown [s\src\hotspot\share\prims\jni.cpp, line 520]
Event: 104.055 Thread 0x000002b5f7390e00 Exception <a 'sun/nio/fs/WindowsException'{0x00000007aac79338}> (0x00000007aac79338) 
thrown [s\src\hotspot\share\prims\jni.cpp, line 520]
Event: 104.056 Thread 0x000002b5f7390e00 Exception <a 'sun/nio/fs/WindowsException'{0x00000007aac7dbd8}> (0x00000007aac7dbd8) 
thrown [s\src\hotspot\share\prims\jni.cpp, line 520]

ZGC Phase Switch (0 events):
No events

VM Operations (20 events):
Event: 101.983 Executing safepoint VM operation: ParallelGCFailedAllocation (Allocation Failure) done
Event: 101.983 Executing safepoint VM operation: ParallelGCFailedAllocation (Allocation Failure)
Event: 101.986 Executing safepoint VM operation: ParallelGCFailedAllocation (Allocation Failure) done
Event: 101.989 Executing safepoint VM operation: ParallelGCFailedAllocation (Allocation Failure)
Event: 101.992 Executing safepoint VM operation: ParallelGCFailedAllocation (Allocation Failure) done
Event: 102.024 Executing safepoint VM operation: ParallelGCFailedAllocation (Allocation Failure)
Event: 102.027 Executing safepoint VM operation: ParallelGCFailedAllocation (Allocation Failure) done
Event: 102.322 Executing safepoint VM operation: ParallelGCFailedAllocation (Allocation Failure)
Event: 102.325 Executing safepoint VM operation: ParallelGCFailedAllocation (Allocation Failure) done
Event: 102.521 Executing safepoint VM operation: ParallelGCFailedAllocation (Allocation Failure)
Event: 102.524 Executing safepoint VM operation: ParallelGCFailedAllocation (Allocation Failure) done
Event: 103.193 Executing safepoint VM operation: ParallelGCFailedAllocation (Allocation Failure)
Event: 103.197 Executing safepoint VM operation: ParallelGCFailedAllocation (Allocation Failure) done
Event: 103.554 Executing safepoint VM operation: ParallelGCFailedAllocation (Allocation Failure)
Event: 103.556 Executing safepoint VM operation: ParallelGCFailedAllocation (Allocation Failure) done
Event: 103.674 Executing safepoint VM operation: ParallelGCFailedAllocation (Allocation Failure)
Event: 103.677 Executing safepoint VM operation: ParallelGCFailedAllocation (Allocation Failure) done
Event: 103.826 Executing safepoint VM operation: ParallelGCFailedAllocation (Allocation Failure)
Event: 103.830 Executing safepoint VM operation: ParallelGCFailedAllocation (Allocation Failure) done
Event: 104.059 Executing safepoint VM operation: ParallelGCFailedAllocation (Allocation Failure)

Memory protections (0 events):
No events

Nmethod flushes (20 events):
Event: 36.540 Thread 0x000002b5b47836a0 flushing  nmethod 0x000002b59cf28d90
Event: 36.540 Thread 0x000002b5b47836a0 flushing  nmethod 0x000002b59cf38f10
Event: 36.540 Thread 0x000002b5b47836a0 flushing  nmethod 0x000002b59cf59010
Event: 36.540 Thread 0x000002b5b47836a0 flushing  nmethod 0x000002b59cf6e910
Event: 36.540 Thread 0x000002b5b47836a0 flushing  nmethod 0x000002b59cf6ee90
Event: 36.540 Thread 0x000002b5b47836a0 flushing  nmethod 0x000002b59cf6f310
Event: 36.540 Thread 0x000002b5b47836a0 flushing  nmethod 0x000002b59cf6fe10
Event: 36.540 Thread 0x000002b5b47836a0 flushing  nmethod 0x000002b59cf71010
Event: 36.540 Thread 0x000002b5b47836a0 flushing  nmethod 0x000002b59cf71610
Event: 36.540 Thread 0x000002b5b47836a0 flushing  nmethod 0x000002b59cf71e90
Event: 36.540 Thread 0x000002b5b47836a0 flushing  nmethod 0x000002b59cf72210
Event: 36.540 Thread 0x000002b5b47836a0 flushing  nmethod 0x000002b59cf72a90
Event: 36.540 Thread 0x000002b5b47836a0 flushing  nmethod 0x000002b59cf73710
Event: 36.540 Thread 0x000002b5b47836a0 flushing  nmethod 0x000002b59cf75e90
Event: 36.540 Thread 0x000002b5b47836a0 flushing  nmethod 0x000002b59cf7b290
Event: 36.540 Thread 0x000002b5b47836a0 flushing  nmethod 0x000002b59cf7f210
Event: 36.540 Thread 0x000002b5b47836a0 flushing  nmethod 0x000002b59cf7ff90
Event: 36.540 Thread 0x000002b5b47836a0 flushing  nmethod 0x000002b59cf9d790
Event: 36.540 Thread 0x000002b5b47836a0 flushing  nmethod 0x000002b59cf9dc90
Event: 36.540 Thread 0x000002b5b47836a0 flushing  nmethod 0x000002b59cf9e210

Events (20 events):
Event: 102.113 Thread 0x000002b5fd712600 Thread exited: 0x000002b5fd712600
Event: 102.433 Thread 0x000002b5fd714040 Thread exited: 0x000002b5fd714040
Event: 102.433 Thread 0x000002b5fcd0c410 Thread exited: 0x000002b5fcd0c410
Event: 102.434 Thread 0x000002b5fcd0b060 Thread exited: 0x000002b5fcd0b060
Event: 102.435 Thread 0x000002b5fcd0d7c0 Thread exited: 0x000002b5fcd0d7c0
Event: 102.484 Thread 0x000002b5f7391490 Thread added: 0x000002b5fd712c90
Event: 102.537 Thread 0x000002b5f7390e00 Thread added: 0x000002b5fd712600
Event: 102.775 Thread 0x000002b5f7390e00 Thread added: 0x000002b5fd714040
Event: 103.412 Thread 0x000002b5fd712c90 Thread added: 0x000002b5fcd0c410
Event: 103.450 Thread 0x000002b5fcd0c410 Thread added: 0x000002b5fcd0b060
Event: 103.451 Thread 0x000002b5fcd0c410 Thread added: 0x000002b5fcd0d7c0
Event: 103.452 Thread 0x000002b5fcd0b060 Thread exited: 0x000002b5fcd0b060
Event: 103.572 Thread 0x000002b5fd714040 Thread exited: 0x000002b5fd714040
Event: 103.695 Thread 0x000002b5fcd0c410 Thread exited: 0x000002b5fcd0c410
Event: 103.695 Thread 0x000002b5fcd0d7c0 Thread exited: 0x000002b5fcd0d7c0
Event: 103.696 Thread 0x000002b5fd712c90 Thread exited: 0x000002b5fd712c90
Event: 103.860 Thread 0x000002b5f738f3c0 Thread added: 0x000002b5fcd0b060
Event: 103.864 Thread 0x000002b5fcd0b060 Thread exited: 0x000002b5fcd0b060
Event: 103.973 Thread 0x000002b5f738f3c0 Thread added: 0x000002b5fcd0d7c0
Event: 104.002 Thread 0x000002b5fcd0d7c0 Thread exited: 0x000002b5fcd0d7c0


Dynamic libraries:
0x00007ff64bfa0000 - 0x00007ff64bfae000 	c:\Users\isabo\.vscode\extensions\redhat.java-1.56.0-win32-x64\jre\21.0.12.1-win32-x86_64\bin\java.exe
0x00007ffe80b40000 - 0x00007ffe80da7000 	C:\WINDOWS\SYSTEM32\ntdll.dll
0x00007ffe7eb40000 - 0x00007ffe7ec0b000 	C:\WINDOWS\System32\KERNEL32.DLL
0x00007ffe7deb0000 - 0x00007ffe7e2b2000 	C:\WINDOWS\System32\KERNELBASE.dll
0x00007ffe7e2c0000 - 0x00007ffe7e40c000 	C:\WINDOWS\System32\ucrtbase.dll
0x00007ffe41ea0000 - 0x00007ffe41eb8000 	c:\Users\isabo\.vscode\extensions\redhat.java-1.56.0-win32-x64\jre\21.0.12.1-win32-x86_64\bin\jli.dll
0x00007ffe41a30000 - 0x00007ffe41a4e000 	c:\Users\isabo\.vscode\extensions\redhat.java-1.56.0-win32-x64\jre\21.0.12.1-win32-x86_64\bin\VCRUNTIME140.dll
0x00007ffe80380000 - 0x00007ffe8054f000 	C:\WINDOWS\System32\USER32.dll
0x00007ffe7dd40000 - 0x00007ffe7dd67000 	C:\WINDOWS\System32\win32u.dll
0x00007ffe69240000 - 0x00007ffe694d0000 	C:\WINDOWS\WinSxS\amd64_microsoft.windows.common-controls_6595b64144ccf1df_6.0.26100.9278_none_3e0d1ba8e3303201\COMCTL32.dll
0x00007ffe808a0000 - 0x00007ffe808cb000 	C:\WINDOWS\System32\GDI32.dll
0x00007ffe7e4e0000 - 0x00007ffe7e609000 	C:\WINDOWS\System32\gdi32full.dll
0x00007ffe806e0000 - 0x00007ffe80789000 	C:\WINDOWS\System32\msvcrt.dll
0x00007ffe7dd70000 - 0x00007ffe7de13000 	C:\WINDOWS\System32\msvcp_win.dll
0x00007ffe808d0000 - 0x00007ffe80901000 	C:\WINDOWS\System32\IMM32.DLL
0x00007ffe6a2f0000 - 0x00007ffe6a2fc000 	c:\Users\isabo\.vscode\extensions\redhat.java-1.56.0-win32-x64\jre\21.0.12.1-win32-x86_64\bin\vcruntime140_1.dll
0x00007ffe19de0000 - 0x00007ffe19e6d000 	c:\Users\isabo\.vscode\extensions\redhat.java-1.56.0-win32-x64\jre\21.0.12.1-win32-x86_64\bin\msvcp140.dll
0x00007ffda5310000 - 0x00007ffda60b2000 	c:\Users\isabo\.vscode\extensions\redhat.java-1.56.0-win32-x64\jre\21.0.12.1-win32-x86_64\bin\server\jvm.dll
0x00007ffe80160000 - 0x00007ffe8021c000 	C:\WINDOWS\System32\ADVAPI32.dll
0x00007ffe7ec10000 - 0x00007ffe7ecb9000 	C:\WINDOWS\System32\sechost.dll
0x00007ffe7ecc0000 - 0x00007ffe7edd8000 	C:\WINDOWS\System32\RPCRT4.dll
0x00007ffe80a70000 - 0x00007ffe80af0000 	C:\WINDOWS\System32\WS2_32.dll
0x00007ffe7dbc0000 - 0x00007ffe7dc1e000 	C:\WINDOWS\SYSTEM32\POWRPROF.dll
0x00007ffe6b6a0000 - 0x00007ffe6b6d6000 	C:\WINDOWS\SYSTEM32\WINMM.dll
0x00007ffe74070000 - 0x00007ffe7407b000 	C:\WINDOWS\SYSTEM32\VERSION.dll
0x00007ffe7dba0000 - 0x00007ffe7dbb5000 	C:\WINDOWS\SYSTEM32\UMPDC.dll
0x00007ffe7c9d0000 - 0x00007ffe7c9eb000 	C:\WINDOWS\SYSTEM32\kernel.appcore.dll
0x00007ffe583c0000 - 0x00007ffe583ca000 	c:\Users\isabo\.vscode\extensions\redhat.java-1.56.0-win32-x64\jre\21.0.12.1-win32-x86_64\bin\jimage.dll
0x00007ffe7b430000 - 0x00007ffe7b67c000 	C:\WINDOWS\SYSTEM32\DBGHELP.DLL
0x00007ffe7fd40000 - 0x00007ffe800c5000 	C:\WINDOWS\System32\combase.dll
0x00007ffe7f2c0000 - 0x00007ffe7f399000 	C:\WINDOWS\System32\OLEAUT32.dll
0x00007ffe695c0000 - 0x00007ffe695fb000 	C:\WINDOWS\SYSTEM32\dbgcore.DLL
0x00007ffe7e420000 - 0x00007ffe7e4cc000 	C:\WINDOWS\System32\bcryptPrimitives.dll
0x00007ffe57bb0000 - 0x00007ffe57bbf000 	c:\Users\isabo\.vscode\extensions\redhat.java-1.56.0-win32-x64\jre\21.0.12.1-win32-x86_64\bin\instrument.dll
0x00007ffe41a10000 - 0x00007ffe41a30000 	c:\Users\isabo\.vscode\extensions\redhat.java-1.56.0-win32-x64\jre\21.0.12.1-win32-x86_64\bin\java.dll
0x00007ffe7f580000 - 0x00007ffe7fd18000 	C:\WINDOWS\System32\SHELL32.dll
0x00007ffe7b780000 - 0x00007ffe7c02e000 	C:\WINDOWS\SYSTEM32\windows.storage.dll
0x00007ffe80910000 - 0x00007ffe80a0b000 	C:\WINDOWS\System32\SHCORE.dll
0x00007ffe80790000 - 0x00007ffe807f6000 	C:\WINDOWS\System32\shlwapi.dll
0x00007ffe7dc60000 - 0x00007ffe7dc89000 	C:\WINDOWS\SYSTEM32\profapi.dll
0x00007ffe41950000 - 0x00007ffe41968000 	c:\Users\isabo\.vscode\extensions\redhat.java-1.56.0-win32-x64\jre\21.0.12.1-win32-x86_64\bin\zip.dll
0x00007ffe57ba0000 - 0x00007ffe57bb0000 	C:\Users\isabo\.vscode\extensions\redhat.java-1.56.0-win32-x64\jre\21.0.12.1-win32-x86_64\bin\net.dll
0x00007ffe703d0000 - 0x00007ffe704fa000 	C:\WINDOWS\SYSTEM32\WINHTTP.dll
0x00007ffe7cf70000 - 0x00007ffe7cfdc000 	C:\WINDOWS\system32\mswsock.dll
0x00007ffe41930000 - 0x00007ffe41946000 	C:\Users\isabo\.vscode\extensions\redhat.java-1.56.0-win32-x64\jre\21.0.12.1-win32-x86_64\bin\nio.dll
0x00007ffe56bc0000 - 0x00007ffe56bd0000 	c:\Users\isabo\.vscode\extensions\redhat.java-1.56.0-win32-x64\jre\21.0.12.1-win32-x86_64\bin\verify.dll
0x00007ffe54870000 - 0x00007ffe548b5000 	C:\Users\isabo\AppData\Roaming\Code\User\globalStorage\redhat.java\1.56.0\config_win\org.eclipse.equinox.launcher\org.eclipse.equinox.launcher.win32.win32.x86_64_1.3.100.v20260804-1928\eclipse_11924.dll
0x00007ffe7e9a0000 - 0x00007ffe7eb3a000 	C:\WINDOWS\System32\ole32.dll
0x00007ffe7d390000 - 0x00007ffe7d3ab000 	C:\WINDOWS\SYSTEM32\CRYPTSP.dll
0x00007ffe7c930000 - 0x00007ffe7c969000 	C:\WINDOWS\system32\rsaenh.dll
0x00007ffe7d020000 - 0x00007ffe7d054000 	C:\WINDOWS\SYSTEM32\USERENV.dll
0x00007ffe7dc30000 - 0x00007ffe7dc5a000 	C:\WINDOWS\SYSTEM32\bcrypt.dll
0x00007ffe7d360000 - 0x00007ffe7d36c000 	C:\WINDOWS\SYSTEM32\CRYPTBASE.dll
0x00007ffe7c380000 - 0x00007ffe7c3b3000 	C:\WINDOWS\SYSTEM32\IPHLPAPI.DLL
0x00007ffe80890000 - 0x00007ffe8089a000 	C:\WINDOWS\System32\NSI.dll
0x00007ffe419c0000 - 0x00007ffe41a09000 	C:\Users\isabo\AppData\Local\Temp\jna-100492036\jna5530037550017750101.dll
0x00007ffe800d0000 - 0x00007ffe800d8000 	C:\WINDOWS\System32\PSAPI.DLL
0x00007ffe73c00000 - 0x00007ffe73c1d000 	C:\WINDOWS\SYSTEM32\dhcpcsvc6.DLL
0x00007ffe703a0000 - 0x00007ffe703c5000 	C:\WINDOWS\SYSTEM32\dhcpcsvc.DLL
0x00007ffdb4a60000 - 0x00007ffdb4a87000 	C:\Users\isabo\.gradle\native\660c5614fbf4a5f2a75b1949f50a0caf5cd603558e7d8a26e50b933a0cfb79d1\windows-amd64\native-platform.dll
0x00007ffe53c00000 - 0x00007ffe53c0a000 	C:\Users\isabo\.vscode\extensions\redhat.java-1.56.0-win32-x64\jre\21.0.12.1-win32-x86_64\bin\management.dll
0x00007ffe50360000 - 0x00007ffe5036c000 	C:\Users\isabo\.vscode\extensions\redhat.java-1.56.0-win32-x64\jre\21.0.12.1-win32-x86_64\bin\management_ext.dll
0x00007ffe55bc0000 - 0x00007ffe55bce000 	C:\Users\isabo\.vscode\extensions\redhat.java-1.56.0-win32-x64\jre\21.0.12.1-win32-x86_64\bin\sunmscapi.dll
0x00007ffe7e6d0000 - 0x00007ffe7e84e000 	C:\WINDOWS\System32\CRYPT32.dll
0x00007ffe7d500000 - 0x00007ffe7d530000 	C:\WINDOWS\SYSTEM32\ncrypt.dll
0x00007ffe7d4b0000 - 0x00007ffe7d4ef000 	C:\WINDOWS\SYSTEM32\NTASN1.dll
0x00007ffe7c470000 - 0x00007ffe7c5c8000 	C:\WINDOWS\SYSTEM32\DNSAPI.dll
0x00007ffe7cd70000 - 0x00007ffe7cd7d000 	C:\WINDOWS\SYSTEM32\DSPARSE.dll
0x00007ffe6cf60000 - 0x00007ffe6cf6b000 	C:\Windows\System32\rasadhlp.dll
0x00007ffe6faa0000 - 0x00007ffe6fb26000 	C:\WINDOWS\System32\fwpuclnt.dll
0x00007ffe57bc0000 - 0x00007ffe57bc9000 	C:\Users\isabo\.vscode\extensions\redhat.java-1.56.0-win32-x64\jre\21.0.12.1-win32-x86_64\bin\extnet.dll
0x00007ffe4ab20000 - 0x00007ffe4ab28000 	C:\WINDOWS\system32\wshunix.dll

JVMTI agents:
c:\Users\isabo\.vscode\extensions\redhat.java-1.56.0-win32-x64\lombok\lombok-1.18.39-4050.jar path:c:\Users\isabo\.vscode\extensions\redhat.java-1.56.0-win32-x64\jre\21.0.12.1-win32-x86_64\bin\instrument.dll, loaded, initialized, instrumentlib options:none

dbghelp: loaded successfully - version: 4.0.5 - missing functions: none
symbol engine: initialized successfully - sym options: 0x614 - pdb path: .;c:\Users\isabo\.vscode\extensions\redhat.java-1.56.0-win32-x64\jre\21.0.12.1-win32-x86_64\bin;C:\WINDOWS\SYSTEM32;C:\WINDOWS\WinSxS\amd64_microsoft.windows.common-controls_6595b64144ccf1df_6.0.26100.9278_none_3e0d1ba8e3303201;c:\Users\isabo\.vscode\extensions\redhat.java-1.56.0-win32-x64\jre\21.0.12.1-win32-x86_64\bin\server;C:\Users\isabo\AppData\Roaming\Code\User\globalStorage\redhat.java\1.56.0\config_win\org.eclipse.equinox.launcher\org.eclipse.equinox.launcher.win32.win32.x86_64_1.3.100.v20260804-1928;C:\Users\isabo\AppData\Local\Temp\jna-100492036;C:\Users\isabo\.gradle\native\660c5614fbf4a5f2a75b1949f50a0caf5cd603558e7d8a26e50b933a0cfb79d1\windows-amd64

VM Arguments:
jvm_args: --add-modules=ALL-SYSTEM --add-opens=java.base/java.util=ALL-UNNAMED --add-opens=java.base/java.lang=ALL-UNNAMED --add-opens=java.base/sun.nio.fs=ALL-UNNAMED -Declipse.application=org.eclipse.jdt.ls.core.id1 -Dosgi.bundles.defaultStartLevel=4 -Declipse.product=org.eclipse.jdt.ls.core.product -Djava.import.generatesMetadataFilesAtProjectRoot=false -Dm2e.project.cache.size=50 -DDetectVMInstallationsJob.disabled=true -Dfile.encoding=utf8 -XX:+UseParallelGC -XX:GCTimeRatio=4 -XX:AdaptiveSizePolicyWeight=90 -Dsun.zip.disableMemoryMapping=true -Xmx4G -Xms100m -Xlog:disable -javaagent:c:\Users\isabo\.vscode\extensions\redhat.java-1.56.0-win32-x64\lombok\lombok-1.18.39-4050.jar -XX:+HeapDumpOnOutOfMemoryError -XX:HeapDumpPath=c:\Users\isabo\AppData\Roaming\Code\User\workspaceStorage\549d4dd31bf3dbb746db498f2292a5f9\redhat.java -Daether.dependencyCollector.impl=bf 
java_command: c:\Users\isabo\.vscode\extensions\redhat.java-1.56.0-win32-x64\server\plugins\org.eclipse.equinox.launcher_1.8.0.v20260804-1928.jar -configuration c:\Users\isabo\AppData\Roaming\Code\User\globalStorage\redhat.java\1.56.0\config_win -data c:\Users\isabo\AppData\Roaming\Code\User\workspaceStorage\549d4dd31bf3dbb746db498f2292a5f9\redhat.java\jdt_ws --stdio
java_class_path (initial): c:\Users\isabo\.vscode\extensions\redhat.java-1.56.0-win32-x64\server\plugins\org.eclipse.equinox.launcher_1.8.0.v20260804-1928.jar
Launcher Type: SUN_STANDARD

[Global flags]
    uintx AdaptiveSizePolicyWeight                 = 90                                        {product} {command line}
     intx CICompilerCount                          = 4                                         {product} {ergonomic}
    uintx GCTimeRatio                              = 4                                         {product} {command line}
     bool HeapDumpOnOutOfMemoryError               = true                                   {manageable} {command line}
    ccstr HeapDumpPath                             = c:\Users\isabo\AppData\Roaming\Code\User\workspaceStorage\549d4dd31bf3dbb746db498f2292a5f9\redhat.java         {manageable} {command line}
   size_t InitialHeapSize                          = 104857600                                 {product} {command line}
   size_t MaxHeapSize                              = 4294967296                                {product} {command line}
   size_t MaxNewSize                               = 1431306240                                {product} {ergonomic}
   size_t MinHeapDeltaBytes                        = 524288                                    {product} {ergonomic}
   size_t MinHeapSize                              = 104857600                                 {product} {command line}
   size_t NewSize                                  = 34603008                                  {product} {ergonomic}
    uintx NonNMethodCodeHeapSize                   = 5839372                                {pd product} {ergonomic}
    uintx NonProfiledCodeHeapSize                  = 122909434                              {pd product} {ergonomic}
   size_t OldSize                                  = 70254592                                  {product} {ergonomic}
    uintx ProfiledCodeHeapSize                     = 122909434                              {pd product} {ergonomic}
    uintx ReservedCodeCacheSize                    = 251658240                              {pd product} {ergonomic}
     bool SegmentedCodeCache                       = true                                      {product} {ergonomic}
   size_t SoftMaxHeapSize                          = 4294967296                             {manageable} {ergonomic}
     bool UseCompressedOops                        = true                           {product lp64_product} {ergonomic}
     bool UseLargePagesIndividualAllocation        = false                                  {pd product} {ergonomic}
     bool UseParallelGC                            = true                                      {product} {command line}

Logging:
Log output configuration:
 #0: stdout all=off uptime,level,tags foldmultilines=false
 #1: stderr all=off uptime,level,tags foldmultilines=false

Release file:
JAVA_VERSION="21.0.12.1" 
MODULES="java.base java.compiler java.datatransfer java.xml java.prefs java.desktop java.instrument java.logging java.management java.security.sasl java.naming java.rmi java.management.rmi java.net.http java.scripting java.security.jgss java.transaction.xa java.sql java.sql.rowset java.xml.crypto java.se java.smartcardio jdk.accessibility jdk.internal.jvmstat jdk.attach jdk.charsets jdk.internal.opt jdk.zipfs jdk.compiler jdk.crypto.ec jdk.crypto.cryptoki jdk.crypto.mscapi jdk.dynalink jdk.internal.ed jdk.editpad jdk.hotspot.agent jdk.httpserver jdk.internal.le jdk.internal.vm.ci jdk.internal.vm.compiler jdk.internal.vm.compiler.management jdk.jartool jdk.javadoc jdk.jcmd jdk.management jdk.management.agent jdk.jconsole jdk.jdeps jdk.jdwp.agent jdk.jdi jdk.jfr jdk.jshell jdk.jsobject jdk.jstatd jdk.localedata jdk.management.jfr jdk.naming.dns jdk.naming.rmi jdk.net jdk.nio.mapmode jdk.random jdk.sctp jdk.security.auth jdk.security.jgss jdk.unsupported jdk.unsupported.desktop jdk.xml.dom" 

Environment Variables:
JAVA_HOME=C:\Program Files (x86)\Java\jdk-21.0.2
PATH=C:\Python312\Scripts\;C:\Python312\;C:\Program Files\Common Files\Oracle\Java\javapath;C:\Program Files (x86)\Common Files\Oracle\Java\java8path;C:\Program Files (x86)\VMware\VMware Player\bin\;C:\WINDOWS\system32;C:\WINDOWS;C:\WINDOWS\System32\Wbem;C:\WINDOWS\System32\WindowsPowerShell\v1.0\;C:\WINDOWS\System32\OpenSSH\;C:\Program Files (x86)\Bitvise SSH Client;C:\Program Files\PuTTY\;C:\Kubernetes;C:\programacion\apache-maven-3.8.3\bin;C:\programacion\apache-ant-1.10.11-bin\apache-ant-1.10.11\bin;C:\Program Files (x86)\dotnet\;C:\Program Files\dotnet\;C:\Program Files\OpenVPN\bin;C:\programacion\gradle\bin;C:\programacion\kubectl;C:\Program Files\MySQL\MySQL Server 8.0\bin;C:\programacion\helm\windows-amd64;C:\Program Files\Java\jdk-17.0.2\bin;C:\Program Files\nodejs\;C:\ProgramData\chocolatey\bin;C:\Program Files\AutoFirma\AutoFirma;C:\programacion\Artemis\apache-artemis-2.32.0\bin;C:\Program Files\PostgreSQL\16\bin;C:\tools\gsudo\Current;C:\Program Files\Docker\Docker\resources\bin;C:\texlive\2026\bin\windows;C:\programacion\node\node_modules\npm\bin;C:\Users\isabo\.jbang\bin;C:\Program Files\Ruby31-x64\bin;C:\Users\isabo\AppData\Local\Microsoft\WindowsApps;C:\Users\isabo\AppData\Local\Programs\Git\cmd;C:\Users\isabo\AppData\Local\Programs\Microsoft VS Code\bin;C:\Users\isabo\AppData\Local\Microsoft\WinGet\Packages\cURL.cURL_Microsoft.Winget.Source_8wekyb3d8bbwe\curl-8.4.0_3-win64-mingw\bin;C:\Users\isabo\AppData\Roaming\npm;C:\texlive\2026\bin\windows
USERNAME=isabo
OS=Windows_NT
PROCESSOR_IDENTIFIER=Intel64 Family 6 Model 126 Stepping 5, GenuineIntel
TMP=C:\Users\isabo\AppData\Local\Temp
TEMP=C:\Users\isabo\AppData\Local\Temp




Periodic native trim disabled

---------------  S Y S T E M  ---------------

OS:
 Windows 11 , 64 bit Build 26100 (10.0.26100.9444)
OS uptime: 5 days 5:12 hours
Hyper-V role detected

CPU: total 8 (initial active 8) (4 cores per cpu, 2 threads per core) family 6 model 126 stepping 5 microcode 0x86, cx8, cmov, fxsr, ht, mmx, 3dnowpref, sse, sse2, sse3, ssse3, sse4.1, sse4.2, popcnt, lzcnt, tsc, tscinvbit, avx, avx2, aes, erms, clmul, bmi1, bmi2, adx, avx512f, avx512dq, avx512cd, avx512bw, avx512vl, sha, fma, vzeroupper, avx512_vpopcntdq, avx512_vpclmulqdq, avx512_vaes, avx512_vnni, clflush, clflushopt, avx512_vbmi2, avx512_vbmi, hv, rdtscp, rdpid, fsrm, gfni, avx512_bitalg, f16c, avx512_ifma
Processor Information for the first 8 processors :
  Max Mhz: 1190, Current Mhz: 991, Mhz Limit: 987

Memory: 4k page, system-wide physical 7948M (92M free)
TotalPageFile size 32524M (AvailPageFile size 1M)
current process WorkingSet (physical memory assigned to process): 244M, peak: 285M
current process commit charge ("private bytes"): 568M, peak: 582M

vm_info: OpenJDK 64-Bit Server VM (21.0.12.1+1-LTS) for windows-amd64 JRE (21.0.12.1+1-LTS), built on 2026-08-18T00:00:00Z by "admin" with MS VC++ 17.12 (VS2022)

END.
