#
# There is insufficient memory for the Java Runtime Environment to continue.
# Native memory allocation (malloc) failed to allocate 2325328 bytes. Error detail: Chunk::new
# Possible reasons:
#   The system is out of physical RAM or swap space
#   This process is running with CompressedOops enabled, and the Java Heap may be blocking the growth of the native heap
# Possible solutions:
#   Reduce memory load on the system
#   Increase physical memory or swap space
#   Check if swap backing store is full
#   Decrease Java heap size (-Xmx/-Xms)
#   Decrease number of Java threads
#   Decrease Java thread stack sizes (-Xss)
#   Set larger code cache with -XX:ReservedCodeCacheSize=
#   JVM is running with Zero Based Compressed Oops mode in which the Java heap is
#     placed in the first 32GB address space. The Java Heap base address is the
#     maximum limit for the native heap growth. Please use -XX:HeapBaseMinAddress
#     to set the Java Heap base and to place the Java Heap above 32GB virtual address.
# This output file may be truncated or incomplete.
#
#  Out of Memory Error (arena.cpp:168), pid=55280, tid=49492
#
# JRE version: OpenJDK Runtime Environment Temurin-21.0.12.1+1 (21.0.12.1+1) (build 21.0.12.1+1-LTS)
# Java VM: OpenJDK 64-Bit Server VM Temurin-21.0.12.1+1 (21.0.12.1+1-LTS, mixed mode, sharing, tiered, compressed oops, compressed class ptrs, parallel gc, windows-amd64)
# No core dump will be written. Minidumps are not enabled by default on client versions of Windows
#

---------------  S U M M A R Y ------------

Command Line: --add-modules=ALL-SYSTEM --add-opens=java.base/java.util=ALL-UNNAMED --add-opens=java.base/java.lang=ALL-UNNAMED --add-opens=java.base/sun.nio.fs=ALL-UNNAMED -Declipse.application=org.eclipse.jdt.ls.core.id1 -Dosgi.bundles.defaultStartLevel=4 -Declipse.product=org.eclipse.jdt.ls.core.product -Djava.import.generatesMetadataFilesAtProjectRoot=false -Dm2e.project.cache.size=50 -DDetectVMInstallationsJob.disabled=true -Dfile.encoding=utf8 -XX:+UseParallelGC -XX:GCTimeRatio=4 -XX:AdaptiveSizePolicyWeight=90 -Dsun.zip.disableMemoryMapping=true -Xmx4G -Xms100m -Xlog:disable -javaagent:c:\Users\isabo\.vscode\extensions\redhat.java-1.56.0-win32-x64\lombok\lombok-1.18.39-4050.jar -XX:+HeapDumpOnOutOfMemoryError -XX:HeapDumpPath=c:\Users\isabo\AppData\Roaming\Code\User\workspaceStorage\549d4dd31bf3dbb746db498f2292a5f9\redhat.java -Daether.dependencyCollector.impl=bf c:\Users\isabo\.vscode\extensions\redhat.java-1.56.0-win32-x64\server\plugins\org.eclipse.equinox.launcher_1.8.0.v20260804-1928.jar -configuration c:\Users\isabo\AppData\Roaming\Code\User\globalStorage\redhat.java\1.56.0\config_win -data c:\Users\isabo\AppData\Roaming\Code\User\workspaceStorage\549d4dd31bf3dbb746db498f2292a5f9\redhat.java\jdt_ws --stdio

Host: Intel(R) Core(TM) i5-1035G1 CPU @ 1.00GHz, 8 cores, 7G,  Windows 11 , 64 bit Build 26100 (10.0.26100.9444)
Time: Tue Sep 15 13:20:24 2026 Hora de verano romance elapsed time: 47.018435 seconds (0d 0h 0m 47s)

---------------  T H R E A D  ---------------

Current thread (0x000002050f9d4b90):  JavaThread "C2 CompilerThread0" daemon [_thread_in_native, id=49492, stack(0x000000bf74c00000,0x000000bf74d00000) (1024K)]


Current CompileTask:
C2:47018 5549   !   4       org.eclipse.osgi.internal.loader.classpath.ClasspathManager::defineClass (636 bytes)

Stack: [0x000000bf74c00000,0x000000bf74d00000]
Native frames: (J=compiled Java code, j=interpreted, Vv=VM code, C=native code)
V  [jvm.dll+0x6d83e9]
V  [jvm.dll+0x8b5736]
V  [jvm.dll+0x8b7cee]
V  [jvm.dll+0x8b83d3]
V  [jvm.dll+0x284596]
V  [jvm.dll+0xc685d]
V  [jvm.dll+0xc6da1]
V  [jvm.dll+0x3bf18b]
V  [jvm.dll+0x1e4149]
V  [jvm.dll+0x24c853]
V  [jvm.dll+0x24bce0]
V  [jvm.dll+0x1cb4ae]
V  [jvm.dll+0x25baad]
V  [jvm.dll+0x25a03a]
V  [jvm.dll+0x3f8aae]
V  [jvm.dll+0x8600cd]
V  [jvm.dll+0x6d6c1d]
C  [ucrtbase.dll+0x2cd30]
C  [KERNEL32.DLL+0x2cd87]
C  [ntdll.dll+0xacaec]


---------------  P R O C E S S  ---------------

Threads class SMR info:
_java_thread_list=0x0000020558fade10, length=29, elements={
0x0000020574256250, 0x000002057430bf80, 0x000002057430dd20, 0x000002050f9c9010,
0x000002050f9cbc80, 0x000002050f9cc8e0, 0x000002050f9cf750, 0x000002050f9d4b90,
0x000002050f9fe750, 0x00000205525bddc0, 0x0000020552732f60, 0x000002055709faa0,
0x00000205577f23e0, 0x000002055749bb40, 0x000002055749c580, 0x000002055783abc0,
0x0000020557cde700, 0x0000020557c37d60, 0x0000020557c397a0, 0x0000020557c39e30,
0x0000020557c3a4c0, 0x0000020557c39110, 0x0000020557c376d0, 0x0000020557c38a80,
0x0000020557c383f0, 0x0000020557c3ab50, 0x0000020558b573f0, 0x0000020558b56040,
0x0000020558b566d0
}

Java Threads: ( => current thread )
  0x0000020574256250 JavaThread "main"                              [_thread_blocked, id=22320, stack(0x000000bf74200000,0x000000bf74300000) (1024K)]
  0x000002057430bf80 JavaThread "Reference Handler"          daemon [_thread_blocked, id=59984, stack(0x000000bf74600000,0x000000bf74700000) (1024K)]
  0x000002057430dd20 JavaThread "Finalizer"                  daemon [_thread_blocked, id=53932, stack(0x000000bf74700000,0x000000bf74800000) (1024K)]
  0x000002050f9c9010 JavaThread "Signal Dispatcher"          daemon [_thread_blocked, id=54740, stack(0x000000bf74800000,0x000000bf74900000) (1024K)]
  0x000002050f9cbc80 JavaThread "Attach Listener"            daemon [_thread_blocked, id=72116, stack(0x000000bf74900000,0x000000bf74a00000) (1024K)]
  0x000002050f9cc8e0 JavaThread "Service Thread"             daemon [_thread_blocked, id=59288, stack(0x000000bf74a00000,0x000000bf74b00000) (1024K)]
  0x000002050f9cf750 JavaThread "Monitor Deflation Thread"   daemon [_thread_blocked, id=54216, stack(0x000000bf74b00000,0x000000bf74c00000) (1024K)]
=>0x000002050f9d4b90 JavaThread "C2 CompilerThread0"         daemon [_thread_in_native, id=49492, stack(0x000000bf74c00000,0x000000bf74d00000) (1024K)]
  0x000002050f9fe750 JavaThread "C1 CompilerThread0"         daemon [_thread_blocked, id=25060, stack(0x000000bf74d00000,0x000000bf74e00000) (1024K)]
  0x00000205525bddc0 JavaThread "Common-Cleaner"             daemon [_thread_blocked, id=55092, stack(0x000000bf74e00000,0x000000bf74f00000) (1024K)]
  0x0000020552732f60 JavaThread "Notification Thread"        daemon [_thread_blocked, id=59120, stack(0x000000bf74f00000,0x000000bf75000000) (1024K)]
  0x000002055709faa0 JavaThread "Active Thread: Equinox Container: 0f7673d8-eefc-4804-9fbb-d714ae6ee04f"        [_thread_blocked, id=42016, stack(0x000000bf75600000,0x000000bf75700000) (1024K)]
  0x00000205577f23e0 JavaThread "Refresh Thread: Equinox Container: 0f7673d8-eefc-4804-9fbb-d714ae6ee04f" daemon [_thread_blocked, id=81580, stack(0x000000bf75800000,0x000000bf75900000) (1024K)]
  0x000002055749bb40 JavaThread "Framework Event Dispatcher: Equinox Container: 0f7673d8-eefc-4804-9fbb-d714ae6ee04f" daemon [_thread_blocked, id=70064, stack(0x000000bf75900000,0x000000bf75a00000) (1024K)]
  0x000002055749c580 JavaThread "Start Level: Equinox Container: 0f7673d8-eefc-4804-9fbb-d714ae6ee04f" daemon [_thread_blocked, id=2436, stack(0x000000bf75a00000,0x000000bf75b00000) (1024K)]
  0x000002055783abc0 JavaThread "Bundle File Closer"         daemon [_thread_blocked, id=70924, stack(0x000000bf75b00000,0x000000bf75c00000) (1024K)]
  0x0000020557cde700 JavaThread "SCR Component Actor"        daemon [_thread_blocked, id=1720, stack(0x000000bf75c00000,0x000000bf75d00000) (1024K)]
  0x0000020557c37d60 JavaThread "Worker-JM"                         [_thread_blocked, id=38808, stack(0x000000bf75d00000,0x000000bf75e00000) (1024K)]
  0x0000020557c397a0 JavaThread "JNA Cleaner"                daemon [_thread_blocked, id=73364, stack(0x000000bf75e00000,0x000000bf75f00000) (1024K)]
  0x0000020557c39e30 JavaThread "Worker-0: Repository registry initialization"        [_thread_in_vm, id=29876, stack(0x000000bf75f00000,0x000000bf76000000) (1024K)]
  0x0000020557c3a4c0 JavaThread "Worker-1: Updating Maven Dependencies"        [_thread_blocked, id=16460, stack(0x000000bf76000000,0x000000bf76100000) (1024K)]
  0x0000020557c39110 JavaThread "Worker-2"                          [_thread_blocked, id=28360, stack(0x000000bf76100000,0x000000bf76200000) (1024K)]
  0x0000020557c376d0 JavaThread "Worker-3: Initialize After Load"        [_thread_blocked, id=14436, stack(0x000000bf76200000,0x000000bf76300000) (1024K)]
  0x0000020557c38a80 JavaThread "Java indexing"              daemon [_thread_blocked, id=21900, stack(0x000000bf76300000,0x000000bf76400000) (1024K)]
  0x0000020557c383f0 JavaThread "Worker-4"                          [_thread_blocked, id=13788, stack(0x000000bf76600000,0x000000bf76700000) (1024K)]
  0x0000020557c3ab50 JavaThread "Worker-5"                          [_thread_blocked, id=79796, stack(0x000000bf76700000,0x000000bf76800000) (1024K)]
  0x0000020558b573f0 JavaThread "pool-2-thread-1"                   [_thread_blocked, id=31544, stack(0x000000bf76800000,0x000000bf76900000) (1024K)]
  0x0000020558b56040 JavaThread "WorkspaceEventsHandler"            [_thread_blocked, id=79864, stack(0x000000bf76900000,0x000000bf76a00000) (1024K)]
  0x0000020558b566d0 JavaThread "pool-1-thread-1"                   [_thread_blocked, id=63340, stack(0x000000bf76a00000,0x000000bf76b00000) (1024K)]
Total: 29

Other Threads:
  0x000002050f9c34c0 VMThread "VM Thread"                           [id=55604, stack(0x000000bf74500000,0x000000bf74600000) (1024K)]
  0x000002050f8dc950 WatcherThread "VM Periodic Task Thread"        [id=55084, stack(0x000000bf74400000,0x000000bf74500000) (1024K)]
  0x0000020574274550 WorkerThread "GC Thread#0"                     [id=46964, stack(0x000000bf74300000,0x000000bf74400000) (1024K)]
  0x0000020552788c40 WorkerThread "GC Thread#1"                     [id=12284, stack(0x000000bf75000000,0x000000bf75100000) (1024K)]
  0x00000205570a2160 WorkerThread "GC Thread#2"                     [id=65052, stack(0x000000bf75100000,0x000000bf75200000) (1024K)]
  0x0000020557037c00 WorkerThread "GC Thread#3"                     [id=22128, stack(0x000000bf75200000,0x000000bf75300000) (1024K)]
  0x00000205527fea10 WorkerThread "GC Thread#4"                     [id=7328, stack(0x000000bf75300000,0x000000bf75400000) (1024K)]
  0x00000205527fedc0 WorkerThread "GC Thread#5"                     [id=4368, stack(0x000000bf75400000,0x000000bf75500000) (1024K)]
  0x0000020557036910 WorkerThread "GC Thread#6"                     [id=56984, stack(0x000000bf75500000,0x000000bf75600000) (1024K)]
  0x000002055719aa20 WorkerThread "GC Thread#7"                     [id=59868, stack(0x000000bf75700000,0x000000bf75800000) (1024K)]
Total: 10

Threads with active compile tasks:
C2 CompilerThread0  47093 5549   !   4       org.eclipse.osgi.internal.loader.classpath.ClasspathManager::defineClass (636 bytes)
Total: 1

VM state: not at safepoint (normal execution)

VM Mutex/Monitor currently owned by a thread: None

Heap address: 0x0000000700000000, size: 4096 MB, Compressed Oops mode: Zero based, Oop shift amount: 3

CDS archive(s) mapped at: [0x0000020510000000-0x0000020510ba0000-0x0000020510ba0000), size 12189696, SharedBaseAddress: 0x0000020510000000, ArchiveRelocationMode: 1.
Compressed class space mapped at: 0x0000020511000000-0x0000020551000000, reserved size: 1073741824
Narrow klass base: 0x0000020510000000, Narrow klass shift: 0, Narrow klass range: 0x100000000

GC Precious Log:
 CardTable entry size: 512
 CPUs: 8 total, 8 available
 Memory: 7948M
 Large Page Support: Disabled
 NUMA Support: Disabled
 Compressed Oops: Enabled (Zero based)
 Alignments: Space 512K, Generation 512K, Heap 2M
 Heap Min Capacity: 100M
 Heap Initial Capacity: 100M
 Heap Max Capacity: 4G
 Pre-touch: Disabled
 Parallel Workers: 8

Heap:
 PSYoungGen      total 23552K, used 11010K [0x00000007aab00000, 0x00000007ac500000, 0x0000000800000000)
  eden space 21504K, 42% used [0x00000007aab00000,0x00000007ab3e48a8,0x00000007ac000000)
  from space 2048K, 92% used [0x00000007ac000000,0x00000007ac1dc010,0x00000007ac200000)
  to   space 2560K, 0% used [0x00000007ac280000,0x00000007ac280000,0x00000007ac500000)
 ParOldGen       total 68608K, used 22223K [0x0000000700000000, 0x0000000704300000, 0x00000007aab00000)
  object space 68608K, 32% used [0x0000000700000000,0x00000007015b3e08,0x0000000704300000)
 Metaspace       used 41466K, committed 42560K, reserved 1114112K
  class space    used 4404K, committed 4864K, reserved 1048576K

Card table byte_map: [0x0000020577450000,0x0000020577c60000] _byte_map_base: 0x0000020573c50000

Marking Bits: (ParMarkBitMap*) 0x00007ffda5fd44a0
 Begin Bits: [0x0000020577c60000, 0x000002057bc60000)
 End Bits:   [0x000002057bc60000, 0x000002057fc60000)

Polling page: 0x0000020572050000

Metaspace:

Usage:
  Non-class:     36.19 MB used.
      Class:      4.30 MB used.
       Both:     40.49 MB used.

Virtual space:
  Non-class space:       64.00 MB reserved,      36.81 MB ( 58%) committed,  1 nodes.
      Class space:        1.00 GB reserved,       4.75 MB ( <1%) committed,  1 nodes.
             Both:        1.06 GB reserved,      41.56 MB (  4%) committed. 

Chunk freelists:
   Non-Class:  11.12 MB
       Class:  11.19 MB
        Both:  22.31 MB

MaxMetaspaceSize: unlimited
CompressedClassSpaceSize: 1.00 GB
Initial GC threshold: 21.00 MB
Current GC threshold: 58.38 MB
CDS: on
 - commit_granule_bytes: 65536.
 - commit_granule_words: 8192.
 - virtual_space_node_default_size: 8388608.
 - enlarge_chunks_in_place: 1.
 - use_allocation_guard: 0.


Internal statistics:

num_allocs_failed_limit: 6.
num_arena_births: 786.
num_arena_deaths: 30.
num_vsnodes_births: 2.
num_vsnodes_deaths: 0.
num_space_committed: 665.
num_space_uncommitted: 0.
num_chunks_returned_to_freelist: 38.
num_chunks_taken_from_freelist: 2686.
num_chunk_merges: 7.
num_chunk_splits: 1593.
num_chunks_enlarged: 886.
num_inconsistent_stats: 0.

CodeHeap 'non-profiled nmethods': size=120000Kb used=2386Kb max_used=2559Kb free=117613Kb
 bounds [0x0000020507ad0000, 0x0000020507d60000, 0x000002050f000000]
CodeHeap 'profiled nmethods': size=120000Kb used=11594Kb max_used=11594Kb free=108405Kb
 bounds [0x0000020500000000, 0x0000020500b60000, 0x0000020507530000]
CodeHeap 'non-nmethods': size=5760Kb used=1369Kb max_used=1400Kb free=4390Kb
 bounds [0x0000020507530000, 0x00000205077a0000, 0x0000020507ad0000]
CodeCache: size=245760Kb, used=15349Kb, max_used=15553Kb, free=230408Kb
 total_blobs=5945, nmethods=5289, adapters=562, full_count=0
Compilation: enabled, stopped_count=0, restarted_count=0

Compilation events (20 events):
Event: 46.790 Thread 0x000002050f9fe750 5899       2       java.util.concurrent.ConcurrentLinkedQueue::isEmpty (13 bytes)
Event: 46.790 Thread 0x000002050f9fe750 nmethod 5899 0x0000020500b4dd90 code [0x0000020500b4df40, 0x0000020500b4e078]
Event: 46.993 Thread 0x000002050f9fe750 5900       2       com.google.common.cache.LocalCache::hash (14 bytes)
Event: 46.994 Thread 0x000002050f9fe750 nmethod 5900 0x0000020500b4e110 code [0x0000020500b4e2c0, 0x0000020500b4e440]
Event: 46.994 Thread 0x000002050f9fe750 5901       2       com.google.common.base.Equivalence::hash (12 bytes)
Event: 46.994 Thread 0x000002050f9fe750 nmethod 5901 0x0000020500b4e510 code [0x0000020500b4e6c0, 0x0000020500b4e820]
Event: 46.994 Thread 0x000002050f9fe750 5902       2       com.google.common.cache.LocalCache::rehash (49 bytes)
Event: 46.994 Thread 0x000002050f9fe750 nmethod 5902 0x0000020500b4e910 code [0x0000020500b4eaa0, 0x0000020500b4ebc8]
Event: 46.994 Thread 0x000002050f9fe750 5903       2       com.google.common.cache.LocalCache::segmentFor (17 bytes)
Event: 46.994 Thread 0x000002050f9fe750 nmethod 5903 0x0000020500b4ec90 code [0x0000020500b4ee20, 0x0000020500b4ef68]
Event: 46.994 Thread 0x000002050f9fe750 5904   !   2       com.google.common.cache.LocalCache$Segment::get (210 bytes)
Event: 46.997 Thread 0x000002050f9fe750 nmethod 5904 0x0000020500b4f090 code [0x0000020500b4f3c0, 0x0000020500b4fea8]
Event: 46.997 Thread 0x000002050f9fe750 5905       2       com.google.common.cache.LocalCache::get (21 bytes)
Event: 47.003 Thread 0x000002050f9fe750 nmethod 5905 0x0000020500b50910 code [0x0000020500b50b00, 0x0000020500b50dc0]
Event: 47.010 Thread 0x000002050f9fe750 5906       2       java.lang.reflect.Constructor::getAnnotation (6 bytes)
Event: 47.010 Thread 0x000002050f9fe750 nmethod 5906 0x0000020500b51010 code [0x0000020500b51200, 0x0000020500b51590]
Event: 47.012 Thread 0x000002050f9fe750 5907       2       com.google.common.base.Equivalence$Identity::doHash (5 bytes)
Event: 47.013 Thread 0x000002050f9fe750 nmethod 5907 0x0000020500b51790 code [0x0000020500b51940, 0x0000020500b51a60]
Event: 47.013 Thread 0x000002050f9fe750 5908       2       com.google.inject.internal.AbstractBindingBuilder::checkNotScoped (55 bytes)
Event: 47.014 Thread 0x000002050f9fe750 nmethod 5908 0x0000020500b51b10 code [0x0000020500b51ce0, 0x0000020500b520d8]

GC Heap History (20 events):
Event: 36.064 GC heap before
{Heap before GC invocations=10 (full 1):
 PSYoungGen      total 27648K, used 24064K [0x00000007aab00000, 0x00000007acb80000, 0x0000000800000000)
  eden space 24064K, 100% used [0x00000007aab00000,0x00000007ac280000,0x00000007ac280000)
  from space 3584K, 0% used [0x00000007ac800000,0x00000007ac800000,0x00000007acb80000)
  to   space 4608K, 0% used [0x00000007ac280000,0x00000007ac280000,0x00000007ac700000)
 ParOldGen       total 68608K, used 13170K [0x0000000700000000, 0x0000000704300000, 0x00000007aab00000)
  object space 68608K, 19% used [0x0000000700000000,0x0000000700cdca90,0x0000000704300000)
 Metaspace       used 22948K, committed 23808K, reserved 1114112K
  class space    used 2361K, committed 2752K, reserved 1048576K
}
Event: 36.067 GC heap after
{Heap after GC invocations=10 (full 1):
 PSYoungGen      total 24576K, used 820K [0x00000007aab00000, 0x00000007ac880000, 0x0000000800000000)
  eden space 23552K, 0% used [0x00000007aab00000,0x00000007aab00000,0x00000007ac200000)
  from space 1024K, 80% used [0x00000007ac280000,0x00000007ac34d3f0,0x00000007ac380000)
  to   space 2560K, 0% used [0x00000007ac600000,0x00000007ac600000,0x00000007ac880000)
 ParOldGen       total 68608K, used 13178K [0x0000000700000000, 0x0000000704300000, 0x00000007aab00000)
  object space 68608K, 19% used [0x0000000700000000,0x0000000700cdea90,0x0000000704300000)
 Metaspace       used 22948K, committed 23808K, reserved 1114112K
  class space    used 2361K, committed 2752K, reserved 1048576K
}
Event: 37.215 GC heap before
{Heap before GC invocations=11 (full 1):
 PSYoungGen      total 24576K, used 24372K [0x00000007aab00000, 0x00000007ac880000, 0x0000000800000000)
  eden space 23552K, 100% used [0x00000007aab00000,0x00000007ac200000,0x00000007ac200000)
  from space 1024K, 80% used [0x00000007ac280000,0x00000007ac34d3f0,0x00000007ac380000)
  to   space 2560K, 0% used [0x00000007ac600000,0x00000007ac600000,0x00000007ac880000)
 ParOldGen       total 68608K, used 13178K [0x0000000700000000, 0x0000000704300000, 0x00000007aab00000)
  object space 68608K, 19% used [0x0000000700000000,0x0000000700cdea90,0x0000000704300000)
 Metaspace       used 26502K, committed 27456K, reserved 1114112K
  class space    used 2673K, committed 3072K, reserved 1048576K
}
Event: 37.219 GC heap after
{Heap after GC invocations=11 (full 1):
 PSYoungGen      total 24576K, used 1483K [0x00000007aab00000, 0x00000007ac780000, 0x0000000800000000)
  eden space 23040K, 0% used [0x00000007aab00000,0x00000007aab00000,0x00000007ac180000)
  from space 1536K, 96% used [0x00000007ac600000,0x00000007ac772d48,0x00000007ac780000)
  to   space 2048K, 0% used [0x00000007ac380000,0x00000007ac380000,0x00000007ac580000)
 ParOldGen       total 68608K, used 13186K [0x0000000700000000, 0x0000000704300000, 0x00000007aab00000)
  object space 68608K, 19% used [0x0000000700000000,0x0000000700ce0a90,0x0000000704300000)
 Metaspace       used 26502K, committed 27456K, reserved 1114112K
  class space    used 2673K, committed 3072K, reserved 1048576K
}
Event: 38.158 GC heap before
{Heap before GC invocations=12 (full 1):
 PSYoungGen      total 24576K, used 24523K [0x00000007aab00000, 0x00000007ac780000, 0x0000000800000000)
  eden space 23040K, 100% used [0x00000007aab00000,0x00000007ac180000,0x00000007ac180000)
  from space 1536K, 96% used [0x00000007ac600000,0x00000007ac772d48,0x00000007ac780000)
  to   space 2048K, 0% used [0x00000007ac380000,0x00000007ac380000,0x00000007ac580000)
 ParOldGen       total 68608K, used 13186K [0x0000000700000000, 0x0000000704300000, 0x00000007aab00000)
  object space 68608K, 19% used [0x0000000700000000,0x0000000700ce0a90,0x0000000704300000)
 Metaspace       used 28576K, committed 29440K, reserved 1114112K
  class space    used 2834K, committed 3200K, reserved 1048576K
}
Event: 38.164 GC heap after
{Heap after GC invocations=12 (full 1):
 PSYoungGen      total 24576K, used 1691K [0x00000007aab00000, 0x00000007ac680000, 0x0000000800000000)
  eden space 22528K, 0% used [0x00000007aab00000,0x00000007aab00000,0x00000007ac100000)
  from space 2048K, 82% used [0x00000007ac380000,0x00000007ac526da0,0x00000007ac580000)
  to   space 1024K, 0% used [0x00000007ac580000,0x00000007ac580000,0x00000007ac680000)
 ParOldGen       total 68608K, used 15265K [0x0000000700000000, 0x0000000704300000, 0x00000007aab00000)
  object space 68608K, 22% used [0x0000000700000000,0x0000000700ee8408,0x0000000704300000)
 Metaspace       used 28576K, committed 29440K, reserved 1114112K
  class space    used 2834K, committed 3200K, reserved 1048576K
}
Event: 39.676 GC heap before
{Heap before GC invocations=13 (full 1):
 PSYoungGen      total 24576K, used 24219K [0x00000007aab00000, 0x00000007ac680000, 0x0000000800000000)
  eden space 22528K, 100% used [0x00000007aab00000,0x00000007ac100000,0x00000007ac100000)
  from space 2048K, 82% used [0x00000007ac380000,0x00000007ac526da0,0x00000007ac580000)
  to   space 1024K, 0% used [0x00000007ac580000,0x00000007ac580000,0x00000007ac680000)
 ParOldGen       total 68608K, used 15265K [0x0000000700000000, 0x0000000704300000, 0x00000007aab00000)
  object space 68608K, 22% used [0x0000000700000000,0x0000000700ee8408,0x0000000704300000)
 Metaspace       used 30571K, committed 31552K, reserved 1114112K
  class space    used 3054K, committed 3456K, reserved 1048576K
}
Event: 39.681 GC heap after
{Heap after GC invocations=13 (full 1):
 PSYoungGen      total 23040K, used 994K [0x00000007aab00000, 0x00000007ac680000, 0x0000000800000000)
  eden space 22016K, 0% used [0x00000007aab00000,0x00000007aab00000,0x00000007ac080000)
  from space 1024K, 97% used [0x00000007ac580000,0x00000007ac678a30,0x00000007ac680000)
  to   space 3072K, 0% used [0x00000007ac080000,0x00000007ac080000,0x00000007ac380000)
 ParOldGen       total 68608K, used 16857K [0x0000000700000000, 0x0000000704300000, 0x00000007aab00000)
  object space 68608K, 24% used [0x0000000700000000,0x0000000701076620,0x0000000704300000)
 Metaspace       used 30571K, committed 31552K, reserved 1114112K
  class space    used 3054K, committed 3456K, reserved 1048576K
}
Event: 41.297 GC heap before
{Heap before GC invocations=14 (full 1):
 PSYoungGen      total 23040K, used 23010K [0x00000007aab00000, 0x00000007ac680000, 0x0000000800000000)
  eden space 22016K, 100% used [0x00000007aab00000,0x00000007ac080000,0x00000007ac080000)
  from space 1024K, 97% used [0x00000007ac580000,0x00000007ac678a30,0x00000007ac680000)
  to   space 3072K, 0% used [0x00000007ac080000,0x00000007ac080000,0x00000007ac380000)
 ParOldGen       total 68608K, used 16857K [0x0000000700000000, 0x0000000704300000, 0x00000007aab00000)
  object space 68608K, 24% used [0x0000000700000000,0x0000000701076620,0x0000000704300000)
 Metaspace       used 32917K, committed 33920K, reserved 1114112K
  class space    used 3347K, committed 3712K, reserved 1048576K
}
Event: 41.302 GC heap after
{Heap after GC invocations=14 (full 1):
 PSYoungGen      total 25088K, used 1177K [0x00000007aab00000, 0x00000007ac600000, 0x0000000800000000)
  eden space 22016K, 0% used [0x00000007aab00000,0x00000007aab00000,0x00000007ac080000)
  from space 3072K, 38% used [0x00000007ac080000,0x00000007ac1a67c0,0x00000007ac380000)
  to   space 2048K, 0% used [0x00000007ac400000,0x00000007ac400000,0x00000007ac600000)
 ParOldGen       total 68608K, used 17825K [0x0000000700000000, 0x0000000704300000, 0x00000007aab00000)
  object space 68608K, 25% used [0x0000000700000000,0x0000000701168680,0x0000000704300000)
 Metaspace       used 32917K, committed 33920K, reserved 1114112K
  class space    used 3347K, committed 3712K, reserved 1048576K
}
Event: 42.715 GC heap before
{Heap before GC invocations=15 (full 1):
 PSYoungGen      total 25088K, used 19992K [0x00000007aab00000, 0x00000007ac600000, 0x0000000800000000)
  eden space 22016K, 85% used [0x00000007aab00000,0x00000007abd5fb38,0x00000007ac080000)
  from space 3072K, 38% used [0x00000007ac080000,0x00000007ac1a67c0,0x00000007ac380000)
  to   space 2048K, 0% used [0x00000007ac400000,0x00000007ac400000,0x00000007ac600000)
 ParOldGen       total 68608K, used 17825K [0x0000000700000000, 0x0000000704300000, 0x00000007aab00000)
  object space 68608K, 25% used [0x0000000700000000,0x0000000701168680,0x0000000704300000)
 Metaspace       used 34742K, committed 35840K, reserved 1114112K
  class space    used 3569K, committed 4032K, reserved 1048576K
}
Event: 42.719 GC heap after
{Heap after GC invocations=15 (full 1):
 PSYoungGen      total 24064K, used 1749K [0x00000007aab00000, 0x00000007ac600000, 0x0000000800000000)
  eden space 22016K, 0% used [0x00000007aab00000,0x00000007aab00000,0x00000007ac080000)
  from space 2048K, 85% used [0x00000007ac400000,0x00000007ac5b56a8,0x00000007ac600000)
  to   space 2048K, 0% used [0x00000007ac200000,0x00000007ac200000,0x00000007ac400000)
 ParOldGen       total 68608K, used 18667K [0x0000000700000000, 0x0000000704300000, 0x00000007aab00000)
  object space 68608K, 27% used [0x0000000700000000,0x000000070123ada0,0x0000000704300000)
 Metaspace       used 34742K, committed 35840K, reserved 1114112K
  class space    used 3569K, committed 4032K, reserved 1048576K
}
Event: 42.719 GC heap before
{Heap before GC invocations=16 (full 2):
 PSYoungGen      total 24064K, used 1749K [0x00000007aab00000, 0x00000007ac600000, 0x0000000800000000)
  eden space 22016K, 0% used [0x00000007aab00000,0x00000007aab00000,0x00000007ac080000)
  from space 2048K, 85% used [0x00000007ac400000,0x00000007ac5b56a8,0x00000007ac600000)
  to   space 2048K, 0% used [0x00000007ac200000,0x00000007ac200000,0x00000007ac400000)
 ParOldGen       total 68608K, used 18667K [0x0000000700000000, 0x0000000704300000, 0x00000007aab00000)
  object space 68608K, 27% used [0x0000000700000000,0x000000070123ada0,0x0000000704300000)
 Metaspace       used 34742K, committed 35840K, reserved 1114112K
  class space    used 3569K, committed 4032K, reserved 1048576K
}
Event: 42.820 GC heap after
{Heap after GC invocations=16 (full 2):
 PSYoungGen      total 24064K, used 0K [0x00000007aab00000, 0x00000007ac600000, 0x0000000800000000)
  eden space 22016K, 0% used [0x00000007aab00000,0x00000007aab00000,0x00000007ac080000)
  from space 2048K, 0% used [0x00000007ac400000,0x00000007ac400000,0x00000007ac600000)
  to   space 2048K, 0% used [0x00000007ac200000,0x00000007ac200000,0x00000007ac400000)
 ParOldGen       total 68608K, used 19670K [0x0000000700000000, 0x0000000704300000, 0x00000007aab00000)
  object space 68608K, 28% used [0x0000000700000000,0x0000000701335980,0x0000000704300000)
 Metaspace       used 34728K, committed 35840K, reserved 1114112K
  class space    used 3565K, committed 4032K, reserved 1048576K
}
Event: 43.720 GC heap before
{Heap before GC invocations=17 (full 2):
 PSYoungGen      total 24064K, used 22016K [0x00000007aab00000, 0x00000007ac600000, 0x0000000800000000)
  eden space 22016K, 100% used [0x00000007aab00000,0x00000007ac080000,0x00000007ac080000)
  from space 2048K, 0% used [0x00000007ac400000,0x00000007ac400000,0x00000007ac600000)
  to   space 2048K, 0% used [0x00000007ac200000,0x00000007ac200000,0x00000007ac400000)
 ParOldGen       total 68608K, used 19670K [0x0000000700000000, 0x0000000704300000, 0x00000007aab00000)
  object space 68608K, 28% used [0x0000000700000000,0x0000000701335980,0x0000000704300000)
 Metaspace       used 37014K, committed 38208K, reserved 1114112K
  class space    used 3855K, committed 4352K, reserved 1048576K
}
Event: 43.723 GC heap after
{Heap after GC invocations=17 (full 2):
 PSYoungGen      total 23040K, used 844K [0x00000007aab00000, 0x00000007ac480000, 0x0000000800000000)
  eden space 22016K, 0% used [0x00000007aab00000,0x00000007aab00000,0x00000007ac080000)
  from space 1024K, 82% used [0x00000007ac200000,0x00000007ac2d3108,0x00000007ac300000)
  to   space 1536K, 0% used [0x00000007ac300000,0x00000007ac300000,0x00000007ac480000)
 ParOldGen       total 68608K, used 19678K [0x0000000700000000, 0x0000000704300000, 0x00000007aab00000)
  object space 68608K, 28% used [0x0000000700000000,0x0000000701337980,0x0000000704300000)
 Metaspace       used 37014K, committed 38208K, reserved 1114112K
  class space    used 3855K, committed 4352K, reserved 1048576K
}
Event: 44.786 GC heap before
{Heap before GC invocations=18 (full 2):
 PSYoungGen      total 23040K, used 22860K [0x00000007aab00000, 0x00000007ac480000, 0x0000000800000000)
  eden space 22016K, 100% used [0x00000007aab00000,0x00000007ac080000,0x00000007ac080000)
  from space 1024K, 82% used [0x00000007ac200000,0x00000007ac2d3108,0x00000007ac300000)
  to   space 1536K, 0% used [0x00000007ac300000,0x00000007ac300000,0x00000007ac480000)
 ParOldGen       total 68608K, used 19678K [0x0000000700000000, 0x0000000704300000, 0x00000007aab00000)
  object space 68608K, 28% used [0x0000000700000000,0x0000000701337980,0x0000000704300000)
 Metaspace       used 38806K, committed 39936K, reserved 1114112K
  class space    used 4096K, committed 4608K, reserved 1048576K
}
Event: 44.790 GC heap after
{Heap after GC invocations=18 (full 2):
 PSYoungGen      total 23040K, used 1536K [0x00000007aab00000, 0x00000007ac680000, 0x0000000800000000)
  eden space 21504K, 0% used [0x00000007aab00000,0x00000007aab00000,0x00000007ac000000)
  from space 1536K, 100% used [0x00000007ac300000,0x00000007ac480000,0x00000007ac480000)
  to   space 3072K, 0% used [0x00000007ac000000,0x00000007ac000000,0x00000007ac300000)
 ParOldGen       total 68608K, used 20711K [0x0000000700000000, 0x0000000704300000, 0x00000007aab00000)
  object space 68608K, 30% used [0x0000000700000000,0x0000000701439e08,0x0000000704300000)
 Metaspace       used 38806K, committed 39936K, reserved 1114112K
  class space    used 4096K, committed 4608K, reserved 1048576K
}
Event: 45.887 GC heap before
{Heap before GC invocations=19 (full 2):
 PSYoungGen      total 23040K, used 23040K [0x00000007aab00000, 0x00000007ac680000, 0x0000000800000000)
  eden space 21504K, 100% used [0x00000007aab00000,0x00000007ac000000,0x00000007ac000000)
  from space 1536K, 100% used [0x00000007ac300000,0x00000007ac480000,0x00000007ac480000)
  to   space 3072K, 0% used [0x00000007ac000000,0x00000007ac000000,0x00000007ac300000)
 ParOldGen       total 68608K, used 20711K [0x0000000700000000, 0x0000000704300000, 0x00000007aab00000)
  object space 68608K, 30% used [0x0000000700000000,0x0000000701439e08,0x0000000704300000)
 Metaspace       used 40846K, committed 41984K, reserved 1114112K
  class space    used 4322K, committed 4800K, reserved 1048576K
}
Event: 45.892 GC heap after
{Heap after GC invocations=19 (full 2):
 PSYoungGen      total 23552K, used 1904K [0x00000007aab00000, 0x00000007ac500000, 0x0000000800000000)
  eden space 21504K, 0% used [0x00000007aab00000,0x00000007aab00000,0x00000007ac000000)
  from space 2048K, 92% used [0x00000007ac000000,0x00000007ac1dc010,0x00000007ac200000)
  to   space 2560K, 0% used [0x00000007ac280000,0x00000007ac280000,0x00000007ac500000)
 ParOldGen       total 68608K, used 22223K [0x0000000700000000, 0x0000000704300000, 0x00000007aab00000)
  object space 68608K, 32% used [0x0000000700000000,0x00000007015b3e08,0x0000000704300000)
 Metaspace       used 40846K, committed 41984K, reserved 1114112K
  class space    used 4322K, committed 4800K, reserved 1048576K
}

Dll operation events (20 events):
Event: 0.070 Attempting to load shared library c:\Users\isabo\.vscode\extensions\redhat.java-1.56.0-win32-x64\jre\21.0.12.1-win32-x86_64\bin\java.dll
Event: 0.071 Loaded shared library c:\Users\isabo\.vscode\extensions\redhat.java-1.56.0-win32-x64\jre\21.0.12.1-win32-x86_64\bin\java.dll
Event: 0.424 Attempting to load shared library c:\Users\isabo\.vscode\extensions\redhat.java-1.56.0-win32-x64\jre\21.0.12.1-win32-x86_64\bin\zip.dll
Event: 0.425 Loaded shared library c:\Users\isabo\.vscode\extensions\redhat.java-1.56.0-win32-x64\jre\21.0.12.1-win32-x86_64\bin\zip.dll
Event: 0.488 Attempting to load shared library C:\Users\isabo\.vscode\extensions\redhat.java-1.56.0-win32-x64\jre\21.0.12.1-win32-x86_64\bin\instrument.dll
Event: 0.488 Loaded shared library C:\Users\isabo\.vscode\extensions\redhat.java-1.56.0-win32-x64\jre\21.0.12.1-win32-x86_64\bin\instrument.dll
Event: 0.503 Attempting to load shared library C:\Users\isabo\.vscode\extensions\redhat.java-1.56.0-win32-x64\jre\21.0.12.1-win32-x86_64\bin\net.dll
Event: 0.508 Loaded shared library C:\Users\isabo\.vscode\extensions\redhat.java-1.56.0-win32-x64\jre\21.0.12.1-win32-x86_64\bin\net.dll
Event: 0.512 Attempting to load shared library C:\Users\isabo\.vscode\extensions\redhat.java-1.56.0-win32-x64\jre\21.0.12.1-win32-x86_64\bin\nio.dll
Event: 0.513 Loaded shared library C:\Users\isabo\.vscode\extensions\redhat.java-1.56.0-win32-x64\jre\21.0.12.1-win32-x86_64\bin\nio.dll
Event: 0.519 Attempting to load shared library C:\Users\isabo\.vscode\extensions\redhat.java-1.56.0-win32-x64\jre\21.0.12.1-win32-x86_64\bin\zip.dll
Event: 0.519 Loaded shared library C:\Users\isabo\.vscode\extensions\redhat.java-1.56.0-win32-x64\jre\21.0.12.1-win32-x86_64\bin\zip.dll
Event: 0.569 Attempting to load shared library C:\Users\isabo\.vscode\extensions\redhat.java-1.56.0-win32-x64\jre\21.0.12.1-win32-x86_64\bin\jimage.dll
Event: 0.569 Loaded shared library C:\Users\isabo\.vscode\extensions\redhat.java-1.56.0-win32-x64\jre\21.0.12.1-win32-x86_64\bin\jimage.dll
Event: 0.755 Attempting to load shared library c:\Users\isabo\.vscode\extensions\redhat.java-1.56.0-win32-x64\jre\21.0.12.1-win32-x86_64\bin\verify.dll
Event: 0.757 Loaded shared library c:\Users\isabo\.vscode\extensions\redhat.java-1.56.0-win32-x64\jre\21.0.12.1-win32-x86_64\bin\verify.dll
Event: 8.924 Attempting to load shared library C:\Users\isabo\AppData\Roaming\Code\User\globalStorage\redhat.java\1.56.0\config_win\org.eclipse.equinox.launcher\org.eclipse.equinox.launcher.win32.win32.x86_64_1.3.100.v20260804-1928\eclipse_11924.dll
Event: 8.942 Loaded shared library C:\Users\isabo\AppData\Roaming\Code\User\globalStorage\redhat.java\1.56.0\config_win\org.eclipse.equinox.launcher\org.eclipse.equinox.launcher.win32.win32.x86_64_1.3.100.v20260804-1928\eclipse_11924.dll
Event: 28.889 Attempting to load shared library C:\Users\isabo\AppData\Local\Temp\jna-100492036\jna10646585429255701262.dll
Event: 30.307 Loaded shared library C:\Users\isabo\AppData\Local\Temp\jna-100492036\jna10646585429255701262.dll

Deoptimization events (20 events):
Event: 45.924 Thread 0x0000020574256250 Uncommon trap: trap_request=0xffffff45 fr.pc=0x0000020507c0c528 relative=0x00000000000005a8
Event: 45.924 Thread 0x0000020574256250 Uncommon trap: reason=unstable_if action=reinterpret pc=0x0000020507c0c528 method=java.lang.AbstractStringBuilder.appendChars(Ljava/lang/String;II)V @ 11 c2
Event: 45.924 Thread 0x0000020574256250 DEOPT PACKING pc=0x0000020507c0c528 sp=0x000000bf742fe690
Event: 45.924 Thread 0x0000020574256250 DEOPT UNPACKING pc=0x0000020507586da2 sp=0x000000bf742fe5d0 mode 2
Event: 45.925 Thread 0x0000020574256250 Uncommon trap: trap_request=0xffffff45 fr.pc=0x0000020507b3340c relative=0x000000000000050c
Event: 45.925 Thread 0x0000020574256250 Uncommon trap: reason=unstable_if action=reinterpret pc=0x0000020507b3340c method=java.lang.AbstractStringBuilder.inflateIfNeededFor(Ljava/lang/String;)V @ 14 c2
Event: 45.926 Thread 0x0000020574256250 DEOPT PACKING pc=0x0000020507b3340c sp=0x000000bf742fe760
Event: 45.926 Thread 0x0000020574256250 DEOPT UNPACKING pc=0x0000020507586da2 sp=0x000000bf742fe658 mode 2
Event: 45.926 Thread 0x0000020574256250 Uncommon trap: trap_request=0xffffff45 fr.pc=0x0000020507b21cb8 relative=0x0000000000000118
Event: 45.927 Thread 0x0000020574256250 Uncommon trap: reason=unstable_if action=reinterpret pc=0x0000020507b21cb8 method=java.lang.String.getBytes([BIB)V @ 5 c2
Event: 45.927 Thread 0x0000020574256250 DEOPT PACKING pc=0x0000020507b21cb8 sp=0x000000bf742fe680
Event: 45.927 Thread 0x0000020574256250 DEOPT UNPACKING pc=0x0000020507586da2 sp=0x000000bf742fe648 mode 2
Event: 45.935 Thread 0x0000020574256250 Uncommon trap: trap_request=0xffffff45 fr.pc=0x0000020507bb21bc relative=0x000000000000047c
Event: 45.935 Thread 0x0000020574256250 Uncommon trap: reason=unstable_if action=reinterpret pc=0x0000020507bb21bc method=java.lang.AbstractStringBuilder.isLatin1()Z @ 10 c2
Event: 45.935 Thread 0x0000020574256250 DEOPT PACKING pc=0x0000020507bb21bc sp=0x000000bf742fe7f0
Event: 45.935 Thread 0x0000020574256250 DEOPT UNPACKING pc=0x0000020507586da2 sp=0x000000bf742fe748 mode 2
Event: 45.936 Thread 0x0000020574256250 Uncommon trap: trap_request=0xffffff45 fr.pc=0x0000020507d2cdb0 relative=0x0000000000000310
Event: 45.936 Thread 0x0000020574256250 Uncommon trap: reason=unstable_if action=reinterpret pc=0x0000020507d2cdb0 method=java.lang.String.decodeASCII([BI[CII)I @ 13 c2
Event: 45.936 Thread 0x0000020574256250 DEOPT PACKING pc=0x0000020507d2cdb0 sp=0x000000bf742fe2c0
Event: 45.936 Thread 0x0000020574256250 DEOPT UNPACKING pc=0x0000020507586da2 sp=0x000000bf742fe270 mode 2

Classes loaded (20 events):
Event: 44.101 Loading class java/lang/reflect/AnnotatedParameterizedType done
Event: 44.101 Loading class sun/reflect/annotation/AnnotatedTypeFactory$AnnotatedParameterizedTypeImpl done
Event: 44.642 Loading class sun/reflect/generics/tree/ArrayTypeSignature
Event: 44.643 Loading class sun/reflect/generics/tree/ArrayTypeSignature done
Event: 44.701 Loading class jdk/internal/event/ThreadSleepEvent
Event: 44.702 Loading class jdk/internal/event/ThreadSleepEvent done
Event: 44.714 Loading class sun/reflect/generics/tree/BooleanSignature
Event: 44.716 Loading class sun/reflect/generics/tree/BooleanSignature done
Event: 44.964 Loading class java/text/ParsePosition
Event: 44.964 Loading class java/text/ParsePosition done
Event: 44.964 Loading class java/text/CalendarBuilder
Event: 44.965 Loading class java/text/CalendarBuilder done
Event: 45.088 Loading class sun/reflect/generics/repository/FieldRepository
Event: 45.088 Loading class sun/reflect/generics/repository/FieldRepository done
Event: 45.154 Loading class java/time/format/DateTimeParseContext
Event: 45.155 Loading class java/time/format/DateTimeParseContext done
Event: 45.155 Loading class java/time/format/Parsed
Event: 45.160 Loading class java/time/format/Parsed done
Event: 46.754 Loading class java/util/concurrent/CompletionService
Event: 46.860 Loading class java/util/concurrent/CompletionService done

Classes unloaded (15 events):
Event: 34.930 Thread 0x000002050f9c34c0 Unloading class 0x00000205111b4800 'java/lang/invoke/LambdaForm$MH+0x00000205111b4800'
Event: 34.930 Thread 0x000002050f9c34c0 Unloading class 0x00000205111b4400 'java/lang/invoke/LambdaForm$MH+0x00000205111b4400'
Event: 34.930 Thread 0x000002050f9c34c0 Unloading class 0x00000205111b4000 'java/lang/invoke/LambdaForm$MH+0x00000205111b4000'
Event: 34.930 Thread 0x000002050f9c34c0 Unloading class 0x00000205111b3c00 'java/lang/invoke/LambdaForm$MH+0x00000205111b3c00'
Event: 34.930 Thread 0x000002050f9c34c0 Unloading class 0x00000205111b3800 'java/lang/invoke/LambdaForm$BMH+0x00000205111b3800'
Event: 34.930 Thread 0x000002050f9c34c0 Unloading class 0x00000205111b3400 'java/lang/invoke/LambdaForm$DMH+0x00000205111b3400'
Event: 34.930 Thread 0x000002050f9c34c0 Unloading class 0x00000205111b2000 'java/lang/invoke/LambdaForm$DMH+0x00000205111b2000'
Event: 42.737 Thread 0x000002050f9c34c0 Unloading class 0x00000205112c0000 'java/lang/invoke/LambdaForm$MH+0x00000205112c0000'
Event: 42.737 Thread 0x000002050f9c34c0 Unloading class 0x00000205112bf800 'java/lang/invoke/LambdaForm$MH+0x00000205112bf800'
Event: 42.737 Thread 0x000002050f9c34c0 Unloading class 0x00000205112be800 'java/lang/invoke/LambdaForm$MH+0x00000205112be800'
Event: 42.737 Thread 0x000002050f9c34c0 Unloading class 0x00000205112bdc00 'java/lang/invoke/LambdaForm$MH+0x00000205112bdc00'
Event: 42.737 Thread 0x000002050f9c34c0 Unloading class 0x00000205112ba000 'java/lang/invoke/LambdaForm$MH+0x00000205112ba000'
Event: 42.737 Thread 0x000002050f9c34c0 Unloading class 0x00000205112b9400 'java/lang/invoke/LambdaForm$MH+0x00000205112b9400'
Event: 42.737 Thread 0x000002050f9c34c0 Unloading class 0x00000205112b8400 'java/lang/invoke/LambdaForm$MH+0x00000205112b8400'
Event: 42.737 Thread 0x000002050f9c34c0 Unloading class 0x00000205112b4800 'java/lang/invoke/LambdaForm$DMH+0x00000205112b4800'

Classes redefined (0 events):
No events

Internal exceptions (20 events):
Event: 36.620 Thread 0x0000020557c39e30 Exception <a 'java/lang/NoSuchMethodError'{0x00000007ab751f90}: 'java.lang.Object java.lang.invoke.DirectMethodHandle$Holder.invokeSpecialIFC(java.lang.Object, java.lang.Object, java.lang.Object, java.lang.Object)'> (0x00000007ab751f90) 
thrown [s\src\hotspot\share\interpreter\linkResolver.cpp, line 773]
Event: 38.192 Thread 0x000002055749c580 Exception <a 'java/io/FileNotFoundException'{0x00000007aafe2870}> (0x00000007aafe2870) 
thrown [s\src\hotspot\share\prims\jni.cpp, line 520]
Event: 38.193 Thread 0x000002055749c580 Exception <a 'java/io/FileNotFoundException'{0x00000007aafe38a0}> (0x00000007aafe38a0) 
thrown [s\src\hotspot\share\prims\jni.cpp, line 520]
Event: 39.168 Thread 0x000002055749c580 Exception <a 'java/lang/ClassNotFoundException'{0x00000007abbce480}: com/sun/org/apache/xerces/internal/impl/msg/spi/DOMMessagesProvider> (0x00000007abbce480) 
thrown [s\src\hotspot\share\classfile\systemDictionary.cpp, line 313]
Event: 39.198 Thread 0x000002055749c580 Exception <a 'java/lang/ClassNotFoundException'{0x00000007abbf2ae0}: com/sun/org/apache/xerces/internal/impl/msg/spi/XMLSerializerMessagesProvider> (0x00000007abbf2ae0) 
thrown [s\src\hotspot\share\classfile\systemDictionary.cpp, line 313]
Event: 39.206 Thread 0x000002055749c580 Exception <a 'java/lang/ClassNotFoundException'{0x00000007abc0b058}: com/sun/org/apache/xerces/internal/impl/msg/spi/XMLMessagesProvider> (0x00000007abc0b058) 
thrown [s\src\hotspot\share\classfile\systemDictionary.cpp, line 313]
Event: 40.842 Thread 0x0000020557c39e30 Exception <a 'java/lang/NoClassDefFoundError'{0x00000007ab4ea6d0}: javax/enterprise/inject/Typed> (0x00000007ab4ea6d0) 
thrown [s\src\hotspot\share\classfile\systemDictionary.cpp, line 302]
Event: 41.059 Thread 0x000002055749c580 Exception <a 'java/lang/ClassNotFoundException'{0x00000007ab812300}: com/sun/org/apache/xml/internal/serializer/spi/XMLEntitiesProvider> (0x00000007ab812300) 
thrown [s\src\hotspot\share\classfile\systemDictionary.cpp, line 313]
Event: 41.668 Thread 0x000002055749c580 Exception <a 'java/io/FileNotFoundException'{0x00000007aaecbd38}> (0x00000007aaecbd38) 
thrown [s\src\hotspot\share\prims\jni.cpp, line 520]
Event: 41.834 Thread 0x000002055749c580 Exception <a 'java/lang/UnsatisfiedLinkError'{0x00000007ab009078}: No se encontró el proceso especificado.
> (0x00000007ab009078) 
thrown [s\src\hotspot\share\prims\jni.cpp, line 539]
Event: 41.879 Thread 0x000002055749c580 Exception <a 'java/io/FileNotFoundException'{0x00000007ab020f10}> (0x00000007ab020f10) 
thrown [s\src\hotspot\share\prims\jni.cpp, line 520]
Event: 41.982 Thread 0x000002055749c580 Exception <a 'java/lang/UnsatisfiedLinkError'{0x00000007ab13f380}: No se encontró el proceso especificado.
> (0x00000007ab13f380) 
thrown [s\src\hotspot\share\prims\jni.cpp, line 539]
Event: 42.606 Thread 0x0000020557c39110 Exception <a 'java/lang/NoSuchMethodError'{0x00000007ab9b9610}: 'void java.lang.invoke.DirectMethodHandle$Holder.invokeStaticInit(java.lang.Object, java.lang.Object, java.lang.Object, java.lang.Object)'> (0x00000007ab9b9610) 
thrown [s\src\hotspot\share\interpreter\linkResolver.cpp, line 773]
Event: 43.378 Thread 0x0000020574256250 Exception <a 'java/lang/NoSuchMethodError'{0x00000007ab807768}: 'java.lang.Object java.lang.invoke.DirectMethodHandle$Holder.invokeStatic(java.lang.Object, long, java.lang.Object)'> (0x00000007ab807768) 
thrown [s\src\hotspot\share\interpreter\linkResolver.cpp, line 773]
Event: 43.385 Thread 0x0000020574256250 Exception <a 'java/lang/NoSuchMethodError'{0x00000007ab8a29b8}: 'java.lang.Object java.lang.invoke.DirectMethodHandle$Holder.invokeStaticInit(java.lang.Object, long, java.lang.Object)'> (0x00000007ab8a29b8) 
thrown [s\src\hotspot\share\interpreter\linkResolver.cpp, line 773]
Event: 43.387 Thread 0x0000020574256250 Exception <a 'java/lang/NoSuchMethodError'{0x00000007ab8b5240}: 'java.lang.Object java.lang.invoke.DirectMethodHandle$Holder.newInvokeSpecial(java.lang.Object, long)'> (0x00000007ab8b5240) 
thrown [s\src\hotspot\share\interpreter\linkResolver.cpp, line 773]
Event: 43.415 Thread 0x0000020557c376d0 Exception <a 'java/io/FileNotFoundException'{0x00000007ab9d3780}> (0x00000007ab9d3780) 
thrown [s\src\hotspot\share\prims\jni.cpp, line 520]
Event: 44.859 Thread 0x0000020574256250 Exception <a 'java/lang/NoSuchMethodError'{0x00000007aaca17f8}: 'void java.lang.invoke.DirectMethodHandle$Holder.invokeSpecial(java.lang.Object, java.lang.Object, java.lang.Object, java.lang.Object, java.lang.Object, java.lang.Object)'> (0x00000007aaca17f8) 
thrown [s\src\hotspot\share\interpreter\linkResolver.cpp, line 773]
Event: 44.862 Thread 0x0000020574256250 Exception <a 'java/lang/IncompatibleClassChangeError'{0x00000007aaca98d8}: Found class java.lang.Object, but interface was expected> (0x00000007aaca98d8) 
thrown [s\src\hotspot\share\interpreter\linkResolver.cpp, line 840]
Event: 44.862 Thread 0x0000020574256250 Exception <a 'java/lang/IncompatibleClassChangeError'{0x00000007aacaaa20}: Found class java.lang.Object, but interface was expected> (0x00000007aacaaa20) 
thrown [s\src\hotspot\share\interpreter\linkResolver.cpp, line 840]

ZGC Phase Switch (0 events):
No events

VM Operations (20 events):
Event: 41.290 Executing safepoint VM operation: ParallelGCFailedAllocation (Allocation Failure)
Event: 41.302 Executing safepoint VM operation: ParallelGCFailedAllocation (Allocation Failure) done
Event: 42.306 Executing safepoint VM operation: Cleanup
Event: 42.321 Executing safepoint VM operation: Cleanup done
Event: 42.715 Executing safepoint VM operation: CollectForMetadataAllocation (Metadata GC Threshold)
Event: 42.820 Executing safepoint VM operation: CollectForMetadataAllocation (Metadata GC Threshold) done
Event: 43.708 Executing safepoint VM operation: ParallelGCFailedAllocation (Allocation Failure)
Event: 43.724 Executing safepoint VM operation: ParallelGCFailedAllocation (Allocation Failure) done
Event: 44.737 Executing safepoint VM operation: Cleanup
Event: 44.753 Executing safepoint VM operation: Cleanup done
Event: 44.786 Executing safepoint VM operation: ParallelGCFailedAllocation (Allocation Failure)
Event: 44.790 Executing safepoint VM operation: ParallelGCFailedAllocation (Allocation Failure) done
Event: 44.859 Executing non-safepoint VM operation: HandshakeAllThreads (Deoptimize)
Event: 44.859 Executing non-safepoint VM operation: HandshakeAllThreads (Deoptimize) done
Event: 45.568 Executing non-safepoint VM operation: HandshakeAllThreads (Deoptimize)
Event: 45.569 Executing non-safepoint VM operation: HandshakeAllThreads (Deoptimize) done
Event: 45.886 Executing safepoint VM operation: ParallelGCFailedAllocation (Allocation Failure)
Event: 45.892 Executing safepoint VM operation: ParallelGCFailedAllocation (Allocation Failure) done
Event: 46.905 Executing safepoint VM operation: Cleanup
Event: 46.905 Executing safepoint VM operation: Cleanup done

Memory protections (0 events):
No events

Nmethod flushes (20 events):
Event: 42.764 Thread 0x000002050f9c34c0 flushing  nmethod 0x0000020500704910
Event: 42.764 Thread 0x000002050f9c34c0 flushing  nmethod 0x000002050072ac90
Event: 42.764 Thread 0x000002050f9c34c0 flushing  nmethod 0x000002050072d790
Event: 42.764 Thread 0x000002050f9c34c0 flushing  nmethod 0x000002050072e090
Event: 42.764 Thread 0x000002050f9c34c0 flushing  nmethod 0x000002050072f290
Event: 42.764 Thread 0x000002050f9c34c0 flushing  nmethod 0x000002050072fa90
Event: 42.764 Thread 0x000002050f9c34c0 flushing  nmethod 0x0000020500731790
Event: 42.764 Thread 0x000002050f9c34c0 flushing  nmethod 0x0000020500731c90
Event: 42.764 Thread 0x000002050f9c34c0 flushing  nmethod 0x0000020500732590
Event: 42.764 Thread 0x000002050f9c34c0 flushing  nmethod 0x0000020500732a10
Event: 42.764 Thread 0x000002050f9c34c0 flushing  nmethod 0x0000020500733990
Event: 42.764 Thread 0x000002050f9c34c0 flushing  nmethod 0x0000020500735490
Event: 42.764 Thread 0x000002050f9c34c0 flushing  nmethod 0x000002050073ff10
Event: 42.764 Thread 0x000002050f9c34c0 flushing  nmethod 0x000002050078d510
Event: 42.764 Thread 0x000002050f9c34c0 flushing  nmethod 0x0000020500792f90
Event: 42.764 Thread 0x000002050f9c34c0 flushing  nmethod 0x0000020500798210
Event: 42.764 Thread 0x000002050f9c34c0 flushing  nmethod 0x000002050079fd90
Event: 42.764 Thread 0x000002050f9c34c0 flushing  nmethod 0x00000205007e9d90
Event: 42.764 Thread 0x000002050f9c34c0 flushing  nmethod 0x000002050080ae90
Event: 42.764 Thread 0x000002050f9c34c0 flushing  nmethod 0x000002050081fd10

Events (20 events):
Event: 0.494 Thread 0x0000020574256250 Thread added: 0x00000205525bddc0
Event: 1.079 Thread 0x0000020574256250 Thread added: 0x0000020552732f60
Event: 7.022 Thread 0x0000020574256250 Thread added: 0x000002055709faa0
Event: 8.906 Thread 0x0000020574256250 Thread added: 0x00000205577f23e0
Event: 9.124 Thread 0x00000205577f23e0 Thread added: 0x000002055749bb40
Event: 9.147 Thread 0x0000020574256250 Thread added: 0x000002055749c580
Event: 13.552 Thread 0x000002055749c580 Thread added: 0x000002055783abc0
Event: 16.755 Thread 0x000002055749c580 Thread added: 0x0000020557cde700
Event: 25.941 Thread 0x000002055749c580 Thread added: 0x0000020557c37d60
Event: 30.913 Thread 0x000002055749c580 Thread added: 0x0000020557c397a0
Event: 31.181 Thread 0x000002055749c580 Thread added: 0x0000020557c39e30
Event: 31.312 Thread 0x000002055749c580 Thread added: 0x0000020557c3a4c0
Event: 36.316 Thread 0x0000020557c39e30 Thread added: 0x0000020557c39110
Event: 36.496 Thread 0x0000020557c39110 Thread added: 0x0000020557c376d0
Event: 39.384 Thread 0x000002055749c580 Thread added: 0x0000020557c38a80
Event: 42.144 Thread 0x0000020557c39110 Thread added: 0x0000020557c383f0
Event: 43.147 Thread 0x0000020557c383f0 Thread added: 0x0000020557c3ab50
Event: 43.729 Thread 0x0000020574256250 Thread added: 0x0000020558b573f0
Event: 44.952 Thread 0x0000020574256250 Thread added: 0x0000020558b56040
Event: 44.953 Thread 0x0000020574256250 Thread added: 0x0000020558b566d0


Dynamic libraries:
0x00007ff64bfa0000 - 0x00007ff64bfae000 	c:\Users\isabo\.vscode\extensions\redhat.java-1.56.0-win32-x64\jre\21.0.12.1-win32-x86_64\bin\java.exe
0x00007ffe80b40000 - 0x00007ffe80da7000 	C:\WINDOWS\SYSTEM32\ntdll.dll
0x00007ffe7eb40000 - 0x00007ffe7ec0b000 	C:\WINDOWS\System32\KERNEL32.DLL
0x00007ffe7deb0000 - 0x00007ffe7e2b2000 	C:\WINDOWS\System32\KERNELBASE.dll
0x00007ffe7e2c0000 - 0x00007ffe7e40c000 	C:\WINDOWS\System32\ucrtbase.dll
0x00007ffe41ea0000 - 0x00007ffe41eb8000 	c:\Users\isabo\.vscode\extensions\redhat.java-1.56.0-win32-x64\jre\21.0.12.1-win32-x86_64\bin\jli.dll
0x00007ffe80380000 - 0x00007ffe8054f000 	C:\WINDOWS\System32\USER32.dll
0x00007ffe7dd40000 - 0x00007ffe7dd67000 	C:\WINDOWS\System32\win32u.dll
0x00007ffe808a0000 - 0x00007ffe808cb000 	C:\WINDOWS\System32\GDI32.dll
0x00007ffe7e4e0000 - 0x00007ffe7e609000 	C:\WINDOWS\System32\gdi32full.dll
0x00007ffe7dd70000 - 0x00007ffe7de13000 	C:\WINDOWS\System32\msvcp_win.dll
0x00007ffe41a30000 - 0x00007ffe41a4e000 	c:\Users\isabo\.vscode\extensions\redhat.java-1.56.0-win32-x64\jre\21.0.12.1-win32-x86_64\bin\VCRUNTIME140.dll
0x00007ffe69240000 - 0x00007ffe694d0000 	C:\WINDOWS\WinSxS\amd64_microsoft.windows.common-controls_6595b64144ccf1df_6.0.26100.9278_none_3e0d1ba8e3303201\COMCTL32.dll
0x00007ffe806e0000 - 0x00007ffe80789000 	C:\WINDOWS\System32\msvcrt.dll
0x00007ffe808d0000 - 0x00007ffe80901000 	C:\WINDOWS\System32\IMM32.DLL
0x00007ffe6a2f0000 - 0x00007ffe6a2fc000 	c:\Users\isabo\.vscode\extensions\redhat.java-1.56.0-win32-x64\jre\21.0.12.1-win32-x86_64\bin\vcruntime140_1.dll
0x00007ffe19de0000 - 0x00007ffe19e6d000 	c:\Users\isabo\.vscode\extensions\redhat.java-1.56.0-win32-x64\jre\21.0.12.1-win32-x86_64\bin\msvcp140.dll
0x00007ffda5310000 - 0x00007ffda60b2000 	c:\Users\isabo\.vscode\extensions\redhat.java-1.56.0-win32-x64\jre\21.0.12.1-win32-x86_64\bin\server\jvm.dll
0x00007ffe80160000 - 0x00007ffe8021c000 	C:\WINDOWS\System32\ADVAPI32.dll
0x00007ffe7ec10000 - 0x00007ffe7ecb9000 	C:\WINDOWS\System32\sechost.dll
0x00007ffe7ecc0000 - 0x00007ffe7edd8000 	C:\WINDOWS\System32\RPCRT4.dll
0x00007ffe80a70000 - 0x00007ffe80af0000 	C:\WINDOWS\System32\WS2_32.dll
0x00007ffe7dbc0000 - 0x00007ffe7dc1e000 	C:\WINDOWS\SYSTEM32\POWRPROF.dll
0x00007ffe74070000 - 0x00007ffe7407b000 	C:\WINDOWS\SYSTEM32\VERSION.dll
0x00007ffe6b6a0000 - 0x00007ffe6b6d6000 	C:\WINDOWS\SYSTEM32\WINMM.dll
0x00007ffe7dba0000 - 0x00007ffe7dbb5000 	C:\WINDOWS\SYSTEM32\UMPDC.dll
0x00007ffe7c9d0000 - 0x00007ffe7c9eb000 	C:\WINDOWS\SYSTEM32\kernel.appcore.dll
0x00007ffe583c0000 - 0x00007ffe583ca000 	c:\Users\isabo\.vscode\extensions\redhat.java-1.56.0-win32-x64\jre\21.0.12.1-win32-x86_64\bin\jimage.dll
0x00007ffe7b430000 - 0x00007ffe7b67c000 	C:\WINDOWS\SYSTEM32\DBGHELP.DLL
0x00007ffe7fd40000 - 0x00007ffe800c5000 	C:\WINDOWS\System32\combase.dll
0x00007ffe7f2c0000 - 0x00007ffe7f399000 	C:\WINDOWS\System32\OLEAUT32.dll
0x00007ffe695c0000 - 0x00007ffe695fb000 	C:\WINDOWS\SYSTEM32\dbgcore.DLL
0x00007ffe7e420000 - 0x00007ffe7e4cc000 	C:\WINDOWS\System32\bcryptPrimitives.dll
0x00007ffe57bb0000 - 0x00007ffe57bbf000 	c:\Users\isabo\.vscode\extensions\redhat.java-1.56.0-win32-x64\jre\21.0.12.1-win32-x86_64\bin\instrument.dll
0x00007ffe41a10000 - 0x00007ffe41a30000 	c:\Users\isabo\.vscode\extensions\redhat.java-1.56.0-win32-x64\jre\21.0.12.1-win32-x86_64\bin\java.dll
0x00007ffe7f580000 - 0x00007ffe7fd18000 	C:\WINDOWS\System32\SHELL32.dll
0x00007ffe7b780000 - 0x00007ffe7c02e000 	C:\WINDOWS\SYSTEM32\windows.storage.dll
0x00007ffe80910000 - 0x00007ffe80a0b000 	C:\WINDOWS\System32\SHCORE.dll
0x00007ffe80790000 - 0x00007ffe807f6000 	C:\WINDOWS\System32\shlwapi.dll
0x00007ffe7dc60000 - 0x00007ffe7dc89000 	C:\WINDOWS\SYSTEM32\profapi.dll
0x00007ffe41950000 - 0x00007ffe41968000 	c:\Users\isabo\.vscode\extensions\redhat.java-1.56.0-win32-x64\jre\21.0.12.1-win32-x86_64\bin\zip.dll
0x00007ffe57ba0000 - 0x00007ffe57bb0000 	C:\Users\isabo\.vscode\extensions\redhat.java-1.56.0-win32-x64\jre\21.0.12.1-win32-x86_64\bin\net.dll
0x00007ffe703d0000 - 0x00007ffe704fa000 	C:\WINDOWS\SYSTEM32\WINHTTP.dll
0x00007ffe7cf70000 - 0x00007ffe7cfdc000 	C:\WINDOWS\system32\mswsock.dll
0x00007ffe41930000 - 0x00007ffe41946000 	C:\Users\isabo\.vscode\extensions\redhat.java-1.56.0-win32-x64\jre\21.0.12.1-win32-x86_64\bin\nio.dll
0x00007ffe56bc0000 - 0x00007ffe56bd0000 	c:\Users\isabo\.vscode\extensions\redhat.java-1.56.0-win32-x64\jre\21.0.12.1-win32-x86_64\bin\verify.dll
0x00007ffe54870000 - 0x00007ffe548b5000 	C:\Users\isabo\AppData\Roaming\Code\User\globalStorage\redhat.java\1.56.0\config_win\org.eclipse.equinox.launcher\org.eclipse.equinox.launcher.win32.win32.x86_64_1.3.100.v20260804-1928\eclipse_11924.dll
0x00007ffe7e9a0000 - 0x00007ffe7eb3a000 	C:\WINDOWS\System32\ole32.dll
0x00007ffe7d390000 - 0x00007ffe7d3ab000 	C:\WINDOWS\SYSTEM32\CRYPTSP.dll
0x00007ffe7c930000 - 0x00007ffe7c969000 	C:\WINDOWS\system32\rsaenh.dll
0x00007ffe7d020000 - 0x00007ffe7d054000 	C:\WINDOWS\SYSTEM32\USERENV.dll
0x00007ffe7dc30000 - 0x00007ffe7dc5a000 	C:\WINDOWS\SYSTEM32\bcrypt.dll
0x00007ffe7d360000 - 0x00007ffe7d36c000 	C:\WINDOWS\SYSTEM32\CRYPTBASE.dll
0x00007ffe7c380000 - 0x00007ffe7c3b3000 	C:\WINDOWS\SYSTEM32\IPHLPAPI.DLL
0x00007ffe80890000 - 0x00007ffe8089a000 	C:\WINDOWS\System32\NSI.dll
0x00007ffe3f640000 - 0x00007ffe3f689000 	C:\Users\isabo\AppData\Local\Temp\jna-100492036\jna10646585429255701262.dll
0x00007ffe800d0000 - 0x00007ffe800d8000 	C:\WINDOWS\System32\PSAPI.DLL
0x00007ffe73c00000 - 0x00007ffe73c1d000 	C:\WINDOWS\SYSTEM32\dhcpcsvc6.DLL
0x00007ffe703a0000 - 0x00007ffe703c5000 	C:\WINDOWS\SYSTEM32\dhcpcsvc.DLL

JVMTI agents:
c:\Users\isabo\.vscode\extensions\redhat.java-1.56.0-win32-x64\lombok\lombok-1.18.39-4050.jar path:c:\Users\isabo\.vscode\extensions\redhat.java-1.56.0-win32-x64\jre\21.0.12.1-win32-x86_64\bin\instrument.dll, loaded, initialized, instrumentlib options:none

dbghelp: loaded successfully - version: 4.0.5 - missing functions: none
symbol engine: initialized successfully - sym options: 0x614 - pdb path: .;c:\Users\isabo\.vscode\extensions\redhat.java-1.56.0-win32-x64\jre\21.0.12.1-win32-x86_64\bin;C:\WINDOWS\SYSTEM32;C:\WINDOWS\WinSxS\amd64_microsoft.windows.common-controls_6595b64144ccf1df_6.0.26100.9278_none_3e0d1ba8e3303201;c:\Users\isabo\.vscode\extensions\redhat.java-1.56.0-win32-x64\jre\21.0.12.1-win32-x86_64\bin\server;C:\Users\isabo\AppData\Roaming\Code\User\globalStorage\redhat.java\1.56.0\config_win\org.eclipse.equinox.launcher\org.eclipse.equinox.launcher.win32.win32.x86_64_1.3.100.v20260804-1928;C:\Users\isabo\AppData\Local\Temp\jna-100492036

VM Arguments:
jvm_args: --add-modules=ALL-SYSTEM --add-opens=java.base/java.util=ALL-UNNAMED --add-opens=java.base/java.lang=ALL-UNNAMED --add-opens=java.base/sun.nio.fs=ALL-UNNAMED -Declipse.application=org.eclipse.jdt.ls.core.id1 -Dosgi.bundles.defaultStartLevel=4 -Declipse.product=org.eclipse.jdt.ls.core.product -Djava.import.generatesMetadataFilesAtProjectRoot=false -Dm2e.project.cache.size=50 -DDetectVMInstallationsJob.disabled=true -Dfile.encoding=utf8 -XX:+UseParallelGC -XX:GCTimeRatio=4 -XX:AdaptiveSizePolicyWeight=90 -Dsun.zip.disableMemoryMapping=true -Xmx4G -Xms100m -Xlog:disable -javaagent:c:\Users\isabo\.vscode\extensions\redhat.java-1.56.0-win32-x64\lombok\lombok-1.18.39-4050.jar -XX:+HeapDumpOnOutOfMemoryError -XX:HeapDumpPath=c:\Users\isabo\AppData\Roaming\Code\User\workspaceStorage\549d4dd31bf3dbb746db498f2292a5f9\redhat.java -Daether.dependencyCollector.impl=bf 
java_command: c:\Users\isabo\.vscode\extensions\redhat.java-1.56.0-win32-x64\server\plugins\org.eclipse.equinox.launcher_1.8.0.v20260804-1928.jar -configuration c:\Users\isabo\AppData\Roaming\Code\User\globalStorage\redhat.java\1.56.0\config_win -data c:\Users\isabo\AppData\Roaming\Code\User\workspaceStorage\549d4dd31bf3dbb746db498f2292a5f9\redhat.java\jdt_ws --stdio
java_class_path (initial): c:\Users\isabo\.vscode\extensions\redhat.java-1.56.0-win32-x64\server\plugins\org.eclipse.equinox.launcher_1.8.0.v20260804-1928.jar
Launcher Type: SUN_STANDARD

[Global flags]
    uintx AdaptiveSizePolicyWeight                 = 90                                        {product} {command line}
     intx CICompilerCount                          = 4                                         {product} {ergonomic}
    uintx GCTimeRatio                              = 4                                         {product} {command line}
     bool HeapDumpOnOutOfMemoryError               = true                                   {manageable} {command line}
    ccstr HeapDumpPath                             = c:\Users\isabo\AppData\Roaming\Code\User\workspaceStorage\549d4dd31bf3dbb746db498f2292a5f9\redhat.java         {manageable} {command line}
   size_t InitialHeapSize                          = 104857600                                 {product} {command line}
   size_t MaxHeapSize                              = 4294967296                                {product} {command line}
   size_t MaxNewSize                               = 1431306240                                {product} {ergonomic}
   size_t MinHeapDeltaBytes                        = 524288                                    {product} {ergonomic}
   size_t MinHeapSize                              = 104857600                                 {product} {command line}
   size_t NewSize                                  = 34603008                                  {product} {ergonomic}
    uintx NonNMethodCodeHeapSize                   = 5839372                                {pd product} {ergonomic}
    uintx NonProfiledCodeHeapSize                  = 122909434                              {pd product} {ergonomic}
   size_t OldSize                                  = 70254592                                  {product} {ergonomic}
    uintx ProfiledCodeHeapSize                     = 122909434                              {pd product} {ergonomic}
    uintx ReservedCodeCacheSize                    = 251658240                              {pd product} {ergonomic}
     bool SegmentedCodeCache                       = true                                      {product} {ergonomic}
   size_t SoftMaxHeapSize                          = 4294967296                             {manageable} {ergonomic}
     bool UseCompressedOops                        = true                           {product lp64_product} {ergonomic}
     bool UseLargePagesIndividualAllocation        = false                                  {pd product} {ergonomic}
     bool UseParallelGC                            = true                                      {product} {command line}

Logging:
Log output configuration:
 #0: stdout all=off uptime,level,tags foldmultilines=false
 #1: stderr all=off uptime,level,tags foldmultilines=false

Release file:
JAVA_VERSION="21.0.12.1" 
MODULES="java.base java.compiler java.datatransfer java.xml java.prefs java.desktop java.instrument java.logging java.management java.security.sasl java.naming java.rmi java.management.rmi java.net.http java.scripting java.security.jgss java.transaction.xa java.sql java.sql.rowset java.xml.crypto java.se java.smartcardio jdk.accessibility jdk.internal.jvmstat jdk.attach jdk.charsets jdk.internal.opt jdk.zipfs jdk.compiler jdk.crypto.ec jdk.crypto.cryptoki jdk.crypto.mscapi jdk.dynalink jdk.internal.ed jdk.editpad jdk.hotspot.agent jdk.httpserver jdk.internal.le jdk.internal.vm.ci jdk.internal.vm.compiler jdk.internal.vm.compiler.management jdk.jartool jdk.javadoc jdk.jcmd jdk.management jdk.management.agent jdk.jconsole jdk.jdeps jdk.jdwp.agent jdk.jdi jdk.jfr jdk.jshell jdk.jsobject jdk.jstatd jdk.localedata jdk.management.jfr jdk.naming.dns jdk.naming.rmi jdk.net jdk.nio.mapmode jdk.random jdk.sctp jdk.security.auth jdk.security.jgss jdk.unsupported jdk.unsupported.desktop jdk.xml.dom" 

Environment Variables:
JAVA_HOME=C:\Program Files (x86)\Java\jdk-21.0.2
PATH=C:\Python312\Scripts\;C:\Python312\;C:\Program Files\Common Files\Oracle\Java\javapath;C:\Program Files (x86)\Common Files\Oracle\Java\java8path;C:\Program Files (x86)\VMware\VMware Player\bin\;C:\WINDOWS\system32;C:\WINDOWS;C:\WINDOWS\System32\Wbem;C:\WINDOWS\System32\WindowsPowerShell\v1.0\;C:\WINDOWS\System32\OpenSSH\;C:\Program Files (x86)\Bitvise SSH Client;C:\Program Files\PuTTY\;C:\Kubernetes;C:\programacion\apache-maven-3.8.3\bin;C:\programacion\apache-ant-1.10.11-bin\apache-ant-1.10.11\bin;C:\Program Files (x86)\dotnet\;C:\Program Files\dotnet\;C:\Program Files\OpenVPN\bin;C:\programacion\gradle\bin;C:\programacion\kubectl;C:\Program Files\MySQL\MySQL Server 8.0\bin;C:\programacion\helm\windows-amd64;C:\Program Files\Java\jdk-17.0.2\bin;C:\Program Files\nodejs\;C:\ProgramData\chocolatey\bin;C:\Program Files\AutoFirma\AutoFirma;C:\programacion\Artemis\apache-artemis-2.32.0\bin;C:\Program Files\PostgreSQL\16\bin;C:\tools\gsudo\Current;C:\Program Files\Docker\Docker\resources\bin;C:\texlive\2026\bin\windows;C:\programacion\node\node_modules\npm\bin;C:\Users\isabo\.jbang\bin;C:\Program Files\Ruby31-x64\bin;C:\Users\isabo\AppData\Local\Microsoft\WindowsApps;C:\Users\isabo\AppData\Local\Programs\Git\cmd;C:\Users\isabo\AppData\Local\Programs\Microsoft VS Code\bin;C:\Users\isabo\AppData\Local\Microsoft\WinGet\Packages\cURL.cURL_Microsoft.Winget.Source_8wekyb3d8bbwe\curl-8.4.0_3-win64-mingw\bin;C:\Users\isabo\AppData\Roaming\npm;C:\texlive\2026\bin\windows
USERNAME=isabo
OS=Windows_NT
PROCESSOR_IDENTIFIER=Intel64 Family 6 Model 126 Stepping 5, GenuineIntel
TMP=C:\Users\isabo\AppData\Local\Temp
TEMP=C:\Users\isabo\AppData\Local\Temp




Periodic native trim disabled

---------------  S Y S T E M  ---------------

OS:
 Windows 11 , 64 bit Build 26100 (10.0.26100.9444)
OS uptime: 5 days 5:12 hours
Hyper-V role detected

CPU: total 8 (initial active 8) (4 cores per cpu, 2 threads per core) family 6 model 126 stepping 5 microcode 0x86, cx8, cmov, fxsr, ht, mmx, 3dnowpref, sse, sse2, sse3, ssse3, sse4.1, sse4.2, popcnt, lzcnt, tsc, tscinvbit, avx, avx2, aes, erms, clmul, bmi1, bmi2, adx, avx512f, avx512dq, avx512cd, avx512bw, avx512vl, sha, fma, vzeroupper, avx512_vpopcntdq, avx512_vpclmulqdq, avx512_vaes, avx512_vnni, clflush, clflushopt, avx512_vbmi2, avx512_vbmi, hv, rdtscp, rdpid, fsrm, gfni, avx512_bitalg, f16c, avx512_ifma
Processor Information for the first 8 processors :
  Max Mhz: 1190, Current Mhz: 991, Mhz Limit: 987

Memory: 4k page, system-wide physical 7948M (154M free)
TotalPageFile size 32524M (AvailPageFile size 6M)
current process WorkingSet (physical memory assigned to process): 188M, peak: 191M
current process commit charge ("private bytes"): 388M, peak: 390M

vm_info: OpenJDK 64-Bit Server VM (21.0.12.1+1-LTS) for windows-amd64 JRE (21.0.12.1+1-LTS), built on 2026-08-18T00:00:00Z by "admin" with MS VC++ 17.12 (VS2022)

END.
