#
# There is insufficient memory for the Java Runtime Environment to continue.
# Native memory allocation (malloc) failed to allocate 32744 bytes for Chunk::new
# Possible reasons:
#   The system is out of physical RAM or swap space
#   The process is running with CompressedOops enabled, and the Java Heap may be blocking the growth of the native heap
# Possible solutions:
#   Reduce memory load on the system
#   Increase physical memory or swap space
#   Check if swap backing store is full
#   Decrease Java heap size (-Xmx/-Xms)
#   Decrease number of Java threads
#   Decrease Java thread stack sizes (-Xss)
#   Set larger code cache with -XX:ReservedCodeCacheSize=
#   JVM is running with Unscaled Compressed Oops mode in which the Java heap is
#     placed in the first 4GB address space. The Java Heap base address is the
#     maximum limit for the native heap growth. Please use -XX:HeapBaseMinAddress
#     to set the Java Heap base and to place the Java Heap above 4GB virtual address.
# This output file may be truncated or incomplete.
#
#  Out of Memory Error (arena.cpp:168), pid=80568, tid=72168
#
# JRE version: Java(TM) SE Runtime Environment (21.0.2+13) (build 21.0.2+13-LTS-58)
# Java VM: Java HotSpot(TM) 64-Bit Server VM (21.0.2+13-LTS-58, mixed mode, sharing, tiered, compressed oops, compressed class ptrs, g1 gc, windows-amd64)
# No core dump will be written. Minidumps are not enabled by default on client versions of Windows
#

---------------  S U M M A R Y ------------

Command Line: --add-opens=java.base/java.lang=ALL-UNNAMED --add-opens=java.base/java.lang.invoke=ALL-UNNAMED --add-opens=java.base/java.util=ALL-UNNAMED --add-opens=java.prefs/java.util.prefs=ALL-UNNAMED --add-exports=jdk.compiler/com.sun.tools.javac.api=ALL-UNNAMED --add-exports=jdk.compiler/com.sun.tools.javac.util=ALL-UNNAMED --add-opens=java.base/java.nio.charset=ALL-UNNAMED --add-opens=java.base/java.net=ALL-UNNAMED --add-opens=java.base/java.util.concurrent=ALL-UNNAMED --add-opens=java.base/java.util.concurrent.atomic=ALL-UNNAMED --add-opens=java.xml/javax.xml.namespace=ALL-UNNAMED --add-opens=java.base/java.time=ALL-UNNAMED -XX:MaxMetaspaceSize=384m -XX:+HeapDumpOnOutOfMemoryError -Xms256m -Xmx512m -Dfile.encoding=UTF-8 -Duser.country=ES -Duser.language=es -Duser.variant -javaagent:C:\Users\isabo\.gradle\wrapper\dists\gradle-9.5.1-bin\iq79hdu3mqx29lgffhp8bfmx\gradle-9.5.1\lib\agents\gradle-instrumentation-agent-9.5.1.jar org.gradle.launcher.daemon.bootstrap.GradleDaemon 9.5.1

Host: Intel(R) Core(TM) i5-1035G1 CPU @ 1.00GHz, 8 cores, 7G,  Windows 11 , 64 bit Build 26100 (10.0.26100.9444)
Time: Tue Sep 15 12:39:25 2026 Hora de verano romance elapsed time: 334.441976 seconds (0d 0h 5m 34s)

---------------  T H R E A D  ---------------

Current thread (0x000002cc35745a30):  JavaThread "C2 CompilerThread0" daemon [_thread_in_native, id=72168, stack(0x000000ed81000000,0x000000ed81100000) (1024K)]


Current CompileTask:
C2: 334442 16816       4       io.spring.gradle.dependencymanagement.org.apache.maven.model.inheritance.DefaultInheritanceAssembler$InheritanceModelMerger::mergePluginContainer_Plugins (430 bytes)

Stack: [0x000000ed81000000,0x000000ed81100000]
Native frames: (J=compiled Java code, j=interpreted, Vv=VM code, C=native code)
V  [jvm.dll+0x6cade9]
V  [jvm.dll+0x8569c1]
V  [jvm.dll+0x858d2e]
V  [jvm.dll+0x859413]
V  [jvm.dll+0x280e56]
V  [jvm.dll+0xc3f3d]
V  [jvm.dll+0xc4473]
V  [jvm.dll+0x395b44]
V  [jvm.dll+0x39d751]
V  [jvm.dll+0x1cd37b]
V  [jvm.dll+0x2f358f]
V  [jvm.dll+0x6e52e4]
V  [jvm.dll+0x6dd596]
V  [jvm.dll+0x6dca2e]
V  [jvm.dll+0x6dac4c]
V  [jvm.dll+0x1cc90c]
V  [jvm.dll+0x248d3d]
V  [jvm.dll+0x1c9634]
V  [jvm.dll+0x258859]
V  [jvm.dll+0x256e3a]
V  [jvm.dll+0x3ef6c6]
V  [jvm.dll+0x7ff568]
V  [jvm.dll+0x6c953d]
C  [ucrtbase.dll+0x2cd30]
C  [KERNEL32.DLL+0x2cd87]
C  [ntdll.dll+0xacaec]


---------------  P R O C E S S  ---------------

Threads class SMR info:
_java_thread_list=0x000002cc528d0d60, length=59, elements={
0x000002cc1878ca00, 0x000002cc35738f70, 0x000002cc3573a7f0, 0x000002cc3573f960,
0x000002cc357413d0, 0x000002cc35741e30, 0x000002cc35742890, 0x000002cc35745a30,
0x000002cc35748c30, 0x000002cc35991890, 0x000002cc35ade250, 0x000002cc4ffab270,
0x000002cc50af8760, 0x000002cc4ff86d10, 0x000002cc4f8777b0, 0x000002cc50b84e10,
0x000002cc50b85b30, 0x000002cc50b82d40, 0x000002cc50b833d0, 0x000002cc50b83a60,
0x000002cc521ce030, 0x000002cc521d0e20, 0x000002cc521cfa70, 0x000002cc521d14b0,
0x000002cc521ce6c0, 0x000002cc521ced50, 0x000002cc521d3c10, 0x000002cc521d42a0,
0x000002cc521d21d0, 0x000002cc521d2860, 0x000002cc521d3580, 0x000002cc50d5a720,
0x000002cc52752dd0, 0x000002cc52750670, 0x000002cc52750d00, 0x000002cc52751a20,
0x000002cc52752740, 0x000002cc52753460, 0x000002cc5274ffe0, 0x000002cc52751390,
0x000002cc5274f950, 0x000002cc527568e0, 0x000002cc52753af0, 0x000002cc52755530,
0x000002cc52754180, 0x000002cc52755bc0, 0x000002cc52754810, 0x000002cc52756250,
0x000002cc52754ea0, 0x000002cc52756f70, 0x000002cc50d59370, 0x000002cc50d5c7f0,
0x000002cc50d59a00, 0x000002cc50d5adb0, 0x000002cc50d5bad0, 0x000002cc50d5c160,
0x000002cc516146f0, 0x000002cc51614d80, 0x000002cc51615aa0
}

Java Threads: ( => current thread )
  0x000002cc1878ca00 JavaThread "main"                              [_thread_blocked, id=74128, stack(0x000000ed80200000,0x000000ed80300000) (1024K)]
  0x000002cc35738f70 JavaThread "Reference Handler"          daemon [_thread_blocked, id=82488, stack(0x000000ed80a00000,0x000000ed80b00000) (1024K)]
  0x000002cc3573a7f0 JavaThread "Finalizer"                  daemon [_thread_blocked, id=81708, stack(0x000000ed80b00000,0x000000ed80c00000) (1024K)]
  0x000002cc3573f960 JavaThread "Signal Dispatcher"          daemon [_thread_blocked, id=78168, stack(0x000000ed80c00000,0x000000ed80d00000) (1024K)]
  0x000002cc357413d0 JavaThread "Attach Listener"            daemon [_thread_blocked, id=80572, stack(0x000000ed80d00000,0x000000ed80e00000) (1024K)]
  0x000002cc35741e30 JavaThread "Service Thread"             daemon [_thread_blocked, id=82132, stack(0x000000ed80e00000,0x000000ed80f00000) (1024K)]
  0x000002cc35742890 JavaThread "Monitor Deflation Thread"   daemon [_thread_blocked, id=81172, stack(0x000000ed80f00000,0x000000ed81000000) (1024K)]
=>0x000002cc35745a30 JavaThread "C2 CompilerThread0"         daemon [_thread_in_native, id=72168, stack(0x000000ed81000000,0x000000ed81100000) (1024K)]
  0x000002cc35748c30 JavaThread "C1 CompilerThread0"         daemon [_thread_blocked, id=78844, stack(0x000000ed81100000,0x000000ed81200000) (1024K)]
  0x000002cc35991890 JavaThread "Common-Cleaner"             daemon [_thread_blocked, id=69312, stack(0x000000ed81200000,0x000000ed81300000) (1024K)]
  0x000002cc35ade250 JavaThread "Notification Thread"        daemon [_thread_blocked, id=81932, stack(0x000000ed81300000,0x000000ed81400000) (1024K)]
  0x000002cc4ffab270 JavaThread "Daemon health stats"               [_thread_blocked, id=35808, stack(0x000000ed80000000,0x000000ed80100000) (1024K)]
  0x000002cc50af8760 JavaThread "Incoming local TCP Connector on port 15739"        [_thread_in_native, id=82156, stack(0x000000ed81900000,0x000000ed81a00000) (1024K)]
  0x000002cc4ff86d10 JavaThread "Daemon periodic checks"            [_thread_blocked, id=82148, stack(0x000000ed81a00000,0x000000ed81b00000) (1024K)]
  0x000002cc4f8777b0 JavaThread "Daemon"                            [_thread_blocked, id=80348, stack(0x000000ed81b00000,0x000000ed81c00000) (1024K)]
  0x000002cc50b84e10 JavaThread "Daemon worker"                     [_thread_in_native, id=66496, stack(0x000000ed81e00000,0x000000ed81f00000) (1024K)]
  0x000002cc50b85b30 JavaThread "Cache worker for journal cache (C:\Users\isabo\.gradle\caches\journal-1)"        [_thread_blocked, id=77024, stack(0x000000ed82200000,0x000000ed82300000) (1024K)]
  0x000002cc50b82d40 JavaThread "File lock request listener"        [_thread_in_native, id=82292, stack(0x000000ed82300000,0x000000ed82400000) (1024K)]
  0x000002cc50b833d0 JavaThread "Cache worker for file hash cache (C:\Users\isabo\.gradle\caches\9.5.1\fileHashes)"        [_thread_blocked, id=80120, stack(0x000000ed82400000,0x000000ed82500000) (1024K)]
  0x000002cc50b83a60 JavaThread "File lock release action executor"        [_thread_blocked, id=30648, stack(0x000000ed82500000,0x000000ed82600000) (1024K)]
  0x000002cc521ce030 JavaThread "File watcher server"        daemon [_thread_in_native, id=76168, stack(0x000000ed82b00000,0x000000ed82c00000) (1024K)]
  0x000002cc521d0e20 JavaThread "File watcher consumer"      daemon [_thread_blocked, id=32400, stack(0x000000ed82c00000,0x000000ed82d00000) (1024K)]
  0x000002cc521cfa70 JavaThread "jar transforms"                    [_thread_blocked, id=65728, stack(0x000000ed82d00000,0x000000ed82e00000) (1024K)]
  0x000002cc521d14b0 JavaThread "jar transforms Thread 2"           [_thread_blocked, id=80672, stack(0x000000ed82e00000,0x000000ed82f00000) (1024K)]
  0x000002cc521ce6c0 JavaThread "jar transforms Thread 3"           [_thread_blocked, id=50896, stack(0x000000ed82f00000,0x000000ed83000000) (1024K)]
  0x000002cc521ced50 JavaThread "Cache worker for file content cache (C:\Users\isabo\.gradle\caches\9.5.1\fileContent)"        [_thread_blocked, id=36840, stack(0x000000ed83000000,0x000000ed83100000) (1024K)]
  0x000002cc521d3c10 JavaThread "jar transforms Thread 4"           [_thread_blocked, id=78796, stack(0x000000ed80100000,0x000000ed80200000) (1024K)]
  0x000002cc521d42a0 JavaThread "jar transforms Thread 5"           [_thread_blocked, id=82124, stack(0x000000ed83400000,0x000000ed83500000) (1024K)]
  0x000002cc521d21d0 JavaThread "jar transforms Thread 6"           [_thread_blocked, id=79164, stack(0x000000ed83500000,0x000000ed83600000) (1024K)]
  0x000002cc521d2860 JavaThread "jar transforms Thread 7"           [_thread_blocked, id=80000, stack(0x000000ed83600000,0x000000ed83700000) (1024K)]
  0x000002cc521d3580 JavaThread "jar transforms Thread 8"           [_thread_blocked, id=72908, stack(0x000000ed83700000,0x000000ed83800000) (1024K)]
  0x000002cc50d5a720 JavaThread "Memory manager"                    [_thread_blocked, id=77636, stack(0x000000ed84000000,0x000000ed84100000) (1024K)]
  0x000002cc52752dd0 JavaThread "ForkJoinPool.commonPool-worker-1" daemon [_thread_blocked, id=82568, stack(0x000000ed84900000,0x000000ed84a00000) (1024K)]
  0x000002cc52750670 JavaThread "ForkJoinPool.commonPool-worker-2" daemon [_thread_blocked, id=81308, stack(0x000000ed84a00000,0x000000ed84b00000) (1024K)]
  0x000002cc52750d00 JavaThread "ForkJoinPool.commonPool-worker-3" daemon [_thread_blocked, id=80828, stack(0x000000ed84b00000,0x000000ed84c00000) (1024K)]
  0x000002cc52751a20 JavaThread "ForkJoinPool.commonPool-worker-4" daemon [_thread_blocked, id=59484, stack(0x000000ed84c00000,0x000000ed84d00000) (1024K)]
  0x000002cc52752740 JavaThread "ForkJoinPool.commonPool-worker-5" daemon [_thread_blocked, id=80416, stack(0x000000ed84d00000,0x000000ed84e00000) (1024K)]
  0x000002cc52753460 JavaThread "ForkJoinPool.commonPool-worker-6" daemon [_thread_blocked, id=81028, stack(0x000000ed84e00000,0x000000ed84f00000) (1024K)]
  0x000002cc5274ffe0 JavaThread "ForkJoinPool.commonPool-worker-7" daemon [_thread_blocked, id=82260, stack(0x000000ed84f00000,0x000000ed85000000) (1024K)]
  0x000002cc52751390 JavaThread "VFS cleanup"                       [_thread_blocked, id=82816, stack(0x000000ed81f00000,0x000000ed82000000) (1024K)]
  0x000002cc5274f950 JavaThread "Handler for socket connection from /127.0.0.1:15739 to /127.0.0.1:18727"        [_thread_in_native, id=78104, stack(0x000000ed82000000,0x000000ed82100000) (1024K)]
  0x000002cc527568e0 JavaThread "Cancel handler"                    [_thread_blocked, id=72888, stack(0x000000ed82100000,0x000000ed82200000) (1024K)]
  0x000002cc52753af0 JavaThread "Asynchronous log dispatcher for DefaultDaemonConnection: socket connection from /127.0.0.1:15739 to /127.0.0.1:18727"        [_thread_blocked, id=81516, stack(0x000000ed82900000,0x000000ed82a00000) (1024K)]
  0x000002cc52755530 JavaThread "Stdin handler"                     [_thread_blocked, id=82304, stack(0x000000ed82a00000,0x000000ed82b00000) (1024K)]
  0x000002cc52754180 JavaThread "Daemon client event forwarder"        [_thread_blocked, id=80468, stack(0x000000ed83100000,0x000000ed83200000) (1024K)]
  0x000002cc52755bc0 JavaThread "Cache worker for file hash cache (C:\Users\isabo\git\IntegralSkin\TaskPerformer\task-performer\.gradle\9.5.1\fileHashes)"        [_thread_blocked, id=76004, stack(0x000000ed83200000,0x000000ed83300000) (1024K)]
  0x000002cc52754810 JavaThread "Cache worker for Build Output Cleanup Cache (C:\Users\isabo\git\IntegralSkin\TaskPerformer\task-performer\.gradle\buildOutputCleanup)"        [_thread_blocked, id=79216, stack(0x000000ed83300000,0x000000ed83400000) (1024K)]
  0x000002cc52756250 JavaThread "Cache worker for checksums cache (C:\Users\isabo\git\IntegralSkin\TaskPerformer\task-performer\.gradle\9.5.1\checksums)"        [_thread_blocked, id=82232, stack(0x000000ed83800000,0x000000ed83900000) (1024K)]
  0x000002cc52754ea0 JavaThread "Cache worker for cache directory md-supplier (C:\Users\isabo\.gradle\caches\9.5.1\md-supplier)"        [_thread_blocked, id=73648, stack(0x000000ed83900000,0x000000ed83a00000) (1024K)]
  0x000002cc52756f70 JavaThread "Cache worker for cache directory md-rule (C:\Users\isabo\.gradle\caches\9.5.1\md-rule)"        [_thread_blocked, id=81320, stack(0x000000ed83a00000,0x000000ed83b00000) (1024K)]
  0x000002cc50d59370 JavaThread "Build operations"                  [_thread_blocked, id=81364, stack(0x000000ed83b00000,0x000000ed83c00000) (1024K)]
  0x000002cc50d5c7f0 JavaThread "Build operations Thread 2"         [_thread_blocked, id=75936, stack(0x000000ed83c00000,0x000000ed83d00000) (1024K)]
  0x000002cc50d59a00 JavaThread "Build operations Thread 3"         [_thread_blocked, id=79148, stack(0x000000ed83d00000,0x000000ed83e00000) (1024K)]
  0x000002cc50d5adb0 JavaThread "Build operations Thread 4"         [_thread_blocked, id=81148, stack(0x000000ed83e00000,0x000000ed83f00000) (1024K)]
  0x000002cc50d5bad0 JavaThread "Build operations Thread 5"         [_thread_blocked, id=74276, stack(0x000000ed83f00000,0x000000ed84000000) (1024K)]
  0x000002cc50d5c160 JavaThread "Build operations Thread 6"         [_thread_blocked, id=74512, stack(0x000000ed84100000,0x000000ed84200000) (1024K)]
  0x000002cc516146f0 JavaThread "Build operations Thread 7"         [_thread_blocked, id=82760, stack(0x000000ed84200000,0x000000ed84300000) (1024K)]
  0x000002cc51614d80 JavaThread "Build operations Thread 8"         [_thread_blocked, id=77184, stack(0x000000ed84300000,0x000000ed84400000) (1024K)]
  0x000002cc51615aa0 JavaThread "Problems report writer"            [_thread_blocked, id=77700, stack(0x000000ed84400000,0x000000ed84500000) (1024K)]
Total: 59

Other Threads:
  0x000002cc35715eb0 VMThread "VM Thread"                           [id=73212, stack(0x000000ed80900000,0x000000ed80a00000) (1024K)]
  0x000002cc356fdbc0 WatcherThread "VM Periodic Task Thread"        [id=81504, stack(0x000000ed80800000,0x000000ed80900000) (1024K)]
  0x000002cc1ab5f180 WorkerThread "GC Thread#0"                     [id=77924, stack(0x000000ed80300000,0x000000ed80400000) (1024K)]
  0x000002cc4faf59f0 WorkerThread "GC Thread#1"                     [id=82280, stack(0x000000ed81400000,0x000000ed81500000) (1024K)]
  0x000002cc3597c340 WorkerThread "GC Thread#2"                     [id=80880, stack(0x000000ed81500000,0x000000ed81600000) (1024K)]
  0x000002cc3597c6e0 WorkerThread "GC Thread#3"                     [id=24252, stack(0x000000ed81600000,0x000000ed81700000) (1024K)]
  0x000002cc359ef1e0 WorkerThread "GC Thread#4"                     [id=67736, stack(0x000000ed81700000,0x000000ed81800000) (1024K)]
  0x000002cc359ef580 WorkerThread "GC Thread#5"                     [id=77500, stack(0x000000ed81800000,0x000000ed81900000) (1024K)]
  0x000002cc511d9920 WorkerThread "GC Thread#6"                     [id=82360, stack(0x000000ed82600000,0x000000ed82700000) (1024K)]
  0x000002cc511d91e0 WorkerThread "GC Thread#7"                     [id=74604, stack(0x000000ed82700000,0x000000ed82800000) (1024K)]
  0x000002cc1ab64070 ConcurrentGCThread "G1 Main Marker"            [id=78400, stack(0x000000ed80400000,0x000000ed80500000) (1024K)]
  0x000002cc1ab65a90 WorkerThread "G1 Conc#0"                       [id=82752, stack(0x000000ed80500000,0x000000ed80600000) (1024K)]
  0x000002cc511d8360 WorkerThread "G1 Conc#1"                       [id=81608, stack(0x000000ed82800000,0x000000ed82900000) (1024K)]
  0x000002cc355cf150 ConcurrentGCThread "G1 Refine#0"               [id=82276, stack(0x000000ed80600000,0x000000ed80700000) (1024K)]
  0x000002cc355cfbd0 ConcurrentGCThread "G1 Service"                [id=82784, stack(0x000000ed80700000,0x000000ed80800000) (1024K)]
Total: 15

Threads with active compile tasks:
C2 CompilerThread0   334726 16816       4       io.spring.gradle.dependencymanagement.org.apache.maven.model.inheritance.DefaultInheritanceAssembler$InheritanceModelMerger::mergePluginContainer_Plugins (430 bytes)
Total: 1

VM state: not at safepoint (normal execution)

VM Mutex/Monitor currently owned by a thread: None

Heap address: 0x00000000e0000000, size: 512 MB, Compressed Oops mode: 32-bit

CDS archive(s) mapped at: [0x000002cc36000000-0x000002cc36c90000-0x000002cc36c90000), size 13172736, SharedBaseAddress: 0x000002cc36000000, ArchiveRelocationMode: 1.
Compressed class space mapped at: 0x000002cc37000000-0x000002cc4b000000, reserved size: 335544320
Narrow klass base: 0x000002cc36000000, Narrow klass shift: 0, Narrow klass range: 0x100000000

GC Precious Log:
 CardTable entry size: 512
 Card Set container configuration: InlinePtr #cards 5 size 8 Array Of Cards #cards 12 size 40 Howl #buckets 4 coarsen threshold 1843 Howl Bitmap #cards 512 size 80 coarsen threshold 460 Card regions per heap region 1 cards per card region 2048
 CPUs: 8 total, 8 available
 Memory: 7948M
 Large Page Support: Disabled
 NUMA Support: Disabled
 Compressed Oops: Enabled (32-bit)
 Heap Region Size: 1M
 Heap Min Capacity: 256M
 Heap Initial Capacity: 256M
 Heap Max Capacity: 512M
 Pre-touch: Disabled
 Parallel Workers: 8
 Concurrent Workers: 2
 Concurrent Refinement Workers: 8
 Periodic GC: Disabled

Heap:
 garbage-first heap   total 262144K, used 133108K [0x00000000e0000000, 0x0000000100000000)
  region size 1024K, 67 young (68608K), 15 survivors (15360K)
 Metaspace       used 80288K, committed 82944K, reserved 458752K
  class space    used 11014K, committed 12352K, reserved 327680K

Heap Regions: E=young(eden), S=young(survivor), O=old, HS=humongous(starts), HC=humongous(continues), CS=collection set, F=free, TAMS=top-at-mark-start, PB=parsable bottom
|   0|0x00000000e0000000, 0x00000000e0100000, 0x00000000e0100000|100%|HS|  |TAMS 0x00000000e0000000| PB 0x00000000e0000000| Complete 
|   1|0x00000000e0100000, 0x00000000e0200000, 0x00000000e0200000|100%|HC|  |TAMS 0x00000000e0100000| PB 0x00000000e0100000| Complete 
|   2|0x00000000e0200000, 0x00000000e0300000, 0x00000000e0300000|100%|HC|  |TAMS 0x00000000e0200000| PB 0x00000000e0200000| Complete 
|   3|0x00000000e0300000, 0x00000000e0400000, 0x00000000e0400000|100%|HC|  |TAMS 0x00000000e0300000| PB 0x00000000e0300000| Complete 
|   4|0x00000000e0400000, 0x00000000e0500000, 0x00000000e0500000|100%| O|  |TAMS 0x00000000e0400000| PB 0x00000000e0400000| Untracked 
|   5|0x00000000e0500000, 0x00000000e0600000, 0x00000000e0600000|100%| O|  |TAMS 0x00000000e0500000| PB 0x00000000e0500000| Untracked 
|   6|0x00000000e0600000, 0x00000000e0700000, 0x00000000e0700000|100%| O|  |TAMS 0x00000000e0600000| PB 0x00000000e0600000| Untracked 
|   7|0x00000000e0700000, 0x00000000e0800000, 0x00000000e0800000|100%| O|  |TAMS 0x00000000e0700000| PB 0x00000000e0700000| Untracked 
|   8|0x00000000e0800000, 0x00000000e0900000, 0x00000000e0900000|100%|HS|  |TAMS 0x00000000e0800000| PB 0x00000000e0800000| Complete 
|   9|0x00000000e0900000, 0x00000000e0a00000, 0x00000000e0a00000|100%| O|  |TAMS 0x00000000e0900000| PB 0x00000000e0900000| Untracked 
|  10|0x00000000e0a00000, 0x00000000e0b00000, 0x00000000e0b00000|100%| O|  |TAMS 0x00000000e0a00000| PB 0x00000000e0a00000| Untracked 
|  11|0x00000000e0b00000, 0x00000000e0c00000, 0x00000000e0c00000|100%| O|  |TAMS 0x00000000e0b00000| PB 0x00000000e0b00000| Untracked 
|  12|0x00000000e0c00000, 0x00000000e0d00000, 0x00000000e0d00000|100%| O|  |TAMS 0x00000000e0c00000| PB 0x00000000e0c00000| Untracked 
|  13|0x00000000e0d00000, 0x00000000e0e00000, 0x00000000e0e00000|100%| O|  |TAMS 0x00000000e0d00000| PB 0x00000000e0d00000| Untracked 
|  14|0x00000000e0e00000, 0x00000000e0f00000, 0x00000000e0f00000|100%| O|  |TAMS 0x00000000e0e00000| PB 0x00000000e0e00000| Untracked 
|  15|0x00000000e0f00000, 0x00000000e1000000, 0x00000000e1000000|100%| O|  |TAMS 0x00000000e0f00000| PB 0x00000000e0f00000| Untracked 
|  16|0x00000000e1000000, 0x00000000e1100000, 0x00000000e1100000|100%| O|  |TAMS 0x00000000e1000000| PB 0x00000000e1000000| Untracked 
|  17|0x00000000e1100000, 0x00000000e1200000, 0x00000000e1200000|100%| O|  |TAMS 0x00000000e1100000| PB 0x00000000e1100000| Untracked 
|  18|0x00000000e1200000, 0x00000000e1300000, 0x00000000e1300000|100%| O|  |TAMS 0x00000000e1200000| PB 0x00000000e1200000| Untracked 
|  19|0x00000000e1300000, 0x00000000e1400000, 0x00000000e1400000|100%| O|  |TAMS 0x00000000e1300000| PB 0x00000000e1300000| Untracked 
|  20|0x00000000e1400000, 0x00000000e1500000, 0x00000000e1500000|100%| O|  |TAMS 0x00000000e1400000| PB 0x00000000e1400000| Untracked 
|  21|0x00000000e1500000, 0x00000000e1600000, 0x00000000e1600000|100%| O|  |TAMS 0x00000000e1500000| PB 0x00000000e1500000| Untracked 
|  22|0x00000000e1600000, 0x00000000e1700000, 0x00000000e1700000|100%| O|  |TAMS 0x00000000e1600000| PB 0x00000000e1600000| Untracked 
|  23|0x00000000e1700000, 0x00000000e1800000, 0x00000000e1800000|100%| O|  |TAMS 0x00000000e1700000| PB 0x00000000e1700000| Untracked 
|  24|0x00000000e1800000, 0x00000000e1900000, 0x00000000e1900000|100%| O|  |TAMS 0x00000000e1800000| PB 0x00000000e1800000| Untracked 
|  25|0x00000000e1900000, 0x00000000e1a00000, 0x00000000e1a00000|100%| O|  |TAMS 0x00000000e1900000| PB 0x00000000e1900000| Untracked 
|  26|0x00000000e1a00000, 0x00000000e1b00000, 0x00000000e1b00000|100%| O|  |TAMS 0x00000000e1a00000| PB 0x00000000e1a00000| Untracked 
|  27|0x00000000e1b00000, 0x00000000e1c00000, 0x00000000e1c00000|100%| O|  |TAMS 0x00000000e1b00000| PB 0x00000000e1b00000| Untracked 
|  28|0x00000000e1c00000, 0x00000000e1d00000, 0x00000000e1d00000|100%| O|  |TAMS 0x00000000e1c00000| PB 0x00000000e1c00000| Untracked 
|  29|0x00000000e1d00000, 0x00000000e1e00000, 0x00000000e1e00000|100%| O|  |TAMS 0x00000000e1d00000| PB 0x00000000e1d00000| Untracked 
|  30|0x00000000e1e00000, 0x00000000e1f00000, 0x00000000e1f00000|100%| O|  |TAMS 0x00000000e1e00000| PB 0x00000000e1e00000| Untracked 
|  31|0x00000000e1f00000, 0x00000000e2000000, 0x00000000e2000000|100%| O|  |TAMS 0x00000000e1f00000| PB 0x00000000e1f00000| Untracked 
|  32|0x00000000e2000000, 0x00000000e2100000, 0x00000000e2100000|100%| O|  |TAMS 0x00000000e2000000| PB 0x00000000e2000000| Untracked 
|  33|0x00000000e2100000, 0x00000000e2200000, 0x00000000e2200000|100%| O|  |TAMS 0x00000000e2100000| PB 0x00000000e2100000| Untracked 
|  34|0x00000000e2200000, 0x00000000e2300000, 0x00000000e2300000|100%| O|  |TAMS 0x00000000e2200000| PB 0x00000000e2200000| Untracked 
|  35|0x00000000e2300000, 0x00000000e2400000, 0x00000000e2400000|100%| O|  |TAMS 0x00000000e2300000| PB 0x00000000e2300000| Untracked 
|  36|0x00000000e2400000, 0x00000000e2500000, 0x00000000e2500000|100%| O|  |TAMS 0x00000000e2400000| PB 0x00000000e2400000| Untracked 
|  37|0x00000000e2500000, 0x00000000e2600000, 0x00000000e2600000|100%| O|  |TAMS 0x00000000e2500000| PB 0x00000000e2500000| Untracked 
|  38|0x00000000e2600000, 0x00000000e2700000, 0x00000000e2700000|100%| O|  |TAMS 0x00000000e2600000| PB 0x00000000e2600000| Untracked 
|  39|0x00000000e2700000, 0x00000000e2800000, 0x00000000e2800000|100%| O|  |TAMS 0x00000000e2700000| PB 0x00000000e2700000| Untracked 
|  40|0x00000000e2800000, 0x00000000e2900000, 0x00000000e2900000|100%| O|  |TAMS 0x00000000e2800000| PB 0x00000000e2800000| Untracked 
|  41|0x00000000e2900000, 0x00000000e2a00000, 0x00000000e2a00000|100%| O|  |TAMS 0x00000000e2900000| PB 0x00000000e2900000| Untracked 
|  42|0x00000000e2a00000, 0x00000000e2b00000, 0x00000000e2b00000|100%| O|  |TAMS 0x00000000e2a00000| PB 0x00000000e2a00000| Untracked 
|  43|0x00000000e2b00000, 0x00000000e2c00000, 0x00000000e2c00000|100%| O|  |TAMS 0x00000000e2b00000| PB 0x00000000e2b00000| Untracked 
|  44|0x00000000e2c00000, 0x00000000e2d00000, 0x00000000e2d00000|100%| O|  |TAMS 0x00000000e2c00000| PB 0x00000000e2c00000| Untracked 
|  45|0x00000000e2d00000, 0x00000000e2e00000, 0x00000000e2e00000|100%| O|  |TAMS 0x00000000e2d00000| PB 0x00000000e2d00000| Untracked 
|  46|0x00000000e2e00000, 0x00000000e2f00000, 0x00000000e2f00000|100%| O|  |TAMS 0x00000000e2e00000| PB 0x00000000e2e00000| Untracked 
|  47|0x00000000e2f00000, 0x00000000e3000000, 0x00000000e3000000|100%| O|  |TAMS 0x00000000e2f00000| PB 0x00000000e2f00000| Untracked 
|  48|0x00000000e3000000, 0x00000000e3100000, 0x00000000e3100000|100%| O|  |TAMS 0x00000000e3000000| PB 0x00000000e3000000| Untracked 
|  49|0x00000000e3100000, 0x00000000e3200000, 0x00000000e3200000|100%| O|  |TAMS 0x00000000e3100000| PB 0x00000000e3100000| Untracked 
|  50|0x00000000e3200000, 0x00000000e3300000, 0x00000000e3300000|100%| O|  |TAMS 0x00000000e3200000| PB 0x00000000e3200000| Untracked 
|  51|0x00000000e3300000, 0x00000000e3400000, 0x00000000e3400000|100%| O|  |TAMS 0x00000000e3300000| PB 0x00000000e3300000| Untracked 
|  52|0x00000000e3400000, 0x00000000e3500000, 0x00000000e3500000|100%| O|  |TAMS 0x00000000e3400000| PB 0x00000000e3400000| Untracked 
|  53|0x00000000e3500000, 0x00000000e3600000, 0x00000000e3600000|100%| O|  |TAMS 0x00000000e3500000| PB 0x00000000e3500000| Untracked 
|  54|0x00000000e3600000, 0x00000000e3700000, 0x00000000e3700000|100%| O|  |TAMS 0x00000000e3600000| PB 0x00000000e3600000| Untracked 
|  55|0x00000000e3700000, 0x00000000e3800000, 0x00000000e3800000|100%| O|  |TAMS 0x00000000e3700000| PB 0x00000000e3700000| Untracked 
|  56|0x00000000e3800000, 0x00000000e3900000, 0x00000000e3900000|100%| O|  |TAMS 0x00000000e3800000| PB 0x00000000e3800000| Untracked 
|  57|0x00000000e3900000, 0x00000000e3a00000, 0x00000000e3a00000|100%| O|  |TAMS 0x00000000e3900000| PB 0x00000000e3900000| Untracked 
|  58|0x00000000e3a00000, 0x00000000e3b00000, 0x00000000e3b00000|100%| O|  |TAMS 0x00000000e3a00000| PB 0x00000000e3a00000| Untracked 
|  59|0x00000000e3b00000, 0x00000000e3c00000, 0x00000000e3c00000|100%| O|  |TAMS 0x00000000e3b00000| PB 0x00000000e3b00000| Untracked 
|  60|0x00000000e3c00000, 0x00000000e3d00000, 0x00000000e3d00000|100%| O|  |TAMS 0x00000000e3c00000| PB 0x00000000e3c00000| Untracked 
|  61|0x00000000e3d00000, 0x00000000e3e00000, 0x00000000e3e00000|100%| O|  |TAMS 0x00000000e3d00000| PB 0x00000000e3d00000| Untracked 
|  62|0x00000000e3e00000, 0x00000000e3f00000, 0x00000000e3f00000|100%| O|  |TAMS 0x00000000e3e00000| PB 0x00000000e3e00000| Untracked 
|  63|0x00000000e3f00000, 0x00000000e4000000, 0x00000000e4000000|100%| O|  |TAMS 0x00000000e3f00000| PB 0x00000000e3f00000| Untracked 
|  64|0x00000000e4000000, 0x00000000e4100000, 0x00000000e4100000|100%| O|  |TAMS 0x00000000e4000000| PB 0x00000000e4000000| Untracked 
|  65|0x00000000e4100000, 0x00000000e4180000, 0x00000000e4200000| 50%| O|  |TAMS 0x00000000e4100000| PB 0x00000000e4100000| Untracked 
|  66|0x00000000e4200000, 0x00000000e4200000, 0x00000000e4300000|  0%| F|  |TAMS 0x00000000e4200000| PB 0x00000000e4200000| Untracked 
|  67|0x00000000e4300000, 0x00000000e4300000, 0x00000000e4400000|  0%| F|  |TAMS 0x00000000e4300000| PB 0x00000000e4300000| Untracked 
|  68|0x00000000e4400000, 0x00000000e4400000, 0x00000000e4500000|  0%| F|  |TAMS 0x00000000e4400000| PB 0x00000000e4400000| Untracked 
|  69|0x00000000e4500000, 0x00000000e4500000, 0x00000000e4600000|  0%| F|  |TAMS 0x00000000e4500000| PB 0x00000000e4500000| Untracked 
|  70|0x00000000e4600000, 0x00000000e4600000, 0x00000000e4700000|  0%| F|  |TAMS 0x00000000e4600000| PB 0x00000000e4600000| Untracked 
|  71|0x00000000e4700000, 0x00000000e4700000, 0x00000000e4800000|  0%| F|  |TAMS 0x00000000e4700000| PB 0x00000000e4700000| Untracked 
|  72|0x00000000e4800000, 0x00000000e4800000, 0x00000000e4900000|  0%| F|  |TAMS 0x00000000e4800000| PB 0x00000000e4800000| Untracked 
|  73|0x00000000e4900000, 0x00000000e4900000, 0x00000000e4a00000|  0%| F|  |TAMS 0x00000000e4900000| PB 0x00000000e4900000| Untracked 
|  74|0x00000000e4a00000, 0x00000000e4a00000, 0x00000000e4b00000|  0%| F|  |TAMS 0x00000000e4a00000| PB 0x00000000e4a00000| Untracked 
|  75|0x00000000e4b00000, 0x00000000e4b00000, 0x00000000e4c00000|  0%| F|  |TAMS 0x00000000e4b00000| PB 0x00000000e4b00000| Untracked 
|  76|0x00000000e4c00000, 0x00000000e4c00000, 0x00000000e4d00000|  0%| F|  |TAMS 0x00000000e4c00000| PB 0x00000000e4c00000| Untracked 
|  77|0x00000000e4d00000, 0x00000000e4d00000, 0x00000000e4e00000|  0%| F|  |TAMS 0x00000000e4d00000| PB 0x00000000e4d00000| Untracked 
|  78|0x00000000e4e00000, 0x00000000e4e00000, 0x00000000e4f00000|  0%| F|  |TAMS 0x00000000e4e00000| PB 0x00000000e4e00000| Untracked 
|  79|0x00000000e4f00000, 0x00000000e4f00000, 0x00000000e5000000|  0%| F|  |TAMS 0x00000000e4f00000| PB 0x00000000e4f00000| Untracked 
|  80|0x00000000e5000000, 0x00000000e5000000, 0x00000000e5100000|  0%| F|  |TAMS 0x00000000e5000000| PB 0x00000000e5000000| Untracked 
|  81|0x00000000e5100000, 0x00000000e5100000, 0x00000000e5200000|  0%| F|  |TAMS 0x00000000e5100000| PB 0x00000000e5100000| Untracked 
|  82|0x00000000e5200000, 0x00000000e5200000, 0x00000000e5300000|  0%| F|  |TAMS 0x00000000e5200000| PB 0x00000000e5200000| Untracked 
|  83|0x00000000e5300000, 0x00000000e5300000, 0x00000000e5400000|  0%| F|  |TAMS 0x00000000e5300000| PB 0x00000000e5300000| Untracked 
|  84|0x00000000e5400000, 0x00000000e5400000, 0x00000000e5500000|  0%| F|  |TAMS 0x00000000e5400000| PB 0x00000000e5400000| Untracked 
|  85|0x00000000e5500000, 0x00000000e5500000, 0x00000000e5600000|  0%| F|  |TAMS 0x00000000e5500000| PB 0x00000000e5500000| Untracked 
|  86|0x00000000e5600000, 0x00000000e5600000, 0x00000000e5700000|  0%| F|  |TAMS 0x00000000e5600000| PB 0x00000000e5600000| Untracked 
|  87|0x00000000e5700000, 0x00000000e5700000, 0x00000000e5800000|  0%| F|  |TAMS 0x00000000e5700000| PB 0x00000000e5700000| Untracked 
|  88|0x00000000e5800000, 0x00000000e587d190, 0x00000000e5900000| 48%| S|CS|TAMS 0x00000000e5800000| PB 0x00000000e5800000| Complete 
|  89|0x00000000e5900000, 0x00000000e5a00000, 0x00000000e5a00000|100%| S|CS|TAMS 0x00000000e5900000| PB 0x00000000e5900000| Complete 
|  90|0x00000000e5a00000, 0x00000000e5b00000, 0x00000000e5b00000|100%| S|CS|TAMS 0x00000000e5a00000| PB 0x00000000e5a00000| Complete 
|  91|0x00000000e5b00000, 0x00000000e5c00000, 0x00000000e5c00000|100%| S|CS|TAMS 0x00000000e5b00000| PB 0x00000000e5b00000| Complete 
|  92|0x00000000e5c00000, 0x00000000e5d00000, 0x00000000e5d00000|100%| S|CS|TAMS 0x00000000e5c00000| PB 0x00000000e5c00000| Complete 
|  93|0x00000000e5d00000, 0x00000000e5e00000, 0x00000000e5e00000|100%| S|CS|TAMS 0x00000000e5d00000| PB 0x00000000e5d00000| Complete 
|  94|0x00000000e5e00000, 0x00000000e5f00000, 0x00000000e5f00000|100%| S|CS|TAMS 0x00000000e5e00000| PB 0x00000000e5e00000| Complete 
|  95|0x00000000e5f00000, 0x00000000e6000000, 0x00000000e6000000|100%| S|CS|TAMS 0x00000000e5f00000| PB 0x00000000e5f00000| Complete 
|  96|0x00000000e6000000, 0x00000000e6000000, 0x00000000e6100000|  0%| F|  |TAMS 0x00000000e6000000| PB 0x00000000e6000000| Untracked 
|  97|0x00000000e6100000, 0x00000000e6100000, 0x00000000e6200000|  0%| F|  |TAMS 0x00000000e6100000| PB 0x00000000e6100000| Untracked 
|  98|0x00000000e6200000, 0x00000000e6200000, 0x00000000e6300000|  0%| F|  |TAMS 0x00000000e6200000| PB 0x00000000e6200000| Untracked 
|  99|0x00000000e6300000, 0x00000000e6300000, 0x00000000e6400000|  0%| F|  |TAMS 0x00000000e6300000| PB 0x00000000e6300000| Untracked 
| 100|0x00000000e6400000, 0x00000000e6400000, 0x00000000e6500000|  0%| F|  |TAMS 0x00000000e6400000| PB 0x00000000e6400000| Untracked 
| 101|0x00000000e6500000, 0x00000000e6500000, 0x00000000e6600000|  0%| F|  |TAMS 0x00000000e6500000| PB 0x00000000e6500000| Untracked 
| 102|0x00000000e6600000, 0x00000000e6600000, 0x00000000e6700000|  0%| F|  |TAMS 0x00000000e6600000| PB 0x00000000e6600000| Untracked 
| 103|0x00000000e6700000, 0x00000000e6800000, 0x00000000e6800000|100%| S|CS|TAMS 0x00000000e6700000| PB 0x00000000e6700000| Complete 
| 104|0x00000000e6800000, 0x00000000e6900000, 0x00000000e6900000|100%| S|CS|TAMS 0x00000000e6800000| PB 0x00000000e6800000| Complete 
| 105|0x00000000e6900000, 0x00000000e6a00000, 0x00000000e6a00000|100%| S|CS|TAMS 0x00000000e6900000| PB 0x00000000e6900000| Complete 
| 106|0x00000000e6a00000, 0x00000000e6b00000, 0x00000000e6b00000|100%| S|CS|TAMS 0x00000000e6a00000| PB 0x00000000e6a00000| Complete 
| 107|0x00000000e6b00000, 0x00000000e6c00000, 0x00000000e6c00000|100%| S|CS|TAMS 0x00000000e6b00000| PB 0x00000000e6b00000| Complete 
| 108|0x00000000e6c00000, 0x00000000e6d00000, 0x00000000e6d00000|100%| S|CS|TAMS 0x00000000e6c00000| PB 0x00000000e6c00000| Complete 
| 109|0x00000000e6d00000, 0x00000000e6e00000, 0x00000000e6e00000|100%| S|CS|TAMS 0x00000000e6d00000| PB 0x00000000e6d00000| Complete 
| 110|0x00000000e6e00000, 0x00000000e6e00000, 0x00000000e6f00000|  0%| F|  |TAMS 0x00000000e6e00000| PB 0x00000000e6e00000| Untracked 
| 111|0x00000000e6f00000, 0x00000000e6f00000, 0x00000000e7000000|  0%| F|  |TAMS 0x00000000e6f00000| PB 0x00000000e6f00000| Untracked 
| 112|0x00000000e7000000, 0x00000000e7000000, 0x00000000e7100000|  0%| F|  |TAMS 0x00000000e7000000| PB 0x00000000e7000000| Untracked 
| 113|0x00000000e7100000, 0x00000000e7100000, 0x00000000e7200000|  0%| F|  |TAMS 0x00000000e7100000| PB 0x00000000e7100000| Untracked 
| 114|0x00000000e7200000, 0x00000000e7200000, 0x00000000e7300000|  0%| F|  |TAMS 0x00000000e7200000| PB 0x00000000e7200000| Untracked 
| 115|0x00000000e7300000, 0x00000000e7300000, 0x00000000e7400000|  0%| F|  |TAMS 0x00000000e7300000| PB 0x00000000e7300000| Untracked 
| 116|0x00000000e7400000, 0x00000000e7400000, 0x00000000e7500000|  0%| F|  |TAMS 0x00000000e7400000| PB 0x00000000e7400000| Untracked 
| 117|0x00000000e7500000, 0x00000000e7500000, 0x00000000e7600000|  0%| F|  |TAMS 0x00000000e7500000| PB 0x00000000e7500000| Untracked 
| 118|0x00000000e7600000, 0x00000000e7600000, 0x00000000e7700000|  0%| F|  |TAMS 0x00000000e7600000| PB 0x00000000e7600000| Untracked 
| 119|0x00000000e7700000, 0x00000000e7700000, 0x00000000e7800000|  0%| F|  |TAMS 0x00000000e7700000| PB 0x00000000e7700000| Untracked 
| 120|0x00000000e7800000, 0x00000000e7800000, 0x00000000e7900000|  0%| F|  |TAMS 0x00000000e7800000| PB 0x00000000e7800000| Untracked 
| 121|0x00000000e7900000, 0x00000000e7900000, 0x00000000e7a00000|  0%| F|  |TAMS 0x00000000e7900000| PB 0x00000000e7900000| Untracked 
| 122|0x00000000e7a00000, 0x00000000e7a00000, 0x00000000e7b00000|  0%| F|  |TAMS 0x00000000e7a00000| PB 0x00000000e7a00000| Untracked 
| 123|0x00000000e7b00000, 0x00000000e7b00000, 0x00000000e7c00000|  0%| F|  |TAMS 0x00000000e7b00000| PB 0x00000000e7b00000| Untracked 
| 124|0x00000000e7c00000, 0x00000000e7c00000, 0x00000000e7d00000|  0%| F|  |TAMS 0x00000000e7c00000| PB 0x00000000e7c00000| Untracked 
| 125|0x00000000e7d00000, 0x00000000e7d00000, 0x00000000e7e00000|  0%| F|  |TAMS 0x00000000e7d00000| PB 0x00000000e7d00000| Untracked 
| 126|0x00000000e7e00000, 0x00000000e7e00000, 0x00000000e7f00000|  0%| F|  |TAMS 0x00000000e7e00000| PB 0x00000000e7e00000| Untracked 
| 127|0x00000000e7f00000, 0x00000000e7f00000, 0x00000000e8000000|  0%| F|  |TAMS 0x00000000e7f00000| PB 0x00000000e7f00000| Untracked 
| 128|0x00000000e8000000, 0x00000000e8000000, 0x00000000e8100000|  0%| F|  |TAMS 0x00000000e8000000| PB 0x00000000e8000000| Untracked 
| 129|0x00000000e8100000, 0x00000000e8100000, 0x00000000e8200000|  0%| F|  |TAMS 0x00000000e8100000| PB 0x00000000e8100000| Untracked 
| 130|0x00000000e8200000, 0x00000000e8200000, 0x00000000e8300000|  0%| F|  |TAMS 0x00000000e8200000| PB 0x00000000e8200000| Untracked 
| 131|0x00000000e8300000, 0x00000000e8300000, 0x00000000e8400000|  0%| F|  |TAMS 0x00000000e8300000| PB 0x00000000e8300000| Untracked 
| 132|0x00000000e8400000, 0x00000000e8400000, 0x00000000e8500000|  0%| F|  |TAMS 0x00000000e8400000| PB 0x00000000e8400000| Untracked 
| 133|0x00000000e8500000, 0x00000000e8500000, 0x00000000e8600000|  0%| F|  |TAMS 0x00000000e8500000| PB 0x00000000e8500000| Untracked 
| 134|0x00000000e8600000, 0x00000000e8600000, 0x00000000e8700000|  0%| F|  |TAMS 0x00000000e8600000| PB 0x00000000e8600000| Untracked 
| 135|0x00000000e8700000, 0x00000000e8700000, 0x00000000e8800000|  0%| F|  |TAMS 0x00000000e8700000| PB 0x00000000e8700000| Untracked 
| 136|0x00000000e8800000, 0x00000000e8800000, 0x00000000e8900000|  0%| F|  |TAMS 0x00000000e8800000| PB 0x00000000e8800000| Untracked 
| 137|0x00000000e8900000, 0x00000000e8900000, 0x00000000e8a00000|  0%| F|  |TAMS 0x00000000e8900000| PB 0x00000000e8900000| Untracked 
| 138|0x00000000e8a00000, 0x00000000e8a00000, 0x00000000e8b00000|  0%| F|  |TAMS 0x00000000e8a00000| PB 0x00000000e8a00000| Untracked 
| 139|0x00000000e8b00000, 0x00000000e8b00000, 0x00000000e8c00000|  0%| F|  |TAMS 0x00000000e8b00000| PB 0x00000000e8b00000| Untracked 
| 140|0x00000000e8c00000, 0x00000000e8c00000, 0x00000000e8d00000|  0%| F|  |TAMS 0x00000000e8c00000| PB 0x00000000e8c00000| Untracked 
| 141|0x00000000e8d00000, 0x00000000e8d00000, 0x00000000e8e00000|  0%| F|  |TAMS 0x00000000e8d00000| PB 0x00000000e8d00000| Untracked 
| 142|0x00000000e8e00000, 0x00000000e8e00000, 0x00000000e8f00000|  0%| F|  |TAMS 0x00000000e8e00000| PB 0x00000000e8e00000| Untracked 
| 143|0x00000000e8f00000, 0x00000000e8f00000, 0x00000000e9000000|  0%| F|  |TAMS 0x00000000e8f00000| PB 0x00000000e8f00000| Untracked 
| 144|0x00000000e9000000, 0x00000000e9000000, 0x00000000e9100000|  0%| F|  |TAMS 0x00000000e9000000| PB 0x00000000e9000000| Untracked 
| 145|0x00000000e9100000, 0x00000000e9100000, 0x00000000e9200000|  0%| F|  |TAMS 0x00000000e9100000| PB 0x00000000e9100000| Untracked 
| 146|0x00000000e9200000, 0x00000000e9200000, 0x00000000e9300000|  0%| F|  |TAMS 0x00000000e9200000| PB 0x00000000e9200000| Untracked 
| 147|0x00000000e9300000, 0x00000000e9300000, 0x00000000e9400000|  0%| F|  |TAMS 0x00000000e9300000| PB 0x00000000e9300000| Untracked 
| 148|0x00000000e9400000, 0x00000000e9400000, 0x00000000e9500000|  0%| F|  |TAMS 0x00000000e9400000| PB 0x00000000e9400000| Untracked 
| 149|0x00000000e9500000, 0x00000000e9500000, 0x00000000e9600000|  0%| F|  |TAMS 0x00000000e9500000| PB 0x00000000e9500000| Untracked 
| 150|0x00000000e9600000, 0x00000000e9600000, 0x00000000e9700000|  0%| F|  |TAMS 0x00000000e9600000| PB 0x00000000e9600000| Untracked 
| 151|0x00000000e9700000, 0x00000000e9700000, 0x00000000e9800000|  0%| F|  |TAMS 0x00000000e9700000| PB 0x00000000e9700000| Untracked 
| 152|0x00000000e9800000, 0x00000000e9800000, 0x00000000e9900000|  0%| F|  |TAMS 0x00000000e9800000| PB 0x00000000e9800000| Untracked 
| 153|0x00000000e9900000, 0x00000000e9900000, 0x00000000e9a00000|  0%| F|  |TAMS 0x00000000e9900000| PB 0x00000000e9900000| Untracked 
| 154|0x00000000e9a00000, 0x00000000e9a00000, 0x00000000e9b00000|  0%| F|  |TAMS 0x00000000e9a00000| PB 0x00000000e9a00000| Untracked 
| 155|0x00000000e9b00000, 0x00000000e9b00000, 0x00000000e9c00000|  0%| F|  |TAMS 0x00000000e9b00000| PB 0x00000000e9b00000| Untracked 
| 156|0x00000000e9c00000, 0x00000000e9c00000, 0x00000000e9d00000|  0%| F|  |TAMS 0x00000000e9c00000| PB 0x00000000e9c00000| Untracked 
| 157|0x00000000e9d00000, 0x00000000e9d00000, 0x00000000e9e00000|  0%| F|  |TAMS 0x00000000e9d00000| PB 0x00000000e9d00000| Untracked 
| 158|0x00000000e9e00000, 0x00000000e9e00000, 0x00000000e9f00000|  0%| F|  |TAMS 0x00000000e9e00000| PB 0x00000000e9e00000| Untracked 
| 159|0x00000000e9f00000, 0x00000000e9f00000, 0x00000000ea000000|  0%| F|  |TAMS 0x00000000e9f00000| PB 0x00000000e9f00000| Untracked 
| 160|0x00000000ea000000, 0x00000000ea000000, 0x00000000ea100000|  0%| F|  |TAMS 0x00000000ea000000| PB 0x00000000ea000000| Untracked 
| 161|0x00000000ea100000, 0x00000000ea100000, 0x00000000ea200000|  0%| F|  |TAMS 0x00000000ea100000| PB 0x00000000ea100000| Untracked 
| 162|0x00000000ea200000, 0x00000000ea200000, 0x00000000ea300000|  0%| F|  |TAMS 0x00000000ea200000| PB 0x00000000ea200000| Untracked 
| 163|0x00000000ea300000, 0x00000000ea300000, 0x00000000ea400000|  0%| F|  |TAMS 0x00000000ea300000| PB 0x00000000ea300000| Untracked 
| 164|0x00000000ea400000, 0x00000000ea400000, 0x00000000ea500000|  0%| F|  |TAMS 0x00000000ea400000| PB 0x00000000ea400000| Untracked 
| 165|0x00000000ea500000, 0x00000000ea500000, 0x00000000ea600000|  0%| F|  |TAMS 0x00000000ea500000| PB 0x00000000ea500000| Untracked 
| 166|0x00000000ea600000, 0x00000000ea600000, 0x00000000ea700000|  0%| F|  |TAMS 0x00000000ea600000| PB 0x00000000ea600000| Untracked 
| 167|0x00000000ea700000, 0x00000000ea700000, 0x00000000ea800000|  0%| F|  |TAMS 0x00000000ea700000| PB 0x00000000ea700000| Untracked 
| 168|0x00000000ea800000, 0x00000000ea800000, 0x00000000ea900000|  0%| F|  |TAMS 0x00000000ea800000| PB 0x00000000ea800000| Untracked 
| 169|0x00000000ea900000, 0x00000000ea900000, 0x00000000eaa00000|  0%| F|  |TAMS 0x00000000ea900000| PB 0x00000000ea900000| Untracked 
| 170|0x00000000eaa00000, 0x00000000eaa00000, 0x00000000eab00000|  0%| F|  |TAMS 0x00000000eaa00000| PB 0x00000000eaa00000| Untracked 
| 171|0x00000000eab00000, 0x00000000eab00000, 0x00000000eac00000|  0%| F|  |TAMS 0x00000000eab00000| PB 0x00000000eab00000| Untracked 
| 172|0x00000000eac00000, 0x00000000eac00000, 0x00000000ead00000|  0%| F|  |TAMS 0x00000000eac00000| PB 0x00000000eac00000| Untracked 
| 173|0x00000000ead00000, 0x00000000ead00000, 0x00000000eae00000|  0%| F|  |TAMS 0x00000000ead00000| PB 0x00000000ead00000| Untracked 
| 174|0x00000000eae00000, 0x00000000eae00000, 0x00000000eaf00000|  0%| F|  |TAMS 0x00000000eae00000| PB 0x00000000eae00000| Untracked 
| 175|0x00000000eaf00000, 0x00000000eaf00000, 0x00000000eb000000|  0%| F|  |TAMS 0x00000000eaf00000| PB 0x00000000eaf00000| Untracked 
| 176|0x00000000eb000000, 0x00000000eb000000, 0x00000000eb100000|  0%| F|  |TAMS 0x00000000eb000000| PB 0x00000000eb000000| Untracked 
| 177|0x00000000eb100000, 0x00000000eb100000, 0x00000000eb200000|  0%| F|  |TAMS 0x00000000eb100000| PB 0x00000000eb100000| Untracked 
| 178|0x00000000eb200000, 0x00000000eb200000, 0x00000000eb300000|  0%| F|  |TAMS 0x00000000eb200000| PB 0x00000000eb200000| Untracked 
| 179|0x00000000eb300000, 0x00000000eb300000, 0x00000000eb400000|  0%| F|  |TAMS 0x00000000eb300000| PB 0x00000000eb300000| Untracked 
| 180|0x00000000eb400000, 0x00000000eb400000, 0x00000000eb500000|  0%| F|  |TAMS 0x00000000eb400000| PB 0x00000000eb400000| Untracked 
| 181|0x00000000eb500000, 0x00000000eb500000, 0x00000000eb600000|  0%| F|  |TAMS 0x00000000eb500000| PB 0x00000000eb500000| Untracked 
| 182|0x00000000eb600000, 0x00000000eb600000, 0x00000000eb700000|  0%| F|  |TAMS 0x00000000eb600000| PB 0x00000000eb600000| Untracked 
| 183|0x00000000eb700000, 0x00000000eb700000, 0x00000000eb800000|  0%| F|  |TAMS 0x00000000eb700000| PB 0x00000000eb700000| Untracked 
| 184|0x00000000eb800000, 0x00000000eb800000, 0x00000000eb900000|  0%| F|  |TAMS 0x00000000eb800000| PB 0x00000000eb800000| Untracked 
| 185|0x00000000eb900000, 0x00000000eb900000, 0x00000000eba00000|  0%| F|  |TAMS 0x00000000eb900000| PB 0x00000000eb900000| Untracked 
| 186|0x00000000eba00000, 0x00000000eba00000, 0x00000000ebb00000|  0%| F|  |TAMS 0x00000000eba00000| PB 0x00000000eba00000| Untracked 
| 187|0x00000000ebb00000, 0x00000000ebb00000, 0x00000000ebc00000|  0%| F|  |TAMS 0x00000000ebb00000| PB 0x00000000ebb00000| Untracked 
| 188|0x00000000ebc00000, 0x00000000ebc00000, 0x00000000ebd00000|  0%| F|  |TAMS 0x00000000ebc00000| PB 0x00000000ebc00000| Untracked 
| 189|0x00000000ebd00000, 0x00000000ebd00000, 0x00000000ebe00000|  0%| F|  |TAMS 0x00000000ebd00000| PB 0x00000000ebd00000| Untracked 
| 190|0x00000000ebe00000, 0x00000000ebe00000, 0x00000000ebf00000|  0%| F|  |TAMS 0x00000000ebe00000| PB 0x00000000ebe00000| Untracked 
| 191|0x00000000ebf00000, 0x00000000ebf00000, 0x00000000ec000000|  0%| F|  |TAMS 0x00000000ebf00000| PB 0x00000000ebf00000| Untracked 
| 192|0x00000000ec000000, 0x00000000ec000000, 0x00000000ec100000|  0%| F|  |TAMS 0x00000000ec000000| PB 0x00000000ec000000| Untracked 
| 193|0x00000000ec100000, 0x00000000ec100000, 0x00000000ec200000|  0%| F|  |TAMS 0x00000000ec100000| PB 0x00000000ec100000| Untracked 
| 194|0x00000000ec200000, 0x00000000ec200000, 0x00000000ec300000|  0%| F|  |TAMS 0x00000000ec200000| PB 0x00000000ec200000| Untracked 
| 195|0x00000000ec300000, 0x00000000ec300000, 0x00000000ec400000|  0%| F|  |TAMS 0x00000000ec300000| PB 0x00000000ec300000| Untracked 
| 196|0x00000000ec400000, 0x00000000ec400000, 0x00000000ec500000|  0%| F|  |TAMS 0x00000000ec400000| PB 0x00000000ec400000| Untracked 
| 197|0x00000000ec500000, 0x00000000ec500000, 0x00000000ec600000|  0%| F|  |TAMS 0x00000000ec500000| PB 0x00000000ec500000| Untracked 
| 198|0x00000000ec600000, 0x00000000ec600000, 0x00000000ec700000|  0%| F|  |TAMS 0x00000000ec600000| PB 0x00000000ec600000| Untracked 
| 199|0x00000000ec700000, 0x00000000ec700000, 0x00000000ec800000|  0%| F|  |TAMS 0x00000000ec700000| PB 0x00000000ec700000| Untracked 
| 200|0x00000000ec800000, 0x00000000ec800000, 0x00000000ec900000|  0%| F|  |TAMS 0x00000000ec800000| PB 0x00000000ec800000| Untracked 
| 201|0x00000000ec900000, 0x00000000ec900000, 0x00000000eca00000|  0%| F|  |TAMS 0x00000000ec900000| PB 0x00000000ec900000| Untracked 
| 202|0x00000000eca00000, 0x00000000eca00000, 0x00000000ecb00000|  0%| F|  |TAMS 0x00000000eca00000| PB 0x00000000eca00000| Untracked 
| 203|0x00000000ecb00000, 0x00000000ecb00000, 0x00000000ecc00000|  0%| F|  |TAMS 0x00000000ecb00000| PB 0x00000000ecb00000| Untracked 
| 204|0x00000000ecc00000, 0x00000000ecd00000, 0x00000000ecd00000|100%| E|  |TAMS 0x00000000ecc00000| PB 0x00000000ecc00000| Complete 
| 205|0x00000000ecd00000, 0x00000000ece00000, 0x00000000ece00000|100%| E|CS|TAMS 0x00000000ecd00000| PB 0x00000000ecd00000| Complete 
| 206|0x00000000ece00000, 0x00000000ecf00000, 0x00000000ecf00000|100%| E|CS|TAMS 0x00000000ece00000| PB 0x00000000ece00000| Complete 
| 207|0x00000000ecf00000, 0x00000000ed000000, 0x00000000ed000000|100%| E|CS|TAMS 0x00000000ecf00000| PB 0x00000000ecf00000| Complete 
| 208|0x00000000ed000000, 0x00000000ed100000, 0x00000000ed100000|100%| E|CS|TAMS 0x00000000ed000000| PB 0x00000000ed000000| Complete 
| 209|0x00000000ed100000, 0x00000000ed200000, 0x00000000ed200000|100%| E|CS|TAMS 0x00000000ed100000| PB 0x00000000ed100000| Complete 
| 210|0x00000000ed200000, 0x00000000ed300000, 0x00000000ed300000|100%| E|CS|TAMS 0x00000000ed200000| PB 0x00000000ed200000| Complete 
| 211|0x00000000ed300000, 0x00000000ed400000, 0x00000000ed400000|100%| E|CS|TAMS 0x00000000ed300000| PB 0x00000000ed300000| Complete 
| 212|0x00000000ed400000, 0x00000000ed500000, 0x00000000ed500000|100%| E|CS|TAMS 0x00000000ed400000| PB 0x00000000ed400000| Complete 
| 213|0x00000000ed500000, 0x00000000ed600000, 0x00000000ed600000|100%| E|CS|TAMS 0x00000000ed500000| PB 0x00000000ed500000| Complete 
| 214|0x00000000ed600000, 0x00000000ed700000, 0x00000000ed700000|100%| E|CS|TAMS 0x00000000ed600000| PB 0x00000000ed600000| Complete 
| 215|0x00000000ed700000, 0x00000000ed800000, 0x00000000ed800000|100%| E|CS|TAMS 0x00000000ed700000| PB 0x00000000ed700000| Complete 
| 216|0x00000000ed800000, 0x00000000ed900000, 0x00000000ed900000|100%| E|CS|TAMS 0x00000000ed800000| PB 0x00000000ed800000| Complete 
| 217|0x00000000ed900000, 0x00000000eda00000, 0x00000000eda00000|100%| E|CS|TAMS 0x00000000ed900000| PB 0x00000000ed900000| Complete 
| 218|0x00000000eda00000, 0x00000000edb00000, 0x00000000edb00000|100%| E|CS|TAMS 0x00000000eda00000| PB 0x00000000eda00000| Complete 
| 219|0x00000000edb00000, 0x00000000edc00000, 0x00000000edc00000|100%| E|CS|TAMS 0x00000000edb00000| PB 0x00000000edb00000| Complete 
| 220|0x00000000edc00000, 0x00000000edd00000, 0x00000000edd00000|100%| E|CS|TAMS 0x00000000edc00000| PB 0x00000000edc00000| Complete 
| 221|0x00000000edd00000, 0x00000000ede00000, 0x00000000ede00000|100%| E|CS|TAMS 0x00000000edd00000| PB 0x00000000edd00000| Complete 
| 222|0x00000000ede00000, 0x00000000edf00000, 0x00000000edf00000|100%| E|CS|TAMS 0x00000000ede00000| PB 0x00000000ede00000| Complete 
| 223|0x00000000edf00000, 0x00000000ee000000, 0x00000000ee000000|100%| E|CS|TAMS 0x00000000edf00000| PB 0x00000000edf00000| Complete 
| 224|0x00000000ee000000, 0x00000000ee100000, 0x00000000ee100000|100%| E|CS|TAMS 0x00000000ee000000| PB 0x00000000ee000000| Complete 
| 225|0x00000000ee100000, 0x00000000ee200000, 0x00000000ee200000|100%| E|CS|TAMS 0x00000000ee100000| PB 0x00000000ee100000| Complete 
| 226|0x00000000ee200000, 0x00000000ee300000, 0x00000000ee300000|100%| E|  |TAMS 0x00000000ee200000| PB 0x00000000ee200000| Complete 
| 227|0x00000000ee300000, 0x00000000ee400000, 0x00000000ee400000|100%| E|CS|TAMS 0x00000000ee300000| PB 0x00000000ee300000| Complete 
| 228|0x00000000ee400000, 0x00000000ee500000, 0x00000000ee500000|100%| E|CS|TAMS 0x00000000ee400000| PB 0x00000000ee400000| Complete 
| 229|0x00000000ee500000, 0x00000000ee600000, 0x00000000ee600000|100%| E|CS|TAMS 0x00000000ee500000| PB 0x00000000ee500000| Complete 
| 230|0x00000000ee600000, 0x00000000ee700000, 0x00000000ee700000|100%| E|CS|TAMS 0x00000000ee600000| PB 0x00000000ee600000| Complete 
| 231|0x00000000ee700000, 0x00000000ee800000, 0x00000000ee800000|100%| E|CS|TAMS 0x00000000ee700000| PB 0x00000000ee700000| Complete 
| 232|0x00000000ee800000, 0x00000000ee900000, 0x00000000ee900000|100%| E|CS|TAMS 0x00000000ee800000| PB 0x00000000ee800000| Complete 
| 233|0x00000000ee900000, 0x00000000eea00000, 0x00000000eea00000|100%| E|CS|TAMS 0x00000000ee900000| PB 0x00000000ee900000| Complete 
| 234|0x00000000eea00000, 0x00000000eeb00000, 0x00000000eeb00000|100%| E|CS|TAMS 0x00000000eea00000| PB 0x00000000eea00000| Complete 
| 235|0x00000000eeb00000, 0x00000000eec00000, 0x00000000eec00000|100%| E|CS|TAMS 0x00000000eeb00000| PB 0x00000000eeb00000| Complete 
| 236|0x00000000eec00000, 0x00000000eed00000, 0x00000000eed00000|100%| E|CS|TAMS 0x00000000eec00000| PB 0x00000000eec00000| Complete 
| 237|0x00000000eed00000, 0x00000000eee00000, 0x00000000eee00000|100%| E|CS|TAMS 0x00000000eed00000| PB 0x00000000eed00000| Complete 
| 238|0x00000000eee00000, 0x00000000eef00000, 0x00000000eef00000|100%| E|CS|TAMS 0x00000000eee00000| PB 0x00000000eee00000| Complete 
| 239|0x00000000eef00000, 0x00000000ef000000, 0x00000000ef000000|100%| E|CS|TAMS 0x00000000eef00000| PB 0x00000000eef00000| Complete 
| 240|0x00000000ef000000, 0x00000000ef100000, 0x00000000ef100000|100%| E|CS|TAMS 0x00000000ef000000| PB 0x00000000ef000000| Complete 
| 241|0x00000000ef100000, 0x00000000ef200000, 0x00000000ef200000|100%| E|CS|TAMS 0x00000000ef100000| PB 0x00000000ef100000| Complete 
| 242|0x00000000ef200000, 0x00000000ef300000, 0x00000000ef300000|100%| E|CS|TAMS 0x00000000ef200000| PB 0x00000000ef200000| Complete 
| 243|0x00000000ef300000, 0x00000000ef400000, 0x00000000ef400000|100%| E|CS|TAMS 0x00000000ef300000| PB 0x00000000ef300000| Complete 
| 244|0x00000000ef400000, 0x00000000ef500000, 0x00000000ef500000|100%| E|CS|TAMS 0x00000000ef400000| PB 0x00000000ef400000| Complete 
| 245|0x00000000ef500000, 0x00000000ef600000, 0x00000000ef600000|100%| E|CS|TAMS 0x00000000ef500000| PB 0x00000000ef500000| Complete 
| 246|0x00000000ef600000, 0x00000000ef700000, 0x00000000ef700000|100%| E|CS|TAMS 0x00000000ef600000| PB 0x00000000ef600000| Complete 
| 247|0x00000000ef700000, 0x00000000ef800000, 0x00000000ef800000|100%| E|CS|TAMS 0x00000000ef700000| PB 0x00000000ef700000| Complete 
| 248|0x00000000ef800000, 0x00000000ef900000, 0x00000000ef900000|100%| E|CS|TAMS 0x00000000ef800000| PB 0x00000000ef800000| Complete 
| 249|0x00000000ef900000, 0x00000000efa00000, 0x00000000efa00000|100%| E|CS|TAMS 0x00000000ef900000| PB 0x00000000ef900000| Complete 
| 250|0x00000000efa00000, 0x00000000efb00000, 0x00000000efb00000|100%| E|CS|TAMS 0x00000000efa00000| PB 0x00000000efa00000| Complete 
| 251|0x00000000efb00000, 0x00000000efc00000, 0x00000000efc00000|100%| E|CS|TAMS 0x00000000efb00000| PB 0x00000000efb00000| Complete 
| 252|0x00000000efc00000, 0x00000000efd00000, 0x00000000efd00000|100%| E|CS|TAMS 0x00000000efc00000| PB 0x00000000efc00000| Complete 
| 253|0x00000000efd00000, 0x00000000efe00000, 0x00000000efe00000|100%| E|CS|TAMS 0x00000000efd00000| PB 0x00000000efd00000| Complete 
| 254|0x00000000efe00000, 0x00000000eff00000, 0x00000000eff00000|100%| E|CS|TAMS 0x00000000efe00000| PB 0x00000000efe00000| Complete 
| 255|0x00000000eff00000, 0x00000000f0000000, 0x00000000f0000000|100%| E|CS|TAMS 0x00000000eff00000| PB 0x00000000eff00000| Complete 

Card table byte_map: [0x000002cc323c0000,0x000002cc324c0000] _byte_map_base: 0x000002cc31cc0000

Marking Bits: (CMBitMap*) 0x000002cc1ab5f790
 Bits: [0x000002cc324c0000, 0x000002cc32cc0000)

Polling page: 0x000002cc18c50000

Metaspace:

Usage:
  Non-class:     67.65 MB used.
      Class:     10.76 MB used.
       Both:     78.41 MB used.

Virtual space:
  Non-class space:      128.00 MB reserved,      68.94 MB ( 54%) committed,  2 nodes.
      Class space:      320.00 MB reserved,      12.06 MB (  4%) committed,  1 nodes.
             Both:      448.00 MB reserved,      81.00 MB ( 18%) committed. 

Chunk freelists:
   Non-Class:  10.59 MB
       Class:  3.86 MB
        Both:  14.45 MB

MaxMetaspaceSize: 384.00 MB
CompressedClassSpaceSize: 320.00 MB
Initial GC threshold: 21.00 MB
Current GC threshold: 98.88 MB
CDS: on
 - commit_granule_bytes: 65536.
 - commit_granule_words: 8192.
 - virtual_space_node_default_size: 8388608.
 - enlarge_chunks_in_place: 1.
 - use_allocation_guard: 0.


Internal statistics:

num_allocs_failed_limit: 9.
num_arena_births: 4920.
num_arena_deaths: 0.
num_vsnodes_births: 3.
num_vsnodes_deaths: 0.
num_space_committed: 1296.
num_space_uncommitted: 0.
num_chunks_returned_to_freelist: 9.
num_chunks_taken_from_freelist: 9125.
num_chunk_merges: 6.
num_chunk_splits: 5627.
num_chunks_enlarged: 3089.
num_inconsistent_stats: 0.

CodeHeap 'non-profiled nmethods': size=120000Kb used=10930Kb max_used=10930Kb free=109069Kb
 bounds [0x000002cc2aa60000, 0x000002cc2b510000, 0x000002cc31f90000]
CodeHeap 'profiled nmethods': size=120000Kb used=34141Kb max_used=34141Kb free=85858Kb
 bounds [0x000002cc22f90000, 0x000002cc250f0000, 0x000002cc2a4c0000]
CodeHeap 'non-nmethods': size=5760Kb used=2371Kb max_used=2414Kb free=3388Kb
 bounds [0x000002cc2a4c0000, 0x000002cc2a740000, 0x000002cc2aa60000]
 total_blobs=17013 nmethods=16168 adapters=748
 compilation: enabled
              stopped_count=0, restarted_count=0
 full_count=0

Compilation events (20 events):
Event: 334.177 Thread 0x000002cc35745a30 nmethod 16795 0x000002cc2b509690 code [0x000002cc2b509820, 0x000002cc2b509ae0]
Event: 334.204 Thread 0x000002cc35745a30 16808       4       java.util.concurrent.ConcurrentHashMap$BaseIterator::<init> (21 bytes)
Event: 334.225 Thread 0x000002cc35745a30 nmethod 16808 0x000002cc2b509b90 code [0x000002cc2b509d40, 0x000002cc2b50a2c8]
Event: 334.250 Thread 0x000002cc35748c30 16809       3       org.gradle.api.internal.artifacts.ivyservice.DefaultConfigurationResolver::getResolutionParameters (177 bytes)
Event: 334.253 Thread 0x000002cc35748c30 nmethod 16809 0x000002cc250dff10 code [0x000002cc250e0240, 0x000002cc250e1648]
Event: 334.265 Thread 0x000002cc35748c30 16810       3       org.gradle.api.internal.artifacts.ivyservice.ShortCircuitingResolutionExecutor::resolveGraph (159 bytes)
Event: 334.267 Thread 0x000002cc35748c30 nmethod 16810 0x000002cc250e1d90 code [0x000002cc250e20a0, 0x000002cc250e30d0]
Event: 334.275 Thread 0x000002cc35748c30 16811       3       org.gradle.api.internal.attributes.DefaultAttributesSchema_Decorated::getAttributePrecedence (39 bytes)
Event: 334.277 Thread 0x000002cc35748c30 nmethod 16811 0x000002cc250e3610 code [0x000002cc250e38c0, 0x000002cc250e4738]
Event: 334.277 Thread 0x000002cc35748c30 16812       3       org.gradle.api.internal.attributes.DefaultAttributesSchema::getAttributePrecedence (8 bytes)
Event: 334.278 Thread 0x000002cc35748c30 nmethod 16812 0x000002cc250e4b90 code [0x000002cc250e4d80, 0x000002cc250e5300]
Event: 334.279 Thread 0x000002cc35745a30 16813       4       org.gradle.cache.internal.btree.BTreePersistentIndexedCache$IndexRoot::getRoot (15 bytes)
Event: 334.287 Thread 0x000002cc35745a30 nmethod 16813 0x000002cc2b50a490 code [0x000002cc2b50a660, 0x000002cc2b50a978]
Event: 334.287 Thread 0x000002cc35745a30 16814       4       org.gradle.cache.internal.btree.KeyHasher$MessageDigestStream::write (11 bytes)
Event: 334.290 Thread 0x000002cc35745a30 nmethod 16814 0x000002cc2b50ac10 code [0x000002cc2b50ada0, 0x000002cc2b50aec0]
Event: 334.290 Thread 0x000002cc35745a30 16815       4       org.gradle.cache.internal.btree.KeyHasher$MessageDigestStream::getChecksum (41 bytes)
Event: 334.349 Thread 0x000002cc35745a30 nmethod 16815 0x000002cc2b50b010 code [0x000002cc2b50b240, 0x000002cc2b50bf20]
Event: 334.364 Thread 0x000002cc35745a30 16816       4       io.spring.gradle.dependencymanagement.org.apache.maven.model.inheritance.DefaultInheritanceAssembler$InheritanceModelMerger::mergePluginContainer_Plugins (430 bytes)
Event: 334.405 Thread 0x000002cc35748c30 16818       3       org.gradle.api.internal.artifacts.configurations.DefaultConfiguration::getConfigurationIdentity (57 bytes)
Event: 334.407 Thread 0x000002cc35748c30 nmethod 16818 0x000002cc250e5510 code [0x000002cc250e5760, 0x000002cc250e6060]

GC Heap History (20 events):
Event: 27.461 GC heap before
{Heap before GC invocations=1 (full 0):
 garbage-first heap   total 262144K, used 39936K [0x00000000e0000000, 0x0000000100000000)
  region size 1024K, 30 young (30720K), 3 survivors (3072K)
 Metaspace       used 4670K, committed 4864K, reserved 393216K
  class space    used 583K, committed 704K, reserved 327680K
}
Event: 27.474 GC heap after
{Heap after GC invocations=2 (full 0):
 garbage-first heap   total 262144K, used 13930K [0x00000000e0000000, 0x0000000100000000)
  region size 1024K, 3 young (3072K), 3 survivors (3072K)
 Metaspace       used 4670K, committed 4864K, reserved 393216K
  class space    used 583K, committed 704K, reserved 327680K
}
Event: 66.858 GC heap before
{Heap before GC invocations=2 (full 0):
 garbage-first heap   total 262144K, used 117354K [0x00000000e0000000, 0x0000000100000000)
  region size 1024K, 105 young (107520K), 3 survivors (3072K)
 Metaspace       used 20914K, committed 21504K, reserved 393216K
  class space    used 2919K, committed 3200K, reserved 327680K
}
Event: 66.895 GC heap after
{Heap after GC invocations=3 (full 0):
 garbage-first heap   total 262144K, used 23844K [0x00000000e0000000, 0x0000000100000000)
  region size 1024K, 12 young (12288K), 12 survivors (12288K)
 Metaspace       used 20914K, committed 21504K, reserved 393216K
  class space    used 2919K, committed 3200K, reserved 327680K
}
Event: 89.253 GC heap before
{Heap before GC invocations=4 (full 0):
 garbage-first heap   total 262144K, used 131364K [0x00000000e0000000, 0x0000000100000000)
  region size 1024K, 117 young (119808K), 12 survivors (12288K)
 Metaspace       used 34912K, committed 36288K, reserved 393216K
  class space    used 4994K, committed 5696K, reserved 327680K
}
Event: 89.306 GC heap after
{Heap after GC invocations=5 (full 0):
 garbage-first heap   total 262144K, used 31549K [0x00000000e0000000, 0x0000000100000000)
  region size 1024K, 8 young (8192K), 8 survivors (8192K)
 Metaspace       used 34912K, committed 36288K, reserved 393216K
  class space    used 4994K, committed 5696K, reserved 327680K
}
Event: 129.083 GC heap before
{Heap before GC invocations=6 (full 0):
 garbage-first heap   total 262144K, used 179005K [0x00000000e0000000, 0x0000000100000000)
  region size 1024K, 153 young (156672K), 8 survivors (8192K)
 Metaspace       used 51235K, committed 53248K, reserved 393216K
  class space    used 7425K, committed 8384K, reserved 327680K
}
Event: 129.166 GC heap after
{Heap after GC invocations=7 (full 0):
 garbage-first heap   total 262144K, used 42575K [0x00000000e0000000, 0x0000000100000000)
  region size 1024K, 19 young (19456K), 19 survivors (19456K)
 Metaspace       used 51235K, committed 53248K, reserved 393216K
  class space    used 7425K, committed 8384K, reserved 327680K
}
Event: 150.444 GC heap before
{Heap before GC invocations=7 (full 0):
 garbage-first heap   total 262144K, used 130639K [0x00000000e0000000, 0x0000000100000000)
  region size 1024K, 107 young (109568K), 19 survivors (19456K)
 Metaspace       used 58423K, committed 60608K, reserved 393216K
  class space    used 8461K, committed 9536K, reserved 327680K
}
Event: 150.547 GC heap after
{Heap after GC invocations=8 (full 0):
 garbage-first heap   total 262144K, used 50411K [0x00000000e0000000, 0x0000000100000000)
  region size 1024K, 9 young (9216K), 9 survivors (9216K)
 Metaspace       used 58423K, committed 60608K, reserved 393216K
  class space    used 8461K, committed 9536K, reserved 327680K
}
Event: 175.168 GC heap before
{Heap before GC invocations=9 (full 0):
 garbage-first heap   total 262144K, used 196843K [0x00000000e0000000, 0x0000000100000000)
  region size 1024K, 153 young (156672K), 9 survivors (9216K)
 Metaspace       used 70679K, committed 73024K, reserved 393216K
  class space    used 9870K, committed 11008K, reserved 327680K
}
Event: 175.276 GC heap after
{Heap after GC invocations=10 (full 0):
 garbage-first heap   total 262144K, used 59173K [0x00000000e0000000, 0x0000000100000000)
  region size 1024K, 17 young (17408K), 17 survivors (17408K)
 Metaspace       used 70679K, committed 73024K, reserved 393216K
  class space    used 9870K, committed 11008K, reserved 327680K
}
Event: 218.978 GC heap before
{Heap before GC invocations=10 (full 0):
 garbage-first heap   total 262144K, used 197413K [0x00000000e0000000, 0x0000000100000000)
  region size 1024K, 153 young (156672K), 17 survivors (17408K)
 Metaspace       used 77252K, committed 79808K, reserved 458752K
  class space    used 10841K, committed 12096K, reserved 327680K
}
Event: 219.817 GC heap after
{Heap after GC invocations=11 (full 0):
 garbage-first heap   total 262144K, used 67474K [0x00000000e0000000, 0x0000000100000000)
  region size 1024K, 19 young (19456K), 19 survivors (19456K)
 Metaspace       used 77252K, committed 79808K, reserved 458752K
  class space    used 10841K, committed 12096K, reserved 327680K
}
Event: 243.210 GC heap before
{Heap before GC invocations=11 (full 0):
 garbage-first heap   total 262144K, used 179090K [0x00000000e0000000, 0x0000000100000000)
  region size 1024K, 129 young (132096K), 19 survivors (19456K)
 Metaspace       used 78029K, committed 80576K, reserved 458752K
  class space    used 10852K, committed 12096K, reserved 327680K
}
Event: 243.263 GC heap after
{Heap after GC invocations=12 (full 0):
 garbage-first heap   total 262144K, used 73031K [0x00000000e0000000, 0x0000000100000000)
  region size 1024K, 6 young (6144K), 6 survivors (6144K)
 Metaspace       used 78029K, committed 80576K, reserved 458752K
  class space    used 10852K, committed 12096K, reserved 327680K
}
Event: 296.061 GC heap before
{Heap before GC invocations=12 (full 0):
 garbage-first heap   total 262144K, used 222535K [0x00000000e0000000, 0x0000000100000000)
  region size 1024K, 153 young (156672K), 6 survivors (6144K)
 Metaspace       used 79448K, committed 81984K, reserved 458752K
  class space    used 10966K, committed 12224K, reserved 327680K
}
Event: 296.120 GC heap after
{Heap after GC invocations=13 (full 0):
 garbage-first heap   total 262144K, used 74240K [0x00000000e0000000, 0x0000000100000000)
  region size 1024K, 7 young (7168K), 7 survivors (7168K)
 Metaspace       used 79448K, committed 81984K, reserved 458752K
  class space    used 10966K, committed 12224K, reserved 327680K
}
Event: 327.817 GC heap before
{Heap before GC invocations=13 (full 0):
 garbage-first heap   total 262144K, used 223744K [0x00000000e0000000, 0x0000000100000000)
  region size 1024K, 153 young (156672K), 7 survivors (7168K)
 Metaspace       used 80070K, committed 82752K, reserved 458752K
  class space    used 11008K, committed 12352K, reserved 327680K
}
Event: 327.894 GC heap after
{Heap after GC invocations=14 (full 0):
 garbage-first heap   total 262144K, used 81908K [0x00000000e0000000, 0x0000000100000000)
  region size 1024K, 15 young (15360K), 15 survivors (15360K)
 Metaspace       used 80070K, committed 82752K, reserved 458752K
  class space    used 11008K, committed 12352K, reserved 327680K
}

Dll operation events (15 events):
Event: 0.046 Loaded shared library C:\Program Files (x86)\Java\jdk-21.0.2\bin\java.dll
Event: 0.251 Loaded shared library C:\Program Files (x86)\Java\jdk-21.0.2\bin\jsvml.dll
Event: 0.431 Loaded shared library C:\Program Files (x86)\Java\jdk-21.0.2\bin\zip.dll
Event: 0.447 Loaded shared library C:\Program Files (x86)\Java\jdk-21.0.2\bin\instrument.dll
Event: 0.492 Loaded shared library C:\Program Files (x86)\Java\jdk-21.0.2\bin\net.dll
Event: 0.501 Loaded shared library C:\Program Files (x86)\Java\jdk-21.0.2\bin\nio.dll
Event: 0.513 Loaded shared library C:\Program Files (x86)\Java\jdk-21.0.2\bin\zip.dll
Event: 1.800 Loaded shared library C:\Program Files (x86)\Java\jdk-21.0.2\bin\jimage.dll
Event: 10.357 Loaded shared library C:\Program Files (x86)\Java\jdk-21.0.2\bin\verify.dll
Event: 11.786 Loaded shared library C:\Users\isabo\.gradle\native\660c5614fbf4a5f2a75b1949f50a0caf5cd603558e7d8a26e50b933a0cfb79d1\windows-amd64\native-platform.dll
Event: 12.211 Loaded shared library C:\Users\isabo\.gradle\native\0.2.8\x86_64-windows-gnu\gradle-fileevents.dll
Event: 37.840 Loaded shared library C:\Program Files (x86)\Java\jdk-21.0.2\bin\management.dll
Event: 37.945 Loaded shared library C:\Program Files (x86)\Java\jdk-21.0.2\bin\management_ext.dll
Event: 48.557 Loaded shared library C:\Program Files (x86)\Java\jdk-21.0.2\bin\extnet.dll
Event: 54.476 Loaded shared library C:\Program Files (x86)\Java\jdk-21.0.2\bin\sunmscapi.dll

Deoptimization events (20 events):
Event: 333.203 Thread 0x000002cc50b84e10 Uncommon trap: trap_request=0xffffffbe fr.pc=0x000002cc2b4d6eb0 relative=0x0000000000000290
Event: 333.203 Thread 0x000002cc50b84e10 Uncommon trap: reason=profile_predicate action=maybe_recompile pc=0x000002cc2b4d6eb0 method=java.util.HashMap.keysToArray([Ljava/lang/Object;)[Ljava/lang/Object; @ 36 c2
Event: 333.203 Thread 0x000002cc50b84e10 DEOPT PACKING pc=0x000002cc2b4d6eb0 sp=0x000000ed81ef5db0
Event: 333.203 Thread 0x000002cc50b84e10 DEOPT UNPACKING pc=0x000002cc2a517da2 sp=0x000000ed81ef5d50 mode 2
Event: 333.203 Thread 0x000002cc50b84e10 Uncommon trap: trap_request=0xffffffbe fr.pc=0x000002cc2b4d6eb0 relative=0x0000000000000290
Event: 333.203 Thread 0x000002cc50b84e10 Uncommon trap: reason=profile_predicate action=maybe_recompile pc=0x000002cc2b4d6eb0 method=java.util.HashMap.keysToArray([Ljava/lang/Object;)[Ljava/lang/Object; @ 36 c2
Event: 333.203 Thread 0x000002cc50b84e10 DEOPT PACKING pc=0x000002cc2b4d6eb0 sp=0x000000ed81ef5e80
Event: 333.204 Thread 0x000002cc50b84e10 DEOPT UNPACKING pc=0x000002cc2a517da2 sp=0x000000ed81ef5e20 mode 2
Event: 333.204 Thread 0x000002cc50b84e10 Uncommon trap: trap_request=0xffffffbe fr.pc=0x000002cc2b4d6eb0 relative=0x0000000000000290
Event: 333.204 Thread 0x000002cc50b84e10 Uncommon trap: reason=profile_predicate action=maybe_recompile pc=0x000002cc2b4d6eb0 method=java.util.HashMap.keysToArray([Ljava/lang/Object;)[Ljava/lang/Object; @ 36 c2
Event: 333.204 Thread 0x000002cc50b84e10 DEOPT PACKING pc=0x000002cc2b4d6eb0 sp=0x000000ed81ef5dd0
Event: 333.204 Thread 0x000002cc50b84e10 DEOPT UNPACKING pc=0x000002cc2a517da2 sp=0x000000ed81ef5d70 mode 2
Event: 333.204 Thread 0x000002cc50b84e10 Uncommon trap: trap_request=0xffffffbe fr.pc=0x000002cc2b4d6eb0 relative=0x0000000000000290
Event: 333.204 Thread 0x000002cc50b84e10 Uncommon trap: reason=profile_predicate action=maybe_recompile pc=0x000002cc2b4d6eb0 method=java.util.HashMap.keysToArray([Ljava/lang/Object;)[Ljava/lang/Object; @ 36 c2
Event: 333.205 Thread 0x000002cc50b84e10 DEOPT PACKING pc=0x000002cc2b4d6eb0 sp=0x000000ed81ef5dd0
Event: 333.205 Thread 0x000002cc50b84e10 DEOPT UNPACKING pc=0x000002cc2a517da2 sp=0x000000ed81ef5d70 mode 2
Event: 333.290 Thread 0x000002cc50b84e10 Uncommon trap: trap_request=0xffffff76 fr.pc=0x000002cc2b4f754c relative=0x000000000000022c
Event: 333.290 Thread 0x000002cc50b84e10 Uncommon trap: reason=predicate action=maybe_recompile pc=0x000002cc2b4f754c method=java.util.HashMap.keysToArray([Ljava/lang/Object;)[Ljava/lang/Object; @ 48 c2
Event: 333.290 Thread 0x000002cc50b84e10 DEOPT PACKING pc=0x000002cc2b4f754c sp=0x000000ed81ef5d60
Event: 333.290 Thread 0x000002cc50b84e10 DEOPT UNPACKING pc=0x000002cc2a517da2 sp=0x000000ed81ef5d08 mode 2

Classes loaded (20 events):
Event: 297.967 Loading class java/util/AbstractListCustomizer
Event: 297.967 Loading class java/util/AbstractListCustomizer done
Event: 297.968 Loading class java/util/AbstractListCustomizer
Event: 297.968 Loading class java/util/AbstractListCustomizer done
Event: 297.992 Loading class java/util/AbstractSequentialListCustomizer
Event: 297.992 Loading class java/util/AbstractSequentialListCustomizer done
Event: 297.998 Loading class java/util/AbstractSequentialListCustomizer
Event: 297.998 Loading class java/util/AbstractSequentialListCustomizer done
Event: 297.999 Loading class java/util/LinkedListCustomizer
Event: 297.999 Loading class java/util/LinkedListCustomizer done
Event: 298.003 Loading class java/util/LinkedListCustomizer
Event: 298.003 Loading class java/util/LinkedListCustomizer done
Event: 298.179 Loading class java/util/ArrayListBeanInfo
Event: 298.179 Loading class java/util/ArrayListBeanInfo done
Event: 298.180 Loading class java/util/ArrayListBeanInfo
Event: 298.180 Loading class java/util/ArrayListBeanInfo done
Event: 298.180 Loading class java/util/ArrayListCustomizer
Event: 298.180 Loading class java/util/ArrayListCustomizer done
Event: 298.181 Loading class java/util/ArrayListCustomizer
Event: 298.181 Loading class java/util/ArrayListCustomizer done

Classes unloaded (0 events):
No events

Classes redefined (0 events):
No events

Internal exceptions (20 events):
Event: 323.053 Thread 0x000002cc50b84e10 Exception <a 'java/lang/NoClassDefFoundError'{0x00000000ec4258f8}: org/cyclonedx/gradle/CyclonedxPlugin> (0x00000000ec4258f8) 
thrown [s\open\src\hotspot\share\oops\constantPool.cpp, line 871]
Event: 323.054 Thread 0x000002cc50b84e10 Exception <a 'java/lang/NoClassDefFoundError'{0x00000000ec428510}: com/google/protobuf/gradle/ProtobufPlugin> (0x00000000ec428510) 
thrown [s\open\src\hotspot\share\oops\constantPool.cpp, line 871]
Event: 325.049 Thread 0x000002cc50d5c7f0 Implicit null exception at 0x000002cc2410d102 to 0x000002cc2410dcdc
Event: 325.049 Thread 0x000002cc50d59a00 Implicit null exception at 0x000002cc2410d102 to 0x000002cc2410dcdc
Event: 325.050 Thread 0x000002cc50d59a00 Exception <a 'java/lang/NullPointerException'{0x00000000ea573090}> (0x00000000ea573090) 
thrown [s\open\src\hotspot\share\runtime\sharedRuntime.cpp, line 625]
Event: 325.050 Thread 0x000002cc50d5c7f0 Exception <a 'java/lang/NullPointerException'{0x00000000ea585e58}> (0x00000000ea585e58) 
thrown [s\open\src\hotspot\share\runtime\sharedRuntime.cpp, line 625]
Event: 325.050 Thread 0x000002cc50d5c160 Implicit null exception at 0x000002cc2410d102 to 0x000002cc2410dcdc
Event: 325.050 Thread 0x000002cc50d5c160 Exception <a 'java/lang/NullPointerException'{0x00000000ea590fb0}> (0x00000000ea590fb0) 
thrown [s\open\src\hotspot\share\runtime\sharedRuntime.cpp, line 625]
Event: 325.251 Thread 0x000002cc521d2ef0 Exception <a 'java/net/UnknownHostException'{0x00000000ea3e9710}> (0x00000000ea3e9710) 
thrown [s\open\src\hotspot\share\prims\jni.cpp, line 520]
Event: 326.119 Thread 0x000002cc50b84e10 Implicit null exception at 0x000002cc2aaad1a0 to 0x000002cc2aaad7ac
Event: 329.208 Thread 0x000002cc50b84e10 Exception <a 'sun/nio/fs/WindowsException'{0x00000000eefa8518}> (0x00000000eefa8518) 
thrown [s\open\src\hotspot\share\prims\jni.cpp, line 520]
Event: 331.080 Thread 0x000002cc50b84e10 Exception <a 'sun/nio/fs/WindowsException'{0x00000000ee9029e8}> (0x00000000ee9029e8) 
thrown [s\open\src\hotspot\share\prims\jni.cpp, line 520]
Event: 331.083 Thread 0x000002cc50b84e10 Exception <a 'sun/nio/fs/WindowsException'{0x00000000ee904178}> (0x00000000ee904178) 
thrown [s\open\src\hotspot\share\prims\jni.cpp, line 520]
Event: 331.085 Thread 0x000002cc50b84e10 Exception <a 'sun/nio/fs/WindowsException'{0x00000000ee9058f8}> (0x00000000ee9058f8) 
thrown [s\open\src\hotspot\share\prims\jni.cpp, line 520]
Event: 331.090 Thread 0x000002cc50b84e10 Exception <a 'sun/nio/fs/WindowsException'{0x00000000ee907058}> (0x00000000ee907058) 
thrown [s\open\src\hotspot\share\prims\jni.cpp, line 520]
Event: 331.709 Thread 0x000002cc50d59370 Implicit null exception at 0x000002cc2b2d883d to 0x000002cc2b2d88b1
Event: 332.292 Thread 0x000002cc50b84e10 Exception <a 'java/lang/NoClassDefFoundError'{0x00000000ee3f6670}: org/jetbrains/kotlin/gradle/plugin/KotlinPluginWrapper> (0x00000000ee3f6670) 
thrown [s\open\src\hotspot\share\oops\constantPool.cpp, line 871]
Event: 332.323 Thread 0x000002cc50b84e10 Exception <a 'java/lang/NoClassDefFoundError'{0x00000000ee3f9288}: org/graalvm/buildtools/gradle/NativeImagePlugin> (0x00000000ee3f9288) 
thrown [s\open\src\hotspot\share\oops\constantPool.cpp, line 871]
Event: 332.325 Thread 0x000002cc50b84e10 Exception <a 'java/lang/NoClassDefFoundError'{0x00000000ee3fbe90}: org/cyclonedx/gradle/CyclonedxPlugin> (0x00000000ee3fbe90) 
thrown [s\open\src\hotspot\share\oops\constantPool.cpp, line 871]
Event: 332.326 Thread 0x000002cc50b84e10 Exception <a 'java/lang/NoClassDefFoundError'{0x00000000ee3feaa8}: com/google/protobuf/gradle/ProtobufPlugin> (0x00000000ee3feaa8) 
thrown [s\open\src\hotspot\share\oops\constantPool.cpp, line 871]

ZGC Phase Switch (0 events):
No events

VM Operations (20 events):
Event: 324.800 Executing VM operation: Cleanup
Event: 324.800 Executing VM operation: Cleanup done
Event: 325.807 Executing VM operation: Cleanup
Event: 325.808 Executing VM operation: Cleanup done
Event: 326.815 Executing VM operation: Cleanup
Event: 326.833 Executing VM operation: Cleanup done
Event: 327.816 Executing VM operation: G1CollectForAllocation (G1 Evacuation Pause)
Event: 327.895 Executing VM operation: G1CollectForAllocation (G1 Evacuation Pause) done
Event: 328.907 Executing VM operation: Cleanup
Event: 328.924 Executing VM operation: Cleanup done
Event: 329.935 Executing VM operation: Cleanup
Event: 329.935 Executing VM operation: Cleanup done
Event: 330.942 Executing VM operation: Cleanup
Event: 330.942 Executing VM operation: Cleanup done
Event: 331.953 Executing VM operation: Cleanup
Event: 331.954 Executing VM operation: Cleanup done
Event: 332.962 Executing VM operation: Cleanup
Event: 332.978 Executing VM operation: Cleanup done
Event: 333.993 Executing VM operation: Cleanup
Event: 333.995 Executing VM operation: Cleanup done

Events (20 events):
Event: 329.302 Thread 0x000002cc516146f0 Thread exited: 0x000002cc516146f0
Event: 330.732 Thread 0x000002cc5274f950 Thread added: 0x000002cc5274f950
Event: 330.758 Thread 0x000002cc527568e0 Thread added: 0x000002cc527568e0
Event: 330.786 Thread 0x000002cc52753af0 Thread added: 0x000002cc52753af0
Event: 330.789 Thread 0x000002cc52755530 Thread added: 0x000002cc52755530
Event: 330.790 Thread 0x000002cc52754180 Thread added: 0x000002cc52754180
Event: 330.858 Thread 0x000002cc52755bc0 Thread added: 0x000002cc52755bc0
Event: 330.867 Thread 0x000002cc52754810 Thread added: 0x000002cc52754810
Event: 330.937 Thread 0x000002cc52756250 Thread added: 0x000002cc52756250
Event: 330.959 Thread 0x000002cc52754ea0 Thread added: 0x000002cc52754ea0
Event: 330.970 Thread 0x000002cc52756f70 Thread added: 0x000002cc52756f70
Event: 331.519 Thread 0x000002cc50d59370 Thread added: 0x000002cc50d59370
Event: 331.520 Thread 0x000002cc50d5c7f0 Thread added: 0x000002cc50d5c7f0
Event: 331.520 Thread 0x000002cc50d59a00 Thread added: 0x000002cc50d59a00
Event: 331.522 Thread 0x000002cc50d5adb0 Thread added: 0x000002cc50d5adb0
Event: 331.524 Thread 0x000002cc50d5bad0 Thread added: 0x000002cc50d5bad0
Event: 331.525 Thread 0x000002cc50d5c160 Thread added: 0x000002cc50d5c160
Event: 331.528 Thread 0x000002cc516146f0 Thread added: 0x000002cc516146f0
Event: 331.638 Thread 0x000002cc51614d80 Thread added: 0x000002cc51614d80
Event: 332.611 Thread 0x000002cc51615aa0 Thread added: 0x000002cc51615aa0


Dynamic libraries:
0x00007ff60a130000 - 0x00007ff60a140000 	C:\Program Files (x86)\Java\jdk-21.0.2\bin\java.exe
0x00007ffe80b40000 - 0x00007ffe80da7000 	C:\WINDOWS\SYSTEM32\ntdll.dll
0x00007ffe7eb40000 - 0x00007ffe7ec0b000 	C:\WINDOWS\System32\KERNEL32.DLL
0x00007ffe7deb0000 - 0x00007ffe7e2b2000 	C:\WINDOWS\System32\KERNELBASE.dll
0x00007ffe7e2c0000 - 0x00007ffe7e40c000 	C:\WINDOWS\System32\ucrtbase.dll
0x00007ffdc8270000 - 0x00007ffdc828b000 	C:\Program Files (x86)\Java\jdk-21.0.2\bin\VCRUNTIME140.dll
0x00007ffd9c720000 - 0x00007ffd9c739000 	C:\Program Files (x86)\Java\jdk-21.0.2\bin\jli.dll
0x00007ffe80160000 - 0x00007ffe8021c000 	C:\WINDOWS\System32\ADVAPI32.dll
0x00007ffe806e0000 - 0x00007ffe80789000 	C:\WINDOWS\System32\msvcrt.dll
0x00007ffe7ec10000 - 0x00007ffe7ecb9000 	C:\WINDOWS\System32\sechost.dll
0x00007ffe7ecc0000 - 0x00007ffe7edd8000 	C:\WINDOWS\System32\RPCRT4.dll
0x00007ffe80380000 - 0x00007ffe8054f000 	C:\WINDOWS\System32\USER32.dll
0x00007ffe7dd40000 - 0x00007ffe7dd67000 	C:\WINDOWS\System32\win32u.dll
0x00007ffe808a0000 - 0x00007ffe808cb000 	C:\WINDOWS\System32\GDI32.dll
0x00007ffe7e4e0000 - 0x00007ffe7e609000 	C:\WINDOWS\System32\gdi32full.dll
0x00007ffe7dd70000 - 0x00007ffe7de13000 	C:\WINDOWS\System32\msvcp_win.dll
0x00007ffe69240000 - 0x00007ffe694d0000 	C:\WINDOWS\WinSxS\amd64_microsoft.windows.common-controls_6595b64144ccf1df_6.0.26100.9278_none_3e0d1ba8e3303201\COMCTL32.dll
0x00007ffe74070000 - 0x00007ffe7407b000 	C:\WINDOWS\SYSTEM32\VERSION.dll
0x00007ffe808d0000 - 0x00007ffe80901000 	C:\WINDOWS\System32\IMM32.DLL
0x00007ffe140e0000 - 0x00007ffe140ec000 	C:\Program Files (x86)\Java\jdk-21.0.2\bin\vcruntime140_1.dll
0x00007ffd9c740000 - 0x00007ffd9c7ce000 	C:\Program Files (x86)\Java\jdk-21.0.2\bin\msvcp140.dll
0x00007ffda60c0000 - 0x00007ffda6dd7000 	C:\Program Files (x86)\Java\jdk-21.0.2\bin\server\jvm.dll
0x00007ffe80a70000 - 0x00007ffe80af0000 	C:\WINDOWS\System32\WS2_32.dll
0x00007ffe7dbc0000 - 0x00007ffe7dc1e000 	C:\WINDOWS\SYSTEM32\POWRPROF.dll
0x00007ffe6b6a0000 - 0x00007ffe6b6d6000 	C:\WINDOWS\SYSTEM32\WINMM.dll
0x00007ffe7dba0000 - 0x00007ffe7dbb5000 	C:\WINDOWS\SYSTEM32\UMPDC.dll
0x00007ffe7c9d0000 - 0x00007ffe7c9eb000 	C:\WINDOWS\SYSTEM32\kernel.appcore.dll
0x00007ffe13de0000 - 0x00007ffe13dea000 	C:\Program Files (x86)\Java\jdk-21.0.2\bin\jimage.dll
0x00007ffe7b430000 - 0x00007ffe7b67c000 	C:\WINDOWS\SYSTEM32\DBGHELP.DLL
0x00007ffe7fd40000 - 0x00007ffe800c5000 	C:\WINDOWS\System32\combase.dll
0x00007ffe7f2c0000 - 0x00007ffe7f399000 	C:\WINDOWS\System32\OLEAUT32.dll
0x00007ffe695c0000 - 0x00007ffe695fb000 	C:\WINDOWS\SYSTEM32\dbgcore.DLL
0x00007ffe7e420000 - 0x00007ffe7e4cc000 	C:\WINDOWS\System32\bcryptPrimitives.dll
0x00007ffe78700000 - 0x00007ffe7870f000 	C:\Program Files (x86)\Java\jdk-21.0.2\bin\instrument.dll
0x00007ffdc4680000 - 0x00007ffdc469f000 	C:\Program Files (x86)\Java\jdk-21.0.2\bin\java.dll
0x00007ffe7f580000 - 0x00007ffe7fd18000 	C:\WINDOWS\System32\SHELL32.dll
0x00007ffe7b780000 - 0x00007ffe7c02e000 	C:\WINDOWS\SYSTEM32\windows.storage.dll
0x00007ffe80910000 - 0x00007ffe80a0b000 	C:\WINDOWS\System32\SHCORE.dll
0x00007ffe80790000 - 0x00007ffe807f6000 	C:\WINDOWS\System32\shlwapi.dll
0x00007ffe7dc60000 - 0x00007ffe7dc89000 	C:\WINDOWS\SYSTEM32\profapi.dll
0x00007ffdb4ad0000 - 0x00007ffdb4ba7000 	C:\Program Files (x86)\Java\jdk-21.0.2\bin\jsvml.dll
0x00007ffdb4a90000 - 0x00007ffdb4aa8000 	C:\Program Files (x86)\Java\jdk-21.0.2\bin\zip.dll
0x00007ffe11ae0000 - 0x00007ffe11af0000 	C:\Program Files (x86)\Java\jdk-21.0.2\bin\net.dll
0x00007ffe703d0000 - 0x00007ffe704fa000 	C:\WINDOWS\SYSTEM32\WINHTTP.dll
0x00007ffe7cf70000 - 0x00007ffe7cfdc000 	C:\WINDOWS\system32\mswsock.dll
0x00007ffdb4ab0000 - 0x00007ffdb4ac6000 	C:\Program Files (x86)\Java\jdk-21.0.2\bin\nio.dll
0x00007ffe11840000 - 0x00007ffe11850000 	C:\Program Files (x86)\Java\jdk-21.0.2\bin\verify.dll
0x00007ffdb4a60000 - 0x00007ffdb4a87000 	C:\Users\isabo\.gradle\native\660c5614fbf4a5f2a75b1949f50a0caf5cd603558e7d8a26e50b933a0cfb79d1\windows-amd64\native-platform.dll
0x00007ffdb3e60000 - 0x00007ffdb3ed7000 	C:\Users\isabo\.gradle\native\0.2.8\x86_64-windows-gnu\gradle-fileevents.dll
0x00007ffde4fd0000 - 0x00007ffde4fda000 	C:\Program Files (x86)\Java\jdk-21.0.2\bin\management.dll
0x00007ffdcecb0000 - 0x00007ffdcecbb000 	C:\Program Files (x86)\Java\jdk-21.0.2\bin\management_ext.dll
0x00007ffe800d0000 - 0x00007ffe800d8000 	C:\WINDOWS\System32\PSAPI.DLL
0x00007ffe7c380000 - 0x00007ffe7c3b3000 	C:\WINDOWS\SYSTEM32\IPHLPAPI.DLL
0x00007ffe80890000 - 0x00007ffe8089a000 	C:\WINDOWS\System32\NSI.dll
0x00007ffe109d0000 - 0x00007ffe109d9000 	C:\Program Files (x86)\Java\jdk-21.0.2\bin\extnet.dll
0x00007ffe7d390000 - 0x00007ffe7d3ab000 	C:\WINDOWS\SYSTEM32\CRYPTSP.dll
0x00007ffe7c930000 - 0x00007ffe7c969000 	C:\WINDOWS\system32\rsaenh.dll
0x00007ffe7d020000 - 0x00007ffe7d054000 	C:\WINDOWS\SYSTEM32\USERENV.dll
0x00007ffe7dc30000 - 0x00007ffe7dc5a000 	C:\WINDOWS\SYSTEM32\bcrypt.dll
0x00007ffe7d360000 - 0x00007ffe7d36c000 	C:\WINDOWS\SYSTEM32\CRYPTBASE.dll
0x00007ffd7a590000 - 0x00007ffd7a59e000 	C:\Program Files (x86)\Java\jdk-21.0.2\bin\sunmscapi.dll
0x00007ffe7e6d0000 - 0x00007ffe7e84e000 	C:\WINDOWS\System32\CRYPT32.dll
0x00007ffe7d500000 - 0x00007ffe7d530000 	C:\WINDOWS\SYSTEM32\ncrypt.dll
0x00007ffe7d4b0000 - 0x00007ffe7d4ef000 	C:\WINDOWS\SYSTEM32\NTASN1.dll
0x00007ffe4ab20000 - 0x00007ffe4ab28000 	C:\WINDOWS\system32\wshunix.dll
0x00007ffe7c470000 - 0x00007ffe7c5c8000 	C:\WINDOWS\SYSTEM32\DNSAPI.dll
0x00007ffe7cd70000 - 0x00007ffe7cd7d000 	C:\WINDOWS\SYSTEM32\DSPARSE.dll
0x00007ffe6cf60000 - 0x00007ffe6cf6b000 	C:\Windows\System32\rasadhlp.dll
0x00007ffe6faa0000 - 0x00007ffe6fb26000 	C:\WINDOWS\System32\fwpuclnt.dll

dbghelp: loaded successfully - version: 4.0.5 - missing functions: none
symbol engine: initialized successfully - sym options: 0x614 - pdb path: .;C:\Program Files (x86)\Java\jdk-21.0.2\bin;C:\WINDOWS\SYSTEM32;C:\WINDOWS\WinSxS\amd64_microsoft.windows.common-controls_6595b64144ccf1df_6.0.26100.9278_none_3e0d1ba8e3303201;C:\Program Files (x86)\Java\jdk-21.0.2\bin\server;C:\Users\isabo\.gradle\native\660c5614fbf4a5f2a75b1949f50a0caf5cd603558e7d8a26e50b933a0cfb79d1\windows-amd64;C:\Users\isabo\.gradle\native\0.2.8\x86_64-windows-gnu

VM Arguments:
jvm_args: --add-opens=java.base/java.lang=ALL-UNNAMED --add-opens=java.base/java.lang.invoke=ALL-UNNAMED --add-opens=java.base/java.util=ALL-UNNAMED --add-opens=java.prefs/java.util.prefs=ALL-UNNAMED --add-exports=jdk.compiler/com.sun.tools.javac.api=ALL-UNNAMED --add-exports=jdk.compiler/com.sun.tools.javac.util=ALL-UNNAMED --add-opens=java.base/java.nio.charset=ALL-UNNAMED --add-opens=java.base/java.net=ALL-UNNAMED --add-opens=java.base/java.util.concurrent=ALL-UNNAMED --add-opens=java.base/java.util.concurrent.atomic=ALL-UNNAMED --add-opens=java.xml/javax.xml.namespace=ALL-UNNAMED --add-opens=java.base/java.time=ALL-UNNAMED -XX:MaxMetaspaceSize=384m -XX:+HeapDumpOnOutOfMemoryError -Xms256m -Xmx512m -Dfile.encoding=UTF-8 -Duser.country=ES -Duser.language=es -Duser.variant -javaagent:C:\Users\isabo\.gradle\wrapper\dists\gradle-9.5.1-bin\iq79hdu3mqx29lgffhp8bfmx\gradle-9.5.1\lib\agents\gradle-instrumentation-agent-9.5.1.jar 
java_command: org.gradle.launcher.daemon.bootstrap.GradleDaemon 9.5.1
java_class_path (initial): C:\Users\isabo\.gradle\wrapper\dists\gradle-9.5.1-bin\iq79hdu3mqx29lgffhp8bfmx\gradle-9.5.1\lib\gradle-daemon-main-9.5.1.jar
Launcher Type: SUN_STANDARD

[Global flags]
     intx CICompilerCount                          = 4                                         {product} {ergonomic}
   size_t CompressedClassSpaceSize                 = 335544320                                 {product} {ergonomic}
     uint ConcGCThreads                            = 2                                         {product} {ergonomic}
     uint G1ConcRefinementThreads                  = 8                                         {product} {ergonomic}
   size_t G1HeapRegionSize                         = 1048576                                   {product} {ergonomic}
    uintx GCDrainStackTargetSize                   = 64                                        {product} {ergonomic}
     bool HeapDumpOnOutOfMemoryError               = true                                   {manageable} {command line}
   size_t InitialHeapSize                          = 268435456                                 {product} {command line}
   size_t MarkStackSize                            = 4194304                                   {product} {ergonomic}
   size_t MaxHeapSize                              = 536870912                                 {product} {command line}
   size_t MaxMetaspaceSize                         = 402653184                                 {product} {command line}
   size_t MaxNewSize                               = 321912832                                 {product} {ergonomic}
   size_t MinHeapDeltaBytes                        = 1048576                                   {product} {ergonomic}
   size_t MinHeapSize                              = 268435456                                 {product} {command line}
    uintx NonNMethodCodeHeapSize                   = 5839372                                {pd product} {ergonomic}
    uintx NonProfiledCodeHeapSize                  = 122909434                              {pd product} {ergonomic}
    uintx ProfiledCodeHeapSize                     = 122909434                              {pd product} {ergonomic}
    uintx ReservedCodeCacheSize                    = 251658240                              {pd product} {ergonomic}
     bool SegmentedCodeCache                       = true                                      {product} {ergonomic}
   size_t SoftMaxHeapSize                          = 536870912                              {manageable} {ergonomic}
     bool UseCompressedOops                        = true                           {product lp64_product} {ergonomic}
     bool UseG1GC                                  = true                                      {product} {ergonomic}
     bool UseLargePagesIndividualAllocation        = false                                  {pd product} {ergonomic}

Logging:
Log output configuration:
 #0: stdout all=warning uptime,level,tags foldmultilines=false
 #1: stderr all=off uptime,level,tags foldmultilines=false

Environment Variables:
JAVA_HOME=C:\Program Files (x86)\Java\jdk-21.0.2
PATH=C:\Python312\Scripts\;C:\Python312\;C:\Program Files\Common Files\Oracle\Java\javapath;C:\Program Files (x86)\Common Files\Oracle\Java\java8path;C:\Program Files (x86)\VMware\VMware Player\bin\;C:\WINDOWS\system32;C:\WINDOWS;C:\WINDOWS\System32\Wbem;C:\WINDOWS\System32\WindowsPowerShell\v1.0\;C:\WINDOWS\System32\OpenSSH\;C:\Program Files (x86)\Bitvise SSH Client;C:\Program Files\PuTTY\;C:\Kubernetes;C:\programacion\apache-maven-3.8.3\bin;C:\programacion\apache-ant-1.10.11-bin\apache-ant-1.10.11\bin;C:\Program Files (x86)\dotnet\;C:\Program Files\dotnet\;C:\Program Files\OpenVPN\bin;C:\programacion\gradle\bin;C:\programacion\kubectl;C:\Program Files\MySQL\MySQL Server 8.0\bin;C:\programacion\helm\windows-amd64;C:\Program Files\Java\jdk-17.0.2\bin;C:\Program Files\nodejs\;C:\ProgramData\chocolatey\bin;C:\Program Files\AutoFirma\AutoFirma;C:\programacion\Artemis\apache-artemis-2.32.0\bin;C:\Program Files\PostgreSQL\16\bin;C:\tools\gsudo\Current;C:\Program Files\Docker\Docker\resources\bin;C:\texlive\2026\bin\windows;C:\programacion\node\node_modules\npm\bin;C:\Users\isabo\.jbang\bin;C:\Program Files\Ruby31-x64\bin;C:\Users\isabo\AppData\Local\Microsoft\WindowsApps;C:\Users\isabo\AppData\Local\Programs\Git\cmd;C:\Users\isabo\AppData\Local\Programs\Microsoft VS Code\bin;C:\Users\isabo\AppData\Local\Microsoft\WinGet\Packages\cURL.cURL_Microsoft.Winget.Source_8wekyb3d8bbwe\curl-8.4.0_3-win64-mingw\bin;C:\Users\isabo\AppData\Roaming\npm;C:\texlive\2026\bin\windows
USERNAME=isabo
OS=Windows_NT
PROCESSOR_IDENTIFIER=Intel64 Family 6 Model 126 Stepping 5, GenuineIntel
TMP=C:\Users\isabo\AppData\Local\Temp
TEMP=C:\Users\isabo\AppData\Local\Temp




Periodic native trim disabled

---------------  S Y S T E M  ---------------

OS:
 Windows 11 , 64 bit Build 26100 (10.0.26100.9444)
OS uptime: 5 days 4:31 hours
Hyper-V role detected

CPU: total 8 (initial active 8) (4 cores per cpu, 2 threads per core) family 6 model 126 stepping 5 microcode 0x86, cx8, cmov, fxsr, ht, mmx, 3dnowpref, sse, sse2, sse3, ssse3, sse4.1, sse4.2, popcnt, lzcnt, tsc, tscinvbit, avx, avx2, aes, erms, clmul, bmi1, bmi2, adx, avx512f, avx512dq, avx512cd, avx512bw, avx512vl, sha, fma, vzeroupper, avx512_vpopcntdq, avx512_vpclmulqdq, avx512_vaes, avx512_vnni, clflush, clflushopt, avx512_vbmi2, avx512_vbmi, hv, rdtscp, rdpid, fsrm, gfni, avx512_bitalg, f16c, avx512_ifma
Processor Information for all 8 processors :
  Max Mhz: 1190, Current Mhz: 991, Mhz Limit: 987

Memory: 4k page, system-wide physical 7948M (188M free)
TotalPageFile size 32524M (AvailPageFile size 0M)
current process WorkingSet (physical memory assigned to process): 342M, peak: 360M
current process commit charge ("private bytes"): 544M, peak: 557M

vm_info: Java HotSpot(TM) 64-Bit Server VM (21.0.2+13-LTS-58) for windows-amd64 JRE (21.0.2+13-LTS-58), built on 2024-01-05T18:32:24Z by "mach5one" with MS VC++ 17.1 (VS2022)

END.
